<?xml version="1.0" encoding="utf-8"?><testsuites name="pytest tests"><testsuite name="pytest" errors="5" failures="26" skipped="0" tests="133" time="134.961" timestamp="2026-04-16T11:03:43.997887-03:00" hostname="MarceloPC"><testcase classname="tests.test_api.TestHealthCheck" name="test_health_check" time="1.205" /><testcase classname="tests.test_api.TestAPIAuth" name="test_unauthorized_access" time="0.904" /><testcase classname="tests.test_api.TestAPIWorks" name="test_obras_endpoint_structure" time="0.637" /><testcase classname="tests.test_api.TestMetrics" name="test_metrics_requires_login" time="0.623" /><testcase classname="tests.test_api.TestBackupAPI" name="test_backup_list_requires_admin" time="0.671" /><testcase classname="tests.test_api.TestAuditAPI" name="test_audit_requires_login" time="0.619" /><testcase classname="tests.test_auth.TestLogin" name="test_login_sucesso" time="0.682" /><testcase classname="tests.test_auth.TestLogin" name="test_login_senha_invalida" time="0.493" /><testcase classname="tests.test_auth.TestLogin" name="test_login_email_invalido" time="0.325" /><testcase classname="tests.test_auth.TestLogin" name="test_login_campos_vazios" time="0.323" /><testcase classname="tests.test_auth.TestLogin" name="test_logout" time="0.450" /><testcase classname="tests.test_auth.TestCadastro" name="test_cadastro_empresa_sucesso" time="0.485" /><testcase classname="tests.test_auth.TestCadastro" name="test_cadastro_empresa_slug_duplicado" time="0.514" /><testcase classname="tests.test_auth.TestCadastro" name="test_cadastro_senha_fraca" time="0.355" /><testcase classname="tests.test_auth.TestCadastro" name="test_cadastro_email_invalido" time="0.471" /><testcase classname="tests.test_auth.TestProtecaoRotas" name="test_dashboard_sem_login" time="0.369" /><testcase classname="tests.test_auth.TestProtecaoRotas" name="test_obras_sem_login" time="0.325" /><testcase classname="tests.test_auth.TestProtecaoRotas" name="test_lancamentos_sem_login" time="0.327" /><testcase classname="tests.test_auth.TestProtecaoRotas" name="test_dashboard_com_login" time="0.545" /><testcase classname="tests.test_auth_completo.TestLoginFlow" name="test_login_sucesso_admin" time="0.522" /><testcase classname="tests.test_auth_completo.TestLoginFlow" name="test_login_sucesso_lembrar" time="0.558" /><testcase classname="tests.test_auth_completo.TestLoginFlow" name="test_login_senha_incorreta" time="0.639" /><testcase classname="tests.test_auth_completo.TestLoginFlow" name="test_login_email_inexistente" time="0.478" /><testcase classname="tests.test_auth_completo.TestLoginFlow" name="test_login_campos_vazios" time="0.362" /><testcase classname="tests.test_auth_completo.TestLoginFlow" name="test_login_email_invalido_formato" time="0.350"><failure message="assert (b'Email' in b'&lt;!DOCTYPE html&gt;\n&lt;html lang=&quot;pt-BR&quot;&gt;\n&lt;head&gt;\n    &lt;meta charset=&quot;UTF-8&quot;&gt;\n    &lt;meta name=&quot;viewport&quot; content=&quot;width=device-width, initial-scale=1.0&quot;&gt;\n    &lt;title&gt;OBRAS PRO - Gestao de Obras Professional&lt;/title&gt;\n    &lt;link href=&quot;https://cdn.jsdelivr.net/npm/bootstrap@5.3.0/dist/css/bootstrap.min.css&quot; rel=&quot;stylesheet&quot;&gt;\n    &lt;link rel=&quot;stylesheet&quot; href=&quot;https://cdn.jsdelivr.net/npm/bootstrap-icons@1.11.0/font/bootstrap-icons.css&quot;&gt;\n    &lt;link href=&quot;https://fonts.googleapis.com/css2?family=Inter:wght@300;400;500;600;700;800&amp;display=swap&quot; rel=&quot;stylesheet&quot;&gt;\n    &lt;style&gt;\n        :root {\n            --bg-primary: #09090b;\n            --bg-secondary: #18181b;\n            --bg-tertiary: #27272a;\n            --accent-primary: #6366f1;\n            --accent-primary-hover: #818cf8;\n            --accent-secondary: #a855f7;\n            --accent-green: #22c55e;\n            --text-primary: #fafafa;\n            --text-secondary: #a1a1aa;\n            --text-muted: #71717a;\n            --border-subtle: #27272a;\n            --border-default: #3f3f46;\n            --gradient-primary: linear-gradient(135deg, #6366f1 0%, #8b5cf6 100%);\n            --gradient-green: linear-gradient(135deg, #22c55e 0%, #16a34a 100%);\n        }\n        \n        * { margin: 0; padding: 0; box-sizing: border-box; }\n        \n        body {\n            font-family: \'Inter\', -apple-system, BlinkMacSystemFont, sans-serif;\n            background: var(--bg-primary);\n            min-height: 100vh;\n            color: var(--text-primary);\n            background-image: \n                radial-gradient(ellipse at top left, rgba(99, 102, 241, 0.2) 0%, transparent 50%),\n                radial-gradient(ellipse at bottom right, rgba(168, 85, 247, 0.15) 0%, transparent 50%),\n                radial-gradient(ellipse at bottom, rgba(34, 197, 94, 0.1) 0%, transparent 50%);\n        }\n        \n        .landing-container {\n            min-height: 100vh;\n            display: grid;\n            grid-template-columns: 1fr 1fr;\n        }\n        \n        @media (max-width: 992px) {\n            .landing-container { grid-template-columns: 1fr; }\n            .landing-right { display: none; }\n        }\n        \n        /* Left Side - Benefits */\n        .landing-left {\n            padding: 60px;\n            display: flex;\n            flex-direction: column;\n            justify-content: flex-start;\n            max-width: 700px;\n            margin: 0 auto;\n            overflow-y: auto;\n            max-height: 100vh;\n            /* Scrollbar sempre vis\xc3\xadvel */\n            scrollbar-width: thin;\n            scrollbar-color: #6366f1 #1e1e2f;\n        }\n        \n        /* Scrollbar Webkit (Chrome, Edge, Safari) */\n        .landing-left::-webkit-scrollbar {\n            width: 14px;\n            display: block;\n        }\n        .landing-left::-webkit-scrollbar-track {\n            background: #1e1e2f;\n            border-radius: 10px;\n            margin: 20px 0;\n            border: 2px solid #1e1e2f;\n        }\n        .landing-left::-webkit-scrollbar-thumb {\n            background: linear-gradient(180deg, #6366f1, #8b5cf6);\n            border-radius: 10px;\n            border: 3px solid #1e1e2f;\n            min-height: 60px;\n        }\n        .landing-left::-webkit-scrollbar-thumb:hover {\n            background: linear-gradient(180deg, #818cf8, #a78bfa);\n        }\n        \n        .brand {\n            display: flex;\n            align-items: center;\n            gap: 14px;\n            margin-bottom: 50px;\n        }\n        \n        .brand-logo {\n            width: 52px;\n            height: 52px;\n            background: var(--gradient-primary);\n            border-radius: 14px;\n            display: flex;\n            align-items: center;\n            justify-content: center;\n            font-size: 24px;\n            box-shadow: 0 8px 24px rgba(99, 102, 241, 0.35);\n        }\n        \n        .brand h1 {\n            font-size: 24px;\n            font-weight: 700;\n            letter-spacing: -0.5px;\n            background: linear-gradient(135deg, #fafafa 0%, #a1a1aa 100%);\n            -webkit-background-clip: text;\n            -webkit-text-fill-color: transparent;\n        }\n        \n        .hero-text h2 {\n            font-size: 42px;\n            font-weight: 800;\n            line-height: 1.15;\n            letter-spacing: -1px;\n            margin-bottom: 20px;\n        }\n        \n        .hero-text h2 span {\n            background: var(--gradient-primary);\n            -webkit-background-clip: text;\n            -webkit-text-fill-color: transparent;\n        }\n        \n        .hero-text p {\n            font-size: 18px;\n            color: var(--text-secondary);\n            line-height: 1.6;\n            margin-bottom: 40px;\n        }\n        \n        .benefits-grid {\n            display: grid;\n            grid-template-columns: 1fr 1fr;\n            gap: 20px;\n            margin-bottom: 50px;\n        }\n        \n        .benefit-card {\n            background: var(--bg-secondary);\n            border: 1px solid var(--border-subtle);\n            border-radius: 14px;\n            padding: 24px;\n            transition: all 0.3s ease;\n        }\n        \n        .benefit-card:hover {\n            border-color: var(--accent-primary);\n            transform: translateY(-4px);\n            box-shadow: 0 12px 40px rgba(99, 102, 241, 0.15);\n        }\n        \n        .benefit-icon {\n            width: 44px;\n            height: 44px;\n            border-radius: 12px;\n            display: flex;\n            align-items: center;\n            justify-content: center;\n            font-size: 20px;\n            margin-bottom: 16px;\n        }\n        \n        .benefit-icon.purple { background: rgba(99, 102, 241, 0.15); color: #818cf8; }\n        .benefit-icon.green { background: rgba(34, 197, 94, 0.15); color: #4ade80; }\n        .benefit-icon.yellow { background: rgba(245, 158, 11, 0.15); color: #fbbf24; }\n        .benefit-icon.pink { background: rgba(236, 72, 153, 0.15); color: #f472b6; }\n        \n        .benefit-card h3 {\n            font-size: 15px;\n            font-weight: 600;\n            margin-bottom: 8px;\n        }\n        \n        .benefit-card p {\n            font-size: 13px;\n            color: var(--text-muted);\n            line-height: 1.5;\n            margin: 0;\n        }\n        \n        .cta-badge {\n            display: inline-flex;\n            align-items: center;\n            gap: 8px;\n            background: rgba(34, 197, 94, 0.15);\n            border: 1px solid rgba(34, 197, 94, 0.3);\n            padding: 8px 16px;\n            border-radius: 20px;\n            font-size: 13px;\n            color: #4ade80;\n            margin-bottom: 24px;\n        }\n        \n        /* Right Side - Login */\n        .landing-right {\n            background: var(--bg-secondary);\n            display: flex;\n            align-items: center;\n            justify-content: center;\n            border-left: 1px solid var(--border-subtle);\n            position: relative;\n            overflow: hidden;\n        }\n        \n        .landing-right::before {\n            content: \'\';\n            position: absolute;\n            top: -50%;\n            right: -50%;\n            width: 100%;\n            height: 100%;\n            background: radial-gradient(circle, rgba(99, 102, 241, 0.1) 0%, transparent 60%);\n        }\n        \n        .login-container {\n            width: 100%;\n            max-width: 380px;\n            padding: 40px;\n            position: relative;\n            z-index: 1;\n        }\n        \n        .login-card {\n            background: var(--bg-tertiary);\n            border: 1px solid var(--border-subtle);\n            border-radius: 20px;\n            padding: 40px;\n            box-shadow: 0 25px 50px -12px rgba(0, 0, 0, 0.4);\n        }\n        \n        .login-header {\n            text-align: center;\n            margin-bottom: 32px;\n        }\n        \n        .login-header h2 {\n            font-size: 20px;\n            font-weight: 600;\n            margin-bottom: 8px;\n        }\n        \n        .login-header p {\n            color: var(--text-muted);\n            font-size: 14px;\n        }\n        \n        .form-group { margin-bottom: 20px; }\n        \n        .form-group label {\n            display: block;\n            margin-bottom: 8px;\n            font-weight: 500;\n            color: var(--text-secondary);\n            font-size: 13px;\n        }\n        \n        .form-control {\n            width: 100%;\n            padding: 14px 16px;\n            background: #1a1a2e !important;\n            border: 1px solid #3f3f46 !important;\n            border-radius: 12px;\n            font-size: 14px;\n            color: #ffffff !important;\n            transition: all 0.2s ease;\n        }\n\n        .form-control:focus {\n            outline: none;\n            border-color: var(--accent-primary) !important;\n            box-shadow: 0 0 0 4px rgba(99, 102, 241, 0.15);\n            background: #16162a !important;\n            color: #ffffff !important;\n        }\n\n        .form-control::placeholder { color: #6b7280 !important; }\n        \n        /* Fix para autocomplete - evita fundo branco/amarelo */\n        .form-control:-webkit-autofill,\n        .form-control:-webkit-autofill:hover,\n        .form-control:-webkit-autofill:focus {\n            -webkit-text-fill-color: #ffffff !important;\n            -webkit-box-shadow: 0 0 0px 1000px #1a1a2e inset !important;\n            transition: background-color 5000s ease-in-out 0s;\n        }\n        \n        .btn-login {\n            width: 100%;\n            padding: 16px;\n            background: var(--gradient-primary);\n            border: none;\n            border-radius: 12px;\n            color: white;\n            font-size: 15px;\n            font-weight: 600;\n            cursor: pointer;\n            transition: all 0.2s ease;\n            margin-top: 8px;\n            box-shadow: 0 4px 16px rgba(99, 102, 241, 0.35);\n        }\n        \n        .btn-login:hover {\n            transform: translateY(-2px);\n            box-shadow: 0 8px 24px rgba(99, 102, 241, 0.45);\n        }\n        \n        .demo-notice {\n            text-align: center;\n            margin-top: 20px;\n            padding: 12px;\n            background: rgba(245, 158, 11, 0.1);\n            border: 1px solid rgba(245, 158, 11, 0.2);\n            border-radius: 10px;\n            font-size: 12px;\n            color: #fbbf24;\n        }\n        \n        .alert {\n            padding: 14px 18px;\n            border-radius: 12px;\n            margin-bottom: 20px;\n            font-size: 13px;\n            display: flex;\n            align-items: center;\n            gap: 10px;\n            border: 1px solid transparent;\n        }\n        \n        .alert-success { background: rgba(34, 197, 94, 0.1); color: #4ade80; border-color: rgba(34, 197, 94, 0.2); }\n        .alert-danger { background: rgba(239, 68, 68, 0.1); color: #f87171; border-color: rgba(239, 68, 68, 0.2); }\n    &lt;/style&gt;\n&lt;/head&gt;\n&lt;body&gt;\n    &lt;div class=&quot;landing-container&quot;&gt;\n        &lt;div class=&quot;landing-left&quot;&gt;\n            &lt;div class=&quot;brand&quot;&gt;\n                &lt;div class=&quot;brand-logo&quot;&gt;\n                    &lt;i class=&quot;bi bi-building&quot;&gt;&lt;/i&gt;\n                &lt;/div&gt;\n                &lt;h1&gt;OBRAS PRO&lt;/h1&gt;\n            &lt;/div&gt;\n            \n            &lt;div class=&quot;hero-text&quot;&gt;\n                &lt;div class=&quot;cta-badge&quot;&gt;\n                    &lt;i class=&quot;bi bi-patch-check-fill&quot;&gt;&lt;/i&gt;\n                    Solucao lider em gestao de obras\n                &lt;/div&gt;\n                &lt;h2&gt;Controle financeiro &lt;span&gt;inteligente&lt;/span&gt; para sua construtora&lt;/h2&gt;\n                &lt;p&gt;Gerencie or\xc3\xa7amentos, acompanhe gastos em tempo real e tome decis\xc3\xb5es baseadas em dados. O sistema que growing construtoras confiam.&lt;/p&gt;\n            &lt;/div&gt;\n            \n            &lt;div class=&quot;benefits-grid&quot;&gt;\n                &lt;div class=&quot;benefit-card&quot;&gt;\n                    &lt;div class=&quot;benefit-icon purple&quot;&gt;\n                        &lt;i class=&quot;bi bi-graph-up-arrow&quot;&gt;&lt;/i&gt;\n                    &lt;/div&gt;\n                    &lt;h3&gt;Dashboard Inteligente&lt;/h3&gt;\n                    &lt;p&gt;Visualize receitas, despesas e alertas em tempo real com gr\xc3\xa1ficos interativos.&lt;/p&gt;\n                &lt;/div&gt;\n                \n                &lt;div class=&quot;benefit-card&quot;&gt;\n                    &lt;div class=&quot;benefit-icon green&quot;&gt;\n                        &lt;i class=&quot;bi bi-exclamation-triangle&quot;&gt;&lt;/i&gt;\n                    &lt;/div&gt;\n                    &lt;h3&gt;Alertas Automaticos&lt;/h3&gt;\n                    &lt;p&gt;Receba avisos quando uma obra ultrapassar o or\xc3\xa7amento ou prazo.&lt;/p&gt;\n                &lt;/div&gt;\n                \n                &lt;div class=&quot;benefit-card&quot;&gt;\n                    &lt;div class=&quot;benefit-icon yellow&quot;&gt;\n                        &lt;i class=&quot;bi bi-robot&quot;&gt;&lt;/i&gt;\n                    &lt;/div&gt;\n                    &lt;h3&gt;Assistente IA&lt;/h3&gt;\n                    &lt;p&gt;Pergunte ao sistema e receba an\xc3\xa1lises financeiras autom\xc3\xa1ticas.&lt;/p&gt;\n                &lt;/div&gt;\n                \n                &lt;div class=&quot;benefit-card&quot;&gt;\n                    &lt;div class=&quot;benefit-icon pink&quot;&gt;\n                        &lt;i class=&quot;bi bi-file-earmark-spreadsheet&quot;&gt;&lt;/i&gt;\n                    &lt;/div&gt;\n                    &lt;h3&gt;Relat\xc3\xb3rios Export\xc3\xa1veis&lt;/h3&gt;\n                    &lt;p&gt;Exporte dados para Excel e apresente a investidores e clientes.&lt;/p&gt;\n                &lt;/div&gt;\n            &lt;/div&gt;\n        &lt;/div&gt;\n        \n        &lt;div class=&quot;landing-right&quot;&gt;\n            &lt;div class=&quot;login-container&quot;&gt;\n                &lt;div class=&quot;login-card&quot;&gt;\n                    &lt;div class=&quot;login-header&quot;&gt;\n                        &lt;h2&gt;Bem-vindo de volta&lt;/h2&gt;\n                        &lt;p&gt;Acesse sua conta para continuar&lt;/p&gt;\n                    &lt;/div&gt;\n                    \n                    \n                        \n                            \n                                &lt;div class=&quot;alert alert-danger&quot;&gt;\n                                    &lt;i class=&quot;bi bi-x-circle-fill&quot;&gt;&lt;/i&gt;\n                                    \n                                    Email inv\xc3\xa1lido.\n                                &lt;/div&gt;\n                            \n                        \n                    \n                    \n                    &lt;form method=&quot;POST&quot; action=&quot;/auth/login&quot;&gt;\n                &lt;input type=&quot;hidden&quot; name=&quot;csrf_token&quot; value=&quot;IjBiMjAwYTY5ODNjMGM4OWFjNmQxNGEzZmEyZTQ4MmFlMTAwN2UwNGIi.aeDsTQ.qFu7epSngDu0iv91JDUNDbOhp3U&quot;&gt;\n                        &lt;div class=&quot;form-group&quot;&gt;\n                            &lt;label for=&quot;email&quot;&gt;Email&lt;/label&gt;\n                            &lt;input type=&quot;email&quot; class=&quot;form-control&quot; id=&quot;email&quot; name=&quot;email&quot; placeholder=&quot;seu@email.com&quot; required&gt;\n                        &lt;/div&gt;\n                        \n                        &lt;div class=&quot;form-group&quot;&gt;\n                            &lt;label for=&quot;senha&quot;&gt;Senha&lt;/label&gt;\n                            &lt;div style=&quot;position: relative;&quot;&gt;\n                                &lt;input type=&quot;password&quot; class=&quot;form-control&quot; id=&quot;senha&quot; name=&quot;senha&quot; placeholder=&quot;Sua senha&quot; required style=&quot;padding-right: 45px;&quot;&gt;\n                                &lt;button type=&quot;button&quot; onclick=&quot;togglePassword()&quot; style=&quot;position: absolute; right: 10px; top: 50%; transform: translateY(-50%); background: none; border: none; color: var(--text-muted); cursor: pointer;&quot;&gt;\n                                    &lt;i class=&quot;bi bi-eye&quot; id=&quot;eyeIcon&quot;&gt;&lt;/i&gt;\n                                &lt;/button&gt;\n                            &lt;/div&gt;\n                        &lt;/div&gt;\n                        \n                        &lt;div class=&quot;form-group&quot;&gt;\n                            &lt;div class=&quot;form-check&quot;&gt;\n                                &lt;input type=&quot;checkbox&quot; class=&quot;form-check-input&quot; id=&quot;lembrar&quot; name=&quot;lembrar&quot; value=&quot;1&quot;&gt;\n                                &lt;label class=&quot;form-check-label&quot; for=&quot;lembrar&quot; style=&quot;font-weight: normal; color: var(--text-secondary);&quot;&gt;\n                                    Lembrar-me por 30 dias\n                                &lt;/label&gt;\n                            &lt;/div&gt;\n                        &lt;/div&gt;\n                        \n                        &lt;button type=&quot;submit&quot; class=&quot;btn-login&quot;&gt;\n                            &lt;i class=&quot;bi bi-arrow-right-short me-2&quot;&gt;&lt;/i&gt;\n                            Entrar no Sistema\n                        &lt;/button&gt;\n                    &lt;/form&gt;\n                    \n                    &lt;div style=&quot;display: flex; justify-content: space-between; margin-top: 20px;&quot;&gt;\n                        &lt;a href=&quot;#&quot; onclick=&quot;document.getElementById(\'esqueceuSenhaModal\').style.display=\'flex\'; return false;&quot; style=&quot;color: var(--text-muted); font-size: 13px; text-decoration: none;&quot;&gt;\n                            &lt;i class=&quot;bi bi-question-circle me-1&quot;&gt;&lt;/i&gt;Esqueceu a senha?\n                        &lt;/a&gt;\n                        &lt;a href=&quot;/auth/empresa/nova&quot; style=&quot;color: var(--accent-primary-hover); font-size: 13px; text-decoration: none;&quot;&gt;\n                            &lt;i class=&quot;bi bi-person-plus me-1&quot;&gt;&lt;/i&gt;Criar nova conta\n                        &lt;/a&gt;\n                    &lt;/div&gt;\n                &lt;/div&gt;\n            &lt;/div&gt;\n        &lt;/div&gt;\n    &lt;/div&gt;\n    \n    &lt;!-- Modal Esqueceu a Senha --&gt;\n    &lt;div id=&quot;esqueceuSenhaModal&quot; style=&quot;display: none; position: fixed; top: 0; left: 0; width: 100%; height: 100%; background: rgba(0,0,0,0.85); z-index: 1000; align-items: center; justify-content: center;&quot;&gt;\n        &lt;div style=&quot;background: var(--bg-secondary); border: 1px solid var(--border-subtle); border-radius: 16px; padding: 30px; max-width: 380px; width: 90%; position: relative;&quot;&gt;\n            &lt;button onclick=&quot;document.getElementById(\'esqueceuSenhaModal\').style.display=\'none\'&quot; style=&quot;position: absolute; top: 15px; right: 15px; background: none; border: none; color: var(--text-muted); font-size: 20px; cursor: pointer;&quot;&gt;\n                &lt;i class=&quot;bi bi-x-lg&quot;&gt;&lt;/i&gt;\n            &lt;/button&gt;\n            &lt;h3 style=&quot;margin-bottom: 15px; color: var(--text-primary); font-size: 18px;&quot;&gt;\n                &lt;i class=&quot;bi bi-key me-2&quot;&gt;&lt;/i&gt;Recuperar Senha\n            &lt;/h3&gt;\n            &lt;p style=&quot;color: var(--text-secondary); font-size: 13px; margin-bottom: 20px;&quot;&gt;\n                Digite seu email para gerar uma nova senha tempor\xc3\xa1ria.\n            &lt;/p&gt;\n            &lt;form method=&quot;POST&quot; action=&quot;/auth/recuperar-senha&quot;&gt;\n                &lt;input type=&quot;hidden&quot; name=&quot;csrf_token&quot; value=&quot;IjBiMjAwYTY5ODNjMGM4OWFjNmQxNGEzZmEyZTQ4MmFlMTAwN2UwNGIi.aeDsTQ.qFu7epSngDu0iv91JDUNDbOhp3U&quot;&gt;\n                &lt;div class=&quot;form-group&quot;&gt;\n                    &lt;label for=&quot;email_recuperar&quot;&gt;Email&lt;/label&gt;\n                    &lt;input type=&quot;email&quot; class=&quot;form-control&quot; id=&quot;email_recuperar&quot; name=&quot;email&quot; placeholder=&quot;seu@email.com&quot; required&gt;\n                &lt;/div&gt;\n                &lt;div class=&quot;form-group&quot;&gt;\n                    &lt;label for=&quot;empresa_recuperar&quot;&gt;Empresa (slug)&lt;/label&gt;\n                    &lt;input type=&quot;text&quot; class=&quot;form-control&quot; id=&quot;empresa_recuperar&quot; name=&quot;empresa&quot; placeholder=&quot;sua-empresa&quot; required&gt;\n                &lt;/div&gt;\n                &lt;div style=&quot;display: flex; gap: 10px;&quot;&gt;\n                    &lt;button type=&quot;button&quot; onclick=&quot;document.getElementById(\'esqueceuSenhaModal\').style.display=\'none\'&quot; class=&quot;btn btn-outline&quot; style=&quot;flex: 1; justify-content: center;&quot;&gt;\n                        Cancelar\n                    &lt;/button&gt;\n                    &lt;button type=&quot;submit&quot; class=&quot;btn btn-primary&quot; style=&quot;flex: 1; justify-content: center;&quot;&gt;\n                        &lt;i class=&quot;bi bi-send me-2&quot;&gt;&lt;/i&gt;Enviar\n                    &lt;/button&gt;\n                &lt;/div&gt;\n            &lt;/form&gt;\n        &lt;/div&gt;\n    &lt;/div&gt;\n    \n    &lt;script&gt;\n        function togglePassword() {\n            const senhaInput = document.getElementById(\'senha\');\n            const eyeIcon = document.getElementById(\'eyeIcon\');\n            if (senhaInput.type === \'password\') {\n                senhaInput.type = \'text\';\n                eyeIcon.className = \'bi bi-eye-slash\';\n            } else {\n                senhaInput.type = \'password\';\n                eyeIcon.className = \'bi bi-eye\';\n            }\n        }\n    &lt;/script&gt;\n&lt;/body&gt;\n&lt;/html&gt;' and (b'invalid' in b'&lt;!doctype html&gt;\n&lt;html lang=&quot;pt-br&quot;&gt;\n&lt;head&gt;\n    &lt;meta charset=&quot;utf-8&quot;&gt;\n    &lt;meta name=&quot;viewport&quot; content=&quot;width=device-width, initial-scale=1.0&quot;&gt;\n    &lt;title&gt;obras pro - gestao de obras professional&lt;/title&gt;\n    &lt;link href=&quot;https://cdn.jsdelivr.net/npm/bootstrap@5.3.0/dist/css/bootstrap.min.css&quot; rel=&quot;stylesheet&quot;&gt;\n    &lt;link rel=&quot;stylesheet&quot; href=&quot;https://cdn.jsdelivr.net/npm/bootstrap-icons@1.11.0/font/bootstrap-icons.css&quot;&gt;\n    &lt;link href=&quot;https://fonts.googleapis.com/css2?family=inter:wght@300;400;500;600;700;800&amp;display=swap&quot; rel=&quot;stylesheet&quot;&gt;\n    &lt;style&gt;\n        :root {\n            --bg-primary: #09090b;\n            --bg-secondary: #18181b;\n            --bg-tertiary: #27272a;\n            --accent-primary: #6366f1;\n            --accent-primary-hover: #818cf8;\n            --accent-secondary: #a855f7;\n            --accent-green: #22c55e;\n            --text-primary: #fafafa;\n            --text-secondary: #a1a1aa;\n            --text-muted: #71717a;\n            --border-subtle: #27272a;\n            --border-default: #3f3f46;\n            --gradient-primary: linear-gradient(135deg, #6366f1 0%, #8b5cf6 100%);\n            --gradient-green: linear-gradient(135deg, #22c55e 0%, #16a34a 100%);\n        }\n        \n        * { margin: 0; padding: 0; box-sizing: border-box; }\n        \n        body {\n            font-family: \'inter\', -apple-system, blinkmacsystemfont, sans-serif;\n            background: var(--bg-primary);\n            min-height: 100vh;\n            color: var(--text-primary);\n            background-image: \n                radial-gradient(ellipse at top left, rgba(99, 102, 241, 0.2) 0%, transparent 50%),\n                radial-gradient(ellipse at bottom right, rgba(168, 85, 247, 0.15) 0%, transparent 50%),\n                radial-gradient(ellipse at bottom, rgba(34, 197, 94, 0.1) 0%, transparent 50%);\n        }\n        \n        .landing-container {\n            min-height: 100vh;\n            display: grid;\n            grid-template-columns: 1fr 1fr;\n        }\n        \n        @media (max-width: 992px) {\n            .landing-container { grid-template-columns: 1fr; }\n            .landing-right { display: none; }\n        }\n        \n        /* left side - benefits */\n        .landing-left {\n            padding: 60px;\n            display: flex;\n            flex-direction: column;\n            justify-content: flex-start;\n            max-width: 700px;\n            margin: 0 auto;\n            overflow-y: auto;\n            max-height: 100vh;\n            /* scrollbar sempre vis\xc3\xadvel */\n            scrollbar-width: thin;\n            scrollbar-color: #6366f1 #1e1e2f;\n        }\n        \n        /* scrollbar webkit (chrome, edge, safari) */\n        .landing-left::-webkit-scrollbar {\n            width: 14px;\n            display: block;\n        }\n        .landing-left::-webkit-scrollbar-track {\n            background: #1e1e2f;\n            border-radius: 10px;\n            margin: 20px 0;\n            border: 2px solid #1e1e2f;\n        }\n        .landing-left::-webkit-scrollbar-thumb {\n            background: linear-gradient(180deg, #6366f1, #8b5cf6);\n            border-radius: 10px;\n            border: 3px solid #1e1e2f;\n            min-height: 60px;\n        }\n        .landing-left::-webkit-scrollbar-thumb:hover {\n            background: linear-gradient(180deg, #818cf8, #a78bfa);\n        }\n        \n        .brand {\n            display: flex;\n            align-items: center;\n            gap: 14px;\n            margin-bottom: 50px;\n        }\n        \n        .brand-logo {\n            width: 52px;\n            height: 52px;\n            background: var(--gradient-primary);\n            border-radius: 14px;\n            display: flex;\n            align-items: center;\n            justify-content: center;\n            font-size: 24px;\n            box-shadow: 0 8px 24px rgba(99, 102, 241, 0.35);\n        }\n        \n        .brand h1 {\n            font-size: 24px;\n            font-weight: 700;\n            letter-spacing: -0.5px;\n            background: linear-gradient(135deg, #fafafa 0%, #a1a1aa 100%);\n            -webkit-background-clip: text;\n            -webkit-text-fill-color: transparent;\n        }\n        \n        .hero-text h2 {\n            font-size: 42px;\n            font-weight: 800;\n            line-height: 1.15;\n            letter-spacing: -1px;\n            margin-bottom: 20px;\n        }\n        \n        .hero-text h2 span {\n            background: var(--gradient-primary);\n            -webkit-background-clip: text;\n            -webkit-text-fill-color: transparent;\n        }\n        \n        .hero-text p {\n            font-size: 18px;\n            color: var(--text-secondary);\n            line-height: 1.6;\n            margin-bottom: 40px;\n        }\n        \n        .benefits-grid {\n            display: grid;\n            grid-template-columns: 1fr 1fr;\n            gap: 20px;\n            margin-bottom: 50px;\n        }\n        \n        .benefit-card {\n            background: var(--bg-secondary);\n            border: 1px solid var(--border-subtle);\n            border-radius: 14px;\n            padding: 24px;\n            transition: all 0.3s ease;\n        }\n        \n        .benefit-card:hover {\n            border-color: var(--accent-primary);\n            transform: translatey(-4px);\n            box-shadow: 0 12px 40px rgba(99, 102, 241, 0.15);\n        }\n        \n        .benefit-icon {\n            width: 44px;\n            height: 44px;\n            border-radius: 12px;\n            display: flex;\n            align-items: center;\n            justify-content: center;\n            font-size: 20px;\n            margin-bottom: 16px;\n        }\n        \n        .benefit-icon.purple { background: rgba(99, 102, 241, 0.15); color: #818cf8; }\n        .benefit-icon.green { background: rgba(34, 197, 94, 0.15); color: #4ade80; }\n        .benefit-icon.yellow { background: rgba(245, 158, 11, 0.15); color: #fbbf24; }\n        .benefit-icon.pink { background: rgba(236, 72, 153, 0.15); color: #f472b6; }\n        \n        .benefit-card h3 {\n            font-size: 15px;\n            font-weight: 600;\n            margin-bottom: 8px;\n        }\n        \n        .benefit-card p {\n            font-size: 13px;\n            color: var(--text-muted);\n            line-height: 1.5;\n            margin: 0;\n        }\n        \n        .cta-badge {\n            display: inline-flex;\n            align-items: center;\n            gap: 8px;\n            background: rgba(34, 197, 94, 0.15);\n            border: 1px solid rgba(34, 197, 94, 0.3);\n            padding: 8px 16px;\n            border-radius: 20px;\n            font-size: 13px;\n            color: #4ade80;\n            margin-bottom: 24px;\n        }\n        \n        /* right side - login */\n        .landing-right {\n            background: var(--bg-secondary);\n            display: flex;\n            align-items: center;\n            justify-content: center;\n            border-left: 1px solid var(--border-subtle);\n            position: relative;\n            overflow: hidden;\n        }\n        \n        .landing-right::before {\n            content: \'\';\n            position: absolute;\n            top: -50%;\n            right: -50%;\n            width: 100%;\n            height: 100%;\n            background: radial-gradient(circle, rgba(99, 102, 241, 0.1) 0%, transparent 60%);\n        }\n        \n        .login-container {\n            width: 100%;\n            max-width: 380px;\n            padding: 40px;\n            position: relative;\n            z-index: 1;\n        }\n        \n        .login-card {\n            background: var(--bg-tertiary);\n            border: 1px solid var(--border-subtle);\n            border-radius: 20px;\n            padding: 40px;\n            box-shadow: 0 25px 50px -12px rgba(0, 0, 0, 0.4);\n        }\n        \n        .login-header {\n            text-align: center;\n            margin-bottom: 32px;\n        }\n        \n        .login-header h2 {\n            font-size: 20px;\n            font-weight: 600;\n            margin-bottom: 8px;\n        }\n        \n        .login-header p {\n            color: var(--text-muted);\n            font-size: 14px;\n        }\n        \n        .form-group { margin-bottom: 20px; }\n        \n        .form-group label {\n            display: block;\n            margin-bottom: 8px;\n            font-weight: 500;\n            color: var(--text-secondary);\n            font-size: 13px;\n        }\n        \n        .form-control {\n            width: 100%;\n            padding: 14px 16px;\n            background: #1a1a2e !important;\n            border: 1px solid #3f3f46 !important;\n            border-radius: 12px;\n            font-size: 14px;\n            color: #ffffff !important;\n            transition: all 0.2s ease;\n        }\n\n        .form-control:focus {\n            outline: none;\n            border-color: var(--accent-primary) !important;\n            box-shadow: 0 0 0 4px rgba(99, 102, 241, 0.15);\n            background: #16162a !important;\n            color: #ffffff !important;\n        }\n\n        .form-control::placeholder { color: #6b7280 !important; }\n        \n        /* fix para autocomplete - evita fundo branco/amarelo */\n        .form-control:-webkit-autofill,\n        .form-control:-webkit-autofill:hover,\n        .form-control:-webkit-autofill:focus {\n            -webkit-text-fill-color: #ffffff !important;\n            -webkit-box-shadow: 0 0 0px 1000px #1a1a2e inset !important;\n            transition: background-color 5000s ease-in-out 0s;\n        }\n        \n        .btn-login {\n            width: 100%;\n            padding: 16px;\n            background: var(--gradient-primary);\n            border: none;\n            border-radius: 12px;\n            color: white;\n            font-size: 15px;\n            font-weight: 600;\n            cursor: pointer;\n            transition: all 0.2s ease;\n            margin-top: 8px;\n            box-shadow: 0 4px 16px rgba(99, 102, 241, 0.35);\n        }\n        \n        .btn-login:hover {\n            transform: translatey(-2px);\n            box-shadow: 0 8px 24px rgba(99, 102, 241, 0.45);\n        }\n        \n        .demo-notice {\n            text-align: center;\n            margin-top: 20px;\n            padding: 12px;\n            background: rgba(245, 158, 11, 0.1);\n            border: 1px solid rgba(245, 158, 11, 0.2);\n            border-radius: 10px;\n            font-size: 12px;\n            color: #fbbf24;\n        }\n        \n        .alert {\n            padding: 14px 18px;\n            border-radius: 12px;\n            margin-bottom: 20px;\n            font-size: 13px;\n            display: flex;\n            align-items: center;\n            gap: 10px;\n            border: 1px solid transparent;\n        }\n        \n        .alert-success { background: rgba(34, 197, 94, 0.1); color: #4ade80; border-color: rgba(34, 197, 94, 0.2); }\n        .alert-danger { background: rgba(239, 68, 68, 0.1); color: #f87171; border-color: rgba(239, 68, 68, 0.2); }\n    &lt;/style&gt;\n&lt;/head&gt;\n&lt;body&gt;\n    &lt;div class=&quot;landing-container&quot;&gt;\n        &lt;div class=&quot;landing-left&quot;&gt;\n            &lt;div class=&quot;brand&quot;&gt;\n                &lt;div class=&quot;brand-logo&quot;&gt;\n                    &lt;i class=&quot;bi bi-building&quot;&gt;&lt;/i&gt;\n                &lt;/div&gt;\n                &lt;h1&gt;obras pro&lt;/h1&gt;\n            &lt;/div&gt;\n            \n            &lt;div class=&quot;hero-text&quot;&gt;\n                &lt;div class=&quot;cta-badge&quot;&gt;\n                    &lt;i class=&quot;bi bi-patch-check-fill&quot;&gt;&lt;/i&gt;\n                    solucao lider em gestao de obras\n                &lt;/div&gt;\n                &lt;h2&gt;controle financeiro &lt;span&gt;inteligente&lt;/span&gt; para sua construtora&lt;/h2&gt;\n                &lt;p&gt;gerencie or\xc3\xa7amentos, acompanhe gastos em tempo real e tome decis\xc3\xb5es baseadas em dados. o sistema que growing construtoras confiam.&lt;/p&gt;\n            &lt;/div&gt;\n            \n            &lt;div class=&quot;benefits-grid&quot;&gt;\n                &lt;div class=&quot;benefit-card&quot;&gt;\n                    &lt;div class=&quot;benefit-icon purple&quot;&gt;\n                        &lt;i class=&quot;bi bi-graph-up-arrow&quot;&gt;&lt;/i&gt;\n                    &lt;/div&gt;\n                    &lt;h3&gt;dashboard inteligente&lt;/h3&gt;\n                    &lt;p&gt;visualize receitas, despesas e alertas em tempo real com gr\xc3\xa1ficos interativos.&lt;/p&gt;\n                &lt;/div&gt;\n                \n                &lt;div class=&quot;benefit-card&quot;&gt;\n                    &lt;div class=&quot;benefit-icon green&quot;&gt;\n                        &lt;i class=&quot;bi bi-exclamation-triangle&quot;&gt;&lt;/i&gt;\n                    &lt;/div&gt;\n                    &lt;h3&gt;alertas automaticos&lt;/h3&gt;\n                    &lt;p&gt;receba avisos quando uma obra ultrapassar o or\xc3\xa7amento ou prazo.&lt;/p&gt;\n                &lt;/div&gt;\n                \n                &lt;div class=&quot;benefit-card&quot;&gt;\n                    &lt;div class=&quot;benefit-icon yellow&quot;&gt;\n                        &lt;i class=&quot;bi bi-robot&quot;&gt;&lt;/i&gt;\n                    &lt;/div&gt;\n                    &lt;h3&gt;assistente ia&lt;/h3&gt;\n                    &lt;p&gt;pergunte ao sistema e receba an\xc3\xa1lises financeiras autom\xc3\xa1ticas.&lt;/p&gt;\n                &lt;/div&gt;\n                \n                &lt;div class=&quot;benefit-card&quot;&gt;\n                    &lt;div class=&quot;benefit-icon pink&quot;&gt;\n                        &lt;i class=&quot;bi bi-file-earmark-spreadsheet&quot;&gt;&lt;/i&gt;\n                    &lt;/div&gt;\n                    &lt;h3&gt;relat\xc3\xb3rios export\xc3\xa1veis&lt;/h3&gt;\n                    &lt;p&gt;exporte dados para excel e apresente a investidores e clientes.&lt;/p&gt;\n                &lt;/div&gt;\n            &lt;/div&gt;\n        &lt;/div&gt;\n        \n        &lt;div class=&quot;landing-right&quot;&gt;\n            &lt;div class=&quot;login-container&quot;&gt;\n                &lt;div class=&quot;login-card&quot;&gt;\n                    &lt;div class=&quot;login-header&quot;&gt;\n                        &lt;h2&gt;bem-vindo de volta&lt;/h2&gt;\n                        &lt;p&gt;acesse sua conta para continuar&lt;/p&gt;\n                    &lt;/div&gt;\n                    \n                    \n                        \n                            \n                                &lt;div class=&quot;alert alert-danger&quot;&gt;\n                                    &lt;i class=&quot;bi bi-x-circle-fill&quot;&gt;&lt;/i&gt;\n                                    \n                                    email inv\xc3\xa1lido.\n                                &lt;/div&gt;\n                            \n                        \n                    \n                    \n                    &lt;form method=&quot;post&quot; action=&quot;/auth/login&quot;&gt;\n                &lt;input type=&quot;hidden&quot; name=&quot;csrf_token&quot; value=&quot;ijbimjawyty5odnjmgm4owfjnmqxngezzmeyztq4mmflmtawn2uwngii.aedstq.qfu7epsngdu0iv91jdundbohp3u&quot;&gt;\n                        &lt;div class=&quot;form-group&quot;&gt;\n                            &lt;label for=&quot;email&quot;&gt;email&lt;/label&gt;\n                            &lt;input type=&quot;email&quot; class=&quot;form-control&quot; id=&quot;email&quot; name=&quot;email&quot; placeholder=&quot;seu@email.com&quot; required&gt;\n                        &lt;/div&gt;\n                        \n                        &lt;div class=&quot;form-group&quot;&gt;\n                            &lt;label for=&quot;senha&quot;&gt;senha&lt;/label&gt;\n                            &lt;div style=&quot;position: relative;&quot;&gt;\n                                &lt;input type=&quot;password&quot; class=&quot;form-control&quot; id=&quot;senha&quot; name=&quot;senha&quot; placeholder=&quot;sua senha&quot; required style=&quot;padding-right: 45px;&quot;&gt;\n                                &lt;button type=&quot;button&quot; onclick=&quot;togglepassword()&quot; style=&quot;position: absolute; right: 10px; top: 50%; transform: translatey(-50%); background: none; border: none; color: var(--text-muted); cursor: pointer;&quot;&gt;\n                                    &lt;i class=&quot;bi bi-eye&quot; id=&quot;eyeicon&quot;&gt;&lt;/i&gt;\n                                &lt;/button&gt;\n                            &lt;/div&gt;\n                        &lt;/div&gt;\n                        \n                        &lt;div class=&quot;form-group&quot;&gt;\n                            &lt;div class=&quot;form-check&quot;&gt;\n                                &lt;input type=&quot;checkbox&quot; class=&quot;form-check-input&quot; id=&quot;lembrar&quot; name=&quot;lembrar&quot; value=&quot;1&quot;&gt;\n                                &lt;label class=&quot;form-check-label&quot; for=&quot;lembrar&quot; style=&quot;font-weight: normal; color: var(--text-secondary);&quot;&gt;\n                                    lembrar-me por 30 dias\n                                &lt;/label&gt;\n                            &lt;/div&gt;\n                        &lt;/div&gt;\n                        \n                        &lt;button type=&quot;submit&quot; class=&quot;btn-login&quot;&gt;\n                            &lt;i class=&quot;bi bi-arrow-right-short me-2&quot;&gt;&lt;/i&gt;\n                            entrar no sistema\n                        &lt;/button&gt;\n                    &lt;/form&gt;\n                    \n                    &lt;div style=&quot;display: flex; justify-content: space-between; margin-top: 20px;&quot;&gt;\n                        &lt;a href=&quot;#&quot; onclick=&quot;document.getelementbyid(\'esqueceusenhamodal\').style.display=\'flex\'; return false;&quot; style=&quot;color: var(--text-muted); font-size: 13px; text-decoration: none;&quot;&gt;\n                            &lt;i class=&quot;bi bi-question-circle me-1&quot;&gt;&lt;/i&gt;esqueceu a senha?\n                        &lt;/a&gt;\n                        &lt;a href=&quot;/auth/empresa/nova&quot; style=&quot;color: var(--accent-primary-hover); font-size: 13px; text-decoration: none;&quot;&gt;\n                            &lt;i class=&quot;bi bi-person-plus me-1&quot;&gt;&lt;/i&gt;criar nova conta\n                        &lt;/a&gt;\n                    &lt;/div&gt;\n                &lt;/div&gt;\n            &lt;/div&gt;\n        &lt;/div&gt;\n    &lt;/div&gt;\n    \n    &lt;!-- modal esqueceu a senha --&gt;\n    &lt;div id=&quot;esqueceusenhamodal&quot; style=&quot;display: none; position: fixed; top: 0; left: 0; width: 100%; height: 100%; background: rgba(0,0,0,0.85); z-index: 1000; align-items: center; justify-content: center;&quot;&gt;\n        &lt;div style=&quot;background: var(--bg-secondary); border: 1px solid var(--border-subtle); border-radius: 16px; padding: 30px; max-width: 380px; width: 90%; position: relative;&quot;&gt;\n            &lt;button onclick=&quot;document.getelementbyid(\'esqueceusenhamodal\').style.display=\'none\'&quot; style=&quot;position: absolute; top: 15px; right: 15px; background: none; border: none; color: var(--text-muted); font-size: 20px; cursor: pointer;&quot;&gt;\n                &lt;i class=&quot;bi bi-x-lg&quot;&gt;&lt;/i&gt;\n            &lt;/button&gt;\n            &lt;h3 style=&quot;margin-bottom: 15px; color: var(--text-primary); font-size: 18px;&quot;&gt;\n                &lt;i class=&quot;bi bi-key me-2&quot;&gt;&lt;/i&gt;recuperar senha\n            &lt;/h3&gt;\n            &lt;p style=&quot;color: var(--text-secondary); font-size: 13px; margin-bottom: 20px;&quot;&gt;\n                digite seu email para gerar uma nova senha tempor\xc3\xa1ria.\n            &lt;/p&gt;\n            &lt;form method=&quot;post&quot; action=&quot;/auth/recuperar-senha&quot;&gt;\n                &lt;input type=&quot;hidden&quot; name=&quot;csrf_token&quot; value=&quot;ijbimjawyty5odnjmgm4owfjnmqxngezzmeyztq4mmflmtawn2uwngii.aedstq.qfu7epsngdu0iv91jdundbohp3u&quot;&gt;\n                &lt;div class=&quot;form-group&quot;&gt;\n                    &lt;label for=&quot;email_recuperar&quot;&gt;email&lt;/label&gt;\n                    &lt;input type=&quot;email&quot; class=&quot;form-control&quot; id=&quot;email_recuperar&quot; name=&quot;email&quot; placeholder=&quot;seu@email.com&quot; required&gt;\n                &lt;/div&gt;\n                &lt;div class=&quot;form-group&quot;&gt;\n                    &lt;label for=&quot;empresa_recuperar&quot;&gt;empresa (slug)&lt;/label&gt;\n                    &lt;input type=&quot;text&quot; class=&quot;form-control&quot; id=&quot;empresa_recuperar&quot; name=&quot;empresa&quot; placeholder=&quot;sua-empresa&quot; required&gt;\n                &lt;/div&gt;\n                &lt;div style=&quot;display: flex; gap: 10px;&quot;&gt;\n                    &lt;button type=&quot;button&quot; onclick=&quot;document.getelementbyid(\'esqueceusenhamodal\').style.display=\'none\'&quot; class=&quot;btn btn-outline&quot; style=&quot;flex: 1; justify-content: center;&quot;&gt;\n                        cancelar\n                    &lt;/button&gt;\n                    &lt;button type=&quot;submit&quot; class=&quot;btn btn-primary&quot; style=&quot;flex: 1; justify-content: center;&quot;&gt;\n                        &lt;i class=&quot;bi bi-send me-2&quot;&gt;&lt;/i&gt;enviar\n                    &lt;/button&gt;\n                &lt;/div&gt;\n            &lt;/form&gt;\n        &lt;/div&gt;\n    &lt;/div&gt;\n    \n    &lt;script&gt;\n        function togglepassword() {\n            const senhainput = document.getelementbyid(\'senha\');\n            const eyeicon = document.getelementbyid(\'eyeicon\');\n            if (senhainput.type === \'password\') {\n                senhainput.type = \'text\';\n                eyeicon.classname = \'bi bi-eye-slash\';\n            } else {\n                senhainput.type = \'password\';\n                eyeicon.classname = \'bi bi-eye\';\n            }\n        }\n    &lt;/script&gt;\n&lt;/body&gt;\n&lt;/html&gt;' or b'erro' in b'&lt;!doctype html&gt;\n&lt;html lang=&quot;pt-br&quot;&gt;\n&lt;head&gt;\n    &lt;meta charset=&quot;utf-8&quot;&gt;\n    &lt;meta name=&quot;viewport&quot; content=&quot;width=device-width, initial-scale=1.0&quot;&gt;\n    &lt;title&gt;obras pro - gestao de obras professional&lt;/title&gt;\n    &lt;link href=&quot;https://cdn.jsdelivr.net/npm/bootstrap@5.3.0/dist/css/bootstrap.min.css&quot; rel=&quot;stylesheet&quot;&gt;\n    &lt;link rel=&quot;stylesheet&quot; href=&quot;https://cdn.jsdelivr.net/npm/bootstrap-icons@1.11.0/font/bootstrap-icons.css&quot;&gt;\n    &lt;link href=&quot;https://fonts.googleapis.com/css2?family=inter:wght@300;400;500;600;700;800&amp;display=swap&quot; rel=&quot;stylesheet&quot;&gt;\n    &lt;style&gt;\n        :root {\n            --bg-primary: #09090b;\n            --bg-secondary: #18181b;\n            --bg-tertiary: #27272a;\n            --accent-primary: #6366f1;\n            --accent-primary-hover: #818cf8;\n            --accent-secondary: #a855f7;\n            --accent-green: #22c55e;\n            --text-primary: #fafafa;\n            --text-secondary: #a1a1aa;\n            --text-muted: #71717a;\n            --border-subtle: #27272a;\n            --border-default: #3f3f46;\n            --gradient-primary: linear-gradient(135deg, #6366f1 0%, #8b5cf6 100%);\n            --gradient-green: linear-gradient(135deg, #22c55e 0%, #16a34a 100%);\n        }\n        \n        * { margin: 0; padding: 0; box-sizing: border-box; }\n        \n        body {\n            font-family: \'inter\', -apple-system, blinkmacsystemfont, sans-serif;\n            background: var(--bg-primary);\n            min-height: 100vh;\n            color: var(--text-primary);\n            background-image: \n                radial-gradient(ellipse at top left, rgba(99, 102, 241, 0.2) 0%, transparent 50%),\n                radial-gradient(ellipse at bottom right, rgba(168, 85, 247, 0.15) 0%, transparent 50%),\n                radial-gradient(ellipse at bottom, rgba(34, 197, 94, 0.1) 0%, transparent 50%);\n        }\n        \n        .landing-container {\n            min-height: 100vh;\n            display: grid;\n            grid-template-columns: 1fr 1fr;\n        }\n        \n        @media (max-width: 992px) {\n            .landing-container { grid-template-columns: 1fr; }\n            .landing-right { display: none; }\n        }\n        \n        /* left side - benefits */\n        .landing-left {\n            padding: 60px;\n            display: flex;\n            flex-direction: column;\n            justify-content: flex-start;\n            max-width: 700px;\n            margin: 0 auto;\n            overflow-y: auto;\n            max-height: 100vh;\n            /* scrollbar sempre vis\xc3\xadvel */\n            scrollbar-width: thin;\n            scrollbar-color: #6366f1 #1e1e2f;\n        }\n        \n        /* scrollbar webkit (chrome, edge, safari) */\n        .landing-left::-webkit-scrollbar {\n            width: 14px;\n            display: block;\n        }\n        .landing-left::-webkit-scrollbar-track {\n            background: #1e1e2f;\n            border-radius: 10px;\n            margin: 20px 0;\n            border: 2px solid #1e1e2f;\n        }\n        .landing-left::-webkit-scrollbar-thumb {\n            background: linear-gradient(180deg, #6366f1, #8b5cf6);\n            border-radius: 10px;\n            border: 3px solid #1e1e2f;\n            min-height: 60px;\n        }\n        .landing-left::-webkit-scrollbar-thumb:hover {\n            background: linear-gradient(180deg, #818cf8, #a78bfa);\n        }\n        \n        .brand {\n            display: flex;\n            align-items: center;\n            gap: 14px;\n            margin-bottom: 50px;\n        }\n        \n        .brand-logo {\n            width: 52px;\n            height: 52px;\n            background: var(--gradient-primary);\n            border-radius: 14px;\n            display: flex;\n            align-items: center;\n            justify-content: center;\n            font-size: 24px;\n            box-shadow: 0 8px 24px rgba(99, 102, 241, 0.35);\n        }\n        \n        .brand h1 {\n            font-size: 24px;\n            font-weight: 700;\n            letter-spacing: -0.5px;\n            background: linear-gradient(135deg, #fafafa 0%, #a1a1aa 100%);\n            -webkit-background-clip: text;\n            -webkit-text-fill-color: transparent;\n        }\n        \n        .hero-text h2 {\n            font-size: 42px;\n            font-weight: 800;\n            line-height: 1.15;\n            letter-spacing: -1px;\n            margin-bottom: 20px;\n        }\n        \n        .hero-text h2 span {\n            background: var(--gradient-primary);\n            -webkit-background-clip: text;\n            -webkit-text-fill-color: transparent;\n        }\n        \n        .hero-text p {\n            font-size: 18px;\n            color: var(--text-secondary);\n            line-height: 1.6;\n            margin-bottom: 40px;\n        }\n        \n        .benefits-grid {\n            display: grid;\n            grid-template-columns: 1fr 1fr;\n            gap: 20px;\n            margin-bottom: 50px;\n        }\n        \n        .benefit-card {\n            background: var(--bg-secondary);\n            border: 1px solid var(--border-subtle);\n            border-radius: 14px;\n            padding: 24px;\n            transition: all 0.3s ease;\n        }\n        \n        .benefit-card:hover {\n            border-color: var(--accent-primary);\n            transform: translatey(-4px);\n            box-shadow: 0 12px 40px rgba(99, 102, 241, 0.15);\n        }\n        \n        .benefit-icon {\n            width: 44px;\n            height: 44px;\n            border-radius: 12px;\n            display: flex;\n            align-items: center;\n            justify-content: center;\n            font-size: 20px;\n            margin-bottom: 16px;\n        }\n        \n        .benefit-icon.purple { background: rgba(99, 102, 241, 0.15); color: #818cf8; }\n        .benefit-icon.green { background: rgba(34, 197, 94, 0.15); color: #4ade80; }\n        .benefit-icon.yellow { background: rgba(245, 158, 11, 0.15); color: #fbbf24; }\n        .benefit-icon.pink { background: rgba(236, 72, 153, 0.15); color: #f472b6; }\n        \n        .benefit-card h3 {\n            font-size: 15px;\n            font-weight: 600;\n            margin-bottom: 8px;\n        }\n        \n        .benefit-card p {\n            font-size: 13px;\n            color: var(--text-muted);\n            line-height: 1.5;\n            margin: 0;\n        }\n        \n        .cta-badge {\n            display: inline-flex;\n            align-items: center;\n            gap: 8px;\n            background: rgba(34, 197, 94, 0.15);\n            border: 1px solid rgba(34, 197, 94, 0.3);\n            padding: 8px 16px;\n            border-radius: 20px;\n            font-size: 13px;\n            color: #4ade80;\n            margin-bottom: 24px;\n        }\n        \n        /* right side - login */\n        .landing-right {\n            background: var(--bg-secondary);\n            display: flex;\n            align-items: center;\n            justify-content: center;\n            border-left: 1px solid var(--border-subtle);\n            position: relative;\n            overflow: hidden;\n        }\n        \n        .landing-right::before {\n            content: \'\';\n            position: absolute;\n            top: -50%;\n            right: -50%;\n            width: 100%;\n            height: 100%;\n            background: radial-gradient(circle, rgba(99, 102, 241, 0.1) 0%, transparent 60%);\n        }\n        \n        .login-container {\n            width: 100%;\n            max-width: 380px;\n            padding: 40px;\n            position: relative;\n            z-index: 1;\n        }\n        \n        .login-card {\n            background: var(--bg-tertiary);\n            border: 1px solid var(--border-subtle);\n            border-radius: 20px;\n            padding: 40px;\n            box-shadow: 0 25px 50px -12px rgba(0, 0, 0, 0.4);\n        }\n        \n        .login-header {\n            text-align: center;\n            margin-bottom: 32px;\n        }\n        \n        .login-header h2 {\n            font-size: 20px;\n            font-weight: 600;\n            margin-bottom: 8px;\n        }\n        \n        .login-header p {\n            color: var(--text-muted);\n            font-size: 14px;\n        }\n        \n        .form-group { margin-bottom: 20px; }\n        \n        .form-group label {\n            display: block;\n            margin-bottom: 8px;\n            font-weight: 500;\n            color: var(--text-secondary);\n            font-size: 13px;\n        }\n        \n        .form-control {\n            width: 100%;\n            padding: 14px 16px;\n            background: #1a1a2e !important;\n            border: 1px solid #3f3f46 !important;\n            border-radius: 12px;\n            font-size: 14px;\n            color: #ffffff !important;\n            transition: all 0.2s ease;\n        }\n\n        .form-control:focus {\n            outline: none;\n            border-color: var(--accent-primary) !important;\n            box-shadow: 0 0 0 4px rgba(99, 102, 241, 0.15);\n            background: #16162a !important;\n            color: #ffffff !important;\n        }\n\n        .form-control::placeholder { color: #6b7280 !important; }\n        \n        /* fix para autocomplete - evita fundo branco/amarelo */\n        .form-control:-webkit-autofill,\n        .form-control:-webkit-autofill:hover,\n        .form-control:-webkit-autofill:focus {\n            -webkit-text-fill-color: #ffffff !important;\n            -webkit-box-shadow: 0 0 0px 1000px #1a1a2e inset !important;\n            transition: background-color 5000s ease-in-out 0s;\n        }\n        \n        .btn-login {\n            width: 100%;\n            padding: 16px;\n            background: var(--gradient-primary);\n            border: none;\n            border-radius: 12px;\n            color: white;\n            font-size: 15px;\n            font-weight: 600;\n            cursor: pointer;\n            transition: all 0.2s ease;\n            margin-top: 8px;\n            box-shadow: 0 4px 16px rgba(99, 102, 241, 0.35);\n        }\n        \n        .btn-login:hover {\n            transform: translatey(-2px);\n            box-shadow: 0 8px 24px rgba(99, 102, 241, 0.45);\n        }\n        \n        .demo-notice {\n            text-align: center;\n            margin-top: 20px;\n            padding: 12px;\n            background: rgba(245, 158, 11, 0.1);\n            border: 1px solid rgba(245, 158, 11, 0.2);\n            border-radius: 10px;\n            font-size: 12px;\n            color: #fbbf24;\n        }\n        \n        .alert {\n            padding: 14px 18px;\n            border-radius: 12px;\n            margin-bottom: 20px;\n            font-size: 13px;\n            display: flex;\n            align-items: center;\n            gap: 10px;\n            border: 1px solid transparent;\n        }\n        \n        .alert-success { background: rgba(34, 197, 94, 0.1); color: #4ade80; border-color: rgba(34, 197, 94, 0.2); }\n        .alert-danger { background: rgba(239, 68, 68, 0.1); color: #f87171; border-color: rgba(239, 68, 68, 0.2); }\n    &lt;/style&gt;\n&lt;/head&gt;\n&lt;body&gt;\n    &lt;div class=&quot;landing-container&quot;&gt;\n        &lt;div class=&quot;landing-left&quot;&gt;\n            &lt;div class=&quot;brand&quot;&gt;\n                &lt;div class=&quot;brand-logo&quot;&gt;\n                    &lt;i class=&quot;bi bi-building&quot;&gt;&lt;/i&gt;\n                &lt;/div&gt;\n                &lt;h1&gt;obras pro&lt;/h1&gt;\n            &lt;/div&gt;\n            \n            &lt;div class=&quot;hero-text&quot;&gt;\n                &lt;div class=&quot;cta-badge&quot;&gt;\n                    &lt;i class=&quot;bi bi-patch-check-fill&quot;&gt;&lt;/i&gt;\n                    solucao lider em gestao de obras\n                &lt;/div&gt;\n                &lt;h2&gt;controle financeiro &lt;span&gt;inteligente&lt;/span&gt; para sua construtora&lt;/h2&gt;\n                &lt;p&gt;gerencie or\xc3\xa7amentos, acompanhe gastos em tempo real e tome decis\xc3\xb5es baseadas em dados. o sistema que growing construtoras confiam.&lt;/p&gt;\n            &lt;/div&gt;\n            \n            &lt;div class=&quot;benefits-grid&quot;&gt;\n                &lt;div class=&quot;benefit-card&quot;&gt;\n                    &lt;div class=&quot;benefit-icon purple&quot;&gt;\n                        &lt;i class=&quot;bi bi-graph-up-arrow&quot;&gt;&lt;/i&gt;\n                    &lt;/div&gt;\n                    &lt;h3&gt;dashboard inteligente&lt;/h3&gt;\n                    &lt;p&gt;visualize receitas, despesas e alertas em tempo real com gr\xc3\xa1ficos interativos.&lt;/p&gt;\n                &lt;/div&gt;\n                \n                &lt;div class=&quot;benefit-card&quot;&gt;\n                    &lt;div class=&quot;benefit-icon green&quot;&gt;\n                        &lt;i class=&quot;bi bi-exclamation-triangle&quot;&gt;&lt;/i&gt;\n                    &lt;/div&gt;\n                    &lt;h3&gt;alertas automaticos&lt;/h3&gt;\n                    &lt;p&gt;receba avisos quando uma obra ultrapassar o or\xc3\xa7amento ou prazo.&lt;/p&gt;\n                &lt;/div&gt;\n                \n                &lt;div class=&quot;benefit-card&quot;&gt;\n                    &lt;div class=&quot;benefit-icon yellow&quot;&gt;\n                        &lt;i class=&quot;bi bi-robot&quot;&gt;&lt;/i&gt;\n                    &lt;/div&gt;\n                    &lt;h3&gt;assistente ia&lt;/h3&gt;\n                    &lt;p&gt;pergunte ao sistema e receba an\xc3\xa1lises financeiras autom\xc3\xa1ticas.&lt;/p&gt;\n                &lt;/div&gt;\n                \n                &lt;div class=&quot;benefit-card&quot;&gt;\n                    &lt;div class=&quot;benefit-icon pink&quot;&gt;\n                        &lt;i class=&quot;bi bi-file-earmark-spreadsheet&quot;&gt;&lt;/i&gt;\n                    &lt;/div&gt;\n                    &lt;h3&gt;relat\xc3\xb3rios export\xc3\xa1veis&lt;/h3&gt;\n                    &lt;p&gt;exporte dados para excel e apresente a investidores e clientes.&lt;/p&gt;\n                &lt;/div&gt;\n            &lt;/div&gt;\n        &lt;/div&gt;\n        \n        &lt;div class=&quot;landing-right&quot;&gt;\n            &lt;div class=&quot;login-container&quot;&gt;\n                &lt;div class=&quot;login-card&quot;&gt;\n                    &lt;div class=&quot;login-header&quot;&gt;\n                        &lt;h2&gt;bem-vindo de volta&lt;/h2&gt;\n                        &lt;p&gt;acesse sua conta para continuar&lt;/p&gt;\n                    &lt;/div&gt;\n                    \n                    \n                        \n                            \n                                &lt;div class=&quot;alert alert-danger&quot;&gt;\n                                    &lt;i class=&quot;bi bi-x-circle-fill&quot;&gt;&lt;/i&gt;\n                                    \n                                    email inv\xc3\xa1lido.\n                                &lt;/div&gt;\n                            \n                        \n                    \n                    \n                    &lt;form method=&quot;post&quot; action=&quot;/auth/login&quot;&gt;\n                &lt;input type=&quot;hidden&quot; name=&quot;csrf_token&quot; value=&quot;ijbimjawyty5odnjmgm4owfjnmqxngezzmeyztq4mmflmtawn2uwngii.aedstq.qfu7epsngdu0iv91jdundbohp3u&quot;&gt;\n                        &lt;div class=&quot;form-group&quot;&gt;\n                            &lt;label for=&quot;email&quot;&gt;email&lt;/label&gt;\n                            &lt;input type=&quot;email&quot; class=&quot;form-control&quot; id=&quot;email&quot; name=&quot;email&quot; placeholder=&quot;seu@email.com&quot; required&gt;\n                        &lt;/div&gt;\n                        \n                        &lt;div class=&quot;form-group&quot;&gt;\n                            &lt;label for=&quot;senha&quot;&gt;senha&lt;/label&gt;\n                            &lt;div style=&quot;position: relative;&quot;&gt;\n                                &lt;input type=&quot;password&quot; class=&quot;form-control&quot; id=&quot;senha&quot; name=&quot;senha&quot; placeholder=&quot;sua senha&quot; required style=&quot;padding-right: 45px;&quot;&gt;\n                                &lt;button type=&quot;button&quot; onclick=&quot;togglepassword()&quot; style=&quot;position: absolute; right: 10px; top: 50%; transform: translatey(-50%); background: none; border: none; color: var(--text-muted); cursor: pointer;&quot;&gt;\n                                    &lt;i class=&quot;bi bi-eye&quot; id=&quot;eyeicon&quot;&gt;&lt;/i&gt;\n                                &lt;/button&gt;\n                            &lt;/div&gt;\n                        &lt;/div&gt;\n                        \n                        &lt;div class=&quot;form-group&quot;&gt;\n                            &lt;div class=&quot;form-check&quot;&gt;\n                                &lt;input type=&quot;checkbox&quot; class=&quot;form-check-input&quot; id=&quot;lembrar&quot; name=&quot;lembrar&quot; value=&quot;1&quot;&gt;\n                                &lt;label class=&quot;form-check-label&quot; for=&quot;lembrar&quot; style=&quot;font-weight: normal; color: var(--text-secondary);&quot;&gt;\n                                    lembrar-me por 30 dias\n                                &lt;/label&gt;\n                            &lt;/div&gt;\n                        &lt;/div&gt;\n                        \n                        &lt;button type=&quot;submit&quot; class=&quot;btn-login&quot;&gt;\n                            &lt;i class=&quot;bi bi-arrow-right-short me-2&quot;&gt;&lt;/i&gt;\n                            entrar no sistema\n                        &lt;/button&gt;\n                    &lt;/form&gt;\n                    \n                    &lt;div style=&quot;display: flex; justify-content: space-between; margin-top: 20px;&quot;&gt;\n                        &lt;a href=&quot;#&quot; onclick=&quot;document.getelementbyid(\'esqueceusenhamodal\').style.display=\'flex\'; return false;&quot; style=&quot;color: var(--text-muted); font-size: 13px; text-decoration: none;&quot;&gt;\n                            &lt;i class=&quot;bi bi-question-circle me-1&quot;&gt;&lt;/i&gt;esqueceu a senha?\n                        &lt;/a&gt;\n                        &lt;a href=&quot;/auth/empresa/nova&quot; style=&quot;color: var(--accent-primary-hover); font-size: 13px; text-decoration: none;&quot;&gt;\n                            &lt;i class=&quot;bi bi-person-plus me-1&quot;&gt;&lt;/i&gt;criar nova conta\n                        &lt;/a&gt;\n                    &lt;/div&gt;\n                &lt;/div&gt;\n            &lt;/div&gt;\n        &lt;/div&gt;\n    &lt;/div&gt;\n    \n    &lt;!-- modal esqueceu a senha --&gt;\n    &lt;div id=&quot;esqueceusenhamodal&quot; style=&quot;display: none; position: fixed; top: 0; left: 0; width: 100%; height: 100%; background: rgba(0,0,0,0.85); z-index: 1000; align-items: center; justify-content: center;&quot;&gt;\n        &lt;div style=&quot;background: var(--bg-secondary); border: 1px solid var(--border-subtle); border-radius: 16px; padding: 30px; max-width: 380px; width: 90%; position: relative;&quot;&gt;\n            &lt;button onclick=&quot;document.getelementbyid(\'esqueceusenhamodal\').style.display=\'none\'&quot; style=&quot;position: absolute; top: 15px; right: 15px; background: none; border: none; color: var(--text-muted); font-size: 20px; cursor: pointer;&quot;&gt;\n                &lt;i class=&quot;bi bi-x-lg&quot;&gt;&lt;/i&gt;\n            &lt;/button&gt;\n            &lt;h3 style=&quot;margin-bottom: 15px; color: var(--text-primary); font-size: 18px;&quot;&gt;\n                &lt;i class=&quot;bi bi-key me-2&quot;&gt;&lt;/i&gt;recuperar senha\n            &lt;/h3&gt;\n            &lt;p style=&quot;color: var(--text-secondary); font-size: 13px; margin-bottom: 20px;&quot;&gt;\n                digite seu email para gerar uma nova senha tempor\xc3\xa1ria.\n            &lt;/p&gt;\n            &lt;form method=&quot;post&quot; action=&quot;/auth/recuperar-senha&quot;&gt;\n                &lt;input type=&quot;hidden&quot; name=&quot;csrf_token&quot; value=&quot;ijbimjawyty5odnjmgm4owfjnmqxngezzmeyztq4mmflmtawn2uwngii.aedstq.qfu7epsngdu0iv91jdundbohp3u&quot;&gt;\n                &lt;div class=&quot;form-group&quot;&gt;\n                    &lt;label for=&quot;email_recuperar&quot;&gt;email&lt;/label&gt;\n                    &lt;input type=&quot;email&quot; class=&quot;form-control&quot; id=&quot;email_recuperar&quot; name=&quot;email&quot; placeholder=&quot;seu@email.com&quot; required&gt;\n                &lt;/div&gt;\n                &lt;div class=&quot;form-group&quot;&gt;\n                    &lt;label for=&quot;empresa_recuperar&quot;&gt;empresa (slug)&lt;/label&gt;\n                    &lt;input type=&quot;text&quot; class=&quot;form-control&quot; id=&quot;empresa_recuperar&quot; name=&quot;empresa&quot; placeholder=&quot;sua-empresa&quot; required&gt;\n                &lt;/div&gt;\n                &lt;div style=&quot;display: flex; gap: 10px;&quot;&gt;\n                    &lt;button type=&quot;button&quot; onclick=&quot;document.getelementbyid(\'esqueceusenhamodal\').style.display=\'none\'&quot; class=&quot;btn btn-outline&quot; style=&quot;flex: 1; justify-content: center;&quot;&gt;\n                        cancelar\n                    &lt;/button&gt;\n                    &lt;button type=&quot;submit&quot; class=&quot;btn btn-primary&quot; style=&quot;flex: 1; justify-content: center;&quot;&gt;\n                        &lt;i class=&quot;bi bi-send me-2&quot;&gt;&lt;/i&gt;enviar\n                    &lt;/button&gt;\n                &lt;/div&gt;\n            &lt;/form&gt;\n        &lt;/div&gt;\n    &lt;/div&gt;\n    \n    &lt;script&gt;\n        function togglepassword() {\n            const senhainput = document.getelementbyid(\'senha\');\n            const eyeicon = document.getelementbyid(\'eyeicon\');\n            if (senhainput.type === \'password\') {\n                senhainput.type = \'text\';\n                eyeicon.classname = \'bi bi-eye-slash\';\n            } else {\n                senhainput.type = \'password\';\n                eyeicon.classname = \'bi bi-eye\';\n            }\n        }\n    &lt;/script&gt;\n&lt;/body&gt;\n&lt;/html&gt;'))&#10; +  where b'&lt;!DOCTYPE html&gt;\n&lt;html lang=&quot;pt-BR&quot;&gt;\n&lt;head&gt;\n    &lt;meta charset=&quot;UTF-8&quot;&gt;\n    &lt;meta name=&quot;viewport&quot; content=&quot;width=device-width, initial-scale=1.0&quot;&gt;\n    &lt;title&gt;OBRAS PRO - Gestao de Obras Professional&lt;/title&gt;\n    &lt;link href=&quot;https://cdn.jsdelivr.net/npm/bootstrap@5.3.0/dist/css/bootstrap.min.css&quot; rel=&quot;stylesheet&quot;&gt;\n    &lt;link rel=&quot;stylesheet&quot; href=&quot;https://cdn.jsdelivr.net/npm/bootstrap-icons@1.11.0/font/bootstrap-icons.css&quot;&gt;\n    &lt;link href=&quot;https://fonts.googleapis.com/css2?family=Inter:wght@300;400;500;600;700;800&amp;display=swap&quot; rel=&quot;stylesheet&quot;&gt;\n    &lt;style&gt;\n        :root {\n            --bg-primary: #09090b;\n            --bg-secondary: #18181b;\n            --bg-tertiary: #27272a;\n            --accent-primary: #6366f1;\n            --accent-primary-hover: #818cf8;\n            --accent-secondary: #a855f7;\n            --accent-green: #22c55e;\n            --text-primary: #fafafa;\n            --text-secondary: #a1a1aa;\n            --text-muted: #71717a;\n            --border-subtle: #27272a;\n            --border-default: #3f3f46;\n            --gradient-primary: linear-gradient(135deg, #6366f1 0%, #8b5cf6 100%);\n            --gradient-green: linear-gradient(135deg, #22c55e 0%, #16a34a 100%);\n        }\n        \n        * { margin: 0; padding: 0; box-sizing: border-box; }\n        \n        body {\n            font-family: \'Inter\', -apple-system, BlinkMacSystemFont, sans-serif;\n            background: var(--bg-primary);\n            min-height: 100vh;\n            color: var(--text-primary);\n            background-image: \n                radial-gradient(ellipse at top left, rgba(99, 102, 241, 0.2) 0%, transparent 50%),\n                radial-gradient(ellipse at bottom right, rgba(168, 85, 247, 0.15) 0%, transparent 50%),\n                radial-gradient(ellipse at bottom, rgba(34, 197, 94, 0.1) 0%, transparent 50%);\n        }\n        \n        .landing-container {\n            min-height: 100vh;\n            display: grid;\n            grid-template-columns: 1fr 1fr;\n        }\n        \n        @media (max-width: 992px) {\n            .landing-container { grid-template-columns: 1fr; }\n            .landing-right { display: none; }\n        }\n        \n        /* Left Side - Benefits */\n        .landing-left {\n            padding: 60px;\n            display: flex;\n            flex-direction: column;\n            justify-content: flex-start;\n            max-width: 700px;\n            margin: 0 auto;\n            overflow-y: auto;\n            max-height: 100vh;\n            /* Scrollbar sempre vis\xc3\xadvel */\n            scrollbar-width: thin;\n            scrollbar-color: #6366f1 #1e1e2f;\n        }\n        \n        /* Scrollbar Webkit (Chrome, Edge, Safari) */\n        .landing-left::-webkit-scrollbar {\n            width: 14px;\n            display: block;\n        }\n        .landing-left::-webkit-scrollbar-track {\n            background: #1e1e2f;\n            border-radius: 10px;\n            margin: 20px 0;\n            border: 2px solid #1e1e2f;\n        }\n        .landing-left::-webkit-scrollbar-thumb {\n            background: linear-gradient(180deg, #6366f1, #8b5cf6);\n            border-radius: 10px;\n            border: 3px solid #1e1e2f;\n            min-height: 60px;\n        }\n        .landing-left::-webkit-scrollbar-thumb:hover {\n            background: linear-gradient(180deg, #818cf8, #a78bfa);\n        }\n        \n        .brand {\n            display: flex;\n            align-items: center;\n            gap: 14px;\n            margin-bottom: 50px;\n        }\n        \n        .brand-logo {\n            width: 52px;\n            height: 52px;\n            background: var(--gradient-primary);\n            border-radius: 14px;\n            display: flex;\n            align-items: center;\n            justify-content: center;\n            font-size: 24px;\n            box-shadow: 0 8px 24px rgba(99, 102, 241, 0.35);\n        }\n        \n        .brand h1 {\n            font-size: 24px;\n            font-weight: 700;\n            letter-spacing: -0.5px;\n            background: linear-gradient(135deg, #fafafa 0%, #a1a1aa 100%);\n            -webkit-background-clip: text;\n            -webkit-text-fill-color: transparent;\n        }\n        \n        .hero-text h2 {\n            font-size: 42px;\n            font-weight: 800;\n            line-height: 1.15;\n            letter-spacing: -1px;\n            margin-bottom: 20px;\n        }\n        \n        .hero-text h2 span {\n            background: var(--gradient-primary);\n            -webkit-background-clip: text;\n            -webkit-text-fill-color: transparent;\n        }\n        \n        .hero-text p {\n            font-size: 18px;\n            color: var(--text-secondary);\n            line-height: 1.6;\n            margin-bottom: 40px;\n        }\n        \n        .benefits-grid {\n            display: grid;\n            grid-template-columns: 1fr 1fr;\n            gap: 20px;\n            margin-bottom: 50px;\n        }\n        \n        .benefit-card {\n            background: var(--bg-secondary);\n            border: 1px solid var(--border-subtle);\n            border-radius: 14px;\n            padding: 24px;\n            transition: all 0.3s ease;\n        }\n        \n        .benefit-card:hover {\n            border-color: var(--accent-primary);\n            transform: translateY(-4px);\n            box-shadow: 0 12px 40px rgba(99, 102, 241, 0.15);\n        }\n        \n        .benefit-icon {\n            width: 44px;\n            height: 44px;\n            border-radius: 12px;\n            display: flex;\n            align-items: center;\n            justify-content: center;\n            font-size: 20px;\n            margin-bottom: 16px;\n        }\n        \n        .benefit-icon.purple { background: rgba(99, 102, 241, 0.15); color: #818cf8; }\n        .benefit-icon.green { background: rgba(34, 197, 94, 0.15); color: #4ade80; }\n        .benefit-icon.yellow { background: rgba(245, 158, 11, 0.15); color: #fbbf24; }\n        .benefit-icon.pink { background: rgba(236, 72, 153, 0.15); color: #f472b6; }\n        \n        .benefit-card h3 {\n            font-size: 15px;\n            font-weight: 600;\n            margin-bottom: 8px;\n        }\n        \n        .benefit-card p {\n            font-size: 13px;\n            color: var(--text-muted);\n            line-height: 1.5;\n            margin: 0;\n        }\n        \n        .cta-badge {\n            display: inline-flex;\n            align-items: center;\n            gap: 8px;\n            background: rgba(34, 197, 94, 0.15);\n            border: 1px solid rgba(34, 197, 94, 0.3);\n            padding: 8px 16px;\n            border-radius: 20px;\n            font-size: 13px;\n            color: #4ade80;\n            margin-bottom: 24px;\n        }\n        \n        /* Right Side - Login */\n        .landing-right {\n            background: var(--bg-secondary);\n            display: flex;\n            align-items: center;\n            justify-content: center;\n            border-left: 1px solid var(--border-subtle);\n            position: relative;\n            overflow: hidden;\n        }\n        \n        .landing-right::before {\n            content: \'\';\n            position: absolute;\n            top: -50%;\n            right: -50%;\n            width: 100%;\n            height: 100%;\n            background: radial-gradient(circle, rgba(99, 102, 241, 0.1) 0%, transparent 60%);\n        }\n        \n        .login-container {\n            width: 100%;\n            max-width: 380px;\n            padding: 40px;\n            position: relative;\n            z-index: 1;\n        }\n        \n        .login-card {\n            background: var(--bg-tertiary);\n            border: 1px solid var(--border-subtle);\n            border-radius: 20px;\n            padding: 40px;\n            box-shadow: 0 25px 50px -12px rgba(0, 0, 0, 0.4);\n        }\n        \n        .login-header {\n            text-align: center;\n            margin-bottom: 32px;\n        }\n        \n        .login-header h2 {\n            font-size: 20px;\n            font-weight: 600;\n            margin-bottom: 8px;\n        }\n        \n        .login-header p {\n            color: var(--text-muted);\n            font-size: 14px;\n        }\n        \n        .form-group { margin-bottom: 20px; }\n        \n        .form-group label {\n            display: block;\n            margin-bottom: 8px;\n            font-weight: 500;\n            color: var(--text-secondary);\n            font-size: 13px;\n        }\n        \n        .form-control {\n            width: 100%;\n            padding: 14px 16px;\n            background: #1a1a2e !important;\n            border: 1px solid #3f3f46 !important;\n            border-radius: 12px;\n            font-size: 14px;\n            color: #ffffff !important;\n            transition: all 0.2s ease;\n        }\n\n        .form-control:focus {\n            outline: none;\n            border-color: var(--accent-primary) !important;\n            box-shadow: 0 0 0 4px rgba(99, 102, 241, 0.15);\n            background: #16162a !important;\n            color: #ffffff !important;\n        }\n\n        .form-control::placeholder { color: #6b7280 !important; }\n        \n        /* Fix para autocomplete - evita fundo branco/amarelo */\n        .form-control:-webkit-autofill,\n        .form-control:-webkit-autofill:hover,\n        .form-control:-webkit-autofill:focus {\n            -webkit-text-fill-color: #ffffff !important;\n            -webkit-box-shadow: 0 0 0px 1000px #1a1a2e inset !important;\n            transition: background-color 5000s ease-in-out 0s;\n        }\n        \n        .btn-login {\n            width: 100%;\n            padding: 16px;\n            background: var(--gradient-primary);\n            border: none;\n            border-radius: 12px;\n            color: white;\n            font-size: 15px;\n            font-weight: 600;\n            cursor: pointer;\n            transition: all 0.2s ease;\n            margin-top: 8px;\n            box-shadow: 0 4px 16px rgba(99, 102, 241, 0.35);\n        }\n        \n        .btn-login:hover {\n            transform: translateY(-2px);\n            box-shadow: 0 8px 24px rgba(99, 102, 241, 0.45);\n        }\n        \n        .demo-notice {\n            text-align: center;\n            margin-top: 20px;\n            padding: 12px;\n            background: rgba(245, 158, 11, 0.1);\n            border: 1px solid rgba(245, 158, 11, 0.2);\n            border-radius: 10px;\n            font-size: 12px;\n            color: #fbbf24;\n        }\n        \n        .alert {\n            padding: 14px 18px;\n            border-radius: 12px;\n            margin-bottom: 20px;\n            font-size: 13px;\n            display: flex;\n            align-items: center;\n            gap: 10px;\n            border: 1px solid transparent;\n        }\n        \n        .alert-success { background: rgba(34, 197, 94, 0.1); color: #4ade80; border-color: rgba(34, 197, 94, 0.2); }\n        .alert-danger { background: rgba(239, 68, 68, 0.1); color: #f87171; border-color: rgba(239, 68, 68, 0.2); }\n    &lt;/style&gt;\n&lt;/head&gt;\n&lt;body&gt;\n    &lt;div class=&quot;landing-container&quot;&gt;\n        &lt;div class=&quot;landing-left&quot;&gt;\n            &lt;div class=&quot;brand&quot;&gt;\n                &lt;div class=&quot;brand-logo&quot;&gt;\n                    &lt;i class=&quot;bi bi-building&quot;&gt;&lt;/i&gt;\n                &lt;/div&gt;\n                &lt;h1&gt;OBRAS PRO&lt;/h1&gt;\n            &lt;/div&gt;\n            \n            &lt;div class=&quot;hero-text&quot;&gt;\n                &lt;div class=&quot;cta-badge&quot;&gt;\n                    &lt;i class=&quot;bi bi-patch-check-fill&quot;&gt;&lt;/i&gt;\n                    Solucao lider em gestao de obras\n                &lt;/div&gt;\n                &lt;h2&gt;Controle financeiro &lt;span&gt;inteligente&lt;/span&gt; para sua construtora&lt;/h2&gt;\n                &lt;p&gt;Gerencie or\xc3\xa7amentos, acompanhe gastos em tempo real e tome decis\xc3\xb5es baseadas em dados. O sistema que growing construtoras confiam.&lt;/p&gt;\n            &lt;/div&gt;\n            \n            &lt;div class=&quot;benefits-grid&quot;&gt;\n                &lt;div class=&quot;benefit-card&quot;&gt;\n                    &lt;div class=&quot;benefit-icon purple&quot;&gt;\n                        &lt;i class=&quot;bi bi-graph-up-arrow&quot;&gt;&lt;/i&gt;\n                    &lt;/div&gt;\n                    &lt;h3&gt;Dashboard Inteligente&lt;/h3&gt;\n                    &lt;p&gt;Visualize receitas, despesas e alertas em tempo real com gr\xc3\xa1ficos interativos.&lt;/p&gt;\n                &lt;/div&gt;\n                \n                &lt;div class=&quot;benefit-card&quot;&gt;\n                    &lt;div class=&quot;benefit-icon green&quot;&gt;\n                        &lt;i class=&quot;bi bi-exclamation-triangle&quot;&gt;&lt;/i&gt;\n                    &lt;/div&gt;\n                    &lt;h3&gt;Alertas Automaticos&lt;/h3&gt;\n                    &lt;p&gt;Receba avisos quando uma obra ultrapassar o or\xc3\xa7amento ou prazo.&lt;/p&gt;\n                &lt;/div&gt;\n                \n                &lt;div class=&quot;benefit-card&quot;&gt;\n                    &lt;div class=&quot;benefit-icon yellow&quot;&gt;\n                        &lt;i class=&quot;bi bi-robot&quot;&gt;&lt;/i&gt;\n                    &lt;/div&gt;\n                    &lt;h3&gt;Assistente IA&lt;/h3&gt;\n                    &lt;p&gt;Pergunte ao sistema e receba an\xc3\xa1lises financeiras autom\xc3\xa1ticas.&lt;/p&gt;\n                &lt;/div&gt;\n                \n                &lt;div class=&quot;benefit-card&quot;&gt;\n                    &lt;div class=&quot;benefit-icon pink&quot;&gt;\n                        &lt;i class=&quot;bi bi-file-earmark-spreadsheet&quot;&gt;&lt;/i&gt;\n                    &lt;/div&gt;\n                    &lt;h3&gt;Relat\xc3\xb3rios Export\xc3\xa1veis&lt;/h3&gt;\n                    &lt;p&gt;Exporte dados para Excel e apresente a investidores e clientes.&lt;/p&gt;\n                &lt;/div&gt;\n            &lt;/div&gt;\n        &lt;/div&gt;\n        \n        &lt;div class=&quot;landing-right&quot;&gt;\n            &lt;div class=&quot;login-container&quot;&gt;\n                &lt;div class=&quot;login-card&quot;&gt;\n                    &lt;div class=&quot;login-header&quot;&gt;\n                        &lt;h2&gt;Bem-vindo de volta&lt;/h2&gt;\n                        &lt;p&gt;Acesse sua conta para continuar&lt;/p&gt;\n                    &lt;/div&gt;\n                    \n                    \n                        \n                            \n                                &lt;div class=&quot;alert alert-danger&quot;&gt;\n                                    &lt;i class=&quot;bi bi-x-circle-fill&quot;&gt;&lt;/i&gt;\n                                    \n                                    Email inv\xc3\xa1lido.\n                                &lt;/div&gt;\n                            \n                        \n                    \n                    \n                    &lt;form method=&quot;POST&quot; action=&quot;/auth/login&quot;&gt;\n                &lt;input type=&quot;hidden&quot; name=&quot;csrf_token&quot; value=&quot;IjBiMjAwYTY5ODNjMGM4OWFjNmQxNGEzZmEyZTQ4MmFlMTAwN2UwNGIi.aeDsTQ.qFu7epSngDu0iv91JDUNDbOhp3U&quot;&gt;\n                        &lt;div class=&quot;form-group&quot;&gt;\n                            &lt;label for=&quot;email&quot;&gt;Email&lt;/label&gt;\n                            &lt;input type=&quot;email&quot; class=&quot;form-control&quot; id=&quot;email&quot; name=&quot;email&quot; placeholder=&quot;seu@email.com&quot; required&gt;\n                        &lt;/div&gt;\n                        \n                        &lt;div class=&quot;form-group&quot;&gt;\n                            &lt;label for=&quot;senha&quot;&gt;Senha&lt;/label&gt;\n                            &lt;div style=&quot;position: relative;&quot;&gt;\n                                &lt;input type=&quot;password&quot; class=&quot;form-control&quot; id=&quot;senha&quot; name=&quot;senha&quot; placeholder=&quot;Sua senha&quot; required style=&quot;padding-right: 45px;&quot;&gt;\n                                &lt;button type=&quot;button&quot; onclick=&quot;togglePassword()&quot; style=&quot;position: absolute; right: 10px; top: 50%; transform: translateY(-50%); background: none; border: none; color: var(--text-muted); cursor: pointer;&quot;&gt;\n                                    &lt;i class=&quot;bi bi-eye&quot; id=&quot;eyeIcon&quot;&gt;&lt;/i&gt;\n                                &lt;/button&gt;\n                            &lt;/div&gt;\n                        &lt;/div&gt;\n                        \n                        &lt;div class=&quot;form-group&quot;&gt;\n                            &lt;div class=&quot;form-check&quot;&gt;\n                                &lt;input type=&quot;checkbox&quot; class=&quot;form-check-input&quot; id=&quot;lembrar&quot; name=&quot;lembrar&quot; value=&quot;1&quot;&gt;\n                                &lt;label class=&quot;form-check-label&quot; for=&quot;lembrar&quot; style=&quot;font-weight: normal; color: var(--text-secondary);&quot;&gt;\n                                    Lembrar-me por 30 dias\n                                &lt;/label&gt;\n                            &lt;/div&gt;\n                        &lt;/div&gt;\n                        \n                        &lt;button type=&quot;submit&quot; class=&quot;btn-login&quot;&gt;\n                            &lt;i class=&quot;bi bi-arrow-right-short me-2&quot;&gt;&lt;/i&gt;\n                            Entrar no Sistema\n                        &lt;/button&gt;\n                    &lt;/form&gt;\n                    \n                    &lt;div style=&quot;display: flex; justify-content: space-between; margin-top: 20px;&quot;&gt;\n                        &lt;a href=&quot;#&quot; onclick=&quot;document.getElementById(\'esqueceuSenhaModal\').style.display=\'flex\'; return false;&quot; style=&quot;color: var(--text-muted); font-size: 13px; text-decoration: none;&quot;&gt;\n                            &lt;i class=&quot;bi bi-question-circle me-1&quot;&gt;&lt;/i&gt;Esqueceu a senha?\n                        &lt;/a&gt;\n                        &lt;a href=&quot;/auth/empresa/nova&quot; style=&quot;color: var(--accent-primary-hover); font-size: 13px; text-decoration: none;&quot;&gt;\n                            &lt;i class=&quot;bi bi-person-plus me-1&quot;&gt;&lt;/i&gt;Criar nova conta\n                        &lt;/a&gt;\n                    &lt;/div&gt;\n                &lt;/div&gt;\n            &lt;/div&gt;\n        &lt;/div&gt;\n    &lt;/div&gt;\n    \n    &lt;!-- Modal Esqueceu a Senha --&gt;\n    &lt;div id=&quot;esqueceuSenhaModal&quot; style=&quot;display: none; position: fixed; top: 0; left: 0; width: 100%; height: 100%; background: rgba(0,0,0,0.85); z-index: 1000; align-items: center; justify-content: center;&quot;&gt;\n        &lt;div style=&quot;background: var(--bg-secondary); border: 1px solid var(--border-subtle); border-radius: 16px; padding: 30px; max-width: 380px; width: 90%; position: relative;&quot;&gt;\n            &lt;button onclick=&quot;document.getElementById(\'esqueceuSenhaModal\').style.display=\'none\'&quot; style=&quot;position: absolute; top: 15px; right: 15px; background: none; border: none; color: var(--text-muted); font-size: 20px; cursor: pointer;&quot;&gt;\n                &lt;i class=&quot;bi bi-x-lg&quot;&gt;&lt;/i&gt;\n            &lt;/button&gt;\n            &lt;h3 style=&quot;margin-bottom: 15px; color: var(--text-primary); font-size: 18px;&quot;&gt;\n                &lt;i class=&quot;bi bi-key me-2&quot;&gt;&lt;/i&gt;Recuperar Senha\n            &lt;/h3&gt;\n            &lt;p style=&quot;color: var(--text-secondary); font-size: 13px; margin-bottom: 20px;&quot;&gt;\n                Digite seu email para gerar uma nova senha tempor\xc3\xa1ria.\n            &lt;/p&gt;\n            &lt;form method=&quot;POST&quot; action=&quot;/auth/recuperar-senha&quot;&gt;\n                &lt;input type=&quot;hidden&quot; name=&quot;csrf_token&quot; value=&quot;IjBiMjAwYTY5ODNjMGM4OWFjNmQxNGEzZmEyZTQ4MmFlMTAwN2UwNGIi.aeDsTQ.qFu7epSngDu0iv91JDUNDbOhp3U&quot;&gt;\n                &lt;div class=&quot;form-group&quot;&gt;\n                    &lt;label for=&quot;email_recuperar&quot;&gt;Email&lt;/label&gt;\n                    &lt;input type=&quot;email&quot; class=&quot;form-control&quot; id=&quot;email_recuperar&quot; name=&quot;email&quot; placeholder=&quot;seu@email.com&quot; required&gt;\n                &lt;/div&gt;\n                &lt;div class=&quot;form-group&quot;&gt;\n                    &lt;label for=&quot;empresa_recuperar&quot;&gt;Empresa (slug)&lt;/label&gt;\n                    &lt;input type=&quot;text&quot; class=&quot;form-control&quot; id=&quot;empresa_recuperar&quot; name=&quot;empresa&quot; placeholder=&quot;sua-empresa&quot; required&gt;\n                &lt;/div&gt;\n                &lt;div style=&quot;display: flex; gap: 10px;&quot;&gt;\n                    &lt;button type=&quot;button&quot; onclick=&quot;document.getElementById(\'esqueceuSenhaModal\').style.display=\'none\'&quot; class=&quot;btn btn-outline&quot; style=&quot;flex: 1; justify-content: center;&quot;&gt;\n                        Cancelar\n                    &lt;/button&gt;\n                    &lt;button type=&quot;submit&quot; class=&quot;btn btn-primary&quot; style=&quot;flex: 1; justify-content: center;&quot;&gt;\n                        &lt;i class=&quot;bi bi-send me-2&quot;&gt;&lt;/i&gt;Enviar\n                    &lt;/button&gt;\n                &lt;/div&gt;\n            &lt;/form&gt;\n        &lt;/div&gt;\n    &lt;/div&gt;\n    \n    &lt;script&gt;\n        function togglePassword() {\n            const senhaInput = document.getElementById(\'senha\');\n            const eyeIcon = document.getElementById(\'eyeIcon\');\n            if (senhaInput.type === \'password\') {\n                senhaInput.type = \'text\';\n                eyeIcon.className = \'bi bi-eye-slash\';\n            } else {\n                senhaInput.type = \'password\';\n                eyeIcon.className = \'bi bi-eye\';\n            }\n        }\n    &lt;/script&gt;\n&lt;/body&gt;\n&lt;/html&gt;' = &lt;WrapperTestResponse 19785 bytes [200 OK]&gt;.data&#10; +  and   b'&lt;!doctype html&gt;\n&lt;html lang=&quot;pt-br&quot;&gt;\n&lt;head&gt;\n    &lt;meta charset=&quot;utf-8&quot;&gt;\n    &lt;meta name=&quot;viewport&quot; content=&quot;width=device-width, initial-scale=1.0&quot;&gt;\n    &lt;title&gt;obras pro - gestao de obras professional&lt;/title&gt;\n    &lt;link href=&quot;https://cdn.jsdelivr.net/npm/bootstrap@5.3.0/dist/css/bootstrap.min.css&quot; rel=&quot;stylesheet&quot;&gt;\n    &lt;link rel=&quot;stylesheet&quot; href=&quot;https://cdn.jsdelivr.net/npm/bootstrap-icons@1.11.0/font/bootstrap-icons.css&quot;&gt;\n    &lt;link href=&quot;https://fonts.googleapis.com/css2?family=inter:wght@300;400;500;600;700;800&amp;display=swap&quot; rel=&quot;stylesheet&quot;&gt;\n    &lt;style&gt;\n        :root {\n            --bg-primary: #09090b;\n            --bg-secondary: #18181b;\n            --bg-tertiary: #27272a;\n            --accent-primary: #6366f1;\n            --accent-primary-hover: #818cf8;\n            --accent-secondary: #a855f7;\n            --accent-green: #22c55e;\n            --text-primary: #fafafa;\n            --text-secondary: #a1a1aa;\n            --text-muted: #71717a;\n            --border-subtle: #27272a;\n            --border-default: #3f3f46;\n            --gradient-primary: linear-gradient(135deg, #6366f1 0%, #8b5cf6 100%);\n            --gradient-green: linear-gradient(135deg, #22c55e 0%, #16a34a 100%);\n        }\n        \n        * { margin: 0; padding: 0; box-sizing: border-box; }\n        \n        body {\n            font-family: \'inter\', -apple-system, blinkmacsystemfont, sans-serif;\n            background: var(--bg-primary);\n            min-height: 100vh;\n            color: var(--text-primary);\n            background-image: \n                radial-gradient(ellipse at top left, rgba(99, 102, 241, 0.2) 0%, transparent 50%),\n                radial-gradient(ellipse at bottom right, rgba(168, 85, 247, 0.15) 0%, transparent 50%),\n                radial-gradient(ellipse at bottom, rgba(34, 197, 94, 0.1) 0%, transparent 50%);\n        }\n        \n        .landing-container {\n            min-height: 100vh;\n            display: grid;\n            grid-template-columns: 1fr 1fr;\n        }\n        \n        @media (max-width: 992px) {\n            .landing-container { grid-template-columns: 1fr; }\n            .landing-right { display: none; }\n        }\n        \n        /* left side - benefits */\n        .landing-left {\n            padding: 60px;\n            display: flex;\n            flex-direction: column;\n            justify-content: flex-start;\n            max-width: 700px;\n            margin: 0 auto;\n            overflow-y: auto;\n            max-height: 100vh;\n            /* scrollbar sempre vis\xc3\xadvel */\n            scrollbar-width: thin;\n            scrollbar-color: #6366f1 #1e1e2f;\n        }\n        \n        /* scrollbar webkit (chrome, edge, safari) */\n        .landing-left::-webkit-scrollbar {\n            width: 14px;\n            display: block;\n        }\n        .landing-left::-webkit-scrollbar-track {\n            background: #1e1e2f;\n            border-radius: 10px;\n            margin: 20px 0;\n            border: 2px solid #1e1e2f;\n        }\n        .landing-left::-webkit-scrollbar-thumb {\n            background: linear-gradient(180deg, #6366f1, #8b5cf6);\n            border-radius: 10px;\n            border: 3px solid #1e1e2f;\n            min-height: 60px;\n        }\n        .landing-left::-webkit-scrollbar-thumb:hover {\n            background: linear-gradient(180deg, #818cf8, #a78bfa);\n        }\n        \n        .brand {\n            display: flex;\n            align-items: center;\n            gap: 14px;\n            margin-bottom: 50px;\n        }\n        \n        .brand-logo {\n            width: 52px;\n            height: 52px;\n            background: var(--gradient-primary);\n            border-radius: 14px;\n            display: flex;\n            align-items: center;\n            justify-content: center;\n            font-size: 24px;\n            box-shadow: 0 8px 24px rgba(99, 102, 241, 0.35);\n        }\n        \n        .brand h1 {\n            font-size: 24px;\n            font-weight: 700;\n            letter-spacing: -0.5px;\n            background: linear-gradient(135deg, #fafafa 0%, #a1a1aa 100%);\n            -webkit-background-clip: text;\n            -webkit-text-fill-color: transparent;\n        }\n        \n        .hero-text h2 {\n            font-size: 42px;\n            font-weight: 800;\n            line-height: 1.15;\n            letter-spacing: -1px;\n            margin-bottom: 20px;\n        }\n        \n        .hero-text h2 span {\n            background: var(--gradient-primary);\n            -webkit-background-clip: text;\n            -webkit-text-fill-color: transparent;\n        }\n        \n        .hero-text p {\n            font-size: 18px;\n            color: var(--text-secondary);\n            line-height: 1.6;\n            margin-bottom: 40px;\n        }\n        \n        .benefits-grid {\n            display: grid;\n            grid-template-columns: 1fr 1fr;\n            gap: 20px;\n            margin-bottom: 50px;\n        }\n        \n        .benefit-card {\n            background: var(--bg-secondary);\n            border: 1px solid var(--border-subtle);\n            border-radius: 14px;\n            padding: 24px;\n            transition: all 0.3s ease;\n        }\n        \n        .benefit-card:hover {\n            border-color: var(--accent-primary);\n            transform: translatey(-4px);\n            box-shadow: 0 12px 40px rgba(99, 102, 241, 0.15);\n        }\n        \n        .benefit-icon {\n            width: 44px;\n            height: 44px;\n            border-radius: 12px;\n            display: flex;\n            align-items: center;\n            justify-content: center;\n            font-size: 20px;\n            margin-bottom: 16px;\n        }\n        \n        .benefit-icon.purple { background: rgba(99, 102, 241, 0.15); color: #818cf8; }\n        .benefit-icon.green { background: rgba(34, 197, 94, 0.15); color: #4ade80; }\n        .benefit-icon.yellow { background: rgba(245, 158, 11, 0.15); color: #fbbf24; }\n        .benefit-icon.pink { background: rgba(236, 72, 153, 0.15); color: #f472b6; }\n        \n        .benefit-card h3 {\n            font-size: 15px;\n            font-weight: 600;\n            margin-bottom: 8px;\n        }\n        \n        .benefit-card p {\n            font-size: 13px;\n            color: var(--text-muted);\n            line-height: 1.5;\n            margin: 0;\n        }\n        \n        .cta-badge {\n            display: inline-flex;\n            align-items: center;\n            gap: 8px;\n            background: rgba(34, 197, 94, 0.15);\n            border: 1px solid rgba(34, 197, 94, 0.3);\n            padding: 8px 16px;\n            border-radius: 20px;\n            font-size: 13px;\n            color: #4ade80;\n            margin-bottom: 24px;\n        }\n        \n        /* right side - login */\n        .landing-right {\n            background: var(--bg-secondary);\n            display: flex;\n            align-items: center;\n            justify-content: center;\n            border-left: 1px solid var(--border-subtle);\n            position: relative;\n            overflow: hidden;\n        }\n        \n        .landing-right::before {\n            content: \'\';\n            position: absolute;\n            top: -50%;\n            right: -50%;\n            width: 100%;\n            height: 100%;\n            background: radial-gradient(circle, rgba(99, 102, 241, 0.1) 0%, transparent 60%);\n        }\n        \n        .login-container {\n            width: 100%;\n            max-width: 380px;\n            padding: 40px;\n            position: relative;\n            z-index: 1;\n        }\n        \n        .login-card {\n            background: var(--bg-tertiary);\n            border: 1px solid var(--border-subtle);\n            border-radius: 20px;\n            padding: 40px;\n            box-shadow: 0 25px 50px -12px rgba(0, 0, 0, 0.4);\n        }\n        \n        .login-header {\n            text-align: center;\n            margin-bottom: 32px;\n        }\n        \n        .login-header h2 {\n            font-size: 20px;\n            font-weight: 600;\n            margin-bottom: 8px;\n        }\n        \n        .login-header p {\n            color: var(--text-muted);\n            font-size: 14px;\n        }\n        \n        .form-group { margin-bottom: 20px; }\n        \n        .form-group label {\n            display: block;\n            margin-bottom: 8px;\n            font-weight: 500;\n            color: var(--text-secondary);\n            font-size: 13px;\n        }\n        \n        .form-control {\n            width: 100%;\n            padding: 14px 16px;\n            background: #1a1a2e !important;\n            border: 1px solid #3f3f46 !important;\n            border-radius: 12px;\n            font-size: 14px;\n            color: #ffffff !important;\n            transition: all 0.2s ease;\n        }\n\n        .form-control:focus {\n            outline: none;\n            border-color: var(--accent-primary) !important;\n            box-shadow: 0 0 0 4px rgba(99, 102, 241, 0.15);\n            background: #16162a !important;\n            color: #ffffff !important;\n        }\n\n        .form-control::placeholder { color: #6b7280 !important; }\n        \n        /* fix para autocomplete - evita fundo branco/amarelo */\n        .form-control:-webkit-autofill,\n        .form-control:-webkit-autofill:hover,\n        .form-control:-webkit-autofill:focus {\n            -webkit-text-fill-color: #ffffff !important;\n            -webkit-box-shadow: 0 0 0px 1000px #1a1a2e inset !important;\n            transition: background-color 5000s ease-in-out 0s;\n        }\n        \n        .btn-login {\n            width: 100%;\n            padding: 16px;\n            background: var(--gradient-primary);\n            border: none;\n            border-radius: 12px;\n            color: white;\n            font-size: 15px;\n            font-weight: 600;\n            cursor: pointer;\n            transition: all 0.2s ease;\n            margin-top: 8px;\n            box-shadow: 0 4px 16px rgba(99, 102, 241, 0.35);\n        }\n        \n        .btn-login:hover {\n            transform: translatey(-2px);\n            box-shadow: 0 8px 24px rgba(99, 102, 241, 0.45);\n        }\n        \n        .demo-notice {\n            text-align: center;\n            margin-top: 20px;\n            padding: 12px;\n            background: rgba(245, 158, 11, 0.1);\n            border: 1px solid rgba(245, 158, 11, 0.2);\n            border-radius: 10px;\n            font-size: 12px;\n            color: #fbbf24;\n        }\n        \n        .alert {\n            padding: 14px 18px;\n            border-radius: 12px;\n            margin-bottom: 20px;\n            font-size: 13px;\n            display: flex;\n            align-items: center;\n            gap: 10px;\n            border: 1px solid transparent;\n        }\n        \n        .alert-success { background: rgba(34, 197, 94, 0.1); color: #4ade80; border-color: rgba(34, 197, 94, 0.2); }\n        .alert-danger { background: rgba(239, 68, 68, 0.1); color: #f87171; border-color: rgba(239, 68, 68, 0.2); }\n    &lt;/style&gt;\n&lt;/head&gt;\n&lt;body&gt;\n    &lt;div class=&quot;landing-container&quot;&gt;\n        &lt;div class=&quot;landing-left&quot;&gt;\n            &lt;div class=&quot;brand&quot;&gt;\n                &lt;div class=&quot;brand-logo&quot;&gt;\n                    &lt;i class=&quot;bi bi-building&quot;&gt;&lt;/i&gt;\n                &lt;/div&gt;\n                &lt;h1&gt;obras pro&lt;/h1&gt;\n            &lt;/div&gt;\n            \n            &lt;div class=&quot;hero-text&quot;&gt;\n                &lt;div class=&quot;cta-badge&quot;&gt;\n                    &lt;i class=&quot;bi bi-patch-check-fill&quot;&gt;&lt;/i&gt;\n                    solucao lider em gestao de obras\n                &lt;/div&gt;\n                &lt;h2&gt;controle financeiro &lt;span&gt;inteligente&lt;/span&gt; para sua construtora&lt;/h2&gt;\n                &lt;p&gt;gerencie or\xc3\xa7amentos, acompanhe gastos em tempo real e tome decis\xc3\xb5es baseadas em dados. o sistema que growing construtoras confiam.&lt;/p&gt;\n            &lt;/div&gt;\n            \n            &lt;div class=&quot;benefits-grid&quot;&gt;\n                &lt;div class=&quot;benefit-card&quot;&gt;\n                    &lt;div class=&quot;benefit-icon purple&quot;&gt;\n                        &lt;i class=&quot;bi bi-graph-up-arrow&quot;&gt;&lt;/i&gt;\n                    &lt;/div&gt;\n                    &lt;h3&gt;dashboard inteligente&lt;/h3&gt;\n                    &lt;p&gt;visualize receitas, despesas e alertas em tempo real com gr\xc3\xa1ficos interativos.&lt;/p&gt;\n                &lt;/div&gt;\n                \n                &lt;div class=&quot;benefit-card&quot;&gt;\n                    &lt;div class=&quot;benefit-icon green&quot;&gt;\n                        &lt;i class=&quot;bi bi-exclamation-triangle&quot;&gt;&lt;/i&gt;\n                    &lt;/div&gt;\n                    &lt;h3&gt;alertas automaticos&lt;/h3&gt;\n                    &lt;p&gt;receba avisos quando uma obra ultrapassar o or\xc3\xa7amento ou prazo.&lt;/p&gt;\n                &lt;/div&gt;\n                \n                &lt;div class=&quot;benefit-card&quot;&gt;\n                    &lt;div class=&quot;benefit-icon yellow&quot;&gt;\n                        &lt;i class=&quot;bi bi-robot&quot;&gt;&lt;/i&gt;\n                    &lt;/div&gt;\n                    &lt;h3&gt;assistente ia&lt;/h3&gt;\n                    &lt;p&gt;pergunte ao sistema e receba an\xc3\xa1lises financeiras autom\xc3\xa1ticas.&lt;/p&gt;\n                &lt;/div&gt;\n                \n                &lt;div class=&quot;benefit-card&quot;&gt;\n                    &lt;div class=&quot;benefit-icon pink&quot;&gt;\n                        &lt;i class=&quot;bi bi-file-earmark-spreadsheet&quot;&gt;&lt;/i&gt;\n                    &lt;/div&gt;\n                    &lt;h3&gt;relat\xc3\xb3rios export\xc3\xa1veis&lt;/h3&gt;\n                    &lt;p&gt;exporte dados para excel e apresente a investidores e clientes.&lt;/p&gt;\n                &lt;/div&gt;\n            &lt;/div&gt;\n        &lt;/div&gt;\n        \n        &lt;div class=&quot;landing-right&quot;&gt;\n            &lt;div class=&quot;login-container&quot;&gt;\n                &lt;div class=&quot;login-card&quot;&gt;\n                    &lt;div class=&quot;login-header&quot;&gt;\n                        &lt;h2&gt;bem-vindo de volta&lt;/h2&gt;\n                        &lt;p&gt;acesse sua conta para continuar&lt;/p&gt;\n                    &lt;/div&gt;\n                    \n                    \n                        \n                            \n                                &lt;div class=&quot;alert alert-danger&quot;&gt;\n                                    &lt;i class=&quot;bi bi-x-circle-fill&quot;&gt;&lt;/i&gt;\n                                    \n                                    email inv\xc3\xa1lido.\n                                &lt;/div&gt;\n                            \n                        \n                    \n                    \n                    &lt;form method=&quot;post&quot; action=&quot;/auth/login&quot;&gt;\n                &lt;input type=&quot;hidden&quot; name=&quot;csrf_token&quot; value=&quot;ijbimjawyty5odnjmgm4owfjnmqxngezzmeyztq4mmflmtawn2uwngii.aedstq.qfu7epsngdu0iv91jdundbohp3u&quot;&gt;\n                        &lt;div class=&quot;form-group&quot;&gt;\n                            &lt;label for=&quot;email&quot;&gt;email&lt;/label&gt;\n                            &lt;input type=&quot;email&quot; class=&quot;form-control&quot; id=&quot;email&quot; name=&quot;email&quot; placeholder=&quot;seu@email.com&quot; required&gt;\n                        &lt;/div&gt;\n                        \n                        &lt;div class=&quot;form-group&quot;&gt;\n                            &lt;label for=&quot;senha&quot;&gt;senha&lt;/label&gt;\n                            &lt;div style=&quot;position: relative;&quot;&gt;\n                                &lt;input type=&quot;password&quot; class=&quot;form-control&quot; id=&quot;senha&quot; name=&quot;senha&quot; placeholder=&quot;sua senha&quot; required style=&quot;padding-right: 45px;&quot;&gt;\n                                &lt;button type=&quot;button&quot; onclick=&quot;togglepassword()&quot; style=&quot;position: absolute; right: 10px; top: 50%; transform: translatey(-50%); background: none; border: none; color: var(--text-muted); cursor: pointer;&quot;&gt;\n                                    &lt;i class=&quot;bi bi-eye&quot; id=&quot;eyeicon&quot;&gt;&lt;/i&gt;\n                                &lt;/button&gt;\n                            &lt;/div&gt;\n                        &lt;/div&gt;\n                        \n                        &lt;div class=&quot;form-group&quot;&gt;\n                            &lt;div class=&quot;form-check&quot;&gt;\n                                &lt;input type=&quot;checkbox&quot; class=&quot;form-check-input&quot; id=&quot;lembrar&quot; name=&quot;lembrar&quot; value=&quot;1&quot;&gt;\n                                &lt;label class=&quot;form-check-label&quot; for=&quot;lembrar&quot; style=&quot;font-weight: normal; color: var(--text-secondary);&quot;&gt;\n                                    lembrar-me por 30 dias\n                                &lt;/label&gt;\n                            &lt;/div&gt;\n                        &lt;/div&gt;\n                        \n                        &lt;button type=&quot;submit&quot; class=&quot;btn-login&quot;&gt;\n                            &lt;i class=&quot;bi bi-arrow-right-short me-2&quot;&gt;&lt;/i&gt;\n                            entrar no sistema\n                        &lt;/button&gt;\n                    &lt;/form&gt;\n                    \n                    &lt;div style=&quot;display: flex; justify-content: space-between; margin-top: 20px;&quot;&gt;\n                        &lt;a href=&quot;#&quot; onclick=&quot;document.getelementbyid(\'esqueceusenhamodal\').style.display=\'flex\'; return false;&quot; style=&quot;color: var(--text-muted); font-size: 13px; text-decoration: none;&quot;&gt;\n                            &lt;i class=&quot;bi bi-question-circle me-1&quot;&gt;&lt;/i&gt;esqueceu a senha?\n                        &lt;/a&gt;\n                        &lt;a href=&quot;/auth/empresa/nova&quot; style=&quot;color: var(--accent-primary-hover); font-size: 13px; text-decoration: none;&quot;&gt;\n                            &lt;i class=&quot;bi bi-person-plus me-1&quot;&gt;&lt;/i&gt;criar nova conta\n                        &lt;/a&gt;\n                    &lt;/div&gt;\n                &lt;/div&gt;\n            &lt;/div&gt;\n        &lt;/div&gt;\n    &lt;/div&gt;\n    \n    &lt;!-- modal esqueceu a senha --&gt;\n    &lt;div id=&quot;esqueceusenhamodal&quot; style=&quot;display: none; position: fixed; top: 0; left: 0; width: 100%; height: 100%; background: rgba(0,0,0,0.85); z-index: 1000; align-items: center; justify-content: center;&quot;&gt;\n        &lt;div style=&quot;background: var(--bg-secondary); border: 1px solid var(--border-subtle); border-radius: 16px; padding: 30px; max-width: 380px; width: 90%; position: relative;&quot;&gt;\n            &lt;button onclick=&quot;document.getelementbyid(\'esqueceusenhamodal\').style.display=\'none\'&quot; style=&quot;position: absolute; top: 15px; right: 15px; background: none; border: none; color: var(--text-muted); font-size: 20px; cursor: pointer;&quot;&gt;\n                &lt;i class=&quot;bi bi-x-lg&quot;&gt;&lt;/i&gt;\n            &lt;/button&gt;\n            &lt;h3 style=&quot;margin-bottom: 15px; color: var(--text-primary); font-size: 18px;&quot;&gt;\n                &lt;i class=&quot;bi bi-key me-2&quot;&gt;&lt;/i&gt;recuperar senha\n            &lt;/h3&gt;\n            &lt;p style=&quot;color: var(--text-secondary); font-size: 13px; margin-bottom: 20px;&quot;&gt;\n                digite seu email para gerar uma nova senha tempor\xc3\xa1ria.\n            &lt;/p&gt;\n            &lt;form method=&quot;post&quot; action=&quot;/auth/recuperar-senha&quot;&gt;\n                &lt;input type=&quot;hidden&quot; name=&quot;csrf_token&quot; value=&quot;ijbimjawyty5odnjmgm4owfjnmqxngezzmeyztq4mmflmtawn2uwngii.aedstq.qfu7epsngdu0iv91jdundbohp3u&quot;&gt;\n                &lt;div class=&quot;form-group&quot;&gt;\n                    &lt;label for=&quot;email_recuperar&quot;&gt;email&lt;/label&gt;\n                    &lt;input type=&quot;email&quot; class=&quot;form-control&quot; id=&quot;email_recuperar&quot; name=&quot;email&quot; placeholder=&quot;seu@email.com&quot; required&gt;\n                &lt;/div&gt;\n                &lt;div class=&quot;form-group&quot;&gt;\n                    &lt;label for=&quot;empresa_recuperar&quot;&gt;empresa (slug)&lt;/label&gt;\n                    &lt;input type=&quot;text&quot; class=&quot;form-control&quot; id=&quot;empresa_recuperar&quot; name=&quot;empresa&quot; placeholder=&quot;sua-empresa&quot; required&gt;\n                &lt;/div&gt;\n                &lt;div style=&quot;display: flex; gap: 10px;&quot;&gt;\n                    &lt;button type=&quot;button&quot; onclick=&quot;document.getelementbyid(\'esqueceusenhamodal\').style.display=\'none\'&quot; class=&quot;btn btn-outline&quot; style=&quot;flex: 1; justify-content: center;&quot;&gt;\n                        cancelar\n                    &lt;/button&gt;\n                    &lt;button type=&quot;submit&quot; class=&quot;btn btn-primary&quot; style=&quot;flex: 1; justify-content: center;&quot;&gt;\n                        &lt;i class=&quot;bi bi-send me-2&quot;&gt;&lt;/i&gt;enviar\n                    &lt;/button&gt;\n                &lt;/div&gt;\n            &lt;/form&gt;\n        &lt;/div&gt;\n    &lt;/div&gt;\n    \n    &lt;script&gt;\n        function togglepassword() {\n            const senhainput = document.getelementbyid(\'senha\');\n            const eyeicon = document.getelementbyid(\'eyeicon\');\n            if (senhainput.type === \'password\') {\n                senhainput.type = \'text\';\n                eyeicon.classname = \'bi bi-eye-slash\';\n            } else {\n                senhainput.type = \'password\';\n                eyeicon.classname = \'bi bi-eye\';\n            }\n        }\n    &lt;/script&gt;\n&lt;/body&gt;\n&lt;/html&gt;' = &lt;built-in method lower of bytes object at 0x00000212432B0E10&gt;()&#10; +    where &lt;built-in method lower of bytes object at 0x00000212432B0E10&gt; = b'&lt;!DOCTYPE html&gt;\n&lt;html lang=&quot;pt-BR&quot;&gt;\n&lt;head&gt;\n    &lt;meta charset=&quot;UTF-8&quot;&gt;\n    &lt;meta name=&quot;viewport&quot; content=&quot;width=device-width, initial-scale=1.0&quot;&gt;\n    &lt;title&gt;OBRAS PRO - Gestao de Obras Professional&lt;/title&gt;\n    &lt;link href=&quot;https://cdn.jsdelivr.net/npm/bootstrap@5.3.0/dist/css/bootstrap.min.css&quot; rel=&quot;stylesheet&quot;&gt;\n    &lt;link rel=&quot;stylesheet&quot; href=&quot;https://cdn.jsdelivr.net/npm/bootstrap-icons@1.11.0/font/bootstrap-icons.css&quot;&gt;\n    &lt;link href=&quot;https://fonts.googleapis.com/css2?family=Inter:wght@300;400;500;600;700;800&amp;display=swap&quot; rel=&quot;stylesheet&quot;&gt;\n    &lt;style&gt;\n        :root {\n            --bg-primary: #09090b;\n            --bg-secondary: #18181b;\n            --bg-tertiary: #27272a;\n            --accent-primary: #6366f1;\n            --accent-primary-hover: #818cf8;\n            --accent-secondary: #a855f7;\n            --accent-green: #22c55e;\n            --text-primary: #fafafa;\n            --text-secondary: #a1a1aa;\n            --text-muted: #71717a;\n            --border-subtle: #27272a;\n            --border-default: #3f3f46;\n            --gradient-primary: linear-gradient(135deg, #6366f1 0%, #8b5cf6 100%);\n            --gradient-green: linear-gradient(135deg, #22c55e 0%, #16a34a 100%);\n        }\n        \n        * { margin: 0; padding: 0; box-sizing: border-box; }\n        \n        body {\n            font-family: \'Inter\', -apple-system, BlinkMacSystemFont, sans-serif;\n            background: var(--bg-primary);\n            min-height: 100vh;\n            color: var(--text-primary);\n            background-image: \n                radial-gradient(ellipse at top left, rgba(99, 102, 241, 0.2) 0%, transparent 50%),\n                radial-gradient(ellipse at bottom right, rgba(168, 85, 247, 0.15) 0%, transparent 50%),\n                radial-gradient(ellipse at bottom, rgba(34, 197, 94, 0.1) 0%, transparent 50%);\n        }\n        \n        .landing-container {\n            min-height: 100vh;\n            display: grid;\n            grid-template-columns: 1fr 1fr;\n        }\n        \n        @media (max-width: 992px) {\n            .landing-container { grid-template-columns: 1fr; }\n            .landing-right { display: none; }\n        }\n        \n        /* Left Side - Benefits */\n        .landing-left {\n            padding: 60px;\n            display: flex;\n            flex-direction: column;\n            justify-content: flex-start;\n            max-width: 700px;\n            margin: 0 auto;\n            overflow-y: auto;\n            max-height: 100vh;\n            /* Scrollbar sempre vis\xc3\xadvel */\n            scrollbar-width: thin;\n            scrollbar-color: #6366f1 #1e1e2f;\n        }\n        \n        /* Scrollbar Webkit (Chrome, Edge, Safari) */\n        .landing-left::-webkit-scrollbar {\n            width: 14px;\n            display: block;\n        }\n        .landing-left::-webkit-scrollbar-track {\n            background: #1e1e2f;\n            border-radius: 10px;\n            margin: 20px 0;\n            border: 2px solid #1e1e2f;\n        }\n        .landing-left::-webkit-scrollbar-thumb {\n            background: linear-gradient(180deg, #6366f1, #8b5cf6);\n            border-radius: 10px;\n            border: 3px solid #1e1e2f;\n            min-height: 60px;\n        }\n        .landing-left::-webkit-scrollbar-thumb:hover {\n            background: linear-gradient(180deg, #818cf8, #a78bfa);\n        }\n        \n        .brand {\n            display: flex;\n            align-items: center;\n            gap: 14px;\n            margin-bottom: 50px;\n        }\n        \n        .brand-logo {\n            width: 52px;\n            height: 52px;\n            background: var(--gradient-primary);\n            border-radius: 14px;\n            display: flex;\n            align-items: center;\n            justify-content: center;\n            font-size: 24px;\n            box-shadow: 0 8px 24px rgba(99, 102, 241, 0.35);\n        }\n        \n        .brand h1 {\n            font-size: 24px;\n            font-weight: 700;\n            letter-spacing: -0.5px;\n            background: linear-gradient(135deg, #fafafa 0%, #a1a1aa 100%);\n            -webkit-background-clip: text;\n            -webkit-text-fill-color: transparent;\n        }\n        \n        .hero-text h2 {\n            font-size: 42px;\n            font-weight: 800;\n            line-height: 1.15;\n            letter-spacing: -1px;\n            margin-bottom: 20px;\n        }\n        \n        .hero-text h2 span {\n            background: var(--gradient-primary);\n            -webkit-background-clip: text;\n            -webkit-text-fill-color: transparent;\n        }\n        \n        .hero-text p {\n            font-size: 18px;\n            color: var(--text-secondary);\n            line-height: 1.6;\n            margin-bottom: 40px;\n        }\n        \n        .benefits-grid {\n            display: grid;\n            grid-template-columns: 1fr 1fr;\n            gap: 20px;\n            margin-bottom: 50px;\n        }\n        \n        .benefit-card {\n            background: var(--bg-secondary);\n            border: 1px solid var(--border-subtle);\n            border-radius: 14px;\n            padding: 24px;\n            transition: all 0.3s ease;\n        }\n        \n        .benefit-card:hover {\n            border-color: var(--accent-primary);\n            transform: translateY(-4px);\n            box-shadow: 0 12px 40px rgba(99, 102, 241, 0.15);\n        }\n        \n        .benefit-icon {\n            width: 44px;\n            height: 44px;\n            border-radius: 12px;\n            display: flex;\n            align-items: center;\n            justify-content: center;\n            font-size: 20px;\n            margin-bottom: 16px;\n        }\n        \n        .benefit-icon.purple { background: rgba(99, 102, 241, 0.15); color: #818cf8; }\n        .benefit-icon.green { background: rgba(34, 197, 94, 0.15); color: #4ade80; }\n        .benefit-icon.yellow { background: rgba(245, 158, 11, 0.15); color: #fbbf24; }\n        .benefit-icon.pink { background: rgba(236, 72, 153, 0.15); color: #f472b6; }\n        \n        .benefit-card h3 {\n            font-size: 15px;\n            font-weight: 600;\n            margin-bottom: 8px;\n        }\n        \n        .benefit-card p {\n            font-size: 13px;\n            color: var(--text-muted);\n            line-height: 1.5;\n            margin: 0;\n        }\n        \n        .cta-badge {\n            display: inline-flex;\n            align-items: center;\n            gap: 8px;\n            background: rgba(34, 197, 94, 0.15);\n            border: 1px solid rgba(34, 197, 94, 0.3);\n            padding: 8px 16px;\n            border-radius: 20px;\n            font-size: 13px;\n            color: #4ade80;\n            margin-bottom: 24px;\n        }\n        \n        /* Right Side - Login */\n        .landing-right {\n            background: var(--bg-secondary);\n            display: flex;\n            align-items: center;\n            justify-content: center;\n            border-left: 1px solid var(--border-subtle);\n            position: relative;\n            overflow: hidden;\n        }\n        \n        .landing-right::before {\n            content: \'\';\n            position: absolute;\n            top: -50%;\n            right: -50%;\n            width: 100%;\n            height: 100%;\n            background: radial-gradient(circle, rgba(99, 102, 241, 0.1) 0%, transparent 60%);\n        }\n        \n        .login-container {\n            width: 100%;\n            max-width: 380px;\n            padding: 40px;\n            position: relative;\n            z-index: 1;\n        }\n        \n        .login-card {\n            background: var(--bg-tertiary);\n            border: 1px solid var(--border-subtle);\n            border-radius: 20px;\n            padding: 40px;\n            box-shadow: 0 25px 50px -12px rgba(0, 0, 0, 0.4);\n        }\n        \n        .login-header {\n            text-align: center;\n            margin-bottom: 32px;\n        }\n        \n        .login-header h2 {\n            font-size: 20px;\n            font-weight: 600;\n            margin-bottom: 8px;\n        }\n        \n        .login-header p {\n            color: var(--text-muted);\n            font-size: 14px;\n        }\n        \n        .form-group { margin-bottom: 20px; }\n        \n        .form-group label {\n            display: block;\n            margin-bottom: 8px;\n            font-weight: 500;\n            color: var(--text-secondary);\n            font-size: 13px;\n        }\n        \n        .form-control {\n            width: 100%;\n            padding: 14px 16px;\n            background: #1a1a2e !important;\n            border: 1px solid #3f3f46 !important;\n            border-radius: 12px;\n            font-size: 14px;\n            color: #ffffff !important;\n            transition: all 0.2s ease;\n        }\n\n        .form-control:focus {\n            outline: none;\n            border-color: var(--accent-primary) !important;\n            box-shadow: 0 0 0 4px rgba(99, 102, 241, 0.15);\n            background: #16162a !important;\n            color: #ffffff !important;\n        }\n\n        .form-control::placeholder { color: #6b7280 !important; }\n        \n        /* Fix para autocomplete - evita fundo branco/amarelo */\n        .form-control:-webkit-autofill,\n        .form-control:-webkit-autofill:hover,\n        .form-control:-webkit-autofill:focus {\n            -webkit-text-fill-color: #ffffff !important;\n            -webkit-box-shadow: 0 0 0px 1000px #1a1a2e inset !important;\n            transition: background-color 5000s ease-in-out 0s;\n        }\n        \n        .btn-login {\n            width: 100%;\n            padding: 16px;\n            background: var(--gradient-primary);\n            border: none;\n            border-radius: 12px;\n            color: white;\n            font-size: 15px;\n            font-weight: 600;\n            cursor: pointer;\n            transition: all 0.2s ease;\n            margin-top: 8px;\n            box-shadow: 0 4px 16px rgba(99, 102, 241, 0.35);\n        }\n        \n        .btn-login:hover {\n            transform: translateY(-2px);\n            box-shadow: 0 8px 24px rgba(99, 102, 241, 0.45);\n        }\n        \n        .demo-notice {\n            text-align: center;\n            margin-top: 20px;\n            padding: 12px;\n            background: rgba(245, 158, 11, 0.1);\n            border: 1px solid rgba(245, 158, 11, 0.2);\n            border-radius: 10px;\n            font-size: 12px;\n            color: #fbbf24;\n        }\n        \n        .alert {\n            padding: 14px 18px;\n            border-radius: 12px;\n            margin-bottom: 20px;\n            font-size: 13px;\n            display: flex;\n            align-items: center;\n            gap: 10px;\n            border: 1px solid transparent;\n        }\n        \n        .alert-success { background: rgba(34, 197, 94, 0.1); color: #4ade80; border-color: rgba(34, 197, 94, 0.2); }\n        .alert-danger { background: rgba(239, 68, 68, 0.1); color: #f87171; border-color: rgba(239, 68, 68, 0.2); }\n    &lt;/style&gt;\n&lt;/head&gt;\n&lt;body&gt;\n    &lt;div class=&quot;landing-container&quot;&gt;\n        &lt;div class=&quot;landing-left&quot;&gt;\n            &lt;div class=&quot;brand&quot;&gt;\n                &lt;div class=&quot;brand-logo&quot;&gt;\n                    &lt;i class=&quot;bi bi-building&quot;&gt;&lt;/i&gt;\n                &lt;/div&gt;\n                &lt;h1&gt;OBRAS PRO&lt;/h1&gt;\n            &lt;/div&gt;\n            \n            &lt;div class=&quot;hero-text&quot;&gt;\n                &lt;div class=&quot;cta-badge&quot;&gt;\n                    &lt;i class=&quot;bi bi-patch-check-fill&quot;&gt;&lt;/i&gt;\n                    Solucao lider em gestao de obras\n                &lt;/div&gt;\n                &lt;h2&gt;Controle financeiro &lt;span&gt;inteligente&lt;/span&gt; para sua construtora&lt;/h2&gt;\n                &lt;p&gt;Gerencie or\xc3\xa7amentos, acompanhe gastos em tempo real e tome decis\xc3\xb5es baseadas em dados. O sistema que growing construtoras confiam.&lt;/p&gt;\n            &lt;/div&gt;\n            \n            &lt;div class=&quot;benefits-grid&quot;&gt;\n                &lt;div class=&quot;benefit-card&quot;&gt;\n                    &lt;div class=&quot;benefit-icon purple&quot;&gt;\n                        &lt;i class=&quot;bi bi-graph-up-arrow&quot;&gt;&lt;/i&gt;\n                    &lt;/div&gt;\n                    &lt;h3&gt;Dashboard Inteligente&lt;/h3&gt;\n                    &lt;p&gt;Visualize receitas, despesas e alertas em tempo real com gr\xc3\xa1ficos interativos.&lt;/p&gt;\n                &lt;/div&gt;\n                \n                &lt;div class=&quot;benefit-card&quot;&gt;\n                    &lt;div class=&quot;benefit-icon green&quot;&gt;\n                        &lt;i class=&quot;bi bi-exclamation-triangle&quot;&gt;&lt;/i&gt;\n                    &lt;/div&gt;\n                    &lt;h3&gt;Alertas Automaticos&lt;/h3&gt;\n                    &lt;p&gt;Receba avisos quando uma obra ultrapassar o or\xc3\xa7amento ou prazo.&lt;/p&gt;\n                &lt;/div&gt;\n                \n                &lt;div class=&quot;benefit-card&quot;&gt;\n                    &lt;div class=&quot;benefit-icon yellow&quot;&gt;\n                        &lt;i class=&quot;bi bi-robot&quot;&gt;&lt;/i&gt;\n                    &lt;/div&gt;\n                    &lt;h3&gt;Assistente IA&lt;/h3&gt;\n                    &lt;p&gt;Pergunte ao sistema e receba an\xc3\xa1lises financeiras autom\xc3\xa1ticas.&lt;/p&gt;\n                &lt;/div&gt;\n                \n                &lt;div class=&quot;benefit-card&quot;&gt;\n                    &lt;div class=&quot;benefit-icon pink&quot;&gt;\n                        &lt;i class=&quot;bi bi-file-earmark-spreadsheet&quot;&gt;&lt;/i&gt;\n                    &lt;/div&gt;\n                    &lt;h3&gt;Relat\xc3\xb3rios Export\xc3\xa1veis&lt;/h3&gt;\n                    &lt;p&gt;Exporte dados para Excel e apresente a investidores e clientes.&lt;/p&gt;\n                &lt;/div&gt;\n            &lt;/div&gt;\n        &lt;/div&gt;\n        \n        &lt;div class=&quot;landing-right&quot;&gt;\n            &lt;div class=&quot;login-container&quot;&gt;\n                &lt;div class=&quot;login-card&quot;&gt;\n                    &lt;div class=&quot;login-header&quot;&gt;\n                        &lt;h2&gt;Bem-vindo de volta&lt;/h2&gt;\n                        &lt;p&gt;Acesse sua conta para continuar&lt;/p&gt;\n                    &lt;/div&gt;\n                    \n                    \n                        \n                            \n                                &lt;div class=&quot;alert alert-danger&quot;&gt;\n                                    &lt;i class=&quot;bi bi-x-circle-fill&quot;&gt;&lt;/i&gt;\n                                    \n                                    Email inv\xc3\xa1lido.\n                                &lt;/div&gt;\n                            \n                        \n                    \n                    \n                    &lt;form method=&quot;POST&quot; action=&quot;/auth/login&quot;&gt;\n                &lt;input type=&quot;hidden&quot; name=&quot;csrf_token&quot; value=&quot;IjBiMjAwYTY5ODNjMGM4OWFjNmQxNGEzZmEyZTQ4MmFlMTAwN2UwNGIi.aeDsTQ.qFu7epSngDu0iv91JDUNDbOhp3U&quot;&gt;\n                        &lt;div class=&quot;form-group&quot;&gt;\n                            &lt;label for=&quot;email&quot;&gt;Email&lt;/label&gt;\n                            &lt;input type=&quot;email&quot; class=&quot;form-control&quot; id=&quot;email&quot; name=&quot;email&quot; placeholder=&quot;seu@email.com&quot; required&gt;\n                        &lt;/div&gt;\n                        \n                        &lt;div class=&quot;form-group&quot;&gt;\n                            &lt;label for=&quot;senha&quot;&gt;Senha&lt;/label&gt;\n                            &lt;div style=&quot;position: relative;&quot;&gt;\n                                &lt;input type=&quot;password&quot; class=&quot;form-control&quot; id=&quot;senha&quot; name=&quot;senha&quot; placeholder=&quot;Sua senha&quot; required style=&quot;padding-right: 45px;&quot;&gt;\n                                &lt;button type=&quot;button&quot; onclick=&quot;togglePassword()&quot; style=&quot;position: absolute; right: 10px; top: 50%; transform: translateY(-50%); background: none; border: none; color: var(--text-muted); cursor: pointer;&quot;&gt;\n                                    &lt;i class=&quot;bi bi-eye&quot; id=&quot;eyeIcon&quot;&gt;&lt;/i&gt;\n                                &lt;/button&gt;\n                            &lt;/div&gt;\n                        &lt;/div&gt;\n                        \n                        &lt;div class=&quot;form-group&quot;&gt;\n                            &lt;div class=&quot;form-check&quot;&gt;\n                                &lt;input type=&quot;checkbox&quot; class=&quot;form-check-input&quot; id=&quot;lembrar&quot; name=&quot;lembrar&quot; value=&quot;1&quot;&gt;\n                                &lt;label class=&quot;form-check-label&quot; for=&quot;lembrar&quot; style=&quot;font-weight: normal; color: var(--text-secondary);&quot;&gt;\n                                    Lembrar-me por 30 dias\n                                &lt;/label&gt;\n                            &lt;/div&gt;\n                        &lt;/div&gt;\n                        \n                        &lt;button type=&quot;submit&quot; class=&quot;btn-login&quot;&gt;\n                            &lt;i class=&quot;bi bi-arrow-right-short me-2&quot;&gt;&lt;/i&gt;\n                            Entrar no Sistema\n                        &lt;/button&gt;\n                    &lt;/form&gt;\n                    \n                    &lt;div style=&quot;display: flex; justify-content: space-between; margin-top: 20px;&quot;&gt;\n                        &lt;a href=&quot;#&quot; onclick=&quot;document.getElementById(\'esqueceuSenhaModal\').style.display=\'flex\'; return false;&quot; style=&quot;color: var(--text-muted); font-size: 13px; text-decoration: none;&quot;&gt;\n                            &lt;i class=&quot;bi bi-question-circle me-1&quot;&gt;&lt;/i&gt;Esqueceu a senha?\n                        &lt;/a&gt;\n                        &lt;a href=&quot;/auth/empresa/nova&quot; style=&quot;color: var(--accent-primary-hover); font-size: 13px; text-decoration: none;&quot;&gt;\n                            &lt;i class=&quot;bi bi-person-plus me-1&quot;&gt;&lt;/i&gt;Criar nova conta\n                        &lt;/a&gt;\n                    &lt;/div&gt;\n                &lt;/div&gt;\n            &lt;/div&gt;\n        &lt;/div&gt;\n    &lt;/div&gt;\n    \n    &lt;!-- Modal Esqueceu a Senha --&gt;\n    &lt;div id=&quot;esqueceuSenhaModal&quot; style=&quot;display: none; position: fixed; top: 0; left: 0; width: 100%; height: 100%; background: rgba(0,0,0,0.85); z-index: 1000; align-items: center; justify-content: center;&quot;&gt;\n        &lt;div style=&quot;background: var(--bg-secondary); border: 1px solid var(--border-subtle); border-radius: 16px; padding: 30px; max-width: 380px; width: 90%; position: relative;&quot;&gt;\n            &lt;button onclick=&quot;document.getElementById(\'esqueceuSenhaModal\').style.display=\'none\'&quot; style=&quot;position: absolute; top: 15px; right: 15px; background: none; border: none; color: var(--text-muted); font-size: 20px; cursor: pointer;&quot;&gt;\n                &lt;i class=&quot;bi bi-x-lg&quot;&gt;&lt;/i&gt;\n            &lt;/button&gt;\n            &lt;h3 style=&quot;margin-bottom: 15px; color: var(--text-primary); font-size: 18px;&quot;&gt;\n                &lt;i class=&quot;bi bi-key me-2&quot;&gt;&lt;/i&gt;Recuperar Senha\n            &lt;/h3&gt;\n            &lt;p style=&quot;color: var(--text-secondary); font-size: 13px; margin-bottom: 20px;&quot;&gt;\n                Digite seu email para gerar uma nova senha tempor\xc3\xa1ria.\n            &lt;/p&gt;\n            &lt;form method=&quot;POST&quot; action=&quot;/auth/recuperar-senha&quot;&gt;\n                &lt;input type=&quot;hidden&quot; name=&quot;csrf_token&quot; value=&quot;IjBiMjAwYTY5ODNjMGM4OWFjNmQxNGEzZmEyZTQ4MmFlMTAwN2UwNGIi.aeDsTQ.qFu7epSngDu0iv91JDUNDbOhp3U&quot;&gt;\n                &lt;div class=&quot;form-group&quot;&gt;\n                    &lt;label for=&quot;email_recuperar&quot;&gt;Email&lt;/label&gt;\n                    &lt;input type=&quot;email&quot; class=&quot;form-control&quot; id=&quot;email_recuperar&quot; name=&quot;email&quot; placeholder=&quot;seu@email.com&quot; required&gt;\n                &lt;/div&gt;\n                &lt;div class=&quot;form-group&quot;&gt;\n                    &lt;label for=&quot;empresa_recuperar&quot;&gt;Empresa (slug)&lt;/label&gt;\n                    &lt;input type=&quot;text&quot; class=&quot;form-control&quot; id=&quot;empresa_recuperar&quot; name=&quot;empresa&quot; placeholder=&quot;sua-empresa&quot; required&gt;\n                &lt;/div&gt;\n                &lt;div style=&quot;display: flex; gap: 10px;&quot;&gt;\n                    &lt;button type=&quot;button&quot; onclick=&quot;document.getElementById(\'esqueceuSenhaModal\').style.display=\'none\'&quot; class=&quot;btn btn-outline&quot; style=&quot;flex: 1; justify-content: center;&quot;&gt;\n                        Cancelar\n                    &lt;/button&gt;\n                    &lt;button type=&quot;submit&quot; class=&quot;btn btn-primary&quot; style=&quot;flex: 1; justify-content: center;&quot;&gt;\n                        &lt;i class=&quot;bi bi-send me-2&quot;&gt;&lt;/i&gt;Enviar\n                    &lt;/button&gt;\n                &lt;/div&gt;\n            &lt;/form&gt;\n        &lt;/div&gt;\n    &lt;/div&gt;\n    \n    &lt;script&gt;\n        function togglePassword() {\n            const senhaInput = document.getElementById(\'senha\');\n            const eyeIcon = document.getElementById(\'eyeIcon\');\n            if (senhaInput.type === \'password\') {\n                senhaInput.type = \'text\';\n                eyeIcon.className = \'bi bi-eye-slash\';\n            } else {\n                senhaInput.type = \'password\';\n                eyeIcon.className = \'bi bi-eye\';\n            }\n        }\n    &lt;/script&gt;\n&lt;/body&gt;\n&lt;/html&gt;'.lower&#10; +      where b'&lt;!DOCTYPE html&gt;\n&lt;html lang=&quot;pt-BR&quot;&gt;\n&lt;head&gt;\n    &lt;meta charset=&quot;UTF-8&quot;&gt;\n    &lt;meta name=&quot;viewport&quot; content=&quot;width=device-width, initial-scale=1.0&quot;&gt;\n    &lt;title&gt;OBRAS PRO - Gestao de Obras Professional&lt;/title&gt;\n    &lt;link href=&quot;https://cdn.jsdelivr.net/npm/bootstrap@5.3.0/dist/css/bootstrap.min.css&quot; rel=&quot;stylesheet&quot;&gt;\n    &lt;link rel=&quot;stylesheet&quot; href=&quot;https://cdn.jsdelivr.net/npm/bootstrap-icons@1.11.0/font/bootstrap-icons.css&quot;&gt;\n    &lt;link href=&quot;https://fonts.googleapis.com/css2?family=Inter:wght@300;400;500;600;700;800&amp;display=swap&quot; rel=&quot;stylesheet&quot;&gt;\n    &lt;style&gt;\n        :root {\n            --bg-primary: #09090b;\n            --bg-secondary: #18181b;\n            --bg-tertiary: #27272a;\n            --accent-primary: #6366f1;\n            --accent-primary-hover: #818cf8;\n            --accent-secondary: #a855f7;\n            --accent-green: #22c55e;\n            --text-primary: #fafafa;\n            --text-secondary: #a1a1aa;\n            --text-muted: #71717a;\n            --border-subtle: #27272a;\n            --border-default: #3f3f46;\n            --gradient-primary: linear-gradient(135deg, #6366f1 0%, #8b5cf6 100%);\n            --gradient-green: linear-gradient(135deg, #22c55e 0%, #16a34a 100%);\n        }\n        \n        * { margin: 0; padding: 0; box-sizing: border-box; }\n        \n        body {\n            font-family: \'Inter\', -apple-system, BlinkMacSystemFont, sans-serif;\n            background: var(--bg-primary);\n            min-height: 100vh;\n            color: var(--text-primary);\n            background-image: \n                radial-gradient(ellipse at top left, rgba(99, 102, 241, 0.2) 0%, transparent 50%),\n                radial-gradient(ellipse at bottom right, rgba(168, 85, 247, 0.15) 0%, transparent 50%),\n                radial-gradient(ellipse at bottom, rgba(34, 197, 94, 0.1) 0%, transparent 50%);\n        }\n        \n        .landing-container {\n            min-height: 100vh;\n            display: grid;\n            grid-template-columns: 1fr 1fr;\n        }\n        \n        @media (max-width: 992px) {\n            .landing-container { grid-template-columns: 1fr; }\n            .landing-right { display: none; }\n        }\n        \n        /* Left Side - Benefits */\n        .landing-left {\n            padding: 60px;\n            display: flex;\n            flex-direction: column;\n            justify-content: flex-start;\n            max-width: 700px;\n            margin: 0 auto;\n            overflow-y: auto;\n            max-height: 100vh;\n            /* Scrollbar sempre vis\xc3\xadvel */\n            scrollbar-width: thin;\n            scrollbar-color: #6366f1 #1e1e2f;\n        }\n        \n        /* Scrollbar Webkit (Chrome, Edge, Safari) */\n        .landing-left::-webkit-scrollbar {\n            width: 14px;\n            display: block;\n        }\n        .landing-left::-webkit-scrollbar-track {\n            background: #1e1e2f;\n            border-radius: 10px;\n            margin: 20px 0;\n            border: 2px solid #1e1e2f;\n        }\n        .landing-left::-webkit-scrollbar-thumb {\n            background: linear-gradient(180deg, #6366f1, #8b5cf6);\n            border-radius: 10px;\n            border: 3px solid #1e1e2f;\n            min-height: 60px;\n        }\n        .landing-left::-webkit-scrollbar-thumb:hover {\n            background: linear-gradient(180deg, #818cf8, #a78bfa);\n        }\n        \n        .brand {\n            display: flex;\n            align-items: center;\n            gap: 14px;\n            margin-bottom: 50px;\n        }\n        \n        .brand-logo {\n            width: 52px;\n            height: 52px;\n            background: var(--gradient-primary);\n            border-radius: 14px;\n            display: flex;\n            align-items: center;\n            justify-content: center;\n            font-size: 24px;\n            box-shadow: 0 8px 24px rgba(99, 102, 241, 0.35);\n        }\n        \n        .brand h1 {\n            font-size: 24px;\n            font-weight: 700;\n            letter-spacing: -0.5px;\n            background: linear-gradient(135deg, #fafafa 0%, #a1a1aa 100%);\n            -webkit-background-clip: text;\n            -webkit-text-fill-color: transparent;\n        }\n        \n        .hero-text h2 {\n            font-size: 42px;\n            font-weight: 800;\n            line-height: 1.15;\n            letter-spacing: -1px;\n            margin-bottom: 20px;\n        }\n        \n        .hero-text h2 span {\n            background: var(--gradient-primary);\n            -webkit-background-clip: text;\n            -webkit-text-fill-color: transparent;\n        }\n        \n        .hero-text p {\n            font-size: 18px;\n            color: var(--text-secondary);\n            line-height: 1.6;\n            margin-bottom: 40px;\n        }\n        \n        .benefits-grid {\n            display: grid;\n            grid-template-columns: 1fr 1fr;\n            gap: 20px;\n            margin-bottom: 50px;\n        }\n        \n        .benefit-card {\n            background: var(--bg-secondary);\n            border: 1px solid var(--border-subtle);\n            border-radius: 14px;\n            padding: 24px;\n            transition: all 0.3s ease;\n        }\n        \n        .benefit-card:hover {\n            border-color: var(--accent-primary);\n            transform: translateY(-4px);\n            box-shadow: 0 12px 40px rgba(99, 102, 241, 0.15);\n        }\n        \n        .benefit-icon {\n            width: 44px;\n            height: 44px;\n            border-radius: 12px;\n            display: flex;\n            align-items: center;\n            justify-content: center;\n            font-size: 20px;\n            margin-bottom: 16px;\n        }\n        \n        .benefit-icon.purple { background: rgba(99, 102, 241, 0.15); color: #818cf8; }\n        .benefit-icon.green { background: rgba(34, 197, 94, 0.15); color: #4ade80; }\n        .benefit-icon.yellow { background: rgba(245, 158, 11, 0.15); color: #fbbf24; }\n        .benefit-icon.pink { background: rgba(236, 72, 153, 0.15); color: #f472b6; }\n        \n        .benefit-card h3 {\n            font-size: 15px;\n            font-weight: 600;\n            margin-bottom: 8px;\n        }\n        \n        .benefit-card p {\n            font-size: 13px;\n            color: var(--text-muted);\n            line-height: 1.5;\n            margin: 0;\n        }\n        \n        .cta-badge {\n            display: inline-flex;\n            align-items: center;\n            gap: 8px;\n            background: rgba(34, 197, 94, 0.15);\n            border: 1px solid rgba(34, 197, 94, 0.3);\n            padding: 8px 16px;\n            border-radius: 20px;\n            font-size: 13px;\n            color: #4ade80;\n            margin-bottom: 24px;\n        }\n        \n        /* Right Side - Login */\n        .landing-right {\n            background: var(--bg-secondary);\n            display: flex;\n            align-items: center;\n            justify-content: center;\n            border-left: 1px solid var(--border-subtle);\n            position: relative;\n            overflow: hidden;\n        }\n        \n        .landing-right::before {\n            content: \'\';\n            position: absolute;\n            top: -50%;\n            right: -50%;\n            width: 100%;\n            height: 100%;\n            background: radial-gradient(circle, rgba(99, 102, 241, 0.1) 0%, transparent 60%);\n        }\n        \n        .login-container {\n            width: 100%;\n            max-width: 380px;\n            padding: 40px;\n            position: relative;\n            z-index: 1;\n        }\n        \n        .login-card {\n            background: var(--bg-tertiary);\n            border: 1px solid var(--border-subtle);\n            border-radius: 20px;\n            padding: 40px;\n            box-shadow: 0 25px 50px -12px rgba(0, 0, 0, 0.4);\n        }\n        \n        .login-header {\n            text-align: center;\n            margin-bottom: 32px;\n        }\n        \n        .login-header h2 {\n            font-size: 20px;\n            font-weight: 600;\n            margin-bottom: 8px;\n        }\n        \n        .login-header p {\n            color: var(--text-muted);\n            font-size: 14px;\n        }\n        \n        .form-group { margin-bottom: 20px; }\n        \n        .form-group label {\n            display: block;\n            margin-bottom: 8px;\n            font-weight: 500;\n            color: var(--text-secondary);\n            font-size: 13px;\n        }\n        \n        .form-control {\n            width: 100%;\n            padding: 14px 16px;\n            background: #1a1a2e !important;\n            border: 1px solid #3f3f46 !important;\n            border-radius: 12px;\n            font-size: 14px;\n            color: #ffffff !important;\n            transition: all 0.2s ease;\n        }\n\n        .form-control:focus {\n            outline: none;\n            border-color: var(--accent-primary) !important;\n            box-shadow: 0 0 0 4px rgba(99, 102, 241, 0.15);\n            background: #16162a !important;\n            color: #ffffff !important;\n        }\n\n        .form-control::placeholder { color: #6b7280 !important; }\n        \n        /* Fix para autocomplete - evita fundo branco/amarelo */\n        .form-control:-webkit-autofill,\n        .form-control:-webkit-autofill:hover,\n        .form-control:-webkit-autofill:focus {\n            -webkit-text-fill-color: #ffffff !important;\n            -webkit-box-shadow: 0 0 0px 1000px #1a1a2e inset !important;\n            transition: background-color 5000s ease-in-out 0s;\n        }\n        \n        .btn-login {\n            width: 100%;\n            padding: 16px;\n            background: var(--gradient-primary);\n            border: none;\n            border-radius: 12px;\n            color: white;\n            font-size: 15px;\n            font-weight: 600;\n            cursor: pointer;\n            transition: all 0.2s ease;\n            margin-top: 8px;\n            box-shadow: 0 4px 16px rgba(99, 102, 241, 0.35);\n        }\n        \n        .btn-login:hover {\n            transform: translateY(-2px);\n            box-shadow: 0 8px 24px rgba(99, 102, 241, 0.45);\n        }\n        \n        .demo-notice {\n            text-align: center;\n            margin-top: 20px;\n            padding: 12px;\n            background: rgba(245, 158, 11, 0.1);\n            border: 1px solid rgba(245, 158, 11, 0.2);\n            border-radius: 10px;\n            font-size: 12px;\n            color: #fbbf24;\n        }\n        \n        .alert {\n            padding: 14px 18px;\n            border-radius: 12px;\n            margin-bottom: 20px;\n            font-size: 13px;\n            display: flex;\n            align-items: center;\n            gap: 10px;\n            border: 1px solid transparent;\n        }\n        \n        .alert-success { background: rgba(34, 197, 94, 0.1); color: #4ade80; border-color: rgba(34, 197, 94, 0.2); }\n        .alert-danger { background: rgba(239, 68, 68, 0.1); color: #f87171; border-color: rgba(239, 68, 68, 0.2); }\n    &lt;/style&gt;\n&lt;/head&gt;\n&lt;body&gt;\n    &lt;div class=&quot;landing-container&quot;&gt;\n        &lt;div class=&quot;landing-left&quot;&gt;\n            &lt;div class=&quot;brand&quot;&gt;\n                &lt;div class=&quot;brand-logo&quot;&gt;\n                    &lt;i class=&quot;bi bi-building&quot;&gt;&lt;/i&gt;\n                &lt;/div&gt;\n                &lt;h1&gt;OBRAS PRO&lt;/h1&gt;\n            &lt;/div&gt;\n            \n            &lt;div class=&quot;hero-text&quot;&gt;\n                &lt;div class=&quot;cta-badge&quot;&gt;\n                    &lt;i class=&quot;bi bi-patch-check-fill&quot;&gt;&lt;/i&gt;\n                    Solucao lider em gestao de obras\n                &lt;/div&gt;\n                &lt;h2&gt;Controle financeiro &lt;span&gt;inteligente&lt;/span&gt; para sua construtora&lt;/h2&gt;\n                &lt;p&gt;Gerencie or\xc3\xa7amentos, acompanhe gastos em tempo real e tome decis\xc3\xb5es baseadas em dados. O sistema que growing construtoras confiam.&lt;/p&gt;\n            &lt;/div&gt;\n            \n            &lt;div class=&quot;benefits-grid&quot;&gt;\n                &lt;div class=&quot;benefit-card&quot;&gt;\n                    &lt;div class=&quot;benefit-icon purple&quot;&gt;\n                        &lt;i class=&quot;bi bi-graph-up-arrow&quot;&gt;&lt;/i&gt;\n                    &lt;/div&gt;\n                    &lt;h3&gt;Dashboard Inteligente&lt;/h3&gt;\n                    &lt;p&gt;Visualize receitas, despesas e alertas em tempo real com gr\xc3\xa1ficos interativos.&lt;/p&gt;\n                &lt;/div&gt;\n                \n                &lt;div class=&quot;benefit-card&quot;&gt;\n                    &lt;div class=&quot;benefit-icon green&quot;&gt;\n                        &lt;i class=&quot;bi bi-exclamation-triangle&quot;&gt;&lt;/i&gt;\n                    &lt;/div&gt;\n                    &lt;h3&gt;Alertas Automaticos&lt;/h3&gt;\n                    &lt;p&gt;Receba avisos quando uma obra ultrapassar o or\xc3\xa7amento ou prazo.&lt;/p&gt;\n                &lt;/div&gt;\n                \n                &lt;div class=&quot;benefit-card&quot;&gt;\n                    &lt;div class=&quot;benefit-icon yellow&quot;&gt;\n                        &lt;i class=&quot;bi bi-robot&quot;&gt;&lt;/i&gt;\n                    &lt;/div&gt;\n                    &lt;h3&gt;Assistente IA&lt;/h3&gt;\n                    &lt;p&gt;Pergunte ao sistema e receba an\xc3\xa1lises financeiras autom\xc3\xa1ticas.&lt;/p&gt;\n                &lt;/div&gt;\n                \n                &lt;div class=&quot;benefit-card&quot;&gt;\n                    &lt;div class=&quot;benefit-icon pink&quot;&gt;\n                        &lt;i class=&quot;bi bi-file-earmark-spreadsheet&quot;&gt;&lt;/i&gt;\n                    &lt;/div&gt;\n                    &lt;h3&gt;Relat\xc3\xb3rios Export\xc3\xa1veis&lt;/h3&gt;\n                    &lt;p&gt;Exporte dados para Excel e apresente a investidores e clientes.&lt;/p&gt;\n                &lt;/div&gt;\n            &lt;/div&gt;\n        &lt;/div&gt;\n        \n        &lt;div class=&quot;landing-right&quot;&gt;\n            &lt;div class=&quot;login-container&quot;&gt;\n                &lt;div class=&quot;login-card&quot;&gt;\n                    &lt;div class=&quot;login-header&quot;&gt;\n                        &lt;h2&gt;Bem-vindo de volta&lt;/h2&gt;\n                        &lt;p&gt;Acesse sua conta para continuar&lt;/p&gt;\n                    &lt;/div&gt;\n                    \n                    \n                        \n                            \n                                &lt;div class=&quot;alert alert-danger&quot;&gt;\n                                    &lt;i class=&quot;bi bi-x-circle-fill&quot;&gt;&lt;/i&gt;\n                                    \n                                    Email inv\xc3\xa1lido.\n                                &lt;/div&gt;\n                            \n                        \n                    \n                    \n                    &lt;form method=&quot;POST&quot; action=&quot;/auth/login&quot;&gt;\n                &lt;input type=&quot;hidden&quot; name=&quot;csrf_token&quot; value=&quot;IjBiMjAwYTY5ODNjMGM4OWFjNmQxNGEzZmEyZTQ4MmFlMTAwN2UwNGIi.aeDsTQ.qFu7epSngDu0iv91JDUNDbOhp3U&quot;&gt;\n                        &lt;div class=&quot;form-group&quot;&gt;\n                            &lt;label for=&quot;email&quot;&gt;Email&lt;/label&gt;\n                            &lt;input type=&quot;email&quot; class=&quot;form-control&quot; id=&quot;email&quot; name=&quot;email&quot; placeholder=&quot;seu@email.com&quot; required&gt;\n                        &lt;/div&gt;\n                        \n                        &lt;div class=&quot;form-group&quot;&gt;\n                            &lt;label for=&quot;senha&quot;&gt;Senha&lt;/label&gt;\n                            &lt;div style=&quot;position: relative;&quot;&gt;\n                                &lt;input type=&quot;password&quot; class=&quot;form-control&quot; id=&quot;senha&quot; name=&quot;senha&quot; placeholder=&quot;Sua senha&quot; required style=&quot;padding-right: 45px;&quot;&gt;\n                                &lt;button type=&quot;button&quot; onclick=&quot;togglePassword()&quot; style=&quot;position: absolute; right: 10px; top: 50%; transform: translateY(-50%); background: none; border: none; color: var(--text-muted); cursor: pointer;&quot;&gt;\n                                    &lt;i class=&quot;bi bi-eye&quot; id=&quot;eyeIcon&quot;&gt;&lt;/i&gt;\n                                &lt;/button&gt;\n                            &lt;/div&gt;\n                        &lt;/div&gt;\n                        \n                        &lt;div class=&quot;form-group&quot;&gt;\n                            &lt;div class=&quot;form-check&quot;&gt;\n                                &lt;input type=&quot;checkbox&quot; class=&quot;form-check-input&quot; id=&quot;lembrar&quot; name=&quot;lembrar&quot; value=&quot;1&quot;&gt;\n                                &lt;label class=&quot;form-check-label&quot; for=&quot;lembrar&quot; style=&quot;font-weight: normal; color: var(--text-secondary);&quot;&gt;\n                                    Lembrar-me por 30 dias\n                                &lt;/label&gt;\n                            &lt;/div&gt;\n                        &lt;/div&gt;\n                        \n                        &lt;button type=&quot;submit&quot; class=&quot;btn-login&quot;&gt;\n                            &lt;i class=&quot;bi bi-arrow-right-short me-2&quot;&gt;&lt;/i&gt;\n                            Entrar no Sistema\n                        &lt;/button&gt;\n                    &lt;/form&gt;\n                    \n                    &lt;div style=&quot;display: flex; justify-content: space-between; margin-top: 20px;&quot;&gt;\n                        &lt;a href=&quot;#&quot; onclick=&quot;document.getElementById(\'esqueceuSenhaModal\').style.display=\'flex\'; return false;&quot; style=&quot;color: var(--text-muted); font-size: 13px; text-decoration: none;&quot;&gt;\n                            &lt;i class=&quot;bi bi-question-circle me-1&quot;&gt;&lt;/i&gt;Esqueceu a senha?\n                        &lt;/a&gt;\n                        &lt;a href=&quot;/auth/empresa/nova&quot; style=&quot;color: var(--accent-primary-hover); font-size: 13px; text-decoration: none;&quot;&gt;\n                            &lt;i class=&quot;bi bi-person-plus me-1&quot;&gt;&lt;/i&gt;Criar nova conta\n                        &lt;/a&gt;\n                    &lt;/div&gt;\n                &lt;/div&gt;\n            &lt;/div&gt;\n        &lt;/div&gt;\n    &lt;/div&gt;\n    \n    &lt;!-- Modal Esqueceu a Senha --&gt;\n    &lt;div id=&quot;esqueceuSenhaModal&quot; style=&quot;display: none; position: fixed; top: 0; left: 0; width: 100%; height: 100%; background: rgba(0,0,0,0.85); z-index: 1000; align-items: center; justify-content: center;&quot;&gt;\n        &lt;div style=&quot;background: var(--bg-secondary); border: 1px solid var(--border-subtle); border-radius: 16px; padding: 30px; max-width: 380px; width: 90%; position: relative;&quot;&gt;\n            &lt;button onclick=&quot;document.getElementById(\'esqueceuSenhaModal\').style.display=\'none\'&quot; style=&quot;position: absolute; top: 15px; right: 15px; background: none; border: none; color: var(--text-muted); font-size: 20px; cursor: pointer;&quot;&gt;\n                &lt;i class=&quot;bi bi-x-lg&quot;&gt;&lt;/i&gt;\n            &lt;/button&gt;\n            &lt;h3 style=&quot;margin-bottom: 15px; color: var(--text-primary); font-size: 18px;&quot;&gt;\n                &lt;i class=&quot;bi bi-key me-2&quot;&gt;&lt;/i&gt;Recuperar Senha\n            &lt;/h3&gt;\n            &lt;p style=&quot;color: var(--text-secondary); font-size: 13px; margin-bottom: 20px;&quot;&gt;\n                Digite seu email para gerar uma nova senha tempor\xc3\xa1ria.\n            &lt;/p&gt;\n            &lt;form method=&quot;POST&quot; action=&quot;/auth/recuperar-senha&quot;&gt;\n                &lt;input type=&quot;hidden&quot; name=&quot;csrf_token&quot; value=&quot;IjBiMjAwYTY5ODNjMGM4OWFjNmQxNGEzZmEyZTQ4MmFlMTAwN2UwNGIi.aeDsTQ.qFu7epSngDu0iv91JDUNDbOhp3U&quot;&gt;\n                &lt;div class=&quot;form-group&quot;&gt;\n                    &lt;label for=&quot;email_recuperar&quot;&gt;Email&lt;/label&gt;\n                    &lt;input type=&quot;email&quot; class=&quot;form-control&quot; id=&quot;email_recuperar&quot; name=&quot;email&quot; placeholder=&quot;seu@email.com&quot; required&gt;\n                &lt;/div&gt;\n                &lt;div class=&quot;form-group&quot;&gt;\n                    &lt;label for=&quot;empresa_recuperar&quot;&gt;Empresa (slug)&lt;/label&gt;\n                    &lt;input type=&quot;text&quot; class=&quot;form-control&quot; id=&quot;empresa_recuperar&quot; name=&quot;empresa&quot; placeholder=&quot;sua-empresa&quot; required&gt;\n                &lt;/div&gt;\n                &lt;div style=&quot;display: flex; gap: 10px;&quot;&gt;\n                    &lt;button type=&quot;button&quot; onclick=&quot;document.getElementById(\'esqueceuSenhaModal\').style.display=\'none\'&quot; class=&quot;btn btn-outline&quot; style=&quot;flex: 1; justify-content: center;&quot;&gt;\n                        Cancelar\n                    &lt;/button&gt;\n                    &lt;button type=&quot;submit&quot; class=&quot;btn btn-primary&quot; style=&quot;flex: 1; justify-content: center;&quot;&gt;\n                        &lt;i class=&quot;bi bi-send me-2&quot;&gt;&lt;/i&gt;Enviar\n                    &lt;/button&gt;\n                &lt;/div&gt;\n            &lt;/form&gt;\n        &lt;/div&gt;\n    &lt;/div&gt;\n    \n    &lt;script&gt;\n        function togglePassword() {\n            const senhaInput = document.getElementById(\'senha\');\n            const eyeIcon = document.getElementById(\'eyeIcon\');\n            if (senhaInput.type === \'password\') {\n                senhaInput.type = \'text\';\n                eyeIcon.className = \'bi bi-eye-slash\';\n            } else {\n                senhaInput.type = \'password\';\n                eyeIcon.className = \'bi bi-eye\';\n            }\n        }\n    &lt;/script&gt;\n&lt;/body&gt;\n&lt;/html&gt;' = &lt;WrapperTestResponse 19785 bytes [200 OK]&gt;.data&#10; +  and   b'&lt;!doctype html&gt;\n&lt;html lang=&quot;pt-br&quot;&gt;\n&lt;head&gt;\n    &lt;meta charset=&quot;utf-8&quot;&gt;\n    &lt;meta name=&quot;viewport&quot; content=&quot;width=device-width, initial-scale=1.0&quot;&gt;\n    &lt;title&gt;obras pro - gestao de obras professional&lt;/title&gt;\n    &lt;link href=&quot;https://cdn.jsdelivr.net/npm/bootstrap@5.3.0/dist/css/bootstrap.min.css&quot; rel=&quot;stylesheet&quot;&gt;\n    &lt;link rel=&quot;stylesheet&quot; href=&quot;https://cdn.jsdelivr.net/npm/bootstrap-icons@1.11.0/font/bootstrap-icons.css&quot;&gt;\n    &lt;link href=&quot;https://fonts.googleapis.com/css2?family=inter:wght@300;400;500;600;700;800&amp;display=swap&quot; rel=&quot;stylesheet&quot;&gt;\n    &lt;style&gt;\n        :root {\n            --bg-primary: #09090b;\n            --bg-secondary: #18181b;\n            --bg-tertiary: #27272a;\n            --accent-primary: #6366f1;\n            --accent-primary-hover: #818cf8;\n            --accent-secondary: #a855f7;\n            --accent-green: #22c55e;\n            --text-primary: #fafafa;\n            --text-secondary: #a1a1aa;\n            --text-muted: #71717a;\n            --border-subtle: #27272a;\n            --border-default: #3f3f46;\n            --gradient-primary: linear-gradient(135deg, #6366f1 0%, #8b5cf6 100%);\n            --gradient-green: linear-gradient(135deg, #22c55e 0%, #16a34a 100%);\n        }\n        \n        * { margin: 0; padding: 0; box-sizing: border-box; }\n        \n        body {\n            font-family: \'inter\', -apple-system, blinkmacsystemfont, sans-serif;\n            background: var(--bg-primary);\n            min-height: 100vh;\n            color: var(--text-primary);\n            background-image: \n                radial-gradient(ellipse at top left, rgba(99, 102, 241, 0.2) 0%, transparent 50%),\n                radial-gradient(ellipse at bottom right, rgba(168, 85, 247, 0.15) 0%, transparent 50%),\n                radial-gradient(ellipse at bottom, rgba(34, 197, 94, 0.1) 0%, transparent 50%);\n        }\n        \n        .landing-container {\n            min-height: 100vh;\n            display: grid;\n            grid-template-columns: 1fr 1fr;\n        }\n        \n        @media (max-width: 992px) {\n            .landing-container { grid-template-columns: 1fr; }\n            .landing-right { display: none; }\n        }\n        \n        /* left side - benefits */\n        .landing-left {\n            padding: 60px;\n            display: flex;\n            flex-direction: column;\n            justify-content: flex-start;\n            max-width: 700px;\n            margin: 0 auto;\n            overflow-y: auto;\n            max-height: 100vh;\n            /* scrollbar sempre vis\xc3\xadvel */\n            scrollbar-width: thin;\n            scrollbar-color: #6366f1 #1e1e2f;\n        }\n        \n        /* scrollbar webkit (chrome, edge, safari) */\n        .landing-left::-webkit-scrollbar {\n            width: 14px;\n            display: block;\n        }\n        .landing-left::-webkit-scrollbar-track {\n            background: #1e1e2f;\n            border-radius: 10px;\n            margin: 20px 0;\n            border: 2px solid #1e1e2f;\n        }\n        .landing-left::-webkit-scrollbar-thumb {\n            background: linear-gradient(180deg, #6366f1, #8b5cf6);\n            border-radius: 10px;\n            border: 3px solid #1e1e2f;\n            min-height: 60px;\n        }\n        .landing-left::-webkit-scrollbar-thumb:hover {\n            background: linear-gradient(180deg, #818cf8, #a78bfa);\n        }\n        \n        .brand {\n            display: flex;\n            align-items: center;\n            gap: 14px;\n            margin-bottom: 50px;\n        }\n        \n        .brand-logo {\n            width: 52px;\n            height: 52px;\n            background: var(--gradient-primary);\n            border-radius: 14px;\n            display: flex;\n            align-items: center;\n            justify-content: center;\n            font-size: 24px;\n            box-shadow: 0 8px 24px rgba(99, 102, 241, 0.35);\n        }\n        \n        .brand h1 {\n            font-size: 24px;\n            font-weight: 700;\n            letter-spacing: -0.5px;\n            background: linear-gradient(135deg, #fafafa 0%, #a1a1aa 100%);\n            -webkit-background-clip: text;\n            -webkit-text-fill-color: transparent;\n        }\n        \n        .hero-text h2 {\n            font-size: 42px;\n            font-weight: 800;\n            line-height: 1.15;\n            letter-spacing: -1px;\n            margin-bottom: 20px;\n        }\n        \n        .hero-text h2 span {\n            background: var(--gradient-primary);\n            -webkit-background-clip: text;\n            -webkit-text-fill-color: transparent;\n        }\n        \n        .hero-text p {\n            font-size: 18px;\n            color: var(--text-secondary);\n            line-height: 1.6;\n            margin-bottom: 40px;\n        }\n        \n        .benefits-grid {\n            display: grid;\n            grid-template-columns: 1fr 1fr;\n            gap: 20px;\n            margin-bottom: 50px;\n        }\n        \n        .benefit-card {\n            background: var(--bg-secondary);\n            border: 1px solid var(--border-subtle);\n            border-radius: 14px;\n            padding: 24px;\n            transition: all 0.3s ease;\n        }\n        \n        .benefit-card:hover {\n            border-color: var(--accent-primary);\n            transform: translatey(-4px);\n            box-shadow: 0 12px 40px rgba(99, 102, 241, 0.15);\n        }\n        \n        .benefit-icon {\n            width: 44px;\n            height: 44px;\n            border-radius: 12px;\n            display: flex;\n            align-items: center;\n            justify-content: center;\n            font-size: 20px;\n            margin-bottom: 16px;\n        }\n        \n        .benefit-icon.purple { background: rgba(99, 102, 241, 0.15); color: #818cf8; }\n        .benefit-icon.green { background: rgba(34, 197, 94, 0.15); color: #4ade80; }\n        .benefit-icon.yellow { background: rgba(245, 158, 11, 0.15); color: #fbbf24; }\n        .benefit-icon.pink { background: rgba(236, 72, 153, 0.15); color: #f472b6; }\n        \n        .benefit-card h3 {\n            font-size: 15px;\n            font-weight: 600;\n            margin-bottom: 8px;\n        }\n        \n        .benefit-card p {\n            font-size: 13px;\n            color: var(--text-muted);\n            line-height: 1.5;\n            margin: 0;\n        }\n        \n        .cta-badge {\n            display: inline-flex;\n            align-items: center;\n            gap: 8px;\n            background: rgba(34, 197, 94, 0.15);\n            border: 1px solid rgba(34, 197, 94, 0.3);\n            padding: 8px 16px;\n            border-radius: 20px;\n            font-size: 13px;\n            color: #4ade80;\n            margin-bottom: 24px;\n        }\n        \n        /* right side - login */\n        .landing-right {\n            background: var(--bg-secondary);\n            display: flex;\n            align-items: center;\n            justify-content: center;\n            border-left: 1px solid var(--border-subtle);\n            position: relative;\n            overflow: hidden;\n        }\n        \n        .landing-right::before {\n            content: \'\';\n            position: absolute;\n            top: -50%;\n            right: -50%;\n            width: 100%;\n            height: 100%;\n            background: radial-gradient(circle, rgba(99, 102, 241, 0.1) 0%, transparent 60%);\n        }\n        \n        .login-container {\n            width: 100%;\n            max-width: 380px;\n            padding: 40px;\n            position: relative;\n            z-index: 1;\n        }\n        \n        .login-card {\n            background: var(--bg-tertiary);\n            border: 1px solid var(--border-subtle);\n            border-radius: 20px;\n            padding: 40px;\n            box-shadow: 0 25px 50px -12px rgba(0, 0, 0, 0.4);\n        }\n        \n        .login-header {\n            text-align: center;\n            margin-bottom: 32px;\n        }\n        \n        .login-header h2 {\n            font-size: 20px;\n            font-weight: 600;\n            margin-bottom: 8px;\n        }\n        \n        .login-header p {\n            color: var(--text-muted);\n            font-size: 14px;\n        }\n        \n        .form-group { margin-bottom: 20px; }\n        \n        .form-group label {\n            display: block;\n            margin-bottom: 8px;\n            font-weight: 500;\n            color: var(--text-secondary);\n            font-size: 13px;\n        }\n        \n        .form-control {\n            width: 100%;\n            padding: 14px 16px;\n            background: #1a1a2e !important;\n            border: 1px solid #3f3f46 !important;\n            border-radius: 12px;\n            font-size: 14px;\n            color: #ffffff !important;\n            transition: all 0.2s ease;\n        }\n\n        .form-control:focus {\n            outline: none;\n            border-color: var(--accent-primary) !important;\n            box-shadow: 0 0 0 4px rgba(99, 102, 241, 0.15);\n            background: #16162a !important;\n            color: #ffffff !important;\n        }\n\n        .form-control::placeholder { color: #6b7280 !important; }\n        \n        /* fix para autocomplete - evita fundo branco/amarelo */\n        .form-control:-webkit-autofill,\n        .form-control:-webkit-autofill:hover,\n        .form-control:-webkit-autofill:focus {\n            -webkit-text-fill-color: #ffffff !important;\n            -webkit-box-shadow: 0 0 0px 1000px #1a1a2e inset !important;\n            transition: background-color 5000s ease-in-out 0s;\n        }\n        \n        .btn-login {\n            width: 100%;\n            padding: 16px;\n            background: var(--gradient-primary);\n            border: none;\n            border-radius: 12px;\n            color: white;\n            font-size: 15px;\n            font-weight: 600;\n            cursor: pointer;\n            transition: all 0.2s ease;\n            margin-top: 8px;\n            box-shadow: 0 4px 16px rgba(99, 102, 241, 0.35);\n        }\n        \n        .btn-login:hover {\n            transform: translatey(-2px);\n            box-shadow: 0 8px 24px rgba(99, 102, 241, 0.45);\n        }\n        \n        .demo-notice {\n            text-align: center;\n            margin-top: 20px;\n            padding: 12px;\n            background: rgba(245, 158, 11, 0.1);\n            border: 1px solid rgba(245, 158, 11, 0.2);\n            border-radius: 10px;\n            font-size: 12px;\n            color: #fbbf24;\n        }\n        \n        .alert {\n            padding: 14px 18px;\n            border-radius: 12px;\n            margin-bottom: 20px;\n            font-size: 13px;\n            display: flex;\n            align-items: center;\n            gap: 10px;\n            border: 1px solid transparent;\n        }\n        \n        .alert-success { background: rgba(34, 197, 94, 0.1); color: #4ade80; border-color: rgba(34, 197, 94, 0.2); }\n        .alert-danger { background: rgba(239, 68, 68, 0.1); color: #f87171; border-color: rgba(239, 68, 68, 0.2); }\n    &lt;/style&gt;\n&lt;/head&gt;\n&lt;body&gt;\n    &lt;div class=&quot;landing-container&quot;&gt;\n        &lt;div class=&quot;landing-left&quot;&gt;\n            &lt;div class=&quot;brand&quot;&gt;\n                &lt;div class=&quot;brand-logo&quot;&gt;\n                    &lt;i class=&quot;bi bi-building&quot;&gt;&lt;/i&gt;\n                &lt;/div&gt;\n                &lt;h1&gt;obras pro&lt;/h1&gt;\n            &lt;/div&gt;\n            \n            &lt;div class=&quot;hero-text&quot;&gt;\n                &lt;div class=&quot;cta-badge&quot;&gt;\n                    &lt;i class=&quot;bi bi-patch-check-fill&quot;&gt;&lt;/i&gt;\n                    solucao lider em gestao de obras\n                &lt;/div&gt;\n                &lt;h2&gt;controle financeiro &lt;span&gt;inteligente&lt;/span&gt; para sua construtora&lt;/h2&gt;\n                &lt;p&gt;gerencie or\xc3\xa7amentos, acompanhe gastos em tempo real e tome decis\xc3\xb5es baseadas em dados. o sistema que growing construtoras confiam.&lt;/p&gt;\n            &lt;/div&gt;\n            \n            &lt;div class=&quot;benefits-grid&quot;&gt;\n                &lt;div class=&quot;benefit-card&quot;&gt;\n                    &lt;div class=&quot;benefit-icon purple&quot;&gt;\n                        &lt;i class=&quot;bi bi-graph-up-arrow&quot;&gt;&lt;/i&gt;\n                    &lt;/div&gt;\n                    &lt;h3&gt;dashboard inteligente&lt;/h3&gt;\n                    &lt;p&gt;visualize receitas, despesas e alertas em tempo real com gr\xc3\xa1ficos interativos.&lt;/p&gt;\n                &lt;/div&gt;\n                \n                &lt;div class=&quot;benefit-card&quot;&gt;\n                    &lt;div class=&quot;benefit-icon green&quot;&gt;\n                        &lt;i class=&quot;bi bi-exclamation-triangle&quot;&gt;&lt;/i&gt;\n                    &lt;/div&gt;\n                    &lt;h3&gt;alertas automaticos&lt;/h3&gt;\n                    &lt;p&gt;receba avisos quando uma obra ultrapassar o or\xc3\xa7amento ou prazo.&lt;/p&gt;\n                &lt;/div&gt;\n                \n                &lt;div class=&quot;benefit-card&quot;&gt;\n                    &lt;div class=&quot;benefit-icon yellow&quot;&gt;\n                        &lt;i class=&quot;bi bi-robot&quot;&gt;&lt;/i&gt;\n                    &lt;/div&gt;\n                    &lt;h3&gt;assistente ia&lt;/h3&gt;\n                    &lt;p&gt;pergunte ao sistema e receba an\xc3\xa1lises financeiras autom\xc3\xa1ticas.&lt;/p&gt;\n                &lt;/div&gt;\n                \n                &lt;div class=&quot;benefit-card&quot;&gt;\n                    &lt;div class=&quot;benefit-icon pink&quot;&gt;\n                        &lt;i class=&quot;bi bi-file-earmark-spreadsheet&quot;&gt;&lt;/i&gt;\n                    &lt;/div&gt;\n                    &lt;h3&gt;relat\xc3\xb3rios export\xc3\xa1veis&lt;/h3&gt;\n                    &lt;p&gt;exporte dados para excel e apresente a investidores e clientes.&lt;/p&gt;\n                &lt;/div&gt;\n            &lt;/div&gt;\n        &lt;/div&gt;\n        \n        &lt;div class=&quot;landing-right&quot;&gt;\n            &lt;div class=&quot;login-container&quot;&gt;\n                &lt;div class=&quot;login-card&quot;&gt;\n                    &lt;div class=&quot;login-header&quot;&gt;\n                        &lt;h2&gt;bem-vindo de volta&lt;/h2&gt;\n                        &lt;p&gt;acesse sua conta para continuar&lt;/p&gt;\n                    &lt;/div&gt;\n                    \n                    \n                        \n                            \n                                &lt;div class=&quot;alert alert-danger&quot;&gt;\n                                    &lt;i class=&quot;bi bi-x-circle-fill&quot;&gt;&lt;/i&gt;\n                                    \n                                    email inv\xc3\xa1lido.\n                                &lt;/div&gt;\n                            \n                        \n                    \n                    \n                    &lt;form method=&quot;post&quot; action=&quot;/auth/login&quot;&gt;\n                &lt;input type=&quot;hidden&quot; name=&quot;csrf_token&quot; value=&quot;ijbimjawyty5odnjmgm4owfjnmqxngezzmeyztq4mmflmtawn2uwngii.aedstq.qfu7epsngdu0iv91jdundbohp3u&quot;&gt;\n                        &lt;div class=&quot;form-group&quot;&gt;\n                            &lt;label for=&quot;email&quot;&gt;email&lt;/label&gt;\n                            &lt;input type=&quot;email&quot; class=&quot;form-control&quot; id=&quot;email&quot; name=&quot;email&quot; placeholder=&quot;seu@email.com&quot; required&gt;\n                        &lt;/div&gt;\n                        \n                        &lt;div class=&quot;form-group&quot;&gt;\n                            &lt;label for=&quot;senha&quot;&gt;senha&lt;/label&gt;\n                            &lt;div style=&quot;position: relative;&quot;&gt;\n                                &lt;input type=&quot;password&quot; class=&quot;form-control&quot; id=&quot;senha&quot; name=&quot;senha&quot; placeholder=&quot;sua senha&quot; required style=&quot;padding-right: 45px;&quot;&gt;\n                                &lt;button type=&quot;button&quot; onclick=&quot;togglepassword()&quot; style=&quot;position: absolute; right: 10px; top: 50%; transform: translatey(-50%); background: none; border: none; color: var(--text-muted); cursor: pointer;&quot;&gt;\n                                    &lt;i class=&quot;bi bi-eye&quot; id=&quot;eyeicon&quot;&gt;&lt;/i&gt;\n                                &lt;/button&gt;\n                            &lt;/div&gt;\n                        &lt;/div&gt;\n                        \n                        &lt;div class=&quot;form-group&quot;&gt;\n                            &lt;div class=&quot;form-check&quot;&gt;\n                                &lt;input type=&quot;checkbox&quot; class=&quot;form-check-input&quot; id=&quot;lembrar&quot; name=&quot;lembrar&quot; value=&quot;1&quot;&gt;\n                                &lt;label class=&quot;form-check-label&quot; for=&quot;lembrar&quot; style=&quot;font-weight: normal; color: var(--text-secondary);&quot;&gt;\n                                    lembrar-me por 30 dias\n                                &lt;/label&gt;\n                            &lt;/div&gt;\n                        &lt;/div&gt;\n                        \n                        &lt;button type=&quot;submit&quot; class=&quot;btn-login&quot;&gt;\n                            &lt;i class=&quot;bi bi-arrow-right-short me-2&quot;&gt;&lt;/i&gt;\n                            entrar no sistema\n                        &lt;/button&gt;\n                    &lt;/form&gt;\n                    \n                    &lt;div style=&quot;display: flex; justify-content: space-between; margin-top: 20px;&quot;&gt;\n                        &lt;a href=&quot;#&quot; onclick=&quot;document.getelementbyid(\'esqueceusenhamodal\').style.display=\'flex\'; return false;&quot; style=&quot;color: var(--text-muted); font-size: 13px; text-decoration: none;&quot;&gt;\n                            &lt;i class=&quot;bi bi-question-circle me-1&quot;&gt;&lt;/i&gt;esqueceu a senha?\n                        &lt;/a&gt;\n                        &lt;a href=&quot;/auth/empresa/nova&quot; style=&quot;color: var(--accent-primary-hover); font-size: 13px; text-decoration: none;&quot;&gt;\n                            &lt;i class=&quot;bi bi-person-plus me-1&quot;&gt;&lt;/i&gt;criar nova conta\n                        &lt;/a&gt;\n                    &lt;/div&gt;\n                &lt;/div&gt;\n            &lt;/div&gt;\n        &lt;/div&gt;\n    &lt;/div&gt;\n    \n    &lt;!-- modal esqueceu a senha --&gt;\n    &lt;div id=&quot;esqueceusenhamodal&quot; style=&quot;display: none; position: fixed; top: 0; left: 0; width: 100%; height: 100%; background: rgba(0,0,0,0.85); z-index: 1000; align-items: center; justify-content: center;&quot;&gt;\n        &lt;div style=&quot;background: var(--bg-secondary); border: 1px solid var(--border-subtle); border-radius: 16px; padding: 30px; max-width: 380px; width: 90%; position: relative;&quot;&gt;\n            &lt;button onclick=&quot;document.getelementbyid(\'esqueceusenhamodal\').style.display=\'none\'&quot; style=&quot;position: absolute; top: 15px; right: 15px; background: none; border: none; color: var(--text-muted); font-size: 20px; cursor: pointer;&quot;&gt;\n                &lt;i class=&quot;bi bi-x-lg&quot;&gt;&lt;/i&gt;\n            &lt;/button&gt;\n            &lt;h3 style=&quot;margin-bottom: 15px; color: var(--text-primary); font-size: 18px;&quot;&gt;\n                &lt;i class=&quot;bi bi-key me-2&quot;&gt;&lt;/i&gt;recuperar senha\n            &lt;/h3&gt;\n            &lt;p style=&quot;color: var(--text-secondary); font-size: 13px; margin-bottom: 20px;&quot;&gt;\n                digite seu email para gerar uma nova senha tempor\xc3\xa1ria.\n            &lt;/p&gt;\n            &lt;form method=&quot;post&quot; action=&quot;/auth/recuperar-senha&quot;&gt;\n                &lt;input type=&quot;hidden&quot; name=&quot;csrf_token&quot; value=&quot;ijbimjawyty5odnjmgm4owfjnmqxngezzmeyztq4mmflmtawn2uwngii.aedstq.qfu7epsngdu0iv91jdundbohp3u&quot;&gt;\n                &lt;div class=&quot;form-group&quot;&gt;\n                    &lt;label for=&quot;email_recuperar&quot;&gt;email&lt;/label&gt;\n                    &lt;input type=&quot;email&quot; class=&quot;form-control&quot; id=&quot;email_recuperar&quot; name=&quot;email&quot; placeholder=&quot;seu@email.com&quot; required&gt;\n                &lt;/div&gt;\n                &lt;div class=&quot;form-group&quot;&gt;\n                    &lt;label for=&quot;empresa_recuperar&quot;&gt;empresa (slug)&lt;/label&gt;\n                    &lt;input type=&quot;text&quot; class=&quot;form-control&quot; id=&quot;empresa_recuperar&quot; name=&quot;empresa&quot; placeholder=&quot;sua-empresa&quot; required&gt;\n                &lt;/div&gt;\n                &lt;div style=&quot;display: flex; gap: 10px;&quot;&gt;\n                    &lt;button type=&quot;button&quot; onclick=&quot;document.getelementbyid(\'esqueceusenhamodal\').style.display=\'none\'&quot; class=&quot;btn btn-outline&quot; style=&quot;flex: 1; justify-content: center;&quot;&gt;\n                        cancelar\n                    &lt;/button&gt;\n                    &lt;button type=&quot;submit&quot; class=&quot;btn btn-primary&quot; style=&quot;flex: 1; justify-content: center;&quot;&gt;\n                        &lt;i class=&quot;bi bi-send me-2&quot;&gt;&lt;/i&gt;enviar\n                    &lt;/button&gt;\n                &lt;/div&gt;\n            &lt;/form&gt;\n        &lt;/div&gt;\n    &lt;/div&gt;\n    \n    &lt;script&gt;\n        function togglepassword() {\n            const senhainput = document.getelementbyid(\'senha\');\n            const eyeicon = document.getelementbyid(\'eyeicon\');\n            if (senhainput.type === \'password\') {\n                senhainput.type = \'text\';\n                eyeicon.classname = \'bi bi-eye-slash\';\n            } else {\n                senhainput.type = \'password\';\n                eyeicon.classname = \'bi bi-eye\';\n            }\n        }\n    &lt;/script&gt;\n&lt;/body&gt;\n&lt;/html&gt;' = &lt;built-in method lower of bytes object at 0x00000212432B0E10&gt;()&#10; +    where &lt;built-in method lower of bytes object at 0x00000212432B0E10&gt; = b'&lt;!DOCTYPE html&gt;\n&lt;html lang=&quot;pt-BR&quot;&gt;\n&lt;head&gt;\n    &lt;meta charset=&quot;UTF-8&quot;&gt;\n    &lt;meta name=&quot;viewport&quot; content=&quot;width=device-width, initial-scale=1.0&quot;&gt;\n    &lt;title&gt;OBRAS PRO - Gestao de Obras Professional&lt;/title&gt;\n    &lt;link href=&quot;https://cdn.jsdelivr.net/npm/bootstrap@5.3.0/dist/css/bootstrap.min.css&quot; rel=&quot;stylesheet&quot;&gt;\n    &lt;link rel=&quot;stylesheet&quot; href=&quot;https://cdn.jsdelivr.net/npm/bootstrap-icons@1.11.0/font/bootstrap-icons.css&quot;&gt;\n    &lt;link href=&quot;https://fonts.googleapis.com/css2?family=Inter:wght@300;400;500;600;700;800&amp;display=swap&quot; rel=&quot;stylesheet&quot;&gt;\n    &lt;style&gt;\n        :root {\n            --bg-primary: #09090b;\n            --bg-secondary: #18181b;\n            --bg-tertiary: #27272a;\n            --accent-primary: #6366f1;\n            --accent-primary-hover: #818cf8;\n            --accent-secondary: #a855f7;\n            --accent-green: #22c55e;\n            --text-primary: #fafafa;\n            --text-secondary: #a1a1aa;\n            --text-muted: #71717a;\n            --border-subtle: #27272a;\n            --border-default: #3f3f46;\n            --gradient-primary: linear-gradient(135deg, #6366f1 0%, #8b5cf6 100%);\n            --gradient-green: linear-gradient(135deg, #22c55e 0%, #16a34a 100%);\n        }\n        \n        * { margin: 0; padding: 0; box-sizing: border-box; }\n        \n        body {\n            font-family: \'Inter\', -apple-system, BlinkMacSystemFont, sans-serif;\n            background: var(--bg-primary);\n            min-height: 100vh;\n            color: var(--text-primary);\n            background-image: \n                radial-gradient(ellipse at top left, rgba(99, 102, 241, 0.2) 0%, transparent 50%),\n                radial-gradient(ellipse at bottom right, rgba(168, 85, 247, 0.15) 0%, transparent 50%),\n                radial-gradient(ellipse at bottom, rgba(34, 197, 94, 0.1) 0%, transparent 50%);\n        }\n        \n        .landing-container {\n            min-height: 100vh;\n            display: grid;\n            grid-template-columns: 1fr 1fr;\n        }\n        \n        @media (max-width: 992px) {\n            .landing-container { grid-template-columns: 1fr; }\n            .landing-right { display: none; }\n        }\n        \n        /* Left Side - Benefits */\n        .landing-left {\n            padding: 60px;\n            display: flex;\n            flex-direction: column;\n            justify-content: flex-start;\n            max-width: 700px;\n            margin: 0 auto;\n            overflow-y: auto;\n            max-height: 100vh;\n            /* Scrollbar sempre vis\xc3\xadvel */\n            scrollbar-width: thin;\n            scrollbar-color: #6366f1 #1e1e2f;\n        }\n        \n        /* Scrollbar Webkit (Chrome, Edge, Safari) */\n        .landing-left::-webkit-scrollbar {\n            width: 14px;\n            display: block;\n        }\n        .landing-left::-webkit-scrollbar-track {\n            background: #1e1e2f;\n            border-radius: 10px;\n            margin: 20px 0;\n            border: 2px solid #1e1e2f;\n        }\n        .landing-left::-webkit-scrollbar-thumb {\n            background: linear-gradient(180deg, #6366f1, #8b5cf6);\n            border-radius: 10px;\n            border: 3px solid #1e1e2f;\n            min-height: 60px;\n        }\n        .landing-left::-webkit-scrollbar-thumb:hover {\n            background: linear-gradient(180deg, #818cf8, #a78bfa);\n        }\n        \n        .brand {\n            display: flex;\n            align-items: center;\n            gap: 14px;\n            margin-bottom: 50px;\n        }\n        \n        .brand-logo {\n            width: 52px;\n            height: 52px;\n            background: var(--gradient-primary);\n            border-radius: 14px;\n            display: flex;\n            align-items: center;\n            justify-content: center;\n            font-size: 24px;\n            box-shadow: 0 8px 24px rgba(99, 102, 241, 0.35);\n        }\n        \n        .brand h1 {\n            font-size: 24px;\n            font-weight: 700;\n            letter-spacing: -0.5px;\n            background: linear-gradient(135deg, #fafafa 0%, #a1a1aa 100%);\n            -webkit-background-clip: text;\n            -webkit-text-fill-color: transparent;\n        }\n        \n        .hero-text h2 {\n            font-size: 42px;\n            font-weight: 800;\n            line-height: 1.15;\n            letter-spacing: -1px;\n            margin-bottom: 20px;\n        }\n        \n        .hero-text h2 span {\n            background: var(--gradient-primary);\n            -webkit-background-clip: text;\n            -webkit-text-fill-color: transparent;\n        }\n        \n        .hero-text p {\n            font-size: 18px;\n            color: var(--text-secondary);\n            line-height: 1.6;\n            margin-bottom: 40px;\n        }\n        \n        .benefits-grid {\n            display: grid;\n            grid-template-columns: 1fr 1fr;\n            gap: 20px;\n            margin-bottom: 50px;\n        }\n        \n        .benefit-card {\n            background: var(--bg-secondary);\n            border: 1px solid var(--border-subtle);\n            border-radius: 14px;\n            padding: 24px;\n            transition: all 0.3s ease;\n        }\n        \n        .benefit-card:hover {\n            border-color: var(--accent-primary);\n            transform: translateY(-4px);\n            box-shadow: 0 12px 40px rgba(99, 102, 241, 0.15);\n        }\n        \n        .benefit-icon {\n            width: 44px;\n            height: 44px;\n            border-radius: 12px;\n            display: flex;\n            align-items: center;\n            justify-content: center;\n            font-size: 20px;\n            margin-bottom: 16px;\n        }\n        \n        .benefit-icon.purple { background: rgba(99, 102, 241, 0.15); color: #818cf8; }\n        .benefit-icon.green { background: rgba(34, 197, 94, 0.15); color: #4ade80; }\n        .benefit-icon.yellow { background: rgba(245, 158, 11, 0.15); color: #fbbf24; }\n        .benefit-icon.pink { background: rgba(236, 72, 153, 0.15); color: #f472b6; }\n        \n        .benefit-card h3 {\n            font-size: 15px;\n            font-weight: 600;\n            margin-bottom: 8px;\n        }\n        \n        .benefit-card p {\n            font-size: 13px;\n            color: var(--text-muted);\n            line-height: 1.5;\n            margin: 0;\n        }\n        \n        .cta-badge {\n            display: inline-flex;\n            align-items: center;\n            gap: 8px;\n            background: rgba(34, 197, 94, 0.15);\n            border: 1px solid rgba(34, 197, 94, 0.3);\n            padding: 8px 16px;\n            border-radius: 20px;\n            font-size: 13px;\n            color: #4ade80;\n            margin-bottom: 24px;\n        }\n        \n        /* Right Side - Login */\n        .landing-right {\n            background: var(--bg-secondary);\n            display: flex;\n            align-items: center;\n            justify-content: center;\n            border-left: 1px solid var(--border-subtle);\n            position: relative;\n            overflow: hidden;\n        }\n        \n        .landing-right::before {\n            content: \'\';\n            position: absolute;\n            top: -50%;\n            right: -50%;\n            width: 100%;\n            height: 100%;\n            background: radial-gradient(circle, rgba(99, 102, 241, 0.1) 0%, transparent 60%);\n        }\n        \n        .login-container {\n            width: 100%;\n            max-width: 380px;\n            padding: 40px;\n            position: relative;\n            z-index: 1;\n        }\n        \n        .login-card {\n            background: var(--bg-tertiary);\n            border: 1px solid var(--border-subtle);\n            border-radius: 20px;\n            padding: 40px;\n            box-shadow: 0 25px 50px -12px rgba(0, 0, 0, 0.4);\n        }\n        \n        .login-header {\n            text-align: center;\n            margin-bottom: 32px;\n        }\n        \n        .login-header h2 {\n            font-size: 20px;\n            font-weight: 600;\n            margin-bottom: 8px;\n        }\n        \n        .login-header p {\n            color: var(--text-muted);\n            font-size: 14px;\n        }\n        \n        .form-group { margin-bottom: 20px; }\n        \n        .form-group label {\n            display: block;\n            margin-bottom: 8px;\n            font-weight: 500;\n            color: var(--text-secondary);\n            font-size: 13px;\n        }\n        \n        .form-control {\n            width: 100%;\n            padding: 14px 16px;\n            background: #1a1a2e !important;\n            border: 1px solid #3f3f46 !important;\n            border-radius: 12px;\n            font-size: 14px;\n            color: #ffffff !important;\n            transition: all 0.2s ease;\n        }\n\n        .form-control:focus {\n            outline: none;\n            border-color: var(--accent-primary) !important;\n            box-shadow: 0 0 0 4px rgba(99, 102, 241, 0.15);\n            background: #16162a !important;\n            color: #ffffff !important;\n        }\n\n        .form-control::placeholder { color: #6b7280 !important; }\n        \n        /* Fix para autocomplete - evita fundo branco/amarelo */\n        .form-control:-webkit-autofill,\n        .form-control:-webkit-autofill:hover,\n        .form-control:-webkit-autofill:focus {\n            -webkit-text-fill-color: #ffffff !important;\n            -webkit-box-shadow: 0 0 0px 1000px #1a1a2e inset !important;\n            transition: background-color 5000s ease-in-out 0s;\n        }\n        \n        .btn-login {\n            width: 100%;\n            padding: 16px;\n            background: var(--gradient-primary);\n            border: none;\n            border-radius: 12px;\n            color: white;\n            font-size: 15px;\n            font-weight: 600;\n            cursor: pointer;\n            transition: all 0.2s ease;\n            margin-top: 8px;\n            box-shadow: 0 4px 16px rgba(99, 102, 241, 0.35);\n        }\n        \n        .btn-login:hover {\n            transform: translateY(-2px);\n            box-shadow: 0 8px 24px rgba(99, 102, 241, 0.45);\n        }\n        \n        .demo-notice {\n            text-align: center;\n            margin-top: 20px;\n            padding: 12px;\n            background: rgba(245, 158, 11, 0.1);\n            border: 1px solid rgba(245, 158, 11, 0.2);\n            border-radius: 10px;\n            font-size: 12px;\n            color: #fbbf24;\n        }\n        \n        .alert {\n            padding: 14px 18px;\n            border-radius: 12px;\n            margin-bottom: 20px;\n            font-size: 13px;\n            display: flex;\n            align-items: center;\n            gap: 10px;\n            border: 1px solid transparent;\n        }\n        \n        .alert-success { background: rgba(34, 197, 94, 0.1); color: #4ade80; border-color: rgba(34, 197, 94, 0.2); }\n        .alert-danger { background: rgba(239, 68, 68, 0.1); color: #f87171; border-color: rgba(239, 68, 68, 0.2); }\n    &lt;/style&gt;\n&lt;/head&gt;\n&lt;body&gt;\n    &lt;div class=&quot;landing-container&quot;&gt;\n        &lt;div class=&quot;landing-left&quot;&gt;\n            &lt;div class=&quot;brand&quot;&gt;\n                &lt;div class=&quot;brand-logo&quot;&gt;\n                    &lt;i class=&quot;bi bi-building&quot;&gt;&lt;/i&gt;\n                &lt;/div&gt;\n                &lt;h1&gt;OBRAS PRO&lt;/h1&gt;\n            &lt;/div&gt;\n            \n            &lt;div class=&quot;hero-text&quot;&gt;\n                &lt;div class=&quot;cta-badge&quot;&gt;\n                    &lt;i class=&quot;bi bi-patch-check-fill&quot;&gt;&lt;/i&gt;\n                    Solucao lider em gestao de obras\n                &lt;/div&gt;\n                &lt;h2&gt;Controle financeiro &lt;span&gt;inteligente&lt;/span&gt; para sua construtora&lt;/h2&gt;\n                &lt;p&gt;Gerencie or\xc3\xa7amentos, acompanhe gastos em tempo real e tome decis\xc3\xb5es baseadas em dados. O sistema que growing construtoras confiam.&lt;/p&gt;\n            &lt;/div&gt;\n            \n            &lt;div class=&quot;benefits-grid&quot;&gt;\n                &lt;div class=&quot;benefit-card&quot;&gt;\n                    &lt;div class=&quot;benefit-icon purple&quot;&gt;\n                        &lt;i class=&quot;bi bi-graph-up-arrow&quot;&gt;&lt;/i&gt;\n                    &lt;/div&gt;\n                    &lt;h3&gt;Dashboard Inteligente&lt;/h3&gt;\n                    &lt;p&gt;Visualize receitas, despesas e alertas em tempo real com gr\xc3\xa1ficos interativos.&lt;/p&gt;\n                &lt;/div&gt;\n                \n                &lt;div class=&quot;benefit-card&quot;&gt;\n                    &lt;div class=&quot;benefit-icon green&quot;&gt;\n                        &lt;i class=&quot;bi bi-exclamation-triangle&quot;&gt;&lt;/i&gt;\n                    &lt;/div&gt;\n                    &lt;h3&gt;Alertas Automaticos&lt;/h3&gt;\n                    &lt;p&gt;Receba avisos quando uma obra ultrapassar o or\xc3\xa7amento ou prazo.&lt;/p&gt;\n                &lt;/div&gt;\n                \n                &lt;div class=&quot;benefit-card&quot;&gt;\n                    &lt;div class=&quot;benefit-icon yellow&quot;&gt;\n                        &lt;i class=&quot;bi bi-robot&quot;&gt;&lt;/i&gt;\n                    &lt;/div&gt;\n                    &lt;h3&gt;Assistente IA&lt;/h3&gt;\n                    &lt;p&gt;Pergunte ao sistema e receba an\xc3\xa1lises financeiras autom\xc3\xa1ticas.&lt;/p&gt;\n                &lt;/div&gt;\n                \n                &lt;div class=&quot;benefit-card&quot;&gt;\n                    &lt;div class=&quot;benefit-icon pink&quot;&gt;\n                        &lt;i class=&quot;bi bi-file-earmark-spreadsheet&quot;&gt;&lt;/i&gt;\n                    &lt;/div&gt;\n                    &lt;h3&gt;Relat\xc3\xb3rios Export\xc3\xa1veis&lt;/h3&gt;\n                    &lt;p&gt;Exporte dados para Excel e apresente a investidores e clientes.&lt;/p&gt;\n                &lt;/div&gt;\n            &lt;/div&gt;\n        &lt;/div&gt;\n        \n        &lt;div class=&quot;landing-right&quot;&gt;\n            &lt;div class=&quot;login-container&quot;&gt;\n                &lt;div class=&quot;login-card&quot;&gt;\n                    &lt;div class=&quot;login-header&quot;&gt;\n                        &lt;h2&gt;Bem-vindo de volta&lt;/h2&gt;\n                        &lt;p&gt;Acesse sua conta para continuar&lt;/p&gt;\n                    &lt;/div&gt;\n                    \n                    \n                        \n                            \n                                &lt;div class=&quot;alert alert-danger&quot;&gt;\n                                    &lt;i class=&quot;bi bi-x-circle-fill&quot;&gt;&lt;/i&gt;\n                                    \n                                    Email inv\xc3\xa1lido.\n                                &lt;/div&gt;\n                            \n                        \n                    \n                    \n                    &lt;form method=&quot;POST&quot; action=&quot;/auth/login&quot;&gt;\n                &lt;input type=&quot;hidden&quot; name=&quot;csrf_token&quot; value=&quot;IjBiMjAwYTY5ODNjMGM4OWFjNmQxNGEzZmEyZTQ4MmFlMTAwN2UwNGIi.aeDsTQ.qFu7epSngDu0iv91JDUNDbOhp3U&quot;&gt;\n                        &lt;div class=&quot;form-group&quot;&gt;\n                            &lt;label for=&quot;email&quot;&gt;Email&lt;/label&gt;\n                            &lt;input type=&quot;email&quot; class=&quot;form-control&quot; id=&quot;email&quot; name=&quot;email&quot; placeholder=&quot;seu@email.com&quot; required&gt;\n                        &lt;/div&gt;\n                        \n                        &lt;div class=&quot;form-group&quot;&gt;\n                            &lt;label for=&quot;senha&quot;&gt;Senha&lt;/label&gt;\n                            &lt;div style=&quot;position: relative;&quot;&gt;\n                                &lt;input type=&quot;password&quot; class=&quot;form-control&quot; id=&quot;senha&quot; name=&quot;senha&quot; placeholder=&quot;Sua senha&quot; required style=&quot;padding-right: 45px;&quot;&gt;\n                                &lt;button type=&quot;button&quot; onclick=&quot;togglePassword()&quot; style=&quot;position: absolute; right: 10px; top: 50%; transform: translateY(-50%); background: none; border: none; color: var(--text-muted); cursor: pointer;&quot;&gt;\n                                    &lt;i class=&quot;bi bi-eye&quot; id=&quot;eyeIcon&quot;&gt;&lt;/i&gt;\n                                &lt;/button&gt;\n                            &lt;/div&gt;\n                        &lt;/div&gt;\n                        \n                        &lt;div class=&quot;form-group&quot;&gt;\n                            &lt;div class=&quot;form-check&quot;&gt;\n                                &lt;input type=&quot;checkbox&quot; class=&quot;form-check-input&quot; id=&quot;lembrar&quot; name=&quot;lembrar&quot; value=&quot;1&quot;&gt;\n                                &lt;label class=&quot;form-check-label&quot; for=&quot;lembrar&quot; style=&quot;font-weight: normal; color: var(--text-secondary);&quot;&gt;\n                                    Lembrar-me por 30 dias\n                                &lt;/label&gt;\n                            &lt;/div&gt;\n                        &lt;/div&gt;\n                        \n                        &lt;button type=&quot;submit&quot; class=&quot;btn-login&quot;&gt;\n                            &lt;i class=&quot;bi bi-arrow-right-short me-2&quot;&gt;&lt;/i&gt;\n                            Entrar no Sistema\n                        &lt;/button&gt;\n                    &lt;/form&gt;\n                    \n                    &lt;div style=&quot;display: flex; justify-content: space-between; margin-top: 20px;&quot;&gt;\n                        &lt;a href=&quot;#&quot; onclick=&quot;document.getElementById(\'esqueceuSenhaModal\').style.display=\'flex\'; return false;&quot; style=&quot;color: var(--text-muted); font-size: 13px; text-decoration: none;&quot;&gt;\n                            &lt;i class=&quot;bi bi-question-circle me-1&quot;&gt;&lt;/i&gt;Esqueceu a senha?\n                        &lt;/a&gt;\n                        &lt;a href=&quot;/auth/empresa/nova&quot; style=&quot;color: var(--accent-primary-hover); font-size: 13px; text-decoration: none;&quot;&gt;\n                            &lt;i class=&quot;bi bi-person-plus me-1&quot;&gt;&lt;/i&gt;Criar nova conta\n                        &lt;/a&gt;\n                    &lt;/div&gt;\n                &lt;/div&gt;\n            &lt;/div&gt;\n        &lt;/div&gt;\n    &lt;/div&gt;\n    \n    &lt;!-- Modal Esqueceu a Senha --&gt;\n    &lt;div id=&quot;esqueceuSenhaModal&quot; style=&quot;display: none; position: fixed; top: 0; left: 0; width: 100%; height: 100%; background: rgba(0,0,0,0.85); z-index: 1000; align-items: center; justify-content: center;&quot;&gt;\n        &lt;div style=&quot;background: var(--bg-secondary); border: 1px solid var(--border-subtle); border-radius: 16px; padding: 30px; max-width: 380px; width: 90%; position: relative;&quot;&gt;\n            &lt;button onclick=&quot;document.getElementById(\'esqueceuSenhaModal\').style.display=\'none\'&quot; style=&quot;position: absolute; top: 15px; right: 15px; background: none; border: none; color: var(--text-muted); font-size: 20px; cursor: pointer;&quot;&gt;\n                &lt;i class=&quot;bi bi-x-lg&quot;&gt;&lt;/i&gt;\n            &lt;/button&gt;\n            &lt;h3 style=&quot;margin-bottom: 15px; color: var(--text-primary); font-size: 18px;&quot;&gt;\n                &lt;i class=&quot;bi bi-key me-2&quot;&gt;&lt;/i&gt;Recuperar Senha\n            &lt;/h3&gt;\n            &lt;p style=&quot;color: var(--text-secondary); font-size: 13px; margin-bottom: 20px;&quot;&gt;\n                Digite seu email para gerar uma nova senha tempor\xc3\xa1ria.\n            &lt;/p&gt;\n            &lt;form method=&quot;POST&quot; action=&quot;/auth/recuperar-senha&quot;&gt;\n                &lt;input type=&quot;hidden&quot; name=&quot;csrf_token&quot; value=&quot;IjBiMjAwYTY5ODNjMGM4OWFjNmQxNGEzZmEyZTQ4MmFlMTAwN2UwNGIi.aeDsTQ.qFu7epSngDu0iv91JDUNDbOhp3U&quot;&gt;\n                &lt;div class=&quot;form-group&quot;&gt;\n                    &lt;label for=&quot;email_recuperar&quot;&gt;Email&lt;/label&gt;\n                    &lt;input type=&quot;email&quot; class=&quot;form-control&quot; id=&quot;email_recuperar&quot; name=&quot;email&quot; placeholder=&quot;seu@email.com&quot; required&gt;\n                &lt;/div&gt;\n                &lt;div class=&quot;form-group&quot;&gt;\n                    &lt;label for=&quot;empresa_recuperar&quot;&gt;Empresa (slug)&lt;/label&gt;\n                    &lt;input type=&quot;text&quot; class=&quot;form-control&quot; id=&quot;empresa_recuperar&quot; name=&quot;empresa&quot; placeholder=&quot;sua-empresa&quot; required&gt;\n                &lt;/div&gt;\n                &lt;div style=&quot;display: flex; gap: 10px;&quot;&gt;\n                    &lt;button type=&quot;button&quot; onclick=&quot;document.getElementById(\'esqueceuSenhaModal\').style.display=\'none\'&quot; class=&quot;btn btn-outline&quot; style=&quot;flex: 1; justify-content: center;&quot;&gt;\n                        Cancelar\n                    &lt;/button&gt;\n                    &lt;button type=&quot;submit&quot; class=&quot;btn btn-primary&quot; style=&quot;flex: 1; justify-content: center;&quot;&gt;\n                        &lt;i class=&quot;bi bi-send me-2&quot;&gt;&lt;/i&gt;Enviar\n                    &lt;/button&gt;\n                &lt;/div&gt;\n            &lt;/form&gt;\n        &lt;/div&gt;\n    &lt;/div&gt;\n    \n    &lt;script&gt;\n        function togglePassword() {\n            const senhaInput = document.getElementById(\'senha\');\n            const eyeIcon = document.getElementById(\'eyeIcon\');\n            if (senhaInput.type === \'password\') {\n                senhaInput.type = \'text\';\n                eyeIcon.className = \'bi bi-eye-slash\';\n            } else {\n                senhaInput.type = \'password\';\n                eyeIcon.className = \'bi bi-eye\';\n            }\n        }\n    &lt;/script&gt;\n&lt;/body&gt;\n&lt;/html&gt;'.lower&#10; +      where b'&lt;!DOCTYPE html&gt;\n&lt;html lang=&quot;pt-BR&quot;&gt;\n&lt;head&gt;\n    &lt;meta charset=&quot;UTF-8&quot;&gt;\n    &lt;meta name=&quot;viewport&quot; content=&quot;width=device-width, initial-scale=1.0&quot;&gt;\n    &lt;title&gt;OBRAS PRO - Gestao de Obras Professional&lt;/title&gt;\n    &lt;link href=&quot;https://cdn.jsdelivr.net/npm/bootstrap@5.3.0/dist/css/bootstrap.min.css&quot; rel=&quot;stylesheet&quot;&gt;\n    &lt;link rel=&quot;stylesheet&quot; href=&quot;https://cdn.jsdelivr.net/npm/bootstrap-icons@1.11.0/font/bootstrap-icons.css&quot;&gt;\n    &lt;link href=&quot;https://fonts.googleapis.com/css2?family=Inter:wght@300;400;500;600;700;800&amp;display=swap&quot; rel=&quot;stylesheet&quot;&gt;\n    &lt;style&gt;\n        :root {\n            --bg-primary: #09090b;\n            --bg-secondary: #18181b;\n            --bg-tertiary: #27272a;\n            --accent-primary: #6366f1;\n            --accent-primary-hover: #818cf8;\n            --accent-secondary: #a855f7;\n            --accent-green: #22c55e;\n            --text-primary: #fafafa;\n            --text-secondary: #a1a1aa;\n            --text-muted: #71717a;\n            --border-subtle: #27272a;\n            --border-default: #3f3f46;\n            --gradient-primary: linear-gradient(135deg, #6366f1 0%, #8b5cf6 100%);\n            --gradient-green: linear-gradient(135deg, #22c55e 0%, #16a34a 100%);\n        }\n        \n        * { margin: 0; padding: 0; box-sizing: border-box; }\n        \n        body {\n            font-family: \'Inter\', -apple-system, BlinkMacSystemFont, sans-serif;\n            background: var(--bg-primary);\n            min-height: 100vh;\n            color: var(--text-primary);\n            background-image: \n                radial-gradient(ellipse at top left, rgba(99, 102, 241, 0.2) 0%, transparent 50%),\n                radial-gradient(ellipse at bottom right, rgba(168, 85, 247, 0.15) 0%, transparent 50%),\n                radial-gradient(ellipse at bottom, rgba(34, 197, 94, 0.1) 0%, transparent 50%);\n        }\n        \n        .landing-container {\n            min-height: 100vh;\n            display: grid;\n            grid-template-columns: 1fr 1fr;\n        }\n        \n        @media (max-width: 992px) {\n            .landing-container { grid-template-columns: 1fr; }\n            .landing-right { display: none; }\n        }\n        \n        /* Left Side - Benefits */\n        .landing-left {\n            padding: 60px;\n            display: flex;\n            flex-direction: column;\n            justify-content: flex-start;\n            max-width: 700px;\n            margin: 0 auto;\n            overflow-y: auto;\n            max-height: 100vh;\n            /* Scrollbar sempre vis\xc3\xadvel */\n            scrollbar-width: thin;\n            scrollbar-color: #6366f1 #1e1e2f;\n        }\n        \n        /* Scrollbar Webkit (Chrome, Edge, Safari) */\n        .landing-left::-webkit-scrollbar {\n            width: 14px;\n            display: block;\n        }\n        .landing-left::-webkit-scrollbar-track {\n            background: #1e1e2f;\n            border-radius: 10px;\n            margin: 20px 0;\n            border: 2px solid #1e1e2f;\n        }\n        .landing-left::-webkit-scrollbar-thumb {\n            background: linear-gradient(180deg, #6366f1, #8b5cf6);\n            border-radius: 10px;\n            border: 3px solid #1e1e2f;\n            min-height: 60px;\n        }\n        .landing-left::-webkit-scrollbar-thumb:hover {\n            background: linear-gradient(180deg, #818cf8, #a78bfa);\n        }\n        \n        .brand {\n            display: flex;\n            align-items: center;\n            gap: 14px;\n            margin-bottom: 50px;\n        }\n        \n        .brand-logo {\n            width: 52px;\n            height: 52px;\n            background: var(--gradient-primary);\n            border-radius: 14px;\n            display: flex;\n            align-items: center;\n            justify-content: center;\n            font-size: 24px;\n            box-shadow: 0 8px 24px rgba(99, 102, 241, 0.35);\n        }\n        \n        .brand h1 {\n            font-size: 24px;\n            font-weight: 700;\n            letter-spacing: -0.5px;\n            background: linear-gradient(135deg, #fafafa 0%, #a1a1aa 100%);\n            -webkit-background-clip: text;\n            -webkit-text-fill-color: transparent;\n        }\n        \n        .hero-text h2 {\n            font-size: 42px;\n            font-weight: 800;\n            line-height: 1.15;\n            letter-spacing: -1px;\n            margin-bottom: 20px;\n        }\n        \n        .hero-text h2 span {\n            background: var(--gradient-primary);\n            -webkit-background-clip: text;\n            -webkit-text-fill-color: transparent;\n        }\n        \n        .hero-text p {\n            font-size: 18px;\n            color: var(--text-secondary);\n            line-height: 1.6;\n            margin-bottom: 40px;\n        }\n        \n        .benefits-grid {\n            display: grid;\n            grid-template-columns: 1fr 1fr;\n            gap: 20px;\n            margin-bottom: 50px;\n        }\n        \n        .benefit-card {\n            background: var(--bg-secondary);\n            border: 1px solid var(--border-subtle);\n            border-radius: 14px;\n            padding: 24px;\n            transition: all 0.3s ease;\n        }\n        \n        .benefit-card:hover {\n            border-color: var(--accent-primary);\n            transform: translateY(-4px);\n            box-shadow: 0 12px 40px rgba(99, 102, 241, 0.15);\n        }\n        \n        .benefit-icon {\n            width: 44px;\n            height: 44px;\n            border-radius: 12px;\n            display: flex;\n            align-items: center;\n            justify-content: center;\n            font-size: 20px;\n            margin-bottom: 16px;\n        }\n        \n        .benefit-icon.purple { background: rgba(99, 102, 241, 0.15); color: #818cf8; }\n        .benefit-icon.green { background: rgba(34, 197, 94, 0.15); color: #4ade80; }\n        .benefit-icon.yellow { background: rgba(245, 158, 11, 0.15); color: #fbbf24; }\n        .benefit-icon.pink { background: rgba(236, 72, 153, 0.15); color: #f472b6; }\n        \n        .benefit-card h3 {\n            font-size: 15px;\n            font-weight: 600;\n            margin-bottom: 8px;\n        }\n        \n        .benefit-card p {\n            font-size: 13px;\n            color: var(--text-muted);\n            line-height: 1.5;\n            margin: 0;\n        }\n        \n        .cta-badge {\n            display: inline-flex;\n            align-items: center;\n            gap: 8px;\n            background: rgba(34, 197, 94, 0.15);\n            border: 1px solid rgba(34, 197, 94, 0.3);\n            padding: 8px 16px;\n            border-radius: 20px;\n            font-size: 13px;\n            color: #4ade80;\n            margin-bottom: 24px;\n        }\n        \n        /* Right Side - Login */\n        .landing-right {\n            background: var(--bg-secondary);\n            display: flex;\n            align-items: center;\n            justify-content: center;\n            border-left: 1px solid var(--border-subtle);\n            position: relative;\n            overflow: hidden;\n        }\n        \n        .landing-right::before {\n            content: \'\';\n            position: absolute;\n            top: -50%;\n            right: -50%;\n            width: 100%;\n            height: 100%;\n            background: radial-gradient(circle, rgba(99, 102, 241, 0.1) 0%, transparent 60%);\n        }\n        \n        .login-container {\n            width: 100%;\n            max-width: 380px;\n            padding: 40px;\n            position: relative;\n            z-index: 1;\n        }\n        \n        .login-card {\n            background: var(--bg-tertiary);\n            border: 1px solid var(--border-subtle);\n            border-radius: 20px;\n            padding: 40px;\n            box-shadow: 0 25px 50px -12px rgba(0, 0, 0, 0.4);\n        }\n        \n        .login-header {\n            text-align: center;\n            margin-bottom: 32px;\n        }\n        \n        .login-header h2 {\n            font-size: 20px;\n            font-weight: 600;\n            margin-bottom: 8px;\n        }\n        \n        .login-header p {\n            color: var(--text-muted);\n            font-size: 14px;\n        }\n        \n        .form-group { margin-bottom: 20px; }\n        \n        .form-group label {\n            display: block;\n            margin-bottom: 8px;\n            font-weight: 500;\n            color: var(--text-secondary);\n            font-size: 13px;\n        }\n        \n        .form-control {\n            width: 100%;\n            padding: 14px 16px;\n            background: #1a1a2e !important;\n            border: 1px solid #3f3f46 !important;\n            border-radius: 12px;\n            font-size: 14px;\n            color: #ffffff !important;\n            transition: all 0.2s ease;\n        }\n\n        .form-control:focus {\n            outline: none;\n            border-color: var(--accent-primary) !important;\n            box-shadow: 0 0 0 4px rgba(99, 102, 241, 0.15);\n            background: #16162a !important;\n            color: #ffffff !important;\n        }\n\n        .form-control::placeholder { color: #6b7280 !important; }\n        \n        /* Fix para autocomplete - evita fundo branco/amarelo */\n        .form-control:-webkit-autofill,\n        .form-control:-webkit-autofill:hover,\n        .form-control:-webkit-autofill:focus {\n            -webkit-text-fill-color: #ffffff !important;\n            -webkit-box-shadow: 0 0 0px 1000px #1a1a2e inset !important;\n            transition: background-color 5000s ease-in-out 0s;\n        }\n        \n        .btn-login {\n            width: 100%;\n            padding: 16px;\n            background: var(--gradient-primary);\n            border: none;\n            border-radius: 12px;\n            color: white;\n            font-size: 15px;\n            font-weight: 600;\n            cursor: pointer;\n            transition: all 0.2s ease;\n            margin-top: 8px;\n            box-shadow: 0 4px 16px rgba(99, 102, 241, 0.35);\n        }\n        \n        .btn-login:hover {\n            transform: translateY(-2px);\n            box-shadow: 0 8px 24px rgba(99, 102, 241, 0.45);\n        }\n        \n        .demo-notice {\n            text-align: center;\n            margin-top: 20px;\n            padding: 12px;\n            background: rgba(245, 158, 11, 0.1);\n            border: 1px solid rgba(245, 158, 11, 0.2);\n            border-radius: 10px;\n            font-size: 12px;\n            color: #fbbf24;\n        }\n        \n        .alert {\n            padding: 14px 18px;\n            border-radius: 12px;\n            margin-bottom: 20px;\n            font-size: 13px;\n            display: flex;\n            align-items: center;\n            gap: 10px;\n            border: 1px solid transparent;\n        }\n        \n        .alert-success { background: rgba(34, 197, 94, 0.1); color: #4ade80; border-color: rgba(34, 197, 94, 0.2); }\n        .alert-danger { background: rgba(239, 68, 68, 0.1); color: #f87171; border-color: rgba(239, 68, 68, 0.2); }\n    &lt;/style&gt;\n&lt;/head&gt;\n&lt;body&gt;\n    &lt;div class=&quot;landing-container&quot;&gt;\n        &lt;div class=&quot;landing-left&quot;&gt;\n            &lt;div class=&quot;brand&quot;&gt;\n                &lt;div class=&quot;brand-logo&quot;&gt;\n                    &lt;i class=&quot;bi bi-building&quot;&gt;&lt;/i&gt;\n                &lt;/div&gt;\n                &lt;h1&gt;OBRAS PRO&lt;/h1&gt;\n            &lt;/div&gt;\n            \n            &lt;div class=&quot;hero-text&quot;&gt;\n                &lt;div class=&quot;cta-badge&quot;&gt;\n                    &lt;i class=&quot;bi bi-patch-check-fill&quot;&gt;&lt;/i&gt;\n                    Solucao lider em gestao de obras\n                &lt;/div&gt;\n                &lt;h2&gt;Controle financeiro &lt;span&gt;inteligente&lt;/span&gt; para sua construtora&lt;/h2&gt;\n                &lt;p&gt;Gerencie or\xc3\xa7amentos, acompanhe gastos em tempo real e tome decis\xc3\xb5es baseadas em dados. O sistema que growing construtoras confiam.&lt;/p&gt;\n            &lt;/div&gt;\n            \n            &lt;div class=&quot;benefits-grid&quot;&gt;\n                &lt;div class=&quot;benefit-card&quot;&gt;\n                    &lt;div class=&quot;benefit-icon purple&quot;&gt;\n                        &lt;i class=&quot;bi bi-graph-up-arrow&quot;&gt;&lt;/i&gt;\n                    &lt;/div&gt;\n                    &lt;h3&gt;Dashboard Inteligente&lt;/h3&gt;\n                    &lt;p&gt;Visualize receitas, despesas e alertas em tempo real com gr\xc3\xa1ficos interativos.&lt;/p&gt;\n                &lt;/div&gt;\n                \n                &lt;div class=&quot;benefit-card&quot;&gt;\n                    &lt;div class=&quot;benefit-icon green&quot;&gt;\n                        &lt;i class=&quot;bi bi-exclamation-triangle&quot;&gt;&lt;/i&gt;\n                    &lt;/div&gt;\n                    &lt;h3&gt;Alertas Automaticos&lt;/h3&gt;\n                    &lt;p&gt;Receba avisos quando uma obra ultrapassar o or\xc3\xa7amento ou prazo.&lt;/p&gt;\n                &lt;/div&gt;\n                \n                &lt;div class=&quot;benefit-card&quot;&gt;\n                    &lt;div class=&quot;benefit-icon yellow&quot;&gt;\n                        &lt;i class=&quot;bi bi-robot&quot;&gt;&lt;/i&gt;\n                    &lt;/div&gt;\n                    &lt;h3&gt;Assistente IA&lt;/h3&gt;\n                    &lt;p&gt;Pergunte ao sistema e receba an\xc3\xa1lises financeiras autom\xc3\xa1ticas.&lt;/p&gt;\n                &lt;/div&gt;\n                \n                &lt;div class=&quot;benefit-card&quot;&gt;\n                    &lt;div class=&quot;benefit-icon pink&quot;&gt;\n                        &lt;i class=&quot;bi bi-file-earmark-spreadsheet&quot;&gt;&lt;/i&gt;\n                    &lt;/div&gt;\n                    &lt;h3&gt;Relat\xc3\xb3rios Export\xc3\xa1veis&lt;/h3&gt;\n                    &lt;p&gt;Exporte dados para Excel e apresente a investidores e clientes.&lt;/p&gt;\n                &lt;/div&gt;\n            &lt;/div&gt;\n        &lt;/div&gt;\n        \n        &lt;div class=&quot;landing-right&quot;&gt;\n            &lt;div class=&quot;login-container&quot;&gt;\n                &lt;div class=&quot;login-card&quot;&gt;\n                    &lt;div class=&quot;login-header&quot;&gt;\n                        &lt;h2&gt;Bem-vindo de volta&lt;/h2&gt;\n                        &lt;p&gt;Acesse sua conta para continuar&lt;/p&gt;\n                    &lt;/div&gt;\n                    \n                    \n                        \n                            \n                                &lt;div class=&quot;alert alert-danger&quot;&gt;\n                                    &lt;i class=&quot;bi bi-x-circle-fill&quot;&gt;&lt;/i&gt;\n                                    \n                                    Email inv\xc3\xa1lido.\n                                &lt;/div&gt;\n                            \n                        \n                    \n                    \n                    &lt;form method=&quot;POST&quot; action=&quot;/auth/login&quot;&gt;\n                &lt;input type=&quot;hidden&quot; name=&quot;csrf_token&quot; value=&quot;IjBiMjAwYTY5ODNjMGM4OWFjNmQxNGEzZmEyZTQ4MmFlMTAwN2UwNGIi.aeDsTQ.qFu7epSngDu0iv91JDUNDbOhp3U&quot;&gt;\n                        &lt;div class=&quot;form-group&quot;&gt;\n                            &lt;label for=&quot;email&quot;&gt;Email&lt;/label&gt;\n                            &lt;input type=&quot;email&quot; class=&quot;form-control&quot; id=&quot;email&quot; name=&quot;email&quot; placeholder=&quot;seu@email.com&quot; required&gt;\n                        &lt;/div&gt;\n                        \n                        &lt;div class=&quot;form-group&quot;&gt;\n                            &lt;label for=&quot;senha&quot;&gt;Senha&lt;/label&gt;\n                            &lt;div style=&quot;position: relative;&quot;&gt;\n                                &lt;input type=&quot;password&quot; class=&quot;form-control&quot; id=&quot;senha&quot; name=&quot;senha&quot; placeholder=&quot;Sua senha&quot; required style=&quot;padding-right: 45px;&quot;&gt;\n                                &lt;button type=&quot;button&quot; onclick=&quot;togglePassword()&quot; style=&quot;position: absolute; right: 10px; top: 50%; transform: translateY(-50%); background: none; border: none; color: var(--text-muted); cursor: pointer;&quot;&gt;\n                                    &lt;i class=&quot;bi bi-eye&quot; id=&quot;eyeIcon&quot;&gt;&lt;/i&gt;\n                                &lt;/button&gt;\n                            &lt;/div&gt;\n                        &lt;/div&gt;\n                        \n                        &lt;div class=&quot;form-group&quot;&gt;\n                            &lt;div class=&quot;form-check&quot;&gt;\n                                &lt;input type=&quot;checkbox&quot; class=&quot;form-check-input&quot; id=&quot;lembrar&quot; name=&quot;lembrar&quot; value=&quot;1&quot;&gt;\n                                &lt;label class=&quot;form-check-label&quot; for=&quot;lembrar&quot; style=&quot;font-weight: normal; color: var(--text-secondary);&quot;&gt;\n                                    Lembrar-me por 30 dias\n                                &lt;/label&gt;\n                            &lt;/div&gt;\n                        &lt;/div&gt;\n                        \n                        &lt;button type=&quot;submit&quot; class=&quot;btn-login&quot;&gt;\n                            &lt;i class=&quot;bi bi-arrow-right-short me-2&quot;&gt;&lt;/i&gt;\n                            Entrar no Sistema\n                        &lt;/button&gt;\n                    &lt;/form&gt;\n                    \n                    &lt;div style=&quot;display: flex; justify-content: space-between; margin-top: 20px;&quot;&gt;\n                        &lt;a href=&quot;#&quot; onclick=&quot;document.getElementById(\'esqueceuSenhaModal\').style.display=\'flex\'; return false;&quot; style=&quot;color: var(--text-muted); font-size: 13px; text-decoration: none;&quot;&gt;\n                            &lt;i class=&quot;bi bi-question-circle me-1&quot;&gt;&lt;/i&gt;Esqueceu a senha?\n                        &lt;/a&gt;\n                        &lt;a href=&quot;/auth/empresa/nova&quot; style=&quot;color: var(--accent-primary-hover); font-size: 13px; text-decoration: none;&quot;&gt;\n                            &lt;i class=&quot;bi bi-person-plus me-1&quot;&gt;&lt;/i&gt;Criar nova conta\n                        &lt;/a&gt;\n                    &lt;/div&gt;\n                &lt;/div&gt;\n            &lt;/div&gt;\n        &lt;/div&gt;\n    &lt;/div&gt;\n    \n    &lt;!-- Modal Esqueceu a Senha --&gt;\n    &lt;div id=&quot;esqueceuSenhaModal&quot; style=&quot;display: none; position: fixed; top: 0; left: 0; width: 100%; height: 100%; background: rgba(0,0,0,0.85); z-index: 1000; align-items: center; justify-content: center;&quot;&gt;\n        &lt;div style=&quot;background: var(--bg-secondary); border: 1px solid var(--border-subtle); border-radius: 16px; padding: 30px; max-width: 380px; width: 90%; position: relative;&quot;&gt;\n            &lt;button onclick=&quot;document.getElementById(\'esqueceuSenhaModal\').style.display=\'none\'&quot; style=&quot;position: absolute; top: 15px; right: 15px; background: none; border: none; color: var(--text-muted); font-size: 20px; cursor: pointer;&quot;&gt;\n                &lt;i class=&quot;bi bi-x-lg&quot;&gt;&lt;/i&gt;\n            &lt;/button&gt;\n            &lt;h3 style=&quot;margin-bottom: 15px; color: var(--text-primary); font-size: 18px;&quot;&gt;\n                &lt;i class=&quot;bi bi-key me-2&quot;&gt;&lt;/i&gt;Recuperar Senha\n            &lt;/h3&gt;\n            &lt;p style=&quot;color: var(--text-secondary); font-size: 13px; margin-bottom: 20px;&quot;&gt;\n                Digite seu email para gerar uma nova senha tempor\xc3\xa1ria.\n            &lt;/p&gt;\n            &lt;form method=&quot;POST&quot; action=&quot;/auth/recuperar-senha&quot;&gt;\n                &lt;input type=&quot;hidden&quot; name=&quot;csrf_token&quot; value=&quot;IjBiMjAwYTY5ODNjMGM4OWFjNmQxNGEzZmEyZTQ4MmFlMTAwN2UwNGIi.aeDsTQ.qFu7epSngDu0iv91JDUNDbOhp3U&quot;&gt;\n                &lt;div class=&quot;form-group&quot;&gt;\n                    &lt;label for=&quot;email_recuperar&quot;&gt;Email&lt;/label&gt;\n                    &lt;input type=&quot;email&quot; class=&quot;form-control&quot; id=&quot;email_recuperar&quot; name=&quot;email&quot; placeholder=&quot;seu@email.com&quot; required&gt;\n                &lt;/div&gt;\n                &lt;div class=&quot;form-group&quot;&gt;\n                    &lt;label for=&quot;empresa_recuperar&quot;&gt;Empresa (slug)&lt;/label&gt;\n                    &lt;input type=&quot;text&quot; class=&quot;form-control&quot; id=&quot;empresa_recuperar&quot; name=&quot;empresa&quot; placeholder=&quot;sua-empresa&quot; required&gt;\n                &lt;/div&gt;\n                &lt;div style=&quot;display: flex; gap: 10px;&quot;&gt;\n                    &lt;button type=&quot;button&quot; onclick=&quot;document.getElementById(\'esqueceuSenhaModal\').style.display=\'none\'&quot; class=&quot;btn btn-outline&quot; style=&quot;flex: 1; justify-content: center;&quot;&gt;\n                        Cancelar\n                    &lt;/button&gt;\n                    &lt;button type=&quot;submit&quot; class=&quot;btn btn-primary&quot; style=&quot;flex: 1; justify-content: center;&quot;&gt;\n                        &lt;i class=&quot;bi bi-send me-2&quot;&gt;&lt;/i&gt;Enviar\n                    &lt;/button&gt;\n                &lt;/div&gt;\n            &lt;/form&gt;\n        &lt;/div&gt;\n    &lt;/div&gt;\n    \n    &lt;script&gt;\n        function togglePassword() {\n            const senhaInput = document.getElementById(\'senha\');\n            const eyeIcon = document.getElementById(\'eyeIcon\');\n            if (senhaInput.type === \'password\') {\n                senhaInput.type = \'text\';\n                eyeIcon.className = \'bi bi-eye-slash\';\n            } else {\n                senhaInput.type = \'password\';\n                eyeIcon.className = \'bi bi-eye\';\n            }\n        }\n    &lt;/script&gt;\n&lt;/body&gt;\n&lt;/html&gt;' = &lt;WrapperTestResponse 19785 bytes [200 OK]&gt;.data">tests\test_auth_completo.py:71: in test_login_email_invalido_formato
    assert b'Email' in response.data and (b'invalid' in response.data.lower() or b'erro' in response.data.lower())
E   assert (b'Email' in b'&lt;!DOCTYPE html&gt;\n&lt;html lang="pt-BR"&gt;\n&lt;head&gt;\n    &lt;meta charset="UTF-8"&gt;\n    &lt;meta name="viewport" content="width=device-width, initial-scale=1.0"&gt;\n    &lt;title&gt;OBRAS PRO - Gestao de Obras Professional&lt;/title&gt;\n    &lt;link href="https://cdn.jsdelivr.net/npm/bootstrap@5.3.0/dist/css/bootstrap.min.css" rel="stylesheet"&gt;\n    &lt;link rel="stylesheet" href="https://cdn.jsdelivr.net/npm/bootstrap-icons@1.11.0/font/bootstrap-icons.css"&gt;\n    &lt;link href="https://fonts.googleapis.com/css2?family=Inter:wght@300;400;500;600;700;800&amp;display=swap" rel="stylesheet"&gt;\n    &lt;style&gt;\n        :root {\n            --bg-primary: #09090b;\n            --bg-secondary: #18181b;\n            --bg-tertiary: #27272a;\n            --accent-primary: #6366f1;\n            --accent-primary-hover: #818cf8;\n            --accent-secondary: #a855f7;\n            --accent-green: #22c55e;\n            --text-primary: #fafafa;\n            --text-secondary: #a1a1aa;\n            --text-muted: #71717a;\n            --border-subtle: #27272a;\n            --border-default: #3f3f46;\n            --gradient-primary: linear-gradient(135deg, #6366f1 0%, #8b5cf6 100%);\n            --gradient-green: linear-gradient(135deg, #22c55e 0%, #16a34a 100%);\n        }\n        \n        * { margin: 0; padding: 0; box-sizing: border-box; }\n        \n        body {\n            font-family: \'Inter\', -apple-system, BlinkMacSystemFont, sans-serif;\n            background: var(--bg-primary);\n            min-height: 100vh;\n            color: var(--text-primary);\n            background-image: \n                radial-gradient(ellipse at top left, rgba(99, 102, 241, 0.2) 0%, transparent 50%),\n                radial-gradient(ellipse at bottom right, rgba(168, 85, 247, 0.15) 0%, transparent 50%),\n                radial-gradient(ellipse at bottom, rgba(34, 197, 94, 0.1) 0%, transparent 50%);\n        }\n        \n        .landing-container {\n            min-height: 100vh;\n            display: grid;\n            grid-template-columns: 1fr 1fr;\n        }\n        \n        @media (max-width: 992px) {\n            .landing-container { grid-template-columns: 1fr; }\n            .landing-right { display: none; }\n        }\n        \n        /* Left Side - Benefits */\n        .landing-left {\n            padding: 60px;\n            display: flex;\n            flex-direction: column;\n            justify-content: flex-start;\n            max-width: 700px;\n            margin: 0 auto;\n            overflow-y: auto;\n            max-height: 100vh;\n            /* Scrollbar sempre vis\xc3\xadvel */\n            scrollbar-width: thin;\n            scrollbar-color: #6366f1 #1e1e2f;\n        }\n        \n        /* Scrollbar Webkit (Chrome, Edge, Safari) */\n        .landing-left::-webkit-scrollbar {\n            width: 14px;\n            display: block;\n        }\n        .landing-left::-webkit-scrollbar-track {\n            background: #1e1e2f;\n            border-radius: 10px;\n            margin: 20px 0;\n            border: 2px solid #1e1e2f;\n        }\n        .landing-left::-webkit-scrollbar-thumb {\n            background: linear-gradient(180deg, #6366f1, #8b5cf6);\n            border-radius: 10px;\n            border: 3px solid #1e1e2f;\n            min-height: 60px;\n        }\n        .landing-left::-webkit-scrollbar-thumb:hover {\n            background: linear-gradient(180deg, #818cf8, #a78bfa);\n        }\n        \n        .brand {\n            display: flex;\n            align-items: center;\n            gap: 14px;\n            margin-bottom: 50px;\n        }\n        \n        .brand-logo {\n            width: 52px;\n            height: 52px;\n            background: var(--gradient-primary);\n            border-radius: 14px;\n            display: flex;\n            align-items: center;\n            justify-content: center;\n            font-size: 24px;\n            box-shadow: 0 8px 24px rgba(99, 102, 241, 0.35);\n        }\n        \n        .brand h1 {\n            font-size: 24px;\n            font-weight: 700;\n            letter-spacing: -0.5px;\n            background: linear-gradient(135deg, #fafafa 0%, #a1a1aa 100%);\n            -webkit-background-clip: text;\n            -webkit-text-fill-color: transparent;\n        }\n        \n        .hero-text h2 {\n            font-size: 42px;\n            font-weight: 800;\n            line-height: 1.15;\n            letter-spacing: -1px;\n            margin-bottom: 20px;\n        }\n        \n        .hero-text h2 span {\n            background: var(--gradient-primary);\n            -webkit-background-clip: text;\n            -webkit-text-fill-color: transparent;\n        }\n        \n        .hero-text p {\n            font-size: 18px;\n            color: var(--text-secondary);\n            line-height: 1.6;\n            margin-bottom: 40px;\n        }\n        \n        .benefits-grid {\n            display: grid;\n            grid-template-columns: 1fr 1fr;\n            gap: 20px;\n            margin-bottom: 50px;\n        }\n        \n        .benefit-card {\n            background: var(--bg-secondary);\n            border: 1px solid var(--border-subtle);\n            border-radius: 14px;\n            padding: 24px;\n            transition: all 0.3s ease;\n        }\n        \n        .benefit-card:hover {\n            border-color: var(--accent-primary);\n            transform: translateY(-4px);\n            box-shadow: 0 12px 40px rgba(99, 102, 241, 0.15);\n        }\n        \n        .benefit-icon {\n            width: 44px;\n            height: 44px;\n            border-radius: 12px;\n            display: flex;\n            align-items: center;\n            justify-content: center;\n            font-size: 20px;\n            margin-bottom: 16px;\n        }\n        \n        .benefit-icon.purple { background: rgba(99, 102, 241, 0.15); color: #818cf8; }\n        .benefit-icon.green { background: rgba(34, 197, 94, 0.15); color: #4ade80; }\n        .benefit-icon.yellow { background: rgba(245, 158, 11, 0.15); color: #fbbf24; }\n        .benefit-icon.pink { background: rgba(236, 72, 153, 0.15); color: #f472b6; }\n        \n        .benefit-card h3 {\n            font-size: 15px;\n            font-weight: 600;\n            margin-bottom: 8px;\n        }\n        \n        .benefit-card p {\n            font-size: 13px;\n            color: var(--text-muted);\n            line-height: 1.5;\n            margin: 0;\n        }\n        \n        .cta-badge {\n            display: inline-flex;\n            align-items: center;\n            gap: 8px;\n            background: rgba(34, 197, 94, 0.15);\n            border: 1px solid rgba(34, 197, 94, 0.3);\n            padding: 8px 16px;\n            border-radius: 20px;\n            font-size: 13px;\n            color: #4ade80;\n            margin-bottom: 24px;\n        }\n        \n        /* Right Side - Login */\n        .landing-right {\n            background: var(--bg-secondary);\n            display: flex;\n            align-items: center;\n            justify-content: center;\n            border-left: 1px solid var(--border-subtle);\n            position: relative;\n            overflow: hidden;\n        }\n        \n        .landing-right::before {\n            content: \'\';\n            position: absolute;\n            top: -50%;\n            right: -50%;\n            width: 100%;\n            height: 100%;\n            background: radial-gradient(circle, rgba(99, 102, 241, 0.1) 0%, transparent 60%);\n        }\n        \n        .login-container {\n            width: 100%;\n            max-width: 380px;\n            padding: 40px;\n            position: relative;\n            z-index: 1;\n        }\n        \n        .login-card {\n            background: var(--bg-tertiary);\n            border: 1px solid var(--border-subtle);\n            border-radius: 20px;\n            padding: 40px;\n            box-shadow: 0 25px 50px -12px rgba(0, 0, 0, 0.4);\n        }\n        \n        .login-header {\n            text-align: center;\n            margin-bottom: 32px;\n        }\n        \n        .login-header h2 {\n            font-size: 20px;\n            font-weight: 600;\n            margin-bottom: 8px;\n        }\n        \n        .login-header p {\n            color: var(--text-muted);\n            font-size: 14px;\n        }\n        \n        .form-group { margin-bottom: 20px; }\n        \n        .form-group label {\n            display: block;\n            margin-bottom: 8px;\n            font-weight: 500;\n            color: var(--text-secondary);\n            font-size: 13px;\n        }\n        \n        .form-control {\n            width: 100%;\n            padding: 14px 16px;\n            background: #1a1a2e !important;\n            border: 1px solid #3f3f46 !important;\n            border-radius: 12px;\n            font-size: 14px;\n            color: #ffffff !important;\n            transition: all 0.2s ease;\n        }\n\n        .form-control:focus {\n            outline: none;\n            border-color: var(--accent-primary) !important;\n            box-shadow: 0 0 0 4px rgba(99, 102, 241, 0.15);\n            background: #16162a !important;\n            color: #ffffff !important;\n        }\n\n        .form-control::placeholder { color: #6b7280 !important; }\n        \n        /* Fix para autocomplete - evita fundo branco/amarelo */\n        .form-control:-webkit-autofill,\n        .form-control:-webkit-autofill:hover,\n        .form-control:-webkit-autofill:focus {\n            -webkit-text-fill-color: #ffffff !important;\n            -webkit-box-shadow: 0 0 0px 1000px #1a1a2e inset !important;\n            transition: background-color 5000s ease-in-out 0s;\n        }\n        \n        .btn-login {\n            width: 100%;\n            padding: 16px;\n            background: var(--gradient-primary);\n            border: none;\n            border-radius: 12px;\n            color: white;\n            font-size: 15px;\n            font-weight: 600;\n            cursor: pointer;\n            transition: all 0.2s ease;\n            margin-top: 8px;\n            box-shadow: 0 4px 16px rgba(99, 102, 241, 0.35);\n        }\n        \n        .btn-login:hover {\n            transform: translateY(-2px);\n            box-shadow: 0 8px 24px rgba(99, 102, 241, 0.45);\n        }\n        \n        .demo-notice {\n            text-align: center;\n            margin-top: 20px;\n            padding: 12px;\n            background: rgba(245, 158, 11, 0.1);\n            border: 1px solid rgba(245, 158, 11, 0.2);\n            border-radius: 10px;\n            font-size: 12px;\n            color: #fbbf24;\n        }\n        \n        .alert {\n            padding: 14px 18px;\n            border-radius: 12px;\n            margin-bottom: 20px;\n            font-size: 13px;\n            display: flex;\n            align-items: center;\n            gap: 10px;\n            border: 1px solid transparent;\n        }\n        \n        .alert-success { background: rgba(34, 197, 94, 0.1); color: #4ade80; border-color: rgba(34, 197, 94, 0.2); }\n        .alert-danger { background: rgba(239, 68, 68, 0.1); color: #f87171; border-color: rgba(239, 68, 68, 0.2); }\n    &lt;/style&gt;\n&lt;/head&gt;\n&lt;body&gt;\n    &lt;div class="landing-container"&gt;\n        &lt;div class="landing-left"&gt;\n            &lt;div class="brand"&gt;\n                &lt;div class="brand-logo"&gt;\n                    &lt;i class="bi bi-building"&gt;&lt;/i&gt;\n                &lt;/div&gt;\n                &lt;h1&gt;OBRAS PRO&lt;/h1&gt;\n            &lt;/div&gt;\n            \n            &lt;div class="hero-text"&gt;\n                &lt;div class="cta-badge"&gt;\n                    &lt;i class="bi bi-patch-check-fill"&gt;&lt;/i&gt;\n                    Solucao lider em gestao de obras\n                &lt;/div&gt;\n                &lt;h2&gt;Controle financeiro &lt;span&gt;inteligente&lt;/span&gt; para sua construtora&lt;/h2&gt;\n                &lt;p&gt;Gerencie or\xc3\xa7amentos, acompanhe gastos em tempo real e tome decis\xc3\xb5es baseadas em dados. O sistema que growing construtoras confiam.&lt;/p&gt;\n            &lt;/div&gt;\n            \n            &lt;div class="benefits-grid"&gt;\n                &lt;div class="benefit-card"&gt;\n                    &lt;div class="benefit-icon purple"&gt;\n                        &lt;i class="bi bi-graph-up-arrow"&gt;&lt;/i&gt;\n                    &lt;/div&gt;\n                    &lt;h3&gt;Dashboard Inteligente&lt;/h3&gt;\n                    &lt;p&gt;Visualize receitas, despesas e alertas em tempo real com gr\xc3\xa1ficos interativos.&lt;/p&gt;\n                &lt;/div&gt;\n                \n                &lt;div class="benefit-card"&gt;\n                    &lt;div class="benefit-icon green"&gt;\n                        &lt;i class="bi bi-exclamation-triangle"&gt;&lt;/i&gt;\n                    &lt;/div&gt;\n                    &lt;h3&gt;Alertas Automaticos&lt;/h3&gt;\n                    &lt;p&gt;Receba avisos quando uma obra ultrapassar o or\xc3\xa7amento ou prazo.&lt;/p&gt;\n                &lt;/div&gt;\n                \n                &lt;div class="benefit-card"&gt;\n                    &lt;div class="benefit-icon yellow"&gt;\n                        &lt;i class="bi bi-robot"&gt;&lt;/i&gt;\n                    &lt;/div&gt;\n                    &lt;h3&gt;Assistente IA&lt;/h3&gt;\n                    &lt;p&gt;Pergunte ao sistema e receba an\xc3\xa1lises financeiras autom\xc3\xa1ticas.&lt;/p&gt;\n                &lt;/div&gt;\n                \n                &lt;div class="benefit-card"&gt;\n                    &lt;div class="benefit-icon pink"&gt;\n                        &lt;i class="bi bi-file-earmark-spreadsheet"&gt;&lt;/i&gt;\n                    &lt;/div&gt;\n                    &lt;h3&gt;Relat\xc3\xb3rios Export\xc3\xa1veis&lt;/h3&gt;\n                    &lt;p&gt;Exporte dados para Excel e apresente a investidores e clientes.&lt;/p&gt;\n                &lt;/div&gt;\n            &lt;/div&gt;\n        &lt;/div&gt;\n        \n        &lt;div class="landing-right"&gt;\n            &lt;div class="login-container"&gt;\n                &lt;div class="login-card"&gt;\n                    &lt;div class="login-header"&gt;\n                        &lt;h2&gt;Bem-vindo de volta&lt;/h2&gt;\n                        &lt;p&gt;Acesse sua conta para continuar&lt;/p&gt;\n                    &lt;/div&gt;\n                    \n                    \n                        \n                            \n                                &lt;div class="alert alert-danger"&gt;\n                                    &lt;i class="bi bi-x-circle-fill"&gt;&lt;/i&gt;\n                                    \n                                    Email inv\xc3\xa1lido.\n                                &lt;/div&gt;\n                            \n                        \n                    \n                    \n                    &lt;form method="POST" action="/auth/login"&gt;\n                &lt;input type="hidden" name="csrf_token" value="IjBiMjAwYTY5ODNjMGM4OWFjNmQxNGEzZmEyZTQ4MmFlMTAwN2UwNGIi.aeDsTQ.qFu7epSngDu0iv91JDUNDbOhp3U"&gt;\n                        &lt;div class="form-group"&gt;\n                            &lt;label for="email"&gt;Email&lt;/label&gt;\n                            &lt;input type="email" class="form-control" id="email" name="email" placeholder="seu@email.com" required&gt;\n                        &lt;/div&gt;\n                        \n                        &lt;div class="form-group"&gt;\n                            &lt;label for="senha"&gt;Senha&lt;/label&gt;\n                            &lt;div style="position: relative;"&gt;\n                                &lt;input type="password" class="form-control" id="senha" name="senha" placeholder="Sua senha" required style="padding-right: 45px;"&gt;\n                                &lt;button type="button" onclick="togglePassword()" style="position: absolute; right: 10px; top: 50%; transform: translateY(-50%); background: none; border: none; color: var(--text-muted); cursor: pointer;"&gt;\n                                    &lt;i class="bi bi-eye" id="eyeIcon"&gt;&lt;/i&gt;\n                                &lt;/button&gt;\n                            &lt;/div&gt;\n                        &lt;/div&gt;\n                        \n                        &lt;div class="form-group"&gt;\n                            &lt;div class="form-check"&gt;\n                                &lt;input type="checkbox" class="form-check-input" id="lembrar" name="lembrar" value="1"&gt;\n                                &lt;label class="form-check-label" for="lembrar" style="font-weight: normal; color: var(--text-secondary);"&gt;\n                                    Lembrar-me por 30 dias\n                                &lt;/label&gt;\n                            &lt;/div&gt;\n                        &lt;/div&gt;\n                        \n                        &lt;button type="submit" class="btn-login"&gt;\n                            &lt;i class="bi bi-arrow-right-short me-2"&gt;&lt;/i&gt;\n                            Entrar no Sistema\n                        &lt;/button&gt;\n                    &lt;/form&gt;\n                    \n                    &lt;div style="display: flex; justify-content: space-between; margin-top: 20px;"&gt;\n                        &lt;a href="#" onclick="document.getElementById(\'esqueceuSenhaModal\').style.display=\'flex\'; return false;" style="color: var(--text-muted); font-size: 13px; text-decoration: none;"&gt;\n                            &lt;i class="bi bi-question-circle me-1"&gt;&lt;/i&gt;Esqueceu a senha?\n                        &lt;/a&gt;\n                        &lt;a href="/auth/empresa/nova" style="color: var(--accent-primary-hover); font-size: 13px; text-decoration: none;"&gt;\n                            &lt;i class="bi bi-person-plus me-1"&gt;&lt;/i&gt;Criar nova conta\n                        &lt;/a&gt;\n                    &lt;/div&gt;\n                &lt;/div&gt;\n            &lt;/div&gt;\n        &lt;/div&gt;\n    &lt;/div&gt;\n    \n    &lt;!-- Modal Esqueceu a Senha --&gt;\n    &lt;div id="esqueceuSenhaModal" style="display: none; position: fixed; top: 0; left: 0; width: 100%; height: 100%; background: rgba(0,0,0,0.85); z-index: 1000; align-items: center; justify-content: center;"&gt;\n        &lt;div style="background: var(--bg-secondary); border: 1px solid var(--border-subtle); border-radius: 16px; padding: 30px; max-width: 380px; width: 90%; position: relative;"&gt;\n            &lt;button onclick="document.getElementById(\'esqueceuSenhaModal\').style.display=\'none\'" style="position: absolute; top: 15px; right: 15px; background: none; border: none; color: var(--text-muted); font-size: 20px; cursor: pointer;"&gt;\n                &lt;i class="bi bi-x-lg"&gt;&lt;/i&gt;\n            &lt;/button&gt;\n            &lt;h3 style="margin-bottom: 15px; color: var(--text-primary); font-size: 18px;"&gt;\n                &lt;i class="bi bi-key me-2"&gt;&lt;/i&gt;Recuperar Senha\n            &lt;/h3&gt;\n            &lt;p style="color: var(--text-secondary); font-size: 13px; margin-bottom: 20px;"&gt;\n                Digite seu email para gerar uma nova senha tempor\xc3\xa1ria.\n            &lt;/p&gt;\n            &lt;form method="POST" action="/auth/recuperar-senha"&gt;\n                &lt;input type="hidden" name="csrf_token" value="IjBiMjAwYTY5ODNjMGM4OWFjNmQxNGEzZmEyZTQ4MmFlMTAwN2UwNGIi.aeDsTQ.qFu7epSngDu0iv91JDUNDbOhp3U"&gt;\n                &lt;div class="form-group"&gt;\n                    &lt;label for="email_recuperar"&gt;Email&lt;/label&gt;\n                    &lt;input type="email" class="form-control" id="email_recuperar" name="email" placeholder="seu@email.com" required&gt;\n                &lt;/div&gt;\n                &lt;div class="form-group"&gt;\n                    &lt;label for="empresa_recuperar"&gt;Empresa (slug)&lt;/label&gt;\n                    &lt;input type="text" class="form-control" id="empresa_recuperar" name="empresa" placeholder="sua-empresa" required&gt;\n                &lt;/div&gt;\n                &lt;div style="display: flex; gap: 10px;"&gt;\n                    &lt;button type="button" onclick="document.getElementById(\'esqueceuSenhaModal\').style.display=\'none\'" class="btn btn-outline" style="flex: 1; justify-content: center;"&gt;\n                        Cancelar\n                    &lt;/button&gt;\n                    &lt;button type="submit" class="btn btn-primary" style="flex: 1; justify-content: center;"&gt;\n                        &lt;i class="bi bi-send me-2"&gt;&lt;/i&gt;Enviar\n                    &lt;/button&gt;\n                &lt;/div&gt;\n            &lt;/form&gt;\n        &lt;/div&gt;\n    &lt;/div&gt;\n    \n    &lt;script&gt;\n        function togglePassword() {\n            const senhaInput = document.getElementById(\'senha\');\n            const eyeIcon = document.getElementById(\'eyeIcon\');\n            if (senhaInput.type === \'password\') {\n                senhaInput.type = \'text\';\n                eyeIcon.className = \'bi bi-eye-slash\';\n            } else {\n                senhaInput.type = \'password\';\n                eyeIcon.className = \'bi bi-eye\';\n            }\n        }\n    &lt;/script&gt;\n&lt;/body&gt;\n&lt;/html&gt;' and (b'invalid' in b'&lt;!doctype html&gt;\n&lt;html lang="pt-br"&gt;\n&lt;head&gt;\n    &lt;meta charset="utf-8"&gt;\n    &lt;meta name="viewport" content="width=device-width, initial-scale=1.0"&gt;\n    &lt;title&gt;obras pro - gestao de obras professional&lt;/title&gt;\n    &lt;link href="https://cdn.jsdelivr.net/npm/bootstrap@5.3.0/dist/css/bootstrap.min.css" rel="stylesheet"&gt;\n    &lt;link rel="stylesheet" href="https://cdn.jsdelivr.net/npm/bootstrap-icons@1.11.0/font/bootstrap-icons.css"&gt;\n    &lt;link href="https://fonts.googleapis.com/css2?family=inter:wght@300;400;500;600;700;800&amp;display=swap" rel="stylesheet"&gt;\n    &lt;style&gt;\n        :root {\n            --bg-primary: #09090b;\n            --bg-secondary: #18181b;\n            --bg-tertiary: #27272a;\n            --accent-primary: #6366f1;\n            --accent-primary-hover: #818cf8;\n            --accent-secondary: #a855f7;\n            --accent-green: #22c55e;\n            --text-primary: #fafafa;\n            --text-secondary: #a1a1aa;\n            --text-muted: #71717a;\n            --border-subtle: #27272a;\n            --border-default: #3f3f46;\n            --gradient-primary: linear-gradient(135deg, #6366f1 0%, #8b5cf6 100%);\n            --gradient-green: linear-gradient(135deg, #22c55e 0%, #16a34a 100%);\n        }\n        \n        * { margin: 0; padding: 0; box-sizing: border-box; }\n        \n        body {\n            font-family: \'inter\', -apple-system, blinkmacsystemfont, sans-serif;\n            background: var(--bg-primary);\n            min-height: 100vh;\n            color: var(--text-primary);\n            background-image: \n                radial-gradient(ellipse at top left, rgba(99, 102, 241, 0.2) 0%, transparent 50%),\n                radial-gradient(ellipse at bottom right, rgba(168, 85, 247, 0.15) 0%, transparent 50%),\n                radial-gradient(ellipse at bottom, rgba(34, 197, 94, 0.1) 0%, transparent 50%);\n        }\n        \n        .landing-container {\n            min-height: 100vh;\n            display: grid;\n            grid-template-columns: 1fr 1fr;\n        }\n        \n        @media (max-width: 992px) {\n            .landing-container { grid-template-columns: 1fr; }\n            .landing-right { display: none; }\n        }\n        \n        /* left side - benefits */\n        .landing-left {\n            padding: 60px;\n            display: flex;\n            flex-direction: column;\n            justify-content: flex-start;\n            max-width: 700px;\n            margin: 0 auto;\n            overflow-y: auto;\n            max-height: 100vh;\n            /* scrollbar sempre vis\xc3\xadvel */\n            scrollbar-width: thin;\n            scrollbar-color: #6366f1 #1e1e2f;\n        }\n        \n        /* scrollbar webkit (chrome, edge, safari) */\n        .landing-left::-webkit-scrollbar {\n            width: 14px;\n            display: block;\n        }\n        .landing-left::-webkit-scrollbar-track {\n            background: #1e1e2f;\n            border-radius: 10px;\n            margin: 20px 0;\n            border: 2px solid #1e1e2f;\n        }\n        .landing-left::-webkit-scrollbar-thumb {\n            background: linear-gradient(180deg, #6366f1, #8b5cf6);\n            border-radius: 10px;\n            border: 3px solid #1e1e2f;\n            min-height: 60px;\n        }\n        .landing-left::-webkit-scrollbar-thumb:hover {\n            background: linear-gradient(180deg, #818cf8, #a78bfa);\n        }\n        \n        .brand {\n            display: flex;\n            align-items: center;\n            gap: 14px;\n            margin-bottom: 50px;\n        }\n        \n        .brand-logo {\n            width: 52px;\n            height: 52px;\n            background: var(--gradient-primary);\n            border-radius: 14px;\n            display: flex;\n            align-items: center;\n            justify-content: center;\n            font-size: 24px;\n            box-shadow: 0 8px 24px rgba(99, 102, 241, 0.35);\n        }\n        \n        .brand h1 {\n            font-size: 24px;\n            font-weight: 700;\n            letter-spacing: -0.5px;\n            background: linear-gradient(135deg, #fafafa 0%, #a1a1aa 100%);\n            -webkit-background-clip: text;\n            -webkit-text-fill-color: transparent;\n        }\n        \n        .hero-text h2 {\n            font-size: 42px;\n            font-weight: 800;\n            line-height: 1.15;\n            letter-spacing: -1px;\n            margin-bottom: 20px;\n        }\n        \n        .hero-text h2 span {\n            background: var(--gradient-primary);\n            -webkit-background-clip: text;\n            -webkit-text-fill-color: transparent;\n        }\n        \n        .hero-text p {\n            font-size: 18px;\n            color: var(--text-secondary);\n            line-height: 1.6;\n            margin-bottom: 40px;\n        }\n        \n        .benefits-grid {\n            display: grid;\n            grid-template-columns: 1fr 1fr;\n            gap: 20px;\n            margin-bottom: 50px;\n        }\n        \n        .benefit-card {\n            background: var(--bg-secondary);\n            border: 1px solid var(--border-subtle);\n            border-radius: 14px;\n            padding: 24px;\n            transition: all 0.3s ease;\n        }\n        \n        .benefit-card:hover {\n            border-color: var(--accent-primary);\n            transform: translatey(-4px);\n            box-shadow: 0 12px 40px rgba(99, 102, 241, 0.15);\n        }\n        \n        .benefit-icon {\n            width: 44px;\n            height: 44px;\n            border-radius: 12px;\n            display: flex;\n            align-items: center;\n            justify-content: center;\n            font-size: 20px;\n            margin-bottom: 16px;\n        }\n        \n        .benefit-icon.purple { background: rgba(99, 102, 241, 0.15); color: #818cf8; }\n        .benefit-icon.green { background: rgba(34, 197, 94, 0.15); color: #4ade80; }\n        .benefit-icon.yellow { background: rgba(245, 158, 11, 0.15); color: #fbbf24; }\n        .benefit-icon.pink { background: rgba(236, 72, 153, 0.15); color: #f472b6; }\n        \n        .benefit-card h3 {\n            font-size: 15px;\n            font-weight: 600;\n            margin-bottom: 8px;\n        }\n        \n        .benefit-card p {\n            font-size: 13px;\n            color: var(--text-muted);\n            line-height: 1.5;\n            margin: 0;\n        }\n        \n        .cta-badge {\n            display: inline-flex;\n            align-items: center;\n            gap: 8px;\n            background: rgba(34, 197, 94, 0.15);\n            border: 1px solid rgba(34, 197, 94, 0.3);\n            padding: 8px 16px;\n            border-radius: 20px;\n            font-size: 13px;\n            color: #4ade80;\n            margin-bottom: 24px;\n        }\n        \n        /* right side - login */\n        .landing-right {\n            background: var(--bg-secondary);\n            display: flex;\n            align-items: center;\n            justify-content: center;\n            border-left: 1px solid var(--border-subtle);\n            position: relative;\n            overflow: hidden;\n        }\n        \n        .landing-right::before {\n            content: \'\';\n            position: absolute;\n            top: -50%;\n            right: -50%;\n            width: 100%;\n            height: 100%;\n            background: radial-gradient(circle, rgba(99, 102, 241, 0.1) 0%, transparent 60%);\n        }\n        \n        .login-container {\n            width: 100%;\n            max-width: 380px;\n            padding: 40px;\n            position: relative;\n            z-index: 1;\n        }\n        \n        .login-card {\n            background: var(--bg-tertiary);\n            border: 1px solid var(--border-subtle);\n            border-radius: 20px;\n            padding: 40px;\n            box-shadow: 0 25px 50px -12px rgba(0, 0, 0, 0.4);\n        }\n        \n        .login-header {\n            text-align: center;\n            margin-bottom: 32px;\n        }\n        \n        .login-header h2 {\n            font-size: 20px;\n            font-weight: 600;\n            margin-bottom: 8px;\n        }\n        \n        .login-header p {\n            color: var(--text-muted);\n            font-size: 14px;\n        }\n        \n        .form-group { margin-bottom: 20px; }\n        \n        .form-group label {\n            display: block;\n            margin-bottom: 8px;\n            font-weight: 500;\n            color: var(--text-secondary);\n            font-size: 13px;\n        }\n        \n        .form-control {\n            width: 100%;\n            padding: 14px 16px;\n            background: #1a1a2e !important;\n            border: 1px solid #3f3f46 !important;\n            border-radius: 12px;\n            font-size: 14px;\n            color: #ffffff !important;\n            transition: all 0.2s ease;\n        }\n\n        .form-control:focus {\n            outline: none;\n            border-color: var(--accent-primary) !important;\n            box-shadow: 0 0 0 4px rgba(99, 102, 241, 0.15);\n            background: #16162a !important;\n            color: #ffffff !important;\n        }\n\n        .form-control::placeholder { color: #6b7280 !important; }\n        \n        /* fix para autocomplete - evita fundo branco/amarelo */\n        .form-control:-webkit-autofill,\n        .form-control:-webkit-autofill:hover,\n        .form-control:-webkit-autofill:focus {\n            -webkit-text-fill-color: #ffffff !important;\n            -webkit-box-shadow: 0 0 0px 1000px #1a1a2e inset !important;\n            transition: background-color 5000s ease-in-out 0s;\n        }\n        \n        .btn-login {\n            width: 100%;\n            padding: 16px;\n            background: var(--gradient-primary);\n            border: none;\n            border-radius: 12px;\n            color: white;\n            font-size: 15px;\n            font-weight: 600;\n            cursor: pointer;\n            transition: all 0.2s ease;\n            margin-top: 8px;\n            box-shadow: 0 4px 16px rgba(99, 102, 241, 0.35);\n        }\n        \n        .btn-login:hover {\n            transform: translatey(-2px);\n            box-shadow: 0 8px 24px rgba(99, 102, 241, 0.45);\n        }\n        \n        .demo-notice {\n            text-align: center;\n            margin-top: 20px;\n            padding: 12px;\n            background: rgba(245, 158, 11, 0.1);\n            border: 1px solid rgba(245, 158, 11, 0.2);\n            border-radius: 10px;\n            font-size: 12px;\n            color: #fbbf24;\n        }\n        \n        .alert {\n            padding: 14px 18px;\n            border-radius: 12px;\n            margin-bottom: 20px;\n            font-size: 13px;\n            display: flex;\n            align-items: center;\n            gap: 10px;\n            border: 1px solid transparent;\n        }\n        \n        .alert-success { background: rgba(34, 197, 94, 0.1); color: #4ade80; border-color: rgba(34, 197, 94, 0.2); }\n        .alert-danger { background: rgba(239, 68, 68, 0.1); color: #f87171; border-color: rgba(239, 68, 68, 0.2); }\n    &lt;/style&gt;\n&lt;/head&gt;\n&lt;body&gt;\n    &lt;div class="landing-container"&gt;\n        &lt;div class="landing-left"&gt;\n            &lt;div class="brand"&gt;\n                &lt;div class="brand-logo"&gt;\n                    &lt;i class="bi bi-building"&gt;&lt;/i&gt;\n                &lt;/div&gt;\n                &lt;h1&gt;obras pro&lt;/h1&gt;\n            &lt;/div&gt;\n            \n            &lt;div class="hero-text"&gt;\n                &lt;div class="cta-badge"&gt;\n                    &lt;i class="bi bi-patch-check-fill"&gt;&lt;/i&gt;\n                    solucao lider em gestao de obras\n                &lt;/div&gt;\n                &lt;h2&gt;controle financeiro &lt;span&gt;inteligente&lt;/span&gt; para sua construtora&lt;/h2&gt;\n                &lt;p&gt;gerencie or\xc3\xa7amentos, acompanhe gastos em tempo real e tome decis\xc3\xb5es baseadas em dados. o sistema que growing construtoras confiam.&lt;/p&gt;\n            &lt;/div&gt;\n            \n            &lt;div class="benefits-grid"&gt;\n                &lt;div class="benefit-card"&gt;\n                    &lt;div class="benefit-icon purple"&gt;\n                        &lt;i class="bi bi-graph-up-arrow"&gt;&lt;/i&gt;\n                    &lt;/div&gt;\n                    &lt;h3&gt;dashboard inteligente&lt;/h3&gt;\n                    &lt;p&gt;visualize receitas, despesas e alertas em tempo real com gr\xc3\xa1ficos interativos.&lt;/p&gt;\n                &lt;/div&gt;\n                \n                &lt;div class="benefit-card"&gt;\n                    &lt;div class="benefit-icon green"&gt;\n                        &lt;i class="bi bi-exclamation-triangle"&gt;&lt;/i&gt;\n                    &lt;/div&gt;\n                    &lt;h3&gt;alertas automaticos&lt;/h3&gt;\n                    &lt;p&gt;receba avisos quando uma obra ultrapassar o or\xc3\xa7amento ou prazo.&lt;/p&gt;\n                &lt;/div&gt;\n                \n                &lt;div class="benefit-card"&gt;\n                    &lt;div class="benefit-icon yellow"&gt;\n                        &lt;i class="bi bi-robot"&gt;&lt;/i&gt;\n                    &lt;/div&gt;\n                    &lt;h3&gt;assistente ia&lt;/h3&gt;\n                    &lt;p&gt;pergunte ao sistema e receba an\xc3\xa1lises financeiras autom\xc3\xa1ticas.&lt;/p&gt;\n                &lt;/div&gt;\n                \n                &lt;div class="benefit-card"&gt;\n                    &lt;div class="benefit-icon pink"&gt;\n                        &lt;i class="bi bi-file-earmark-spreadsheet"&gt;&lt;/i&gt;\n                    &lt;/div&gt;\n                    &lt;h3&gt;relat\xc3\xb3rios export\xc3\xa1veis&lt;/h3&gt;\n                    &lt;p&gt;exporte dados para excel e apresente a investidores e clientes.&lt;/p&gt;\n                &lt;/div&gt;\n            &lt;/div&gt;\n        &lt;/div&gt;\n        \n        &lt;div class="landing-right"&gt;\n            &lt;div class="login-container"&gt;\n                &lt;div class="login-card"&gt;\n                    &lt;div class="login-header"&gt;\n                        &lt;h2&gt;bem-vindo de volta&lt;/h2&gt;\n                        &lt;p&gt;acesse sua conta para continuar&lt;/p&gt;\n                    &lt;/div&gt;\n                    \n                    \n                        \n                            \n                                &lt;div class="alert alert-danger"&gt;\n                                    &lt;i class="bi bi-x-circle-fill"&gt;&lt;/i&gt;\n                                    \n                                    email inv\xc3\xa1lido.\n                                &lt;/div&gt;\n                            \n                        \n                    \n                    \n                    &lt;form method="post" action="/auth/login"&gt;\n                &lt;input type="hidden" name="csrf_token" value="ijbimjawyty5odnjmgm4owfjnmqxngezzmeyztq4mmflmtawn2uwngii.aedstq.qfu7epsngdu0iv91jdundbohp3u"&gt;\n                        &lt;div class="form-group"&gt;\n                            &lt;label for="email"&gt;email&lt;/label&gt;\n                            &lt;input type="email" class="form-control" id="email" name="email" placeholder="seu@email.com" required&gt;\n                        &lt;/div&gt;\n                        \n                        &lt;div class="form-group"&gt;\n                            &lt;label for="senha"&gt;senha&lt;/label&gt;\n                            &lt;div style="position: relative;"&gt;\n                                &lt;input type="password" class="form-control" id="senha" name="senha" placeholder="sua senha" required style="padding-right: 45px;"&gt;\n                                &lt;button type="button" onclick="togglepassword()" style="position: absolute; right: 10px; top: 50%; transform: translatey(-50%); background: none; border: none; color: var(--text-muted); cursor: pointer;"&gt;\n                                    &lt;i class="bi bi-eye" id="eyeicon"&gt;&lt;/i&gt;\n                                &lt;/button&gt;\n                            &lt;/div&gt;\n                        &lt;/div&gt;\n                        \n                        &lt;div class="form-group"&gt;\n                            &lt;div class="form-check"&gt;\n                                &lt;input type="checkbox" class="form-check-input" id="lembrar" name="lembrar" value="1"&gt;\n                                &lt;label class="form-check-label" for="lembrar" style="font-weight: normal; color: var(--text-secondary);"&gt;\n                                    lembrar-me por 30 dias\n                                &lt;/label&gt;\n                            &lt;/div&gt;\n                        &lt;/div&gt;\n                        \n                        &lt;button type="submit" class="btn-login"&gt;\n                            &lt;i class="bi bi-arrow-right-short me-2"&gt;&lt;/i&gt;\n                            entrar no sistema\n                        &lt;/button&gt;\n                    &lt;/form&gt;\n                    \n                    &lt;div style="display: flex; justify-content: space-between; margin-top: 20px;"&gt;\n                        &lt;a href="#" onclick="document.getelementbyid(\'esqueceusenhamodal\').style.display=\'flex\'; return false;" style="color: var(--text-muted); font-size: 13px; text-decoration: none;"&gt;\n                            &lt;i class="bi bi-question-circle me-1"&gt;&lt;/i&gt;esqueceu a senha?\n                        &lt;/a&gt;\n                        &lt;a href="/auth/empresa/nova" style="color: var(--accent-primary-hover); font-size: 13px; text-decoration: none;"&gt;\n                            &lt;i class="bi bi-person-plus me-1"&gt;&lt;/i&gt;criar nova conta\n                        &lt;/a&gt;\n                    &lt;/div&gt;\n                &lt;/div&gt;\n            &lt;/div&gt;\n        &lt;/div&gt;\n    &lt;/div&gt;\n    \n    &lt;!-- modal esqueceu a senha --&gt;\n    &lt;div id="esqueceusenhamodal" style="display: none; position: fixed; top: 0; left: 0; width: 100%; height: 100%; background: rgba(0,0,0,0.85); z-index: 1000; align-items: center; justify-content: center;"&gt;\n        &lt;div style="background: var(--bg-secondary); border: 1px solid var(--border-subtle); border-radius: 16px; padding: 30px; max-width: 380px; width: 90%; position: relative;"&gt;\n            &lt;button onclick="document.getelementbyid(\'esqueceusenhamodal\').style.display=\'none\'" style="position: absolute; top: 15px; right: 15px; background: none; border: none; color: var(--text-muted); font-size: 20px; cursor: pointer;"&gt;\n                &lt;i class="bi bi-x-lg"&gt;&lt;/i&gt;\n            &lt;/button&gt;\n            &lt;h3 style="margin-bottom: 15px; color: var(--text-primary); font-size: 18px;"&gt;\n                &lt;i class="bi bi-key me-2"&gt;&lt;/i&gt;recuperar senha\n            &lt;/h3&gt;\n            &lt;p style="color: var(--text-secondary); font-size: 13px; margin-bottom: 20px;"&gt;\n                digite seu email para gerar uma nova senha tempor\xc3\xa1ria.\n            &lt;/p&gt;\n            &lt;form method="post" action="/auth/recuperar-senha"&gt;\n                &lt;input type="hidden" name="csrf_token" value="ijbimjawyty5odnjmgm4owfjnmqxngezzmeyztq4mmflmtawn2uwngii.aedstq.qfu7epsngdu0iv91jdundbohp3u"&gt;\n                &lt;div class="form-group"&gt;\n                    &lt;label for="email_recuperar"&gt;email&lt;/label&gt;\n                    &lt;input type="email" class="form-control" id="email_recuperar" name="email" placeholder="seu@email.com" required&gt;\n                &lt;/div&gt;\n                &lt;div class="form-group"&gt;\n                    &lt;label for="empresa_recuperar"&gt;empresa (slug)&lt;/label&gt;\n                    &lt;input type="text" class="form-control" id="empresa_recuperar" name="empresa" placeholder="sua-empresa" required&gt;\n                &lt;/div&gt;\n                &lt;div style="display: flex; gap: 10px;"&gt;\n                    &lt;button type="button" onclick="document.getelementbyid(\'esqueceusenhamodal\').style.display=\'none\'" class="btn btn-outline" style="flex: 1; justify-content: center;"&gt;\n                        cancelar\n                    &lt;/button&gt;\n                    &lt;button type="submit" class="btn btn-primary" style="flex: 1; justify-content: center;"&gt;\n                        &lt;i class="bi bi-send me-2"&gt;&lt;/i&gt;enviar\n                    &lt;/button&gt;\n                &lt;/div&gt;\n            &lt;/form&gt;\n        &lt;/div&gt;\n    &lt;/div&gt;\n    \n    &lt;script&gt;\n        function togglepassword() {\n            const senhainput = document.getelementbyid(\'senha\');\n            const eyeicon = document.getelementbyid(\'eyeicon\');\n            if (senhainput.type === \'password\') {\n                senhainput.type = \'text\';\n                eyeicon.classname = \'bi bi-eye-slash\';\n            } else {\n                senhainput.type = \'password\';\n                eyeicon.classname = \'bi bi-eye\';\n            }\n        }\n    &lt;/script&gt;\n&lt;/body&gt;\n&lt;/html&gt;' or b'erro' in b'&lt;!doctype html&gt;\n&lt;html lang="pt-br"&gt;\n&lt;head&gt;\n    &lt;meta charset="utf-8"&gt;\n    &lt;meta name="viewport" content="width=device-width, initial-scale=1.0"&gt;\n    &lt;title&gt;obras pro - gestao de obras professional&lt;/title&gt;\n    &lt;link href="https://cdn.jsdelivr.net/npm/bootstrap@5.3.0/dist/css/bootstrap.min.css" rel="stylesheet"&gt;\n    &lt;link rel="stylesheet" href="https://cdn.jsdelivr.net/npm/bootstrap-icons@1.11.0/font/bootstrap-icons.css"&gt;\n    &lt;link href="https://fonts.googleapis.com/css2?family=inter:wght@300;400;500;600;700;800&amp;display=swap" rel="stylesheet"&gt;\n    &lt;style&gt;\n        :root {\n            --bg-primary: #09090b;\n            --bg-secondary: #18181b;\n            --bg-tertiary: #27272a;\n            --accent-primary: #6366f1;\n            --accent-primary-hover: #818cf8;\n            --accent-secondary: #a855f7;\n            --accent-green: #22c55e;\n            --text-primary: #fafafa;\n            --text-secondary: #a1a1aa;\n            --text-muted: #71717a;\n            --border-subtle: #27272a;\n            --border-default: #3f3f46;\n            --gradient-primary: linear-gradient(135deg, #6366f1 0%, #8b5cf6 100%);\n            --gradient-green: linear-gradient(135deg, #22c55e 0%, #16a34a 100%);\n        }\n        \n        * { margin: 0; padding: 0; box-sizing: border-box; }\n        \n        body {\n            font-family: \'inter\', -apple-system, blinkmacsystemfont, sans-serif;\n            background: var(--bg-primary);\n            min-height: 100vh;\n            color: var(--text-primary);\n            background-image: \n                radial-gradient(ellipse at top left, rgba(99, 102, 241, 0.2) 0%, transparent 50%),\n                radial-gradient(ellipse at bottom right, rgba(168, 85, 247, 0.15) 0%, transparent 50%),\n                radial-gradient(ellipse at bottom, rgba(34, 197, 94, 0.1) 0%, transparent 50%);\n        }\n        \n        .landing-container {\n            min-height: 100vh;\n            display: grid;\n            grid-template-columns: 1fr 1fr;\n        }\n        \n        @media (max-width: 992px) {\n            .landing-container { grid-template-columns: 1fr; }\n            .landing-right { display: none; }\n        }\n        \n        /* left side - benefits */\n        .landing-left {\n            padding: 60px;\n            display: flex;\n            flex-direction: column;\n            justify-content: flex-start;\n            max-width: 700px;\n            margin: 0 auto;\n            overflow-y: auto;\n            max-height: 100vh;\n            /* scrollbar sempre vis\xc3\xadvel */\n            scrollbar-width: thin;\n            scrollbar-color: #6366f1 #1e1e2f;\n        }\n        \n        /* scrollbar webkit (chrome, edge, safari) */\n        .landing-left::-webkit-scrollbar {\n            width: 14px;\n            display: block;\n        }\n        .landing-left::-webkit-scrollbar-track {\n            background: #1e1e2f;\n            border-radius: 10px;\n            margin: 20px 0;\n            border: 2px solid #1e1e2f;\n        }\n        .landing-left::-webkit-scrollbar-thumb {\n            background: linear-gradient(180deg, #6366f1, #8b5cf6);\n            border-radius: 10px;\n            border: 3px solid #1e1e2f;\n            min-height: 60px;\n        }\n        .landing-left::-webkit-scrollbar-thumb:hover {\n            background: linear-gradient(180deg, #818cf8, #a78bfa);\n        }\n        \n        .brand {\n            display: flex;\n            align-items: center;\n            gap: 14px;\n            margin-bottom: 50px;\n        }\n        \n        .brand-logo {\n            width: 52px;\n            height: 52px;\n            background: var(--gradient-primary);\n            border-radius: 14px;\n            display: flex;\n            align-items: center;\n            justify-content: center;\n            font-size: 24px;\n            box-shadow: 0 8px 24px rgba(99, 102, 241, 0.35);\n        }\n        \n        .brand h1 {\n            font-size: 24px;\n            font-weight: 700;\n            letter-spacing: -0.5px;\n            background: linear-gradient(135deg, #fafafa 0%, #a1a1aa 100%);\n            -webkit-background-clip: text;\n            -webkit-text-fill-color: transparent;\n        }\n        \n        .hero-text h2 {\n            font-size: 42px;\n            font-weight: 800;\n            line-height: 1.15;\n            letter-spacing: -1px;\n            margin-bottom: 20px;\n        }\n        \n        .hero-text h2 span {\n            background: var(--gradient-primary);\n            -webkit-background-clip: text;\n            -webkit-text-fill-color: transparent;\n        }\n        \n        .hero-text p {\n            font-size: 18px;\n            color: var(--text-secondary);\n            line-height: 1.6;\n            margin-bottom: 40px;\n        }\n        \n        .benefits-grid {\n            display: grid;\n            grid-template-columns: 1fr 1fr;\n            gap: 20px;\n            margin-bottom: 50px;\n        }\n        \n        .benefit-card {\n            background: var(--bg-secondary);\n            border: 1px solid var(--border-subtle);\n            border-radius: 14px;\n            padding: 24px;\n            transition: all 0.3s ease;\n        }\n        \n        .benefit-card:hover {\n            border-color: var(--accent-primary);\n            transform: translatey(-4px);\n            box-shadow: 0 12px 40px rgba(99, 102, 241, 0.15);\n        }\n        \n        .benefit-icon {\n            width: 44px;\n            height: 44px;\n            border-radius: 12px;\n            display: flex;\n            align-items: center;\n            justify-content: center;\n            font-size: 20px;\n            margin-bottom: 16px;\n        }\n        \n        .benefit-icon.purple { background: rgba(99, 102, 241, 0.15); color: #818cf8; }\n        .benefit-icon.green { background: rgba(34, 197, 94, 0.15); color: #4ade80; }\n        .benefit-icon.yellow { background: rgba(245, 158, 11, 0.15); color: #fbbf24; }\n        .benefit-icon.pink { background: rgba(236, 72, 153, 0.15); color: #f472b6; }\n        \n        .benefit-card h3 {\n            font-size: 15px;\n            font-weight: 600;\n            margin-bottom: 8px;\n        }\n        \n        .benefit-card p {\n            font-size: 13px;\n            color: var(--text-muted);\n            line-height: 1.5;\n            margin: 0;\n        }\n        \n        .cta-badge {\n            display: inline-flex;\n            align-items: center;\n            gap: 8px;\n            background: rgba(34, 197, 94, 0.15);\n            border: 1px solid rgba(34, 197, 94, 0.3);\n            padding: 8px 16px;\n            border-radius: 20px;\n            font-size: 13px;\n            color: #4ade80;\n            margin-bottom: 24px;\n        }\n        \n        /* right side - login */\n        .landing-right {\n            background: var(--bg-secondary);\n            display: flex;\n            align-items: center;\n            justify-content: center;\n            border-left: 1px solid var(--border-subtle);\n            position: relative;\n            overflow: hidden;\n        }\n        \n        .landing-right::before {\n            content: \'\';\n            position: absolute;\n            top: -50%;\n            right: -50%;\n            width: 100%;\n            height: 100%;\n            background: radial-gradient(circle, rgba(99, 102, 241, 0.1) 0%, transparent 60%);\n        }\n        \n        .login-container {\n            width: 100%;\n            max-width: 380px;\n            padding: 40px;\n            position: relative;\n            z-index: 1;\n        }\n        \n        .login-card {\n            background: var(--bg-tertiary);\n            border: 1px solid var(--border-subtle);\n            border-radius: 20px;\n            padding: 40px;\n            box-shadow: 0 25px 50px -12px rgba(0, 0, 0, 0.4);\n        }\n        \n        .login-header {\n            text-align: center;\n            margin-bottom: 32px;\n        }\n        \n        .login-header h2 {\n            font-size: 20px;\n            font-weight: 600;\n            margin-bottom: 8px;\n        }\n        \n        .login-header p {\n            color: var(--text-muted);\n            font-size: 14px;\n        }\n        \n        .form-group { margin-bottom: 20px; }\n        \n        .form-group label {\n            display: block;\n            margin-bottom: 8px;\n            font-weight: 500;\n            color: var(--text-secondary);\n            font-size: 13px;\n        }\n        \n        .form-control {\n            width: 100%;\n            padding: 14px 16px;\n            background: #1a1a2e !important;\n            border: 1px solid #3f3f46 !important;\n            border-radius: 12px;\n            font-size: 14px;\n            color: #ffffff !important;\n            transition: all 0.2s ease;\n        }\n\n        .form-control:focus {\n            outline: none;\n            border-color: var(--accent-primary) !important;\n            box-shadow: 0 0 0 4px rgba(99, 102, 241, 0.15);\n            background: #16162a !important;\n            color: #ffffff !important;\n        }\n\n        .form-control::placeholder { color: #6b7280 !important; }\n        \n        /* fix para autocomplete - evita fundo branco/amarelo */\n        .form-control:-webkit-autofill,\n        .form-control:-webkit-autofill:hover,\n        .form-control:-webkit-autofill:focus {\n            -webkit-text-fill-color: #ffffff !important;\n            -webkit-box-shadow: 0 0 0px 1000px #1a1a2e inset !important;\n            transition: background-color 5000s ease-in-out 0s;\n        }\n        \n        .btn-login {\n            width: 100%;\n            padding: 16px;\n            background: var(--gradient-primary);\n            border: none;\n            border-radius: 12px;\n            color: white;\n            font-size: 15px;\n            font-weight: 600;\n            cursor: pointer;\n            transition: all 0.2s ease;\n            margin-top: 8px;\n            box-shadow: 0 4px 16px rgba(99, 102, 241, 0.35);\n        }\n        \n        .btn-login:hover {\n            transform: translatey(-2px);\n            box-shadow: 0 8px 24px rgba(99, 102, 241, 0.45);\n        }\n        \n        .demo-notice {\n            text-align: center;\n            margin-top: 20px;\n            padding: 12px;\n            background: rgba(245, 158, 11, 0.1);\n            border: 1px solid rgba(245, 158, 11, 0.2);\n            border-radius: 10px;\n            font-size: 12px;\n            color: #fbbf24;\n        }\n        \n        .alert {\n            padding: 14px 18px;\n            border-radius: 12px;\n            margin-bottom: 20px;\n            font-size: 13px;\n            display: flex;\n            align-items: center;\n            gap: 10px;\n            border: 1px solid transparent;\n        }\n        \n        .alert-success { background: rgba(34, 197, 94, 0.1); color: #4ade80; border-color: rgba(34, 197, 94, 0.2); }\n        .alert-danger { background: rgba(239, 68, 68, 0.1); color: #f87171; border-color: rgba(239, 68, 68, 0.2); }\n    &lt;/style&gt;\n&lt;/head&gt;\n&lt;body&gt;\n    &lt;div class="landing-container"&gt;\n        &lt;div class="landing-left"&gt;\n            &lt;div class="brand"&gt;\n                &lt;div class="brand-logo"&gt;\n                    &lt;i class="bi bi-building"&gt;&lt;/i&gt;\n                &lt;/div&gt;\n                &lt;h1&gt;obras pro&lt;/h1&gt;\n            &lt;/div&gt;\n            \n            &lt;div class="hero-text"&gt;\n                &lt;div class="cta-badge"&gt;\n                    &lt;i class="bi bi-patch-check-fill"&gt;&lt;/i&gt;\n                    solucao lider em gestao de obras\n                &lt;/div&gt;\n                &lt;h2&gt;controle financeiro &lt;span&gt;inteligente&lt;/span&gt; para sua construtora&lt;/h2&gt;\n                &lt;p&gt;gerencie or\xc3\xa7amentos, acompanhe gastos em tempo real e tome decis\xc3\xb5es baseadas em dados. o sistema que growing construtoras confiam.&lt;/p&gt;\n            &lt;/div&gt;\n            \n            &lt;div class="benefits-grid"&gt;\n                &lt;div class="benefit-card"&gt;\n                    &lt;div class="benefit-icon purple"&gt;\n                        &lt;i class="bi bi-graph-up-arrow"&gt;&lt;/i&gt;\n                    &lt;/div&gt;\n                    &lt;h3&gt;dashboard inteligente&lt;/h3&gt;\n                    &lt;p&gt;visualize receitas, despesas e alertas em tempo real com gr\xc3\xa1ficos interativos.&lt;/p&gt;\n                &lt;/div&gt;\n                \n                &lt;div class="benefit-card"&gt;\n                    &lt;div class="benefit-icon green"&gt;\n                        &lt;i class="bi bi-exclamation-triangle"&gt;&lt;/i&gt;\n                    &lt;/div&gt;\n                    &lt;h3&gt;alertas automaticos&lt;/h3&gt;\n                    &lt;p&gt;receba avisos quando uma obra ultrapassar o or\xc3\xa7amento ou prazo.&lt;/p&gt;\n                &lt;/div&gt;\n                \n                &lt;div class="benefit-card"&gt;\n                    &lt;div class="benefit-icon yellow"&gt;\n                        &lt;i class="bi bi-robot"&gt;&lt;/i&gt;\n                    &lt;/div&gt;\n                    &lt;h3&gt;assistente ia&lt;/h3&gt;\n                    &lt;p&gt;pergunte ao sistema e receba an\xc3\xa1lises financeiras autom\xc3\xa1ticas.&lt;/p&gt;\n                &lt;/div&gt;\n                \n                &lt;div class="benefit-card"&gt;\n                    &lt;div class="benefit-icon pink"&gt;\n                        &lt;i class="bi bi-file-earmark-spreadsheet"&gt;&lt;/i&gt;\n                    &lt;/div&gt;\n                    &lt;h3&gt;relat\xc3\xb3rios export\xc3\xa1veis&lt;/h3&gt;\n                    &lt;p&gt;exporte dados para excel e apresente a investidores e clientes.&lt;/p&gt;\n                &lt;/div&gt;\n            &lt;/div&gt;\n        &lt;/div&gt;\n        \n        &lt;div class="landing-right"&gt;\n            &lt;div class="login-container"&gt;\n                &lt;div class="login-card"&gt;\n                    &lt;div class="login-header"&gt;\n                        &lt;h2&gt;bem-vindo de volta&lt;/h2&gt;\n                        &lt;p&gt;acesse sua conta para continuar&lt;/p&gt;\n                    &lt;/div&gt;\n                    \n                    \n                        \n                            \n                                &lt;div class="alert alert-danger"&gt;\n                                    &lt;i class="bi bi-x-circle-fill"&gt;&lt;/i&gt;\n                                    \n                                    email inv\xc3\xa1lido.\n                                &lt;/div&gt;\n                            \n                        \n                    \n                    \n                    &lt;form method="post" action="/auth/login"&gt;\n                &lt;input type="hidden" name="csrf_token" value="ijbimjawyty5odnjmgm4owfjnmqxngezzmeyztq4mmflmtawn2uwngii.aedstq.qfu7epsngdu0iv91jdundbohp3u"&gt;\n                        &lt;div class="form-group"&gt;\n                            &lt;label for="email"&gt;email&lt;/label&gt;\n                            &lt;input type="email" class="form-control" id="email" name="email" placeholder="seu@email.com" required&gt;\n                        &lt;/div&gt;\n                        \n                        &lt;div class="form-group"&gt;\n                            &lt;label for="senha"&gt;senha&lt;/label&gt;\n                            &lt;div style="position: relative;"&gt;\n                                &lt;input type="password" class="form-control" id="senha" name="senha" placeholder="sua senha" required style="padding-right: 45px;"&gt;\n                                &lt;button type="button" onclick="togglepassword()" style="position: absolute; right: 10px; top: 50%; transform: translatey(-50%); background: none; border: none; color: var(--text-muted); cursor: pointer;"&gt;\n                                    &lt;i class="bi bi-eye" id="eyeicon"&gt;&lt;/i&gt;\n                                &lt;/button&gt;\n                            &lt;/div&gt;\n                        &lt;/div&gt;\n                        \n                        &lt;div class="form-group"&gt;\n                            &lt;div class="form-check"&gt;\n                                &lt;input type="checkbox" class="form-check-input" id="lembrar" name="lembrar" value="1"&gt;\n                                &lt;label class="form-check-label" for="lembrar" style="font-weight: normal; color: var(--text-secondary);"&gt;\n                                    lembrar-me por 30 dias\n                                &lt;/label&gt;\n                            &lt;/div&gt;\n                        &lt;/div&gt;\n                        \n                        &lt;button type="submit" class="btn-login"&gt;\n                            &lt;i class="bi bi-arrow-right-short me-2"&gt;&lt;/i&gt;\n                            entrar no sistema\n                        &lt;/button&gt;\n                    &lt;/form&gt;\n                    \n                    &lt;div style="display: flex; justify-content: space-between; margin-top: 20px;"&gt;\n                        &lt;a href="#" onclick="document.getelementbyid(\'esqueceusenhamodal\').style.display=\'flex\'; return false;" style="color: var(--text-muted); font-size: 13px; text-decoration: none;"&gt;\n                            &lt;i class="bi bi-question-circle me-1"&gt;&lt;/i&gt;esqueceu a senha?\n                        &lt;/a&gt;\n                        &lt;a href="/auth/empresa/nova" style="color: var(--accent-primary-hover); font-size: 13px; text-decoration: none;"&gt;\n                            &lt;i class="bi bi-person-plus me-1"&gt;&lt;/i&gt;criar nova conta\n                        &lt;/a&gt;\n                    &lt;/div&gt;\n                &lt;/div&gt;\n            &lt;/div&gt;\n        &lt;/div&gt;\n    &lt;/div&gt;\n    \n    &lt;!-- modal esqueceu a senha --&gt;\n    &lt;div id="esqueceusenhamodal" style="display: none; position: fixed; top: 0; left: 0; width: 100%; height: 100%; background: rgba(0,0,0,0.85); z-index: 1000; align-items: center; justify-content: center;"&gt;\n        &lt;div style="background: var(--bg-secondary); border: 1px solid var(--border-subtle); border-radius: 16px; padding: 30px; max-width: 380px; width: 90%; position: relative;"&gt;\n            &lt;button onclick="document.getelementbyid(\'esqueceusenhamodal\').style.display=\'none\'" style="position: absolute; top: 15px; right: 15px; background: none; border: none; color: var(--text-muted); font-size: 20px; cursor: pointer;"&gt;\n                &lt;i class="bi bi-x-lg"&gt;&lt;/i&gt;\n            &lt;/button&gt;\n            &lt;h3 style="margin-bottom: 15px; color: var(--text-primary); font-size: 18px;"&gt;\n                &lt;i class="bi bi-key me-2"&gt;&lt;/i&gt;recuperar senha\n            &lt;/h3&gt;\n            &lt;p style="color: var(--text-secondary); font-size: 13px; margin-bottom: 20px;"&gt;\n                digite seu email para gerar uma nova senha tempor\xc3\xa1ria.\n            &lt;/p&gt;\n            &lt;form method="post" action="/auth/recuperar-senha"&gt;\n                &lt;input type="hidden" name="csrf_token" value="ijbimjawyty5odnjmgm4owfjnmqxngezzmeyztq4mmflmtawn2uwngii.aedstq.qfu7epsngdu0iv91jdundbohp3u"&gt;\n                &lt;div class="form-group"&gt;\n                    &lt;label for="email_recuperar"&gt;email&lt;/label&gt;\n                    &lt;input type="email" class="form-control" id="email_recuperar" name="email" placeholder="seu@email.com" required&gt;\n                &lt;/div&gt;\n                &lt;div class="form-group"&gt;\n                    &lt;label for="empresa_recuperar"&gt;empresa (slug)&lt;/label&gt;\n                    &lt;input type="text" class="form-control" id="empresa_recuperar" name="empresa" placeholder="sua-empresa" required&gt;\n                &lt;/div&gt;\n                &lt;div style="display: flex; gap: 10px;"&gt;\n                    &lt;button type="button" onclick="document.getelementbyid(\'esqueceusenhamodal\').style.display=\'none\'" class="btn btn-outline" style="flex: 1; justify-content: center;"&gt;\n                        cancelar\n                    &lt;/button&gt;\n                    &lt;button type="submit" class="btn btn-primary" style="flex: 1; justify-content: center;"&gt;\n                        &lt;i class="bi bi-send me-2"&gt;&lt;/i&gt;enviar\n                    &lt;/button&gt;\n                &lt;/div&gt;\n            &lt;/form&gt;\n        &lt;/div&gt;\n    &lt;/div&gt;\n    \n    &lt;script&gt;\n        function togglepassword() {\n            const senhainput = document.getelementbyid(\'senha\');\n            const eyeicon = document.getelementbyid(\'eyeicon\');\n            if (senhainput.type === \'password\') {\n                senhainput.type = \'text\';\n                eyeicon.classname = \'bi bi-eye-slash\';\n            } else {\n                senhainput.type = \'password\';\n                eyeicon.classname = \'bi bi-eye\';\n            }\n        }\n    &lt;/script&gt;\n&lt;/body&gt;\n&lt;/html&gt;'))
E    +  where b'&lt;!DOCTYPE html&gt;\n&lt;html lang="pt-BR"&gt;\n&lt;head&gt;\n    &lt;meta charset="UTF-8"&gt;\n    &lt;meta name="viewport" content="width=device-width, initial-scale=1.0"&gt;\n    &lt;title&gt;OBRAS PRO - Gestao de Obras Professional&lt;/title&gt;\n    &lt;link href="https://cdn.jsdelivr.net/npm/bootstrap@5.3.0/dist/css/bootstrap.min.css" rel="stylesheet"&gt;\n    &lt;link rel="stylesheet" href="https://cdn.jsdelivr.net/npm/bootstrap-icons@1.11.0/font/bootstrap-icons.css"&gt;\n    &lt;link href="https://fonts.googleapis.com/css2?family=Inter:wght@300;400;500;600;700;800&amp;display=swap" rel="stylesheet"&gt;\n    &lt;style&gt;\n        :root {\n            --bg-primary: #09090b;\n            --bg-secondary: #18181b;\n            --bg-tertiary: #27272a;\n            --accent-primary: #6366f1;\n            --accent-primary-hover: #818cf8;\n            --accent-secondary: #a855f7;\n            --accent-green: #22c55e;\n            --text-primary: #fafafa;\n            --text-secondary: #a1a1aa;\n            --text-muted: #71717a;\n            --border-subtle: #27272a;\n            --border-default: #3f3f46;\n            --gradient-primary: linear-gradient(135deg, #6366f1 0%, #8b5cf6 100%);\n            --gradient-green: linear-gradient(135deg, #22c55e 0%, #16a34a 100%);\n        }\n        \n        * { margin: 0; padding: 0; box-sizing: border-box; }\n        \n        body {\n            font-family: \'Inter\', -apple-system, BlinkMacSystemFont, sans-serif;\n            background: var(--bg-primary);\n            min-height: 100vh;\n            color: var(--text-primary);\n            background-image: \n                radial-gradient(ellipse at top left, rgba(99, 102, 241, 0.2) 0%, transparent 50%),\n                radial-gradient(ellipse at bottom right, rgba(168, 85, 247, 0.15) 0%, transparent 50%),\n                radial-gradient(ellipse at bottom, rgba(34, 197, 94, 0.1) 0%, transparent 50%);\n        }\n        \n        .landing-container {\n            min-height: 100vh;\n            display: grid;\n            grid-template-columns: 1fr 1fr;\n        }\n        \n        @media (max-width: 992px) {\n            .landing-container { grid-template-columns: 1fr; }\n            .landing-right { display: none; }\n        }\n        \n        /* Left Side - Benefits */\n        .landing-left {\n            padding: 60px;\n            display: flex;\n            flex-direction: column;\n            justify-content: flex-start;\n            max-width: 700px;\n            margin: 0 auto;\n            overflow-y: auto;\n            max-height: 100vh;\n            /* Scrollbar sempre vis\xc3\xadvel */\n            scrollbar-width: thin;\n            scrollbar-color: #6366f1 #1e1e2f;\n        }\n        \n        /* Scrollbar Webkit (Chrome, Edge, Safari) */\n        .landing-left::-webkit-scrollbar {\n            width: 14px;\n            display: block;\n        }\n        .landing-left::-webkit-scrollbar-track {\n            background: #1e1e2f;\n            border-radius: 10px;\n            margin: 20px 0;\n            border: 2px solid #1e1e2f;\n        }\n        .landing-left::-webkit-scrollbar-thumb {\n            background: linear-gradient(180deg, #6366f1, #8b5cf6);\n            border-radius: 10px;\n            border: 3px solid #1e1e2f;\n            min-height: 60px;\n        }\n        .landing-left::-webkit-scrollbar-thumb:hover {\n            background: linear-gradient(180deg, #818cf8, #a78bfa);\n        }\n        \n        .brand {\n            display: flex;\n            align-items: center;\n            gap: 14px;\n            margin-bottom: 50px;\n        }\n        \n        .brand-logo {\n            width: 52px;\n            height: 52px;\n            background: var(--gradient-primary);\n            border-radius: 14px;\n            display: flex;\n            align-items: center;\n            justify-content: center;\n            font-size: 24px;\n            box-shadow: 0 8px 24px rgba(99, 102, 241, 0.35);\n        }\n        \n        .brand h1 {\n            font-size: 24px;\n            font-weight: 700;\n            letter-spacing: -0.5px;\n            background: linear-gradient(135deg, #fafafa 0%, #a1a1aa 100%);\n            -webkit-background-clip: text;\n            -webkit-text-fill-color: transparent;\n        }\n        \n        .hero-text h2 {\n            font-size: 42px;\n            font-weight: 800;\n            line-height: 1.15;\n            letter-spacing: -1px;\n            margin-bottom: 20px;\n        }\n        \n        .hero-text h2 span {\n            background: var(--gradient-primary);\n            -webkit-background-clip: text;\n            -webkit-text-fill-color: transparent;\n        }\n        \n        .hero-text p {\n            font-size: 18px;\n            color: var(--text-secondary);\n            line-height: 1.6;\n            margin-bottom: 40px;\n        }\n        \n        .benefits-grid {\n            display: grid;\n            grid-template-columns: 1fr 1fr;\n            gap: 20px;\n            margin-bottom: 50px;\n        }\n        \n        .benefit-card {\n            background: var(--bg-secondary);\n            border: 1px solid var(--border-subtle);\n            border-radius: 14px;\n            padding: 24px;\n            transition: all 0.3s ease;\n        }\n        \n        .benefit-card:hover {\n            border-color: var(--accent-primary);\n            transform: translateY(-4px);\n            box-shadow: 0 12px 40px rgba(99, 102, 241, 0.15);\n        }\n        \n        .benefit-icon {\n            width: 44px;\n            height: 44px;\n            border-radius: 12px;\n            display: flex;\n            align-items: center;\n            justify-content: center;\n            font-size: 20px;\n            margin-bottom: 16px;\n        }\n        \n        .benefit-icon.purple { background: rgba(99, 102, 241, 0.15); color: #818cf8; }\n        .benefit-icon.green { background: rgba(34, 197, 94, 0.15); color: #4ade80; }\n        .benefit-icon.yellow { background: rgba(245, 158, 11, 0.15); color: #fbbf24; }\n        .benefit-icon.pink { background: rgba(236, 72, 153, 0.15); color: #f472b6; }\n        \n        .benefit-card h3 {\n            font-size: 15px;\n            font-weight: 600;\n            margin-bottom: 8px;\n        }\n        \n        .benefit-card p {\n            font-size: 13px;\n            color: var(--text-muted);\n            line-height: 1.5;\n            margin: 0;\n        }\n        \n        .cta-badge {\n            display: inline-flex;\n            align-items: center;\n            gap: 8px;\n            background: rgba(34, 197, 94, 0.15);\n            border: 1px solid rgba(34, 197, 94, 0.3);\n            padding: 8px 16px;\n            border-radius: 20px;\n            font-size: 13px;\n            color: #4ade80;\n            margin-bottom: 24px;\n        }\n        \n        /* Right Side - Login */\n        .landing-right {\n            background: var(--bg-secondary);\n            display: flex;\n            align-items: center;\n            justify-content: center;\n            border-left: 1px solid var(--border-subtle);\n            position: relative;\n            overflow: hidden;\n        }\n        \n        .landing-right::before {\n            content: \'\';\n            position: absolute;\n            top: -50%;\n            right: -50%;\n            width: 100%;\n            height: 100%;\n            background: radial-gradient(circle, rgba(99, 102, 241, 0.1) 0%, transparent 60%);\n        }\n        \n        .login-container {\n            width: 100%;\n            max-width: 380px;\n            padding: 40px;\n            position: relative;\n            z-index: 1;\n        }\n        \n        .login-card {\n            background: var(--bg-tertiary);\n            border: 1px solid var(--border-subtle);\n            border-radius: 20px;\n            padding: 40px;\n            box-shadow: 0 25px 50px -12px rgba(0, 0, 0, 0.4);\n        }\n        \n        .login-header {\n            text-align: center;\n            margin-bottom: 32px;\n        }\n        \n        .login-header h2 {\n            font-size: 20px;\n            font-weight: 600;\n            margin-bottom: 8px;\n        }\n        \n        .login-header p {\n            color: var(--text-muted);\n            font-size: 14px;\n        }\n        \n        .form-group { margin-bottom: 20px; }\n        \n        .form-group label {\n            display: block;\n            margin-bottom: 8px;\n            font-weight: 500;\n            color: var(--text-secondary);\n            font-size: 13px;\n        }\n        \n        .form-control {\n            width: 100%;\n            padding: 14px 16px;\n            background: #1a1a2e !important;\n            border: 1px solid #3f3f46 !important;\n            border-radius: 12px;\n            font-size: 14px;\n            color: #ffffff !important;\n            transition: all 0.2s ease;\n        }\n\n        .form-control:focus {\n            outline: none;\n            border-color: var(--accent-primary) !important;\n            box-shadow: 0 0 0 4px rgba(99, 102, 241, 0.15);\n            background: #16162a !important;\n            color: #ffffff !important;\n        }\n\n        .form-control::placeholder { color: #6b7280 !important; }\n        \n        /* Fix para autocomplete - evita fundo branco/amarelo */\n        .form-control:-webkit-autofill,\n        .form-control:-webkit-autofill:hover,\n        .form-control:-webkit-autofill:focus {\n            -webkit-text-fill-color: #ffffff !important;\n            -webkit-box-shadow: 0 0 0px 1000px #1a1a2e inset !important;\n            transition: background-color 5000s ease-in-out 0s;\n        }\n        \n        .btn-login {\n            width: 100%;\n            padding: 16px;\n            background: var(--gradient-primary);\n            border: none;\n            border-radius: 12px;\n            color: white;\n            font-size: 15px;\n            font-weight: 600;\n            cursor: pointer;\n            transition: all 0.2s ease;\n            margin-top: 8px;\n            box-shadow: 0 4px 16px rgba(99, 102, 241, 0.35);\n        }\n        \n        .btn-login:hover {\n            transform: translateY(-2px);\n            box-shadow: 0 8px 24px rgba(99, 102, 241, 0.45);\n        }\n        \n        .demo-notice {\n            text-align: center;\n            margin-top: 20px;\n            padding: 12px;\n            background: rgba(245, 158, 11, 0.1);\n            border: 1px solid rgba(245, 158, 11, 0.2);\n            border-radius: 10px;\n            font-size: 12px;\n            color: #fbbf24;\n        }\n        \n        .alert {\n            padding: 14px 18px;\n            border-radius: 12px;\n            margin-bottom: 20px;\n            font-size: 13px;\n            display: flex;\n            align-items: center;\n            gap: 10px;\n            border: 1px solid transparent;\n        }\n        \n        .alert-success { background: rgba(34, 197, 94, 0.1); color: #4ade80; border-color: rgba(34, 197, 94, 0.2); }\n        .alert-danger { background: rgba(239, 68, 68, 0.1); color: #f87171; border-color: rgba(239, 68, 68, 0.2); }\n    &lt;/style&gt;\n&lt;/head&gt;\n&lt;body&gt;\n    &lt;div class="landing-container"&gt;\n        &lt;div class="landing-left"&gt;\n            &lt;div class="brand"&gt;\n                &lt;div class="brand-logo"&gt;\n                    &lt;i class="bi bi-building"&gt;&lt;/i&gt;\n                &lt;/div&gt;\n                &lt;h1&gt;OBRAS PRO&lt;/h1&gt;\n            &lt;/div&gt;\n            \n            &lt;div class="hero-text"&gt;\n                &lt;div class="cta-badge"&gt;\n                    &lt;i class="bi bi-patch-check-fill"&gt;&lt;/i&gt;\n                    Solucao lider em gestao de obras\n                &lt;/div&gt;\n                &lt;h2&gt;Controle financeiro &lt;span&gt;inteligente&lt;/span&gt; para sua construtora&lt;/h2&gt;\n                &lt;p&gt;Gerencie or\xc3\xa7amentos, acompanhe gastos em tempo real e tome decis\xc3\xb5es baseadas em dados. O sistema que growing construtoras confiam.&lt;/p&gt;\n            &lt;/div&gt;\n            \n            &lt;div class="benefits-grid"&gt;\n                &lt;div class="benefit-card"&gt;\n                    &lt;div class="benefit-icon purple"&gt;\n                        &lt;i class="bi bi-graph-up-arrow"&gt;&lt;/i&gt;\n                    &lt;/div&gt;\n                    &lt;h3&gt;Dashboard Inteligente&lt;/h3&gt;\n                    &lt;p&gt;Visualize receitas, despesas e alertas em tempo real com gr\xc3\xa1ficos interativos.&lt;/p&gt;\n                &lt;/div&gt;\n                \n                &lt;div class="benefit-card"&gt;\n                    &lt;div class="benefit-icon green"&gt;\n                        &lt;i class="bi bi-exclamation-triangle"&gt;&lt;/i&gt;\n                    &lt;/div&gt;\n                    &lt;h3&gt;Alertas Automaticos&lt;/h3&gt;\n                    &lt;p&gt;Receba avisos quando uma obra ultrapassar o or\xc3\xa7amento ou prazo.&lt;/p&gt;\n                &lt;/div&gt;\n                \n                &lt;div class="benefit-card"&gt;\n                    &lt;div class="benefit-icon yellow"&gt;\n                        &lt;i class="bi bi-robot"&gt;&lt;/i&gt;\n                    &lt;/div&gt;\n                    &lt;h3&gt;Assistente IA&lt;/h3&gt;\n                    &lt;p&gt;Pergunte ao sistema e receba an\xc3\xa1lises financeiras autom\xc3\xa1ticas.&lt;/p&gt;\n                &lt;/div&gt;\n                \n                &lt;div class="benefit-card"&gt;\n                    &lt;div class="benefit-icon pink"&gt;\n                        &lt;i class="bi bi-file-earmark-spreadsheet"&gt;&lt;/i&gt;\n                    &lt;/div&gt;\n                    &lt;h3&gt;Relat\xc3\xb3rios Export\xc3\xa1veis&lt;/h3&gt;\n                    &lt;p&gt;Exporte dados para Excel e apresente a investidores e clientes.&lt;/p&gt;\n                &lt;/div&gt;\n            &lt;/div&gt;\n        &lt;/div&gt;\n        \n        &lt;div class="landing-right"&gt;\n            &lt;div class="login-container"&gt;\n                &lt;div class="login-card"&gt;\n                    &lt;div class="login-header"&gt;\n                        &lt;h2&gt;Bem-vindo de volta&lt;/h2&gt;\n                        &lt;p&gt;Acesse sua conta para continuar&lt;/p&gt;\n                    &lt;/div&gt;\n                    \n                    \n                        \n                            \n                                &lt;div class="alert alert-danger"&gt;\n                                    &lt;i class="bi bi-x-circle-fill"&gt;&lt;/i&gt;\n                                    \n                                    Email inv\xc3\xa1lido.\n                                &lt;/div&gt;\n                            \n                        \n                    \n                    \n                    &lt;form method="POST" action="/auth/login"&gt;\n                &lt;input type="hidden" name="csrf_token" value="IjBiMjAwYTY5ODNjMGM4OWFjNmQxNGEzZmEyZTQ4MmFlMTAwN2UwNGIi.aeDsTQ.qFu7epSngDu0iv91JDUNDbOhp3U"&gt;\n                        &lt;div class="form-group"&gt;\n                            &lt;label for="email"&gt;Email&lt;/label&gt;\n                            &lt;input type="email" class="form-control" id="email" name="email" placeholder="seu@email.com" required&gt;\n                        &lt;/div&gt;\n                        \n                        &lt;div class="form-group"&gt;\n                            &lt;label for="senha"&gt;Senha&lt;/label&gt;\n                            &lt;div style="position: relative;"&gt;\n                                &lt;input type="password" class="form-control" id="senha" name="senha" placeholder="Sua senha" required style="padding-right: 45px;"&gt;\n                                &lt;button type="button" onclick="togglePassword()" style="position: absolute; right: 10px; top: 50%; transform: translateY(-50%); background: none; border: none; color: var(--text-muted); cursor: pointer;"&gt;\n                                    &lt;i class="bi bi-eye" id="eyeIcon"&gt;&lt;/i&gt;\n                                &lt;/button&gt;\n                            &lt;/div&gt;\n                        &lt;/div&gt;\n                        \n                        &lt;div class="form-group"&gt;\n                            &lt;div class="form-check"&gt;\n                                &lt;input type="checkbox" class="form-check-input" id="lembrar" name="lembrar" value="1"&gt;\n                                &lt;label class="form-check-label" for="lembrar" style="font-weight: normal; color: var(--text-secondary);"&gt;\n                                    Lembrar-me por 30 dias\n                                &lt;/label&gt;\n                            &lt;/div&gt;\n                        &lt;/div&gt;\n                        \n                        &lt;button type="submit" class="btn-login"&gt;\n                            &lt;i class="bi bi-arrow-right-short me-2"&gt;&lt;/i&gt;\n                            Entrar no Sistema\n                        &lt;/button&gt;\n                    &lt;/form&gt;\n                    \n                    &lt;div style="display: flex; justify-content: space-between; margin-top: 20px;"&gt;\n                        &lt;a href="#" onclick="document.getElementById(\'esqueceuSenhaModal\').style.display=\'flex\'; return false;" style="color: var(--text-muted); font-size: 13px; text-decoration: none;"&gt;\n                            &lt;i class="bi bi-question-circle me-1"&gt;&lt;/i&gt;Esqueceu a senha?\n                        &lt;/a&gt;\n                        &lt;a href="/auth/empresa/nova" style="color: var(--accent-primary-hover); font-size: 13px; text-decoration: none;"&gt;\n                            &lt;i class="bi bi-person-plus me-1"&gt;&lt;/i&gt;Criar nova conta\n                        &lt;/a&gt;\n                    &lt;/div&gt;\n                &lt;/div&gt;\n            &lt;/div&gt;\n        &lt;/div&gt;\n    &lt;/div&gt;\n    \n    &lt;!-- Modal Esqueceu a Senha --&gt;\n    &lt;div id="esqueceuSenhaModal" style="display: none; position: fixed; top: 0; left: 0; width: 100%; height: 100%; background: rgba(0,0,0,0.85); z-index: 1000; align-items: center; justify-content: center;"&gt;\n        &lt;div style="background: var(--bg-secondary); border: 1px solid var(--border-subtle); border-radius: 16px; padding: 30px; max-width: 380px; width: 90%; position: relative;"&gt;\n            &lt;button onclick="document.getElementById(\'esqueceuSenhaModal\').style.display=\'none\'" style="position: absolute; top: 15px; right: 15px; background: none; border: none; color: var(--text-muted); font-size: 20px; cursor: pointer;"&gt;\n                &lt;i class="bi bi-x-lg"&gt;&lt;/i&gt;\n            &lt;/button&gt;\n            &lt;h3 style="margin-bottom: 15px; color: var(--text-primary); font-size: 18px;"&gt;\n                &lt;i class="bi bi-key me-2"&gt;&lt;/i&gt;Recuperar Senha\n            &lt;/h3&gt;\n            &lt;p style="color: var(--text-secondary); font-size: 13px; margin-bottom: 20px;"&gt;\n                Digite seu email para gerar uma nova senha tempor\xc3\xa1ria.\n            &lt;/p&gt;\n            &lt;form method="POST" action="/auth/recuperar-senha"&gt;\n                &lt;input type="hidden" name="csrf_token" value="IjBiMjAwYTY5ODNjMGM4OWFjNmQxNGEzZmEyZTQ4MmFlMTAwN2UwNGIi.aeDsTQ.qFu7epSngDu0iv91JDUNDbOhp3U"&gt;\n                &lt;div class="form-group"&gt;\n                    &lt;label for="email_recuperar"&gt;Email&lt;/label&gt;\n                    &lt;input type="email" class="form-control" id="email_recuperar" name="email" placeholder="seu@email.com" required&gt;\n                &lt;/div&gt;\n                &lt;div class="form-group"&gt;\n                    &lt;label for="empresa_recuperar"&gt;Empresa (slug)&lt;/label&gt;\n                    &lt;input type="text" class="form-control" id="empresa_recuperar" name="empresa" placeholder="sua-empresa" required&gt;\n                &lt;/div&gt;\n                &lt;div style="display: flex; gap: 10px;"&gt;\n                    &lt;button type="button" onclick="document.getElementById(\'esqueceuSenhaModal\').style.display=\'none\'" class="btn btn-outline" style="flex: 1; justify-content: center;"&gt;\n                        Cancelar\n                    &lt;/button&gt;\n                    &lt;button type="submit" class="btn btn-primary" style="flex: 1; justify-content: center;"&gt;\n                        &lt;i class="bi bi-send me-2"&gt;&lt;/i&gt;Enviar\n                    &lt;/button&gt;\n                &lt;/div&gt;\n            &lt;/form&gt;\n        &lt;/div&gt;\n    &lt;/div&gt;\n    \n    &lt;script&gt;\n        function togglePassword() {\n            const senhaInput = document.getElementById(\'senha\');\n            const eyeIcon = document.getElementById(\'eyeIcon\');\n            if (senhaInput.type === \'password\') {\n                senhaInput.type = \'text\';\n                eyeIcon.className = \'bi bi-eye-slash\';\n            } else {\n                senhaInput.type = \'password\';\n                eyeIcon.className = \'bi bi-eye\';\n            }\n        }\n    &lt;/script&gt;\n&lt;/body&gt;\n&lt;/html&gt;' = &lt;WrapperTestResponse 19785 bytes [200 OK]&gt;.data
E    +  and   b'&lt;!doctype html&gt;\n&lt;html lang="pt-br"&gt;\n&lt;head&gt;\n    &lt;meta charset="utf-8"&gt;\n    &lt;meta name="viewport" content="width=device-width, initial-scale=1.0"&gt;\n    &lt;title&gt;obras pro - gestao de obras professional&lt;/title&gt;\n    &lt;link href="https://cdn.jsdelivr.net/npm/bootstrap@5.3.0/dist/css/bootstrap.min.css" rel="stylesheet"&gt;\n    &lt;link rel="stylesheet" href="https://cdn.jsdelivr.net/npm/bootstrap-icons@1.11.0/font/bootstrap-icons.css"&gt;\n    &lt;link href="https://fonts.googleapis.com/css2?family=inter:wght@300;400;500;600;700;800&amp;display=swap" rel="stylesheet"&gt;\n    &lt;style&gt;\n        :root {\n            --bg-primary: #09090b;\n            --bg-secondary: #18181b;\n            --bg-tertiary: #27272a;\n            --accent-primary: #6366f1;\n            --accent-primary-hover: #818cf8;\n            --accent-secondary: #a855f7;\n            --accent-green: #22c55e;\n            --text-primary: #fafafa;\n            --text-secondary: #a1a1aa;\n            --text-muted: #71717a;\n            --border-subtle: #27272a;\n            --border-default: #3f3f46;\n            --gradient-primary: linear-gradient(135deg, #6366f1 0%, #8b5cf6 100%);\n            --gradient-green: linear-gradient(135deg, #22c55e 0%, #16a34a 100%);\n        }\n        \n        * { margin: 0; padding: 0; box-sizing: border-box; }\n        \n        body {\n            font-family: \'inter\', -apple-system, blinkmacsystemfont, sans-serif;\n            background: var(--bg-primary);\n            min-height: 100vh;\n            color: var(--text-primary);\n            background-image: \n                radial-gradient(ellipse at top left, rgba(99, 102, 241, 0.2) 0%, transparent 50%),\n                radial-gradient(ellipse at bottom right, rgba(168, 85, 247, 0.15) 0%, transparent 50%),\n                radial-gradient(ellipse at bottom, rgba(34, 197, 94, 0.1) 0%, transparent 50%);\n        }\n        \n        .landing-container {\n            min-height: 100vh;\n            display: grid;\n            grid-template-columns: 1fr 1fr;\n        }\n        \n        @media (max-width: 992px) {\n            .landing-container { grid-template-columns: 1fr; }\n            .landing-right { display: none; }\n        }\n        \n        /* left side - benefits */\n        .landing-left {\n            padding: 60px;\n            display: flex;\n            flex-direction: column;\n            justify-content: flex-start;\n            max-width: 700px;\n            margin: 0 auto;\n            overflow-y: auto;\n            max-height: 100vh;\n            /* scrollbar sempre vis\xc3\xadvel */\n            scrollbar-width: thin;\n            scrollbar-color: #6366f1 #1e1e2f;\n        }\n        \n        /* scrollbar webkit (chrome, edge, safari) */\n        .landing-left::-webkit-scrollbar {\n            width: 14px;\n            display: block;\n        }\n        .landing-left::-webkit-scrollbar-track {\n            background: #1e1e2f;\n            border-radius: 10px;\n            margin: 20px 0;\n            border: 2px solid #1e1e2f;\n        }\n        .landing-left::-webkit-scrollbar-thumb {\n            background: linear-gradient(180deg, #6366f1, #8b5cf6);\n            border-radius: 10px;\n            border: 3px solid #1e1e2f;\n            min-height: 60px;\n        }\n        .landing-left::-webkit-scrollbar-thumb:hover {\n            background: linear-gradient(180deg, #818cf8, #a78bfa);\n        }\n        \n        .brand {\n            display: flex;\n            align-items: center;\n            gap: 14px;\n            margin-bottom: 50px;\n        }\n        \n        .brand-logo {\n            width: 52px;\n            height: 52px;\n            background: var(--gradient-primary);\n            border-radius: 14px;\n            display: flex;\n            align-items: center;\n            justify-content: center;\n            font-size: 24px;\n            box-shadow: 0 8px 24px rgba(99, 102, 241, 0.35);\n        }\n        \n        .brand h1 {\n            font-size: 24px;\n            font-weight: 700;\n            letter-spacing: -0.5px;\n            background: linear-gradient(135deg, #fafafa 0%, #a1a1aa 100%);\n            -webkit-background-clip: text;\n            -webkit-text-fill-color: transparent;\n        }\n        \n        .hero-text h2 {\n            font-size: 42px;\n            font-weight: 800;\n            line-height: 1.15;\n            letter-spacing: -1px;\n            margin-bottom: 20px;\n        }\n        \n        .hero-text h2 span {\n            background: var(--gradient-primary);\n            -webkit-background-clip: text;\n            -webkit-text-fill-color: transparent;\n        }\n        \n        .hero-text p {\n            font-size: 18px;\n            color: var(--text-secondary);\n            line-height: 1.6;\n            margin-bottom: 40px;\n        }\n        \n        .benefits-grid {\n            display: grid;\n            grid-template-columns: 1fr 1fr;\n            gap: 20px;\n            margin-bottom: 50px;\n        }\n        \n        .benefit-card {\n            background: var(--bg-secondary);\n            border: 1px solid var(--border-subtle);\n            border-radius: 14px;\n            padding: 24px;\n            transition: all 0.3s ease;\n        }\n        \n        .benefit-card:hover {\n            border-color: var(--accent-primary);\n            transform: translatey(-4px);\n            box-shadow: 0 12px 40px rgba(99, 102, 241, 0.15);\n        }\n        \n        .benefit-icon {\n            width: 44px;\n            height: 44px;\n            border-radius: 12px;\n            display: flex;\n            align-items: center;\n            justify-content: center;\n            font-size: 20px;\n            margin-bottom: 16px;\n        }\n        \n        .benefit-icon.purple { background: rgba(99, 102, 241, 0.15); color: #818cf8; }\n        .benefit-icon.green { background: rgba(34, 197, 94, 0.15); color: #4ade80; }\n        .benefit-icon.yellow { background: rgba(245, 158, 11, 0.15); color: #fbbf24; }\n        .benefit-icon.pink { background: rgba(236, 72, 153, 0.15); color: #f472b6; }\n        \n        .benefit-card h3 {\n            font-size: 15px;\n            font-weight: 600;\n            margin-bottom: 8px;\n        }\n        \n        .benefit-card p {\n            font-size: 13px;\n            color: var(--text-muted);\n            line-height: 1.5;\n            margin: 0;\n        }\n        \n        .cta-badge {\n            display: inline-flex;\n            align-items: center;\n            gap: 8px;\n            background: rgba(34, 197, 94, 0.15);\n            border: 1px solid rgba(34, 197, 94, 0.3);\n            padding: 8px 16px;\n            border-radius: 20px;\n            font-size: 13px;\n            color: #4ade80;\n            margin-bottom: 24px;\n        }\n        \n        /* right side - login */\n        .landing-right {\n            background: var(--bg-secondary);\n            display: flex;\n            align-items: center;\n            justify-content: center;\n            border-left: 1px solid var(--border-subtle);\n            position: relative;\n            overflow: hidden;\n        }\n        \n        .landing-right::before {\n            content: \'\';\n            position: absolute;\n            top: -50%;\n            right: -50%;\n            width: 100%;\n            height: 100%;\n            background: radial-gradient(circle, rgba(99, 102, 241, 0.1) 0%, transparent 60%);\n        }\n        \n        .login-container {\n            width: 100%;\n            max-width: 380px;\n            padding: 40px;\n            position: relative;\n            z-index: 1;\n        }\n        \n        .login-card {\n            background: var(--bg-tertiary);\n            border: 1px solid var(--border-subtle);\n            border-radius: 20px;\n            padding: 40px;\n            box-shadow: 0 25px 50px -12px rgba(0, 0, 0, 0.4);\n        }\n        \n        .login-header {\n            text-align: center;\n            margin-bottom: 32px;\n        }\n        \n        .login-header h2 {\n            font-size: 20px;\n            font-weight: 600;\n            margin-bottom: 8px;\n        }\n        \n        .login-header p {\n            color: var(--text-muted);\n            font-size: 14px;\n        }\n        \n        .form-group { margin-bottom: 20px; }\n        \n        .form-group label {\n            display: block;\n            margin-bottom: 8px;\n            font-weight: 500;\n            color: var(--text-secondary);\n            font-size: 13px;\n        }\n        \n        .form-control {\n            width: 100%;\n            padding: 14px 16px;\n            background: #1a1a2e !important;\n            border: 1px solid #3f3f46 !important;\n            border-radius: 12px;\n            font-size: 14px;\n            color: #ffffff !important;\n            transition: all 0.2s ease;\n        }\n\n        .form-control:focus {\n            outline: none;\n            border-color: var(--accent-primary) !important;\n            box-shadow: 0 0 0 4px rgba(99, 102, 241, 0.15);\n            background: #16162a !important;\n            color: #ffffff !important;\n        }\n\n        .form-control::placeholder { color: #6b7280 !important; }\n        \n        /* fix para autocomplete - evita fundo branco/amarelo */\n        .form-control:-webkit-autofill,\n        .form-control:-webkit-autofill:hover,\n        .form-control:-webkit-autofill:focus {\n            -webkit-text-fill-color: #ffffff !important;\n            -webkit-box-shadow: 0 0 0px 1000px #1a1a2e inset !important;\n            transition: background-color 5000s ease-in-out 0s;\n        }\n        \n        .btn-login {\n            width: 100%;\n            padding: 16px;\n            background: var(--gradient-primary);\n            border: none;\n            border-radius: 12px;\n            color: white;\n            font-size: 15px;\n            font-weight: 600;\n            cursor: pointer;\n            transition: all 0.2s ease;\n            margin-top: 8px;\n            box-shadow: 0 4px 16px rgba(99, 102, 241, 0.35);\n        }\n        \n        .btn-login:hover {\n            transform: translatey(-2px);\n            box-shadow: 0 8px 24px rgba(99, 102, 241, 0.45);\n        }\n        \n        .demo-notice {\n            text-align: center;\n            margin-top: 20px;\n            padding: 12px;\n            background: rgba(245, 158, 11, 0.1);\n            border: 1px solid rgba(245, 158, 11, 0.2);\n            border-radius: 10px;\n            font-size: 12px;\n            color: #fbbf24;\n        }\n        \n        .alert {\n            padding: 14px 18px;\n            border-radius: 12px;\n            margin-bottom: 20px;\n            font-size: 13px;\n            display: flex;\n            align-items: center;\n            gap: 10px;\n            border: 1px solid transparent;\n        }\n        \n        .alert-success { background: rgba(34, 197, 94, 0.1); color: #4ade80; border-color: rgba(34, 197, 94, 0.2); }\n        .alert-danger { background: rgba(239, 68, 68, 0.1); color: #f87171; border-color: rgba(239, 68, 68, 0.2); }\n    &lt;/style&gt;\n&lt;/head&gt;\n&lt;body&gt;\n    &lt;div class="landing-container"&gt;\n        &lt;div class="landing-left"&gt;\n            &lt;div class="brand"&gt;\n                &lt;div class="brand-logo"&gt;\n                    &lt;i class="bi bi-building"&gt;&lt;/i&gt;\n                &lt;/div&gt;\n                &lt;h1&gt;obras pro&lt;/h1&gt;\n            &lt;/div&gt;\n            \n            &lt;div class="hero-text"&gt;\n                &lt;div class="cta-badge"&gt;\n                    &lt;i class="bi bi-patch-check-fill"&gt;&lt;/i&gt;\n                    solucao lider em gestao de obras\n                &lt;/div&gt;\n                &lt;h2&gt;controle financeiro &lt;span&gt;inteligente&lt;/span&gt; para sua construtora&lt;/h2&gt;\n                &lt;p&gt;gerencie or\xc3\xa7amentos, acompanhe gastos em tempo real e tome decis\xc3\xb5es baseadas em dados. o sistema que growing construtoras confiam.&lt;/p&gt;\n            &lt;/div&gt;\n            \n            &lt;div class="benefits-grid"&gt;\n                &lt;div class="benefit-card"&gt;\n                    &lt;div class="benefit-icon purple"&gt;\n                        &lt;i class="bi bi-graph-up-arrow"&gt;&lt;/i&gt;\n                    &lt;/div&gt;\n                    &lt;h3&gt;dashboard inteligente&lt;/h3&gt;\n                    &lt;p&gt;visualize receitas, despesas e alertas em tempo real com gr\xc3\xa1ficos interativos.&lt;/p&gt;\n                &lt;/div&gt;\n                \n                &lt;div class="benefit-card"&gt;\n                    &lt;div class="benefit-icon green"&gt;\n                        &lt;i class="bi bi-exclamation-triangle"&gt;&lt;/i&gt;\n                    &lt;/div&gt;\n                    &lt;h3&gt;alertas automaticos&lt;/h3&gt;\n                    &lt;p&gt;receba avisos quando uma obra ultrapassar o or\xc3\xa7amento ou prazo.&lt;/p&gt;\n                &lt;/div&gt;\n                \n                &lt;div class="benefit-card"&gt;\n                    &lt;div class="benefit-icon yellow"&gt;\n                        &lt;i class="bi bi-robot"&gt;&lt;/i&gt;\n                    &lt;/div&gt;\n                    &lt;h3&gt;assistente ia&lt;/h3&gt;\n                    &lt;p&gt;pergunte ao sistema e receba an\xc3\xa1lises financeiras autom\xc3\xa1ticas.&lt;/p&gt;\n                &lt;/div&gt;\n                \n                &lt;div class="benefit-card"&gt;\n                    &lt;div class="benefit-icon pink"&gt;\n                        &lt;i class="bi bi-file-earmark-spreadsheet"&gt;&lt;/i&gt;\n                    &lt;/div&gt;\n                    &lt;h3&gt;relat\xc3\xb3rios export\xc3\xa1veis&lt;/h3&gt;\n                    &lt;p&gt;exporte dados para excel e apresente a investidores e clientes.&lt;/p&gt;\n                &lt;/div&gt;\n            &lt;/div&gt;\n        &lt;/div&gt;\n        \n        &lt;div class="landing-right"&gt;\n            &lt;div class="login-container"&gt;\n                &lt;div class="login-card"&gt;\n                    &lt;div class="login-header"&gt;\n                        &lt;h2&gt;bem-vindo de volta&lt;/h2&gt;\n                        &lt;p&gt;acesse sua conta para continuar&lt;/p&gt;\n                    &lt;/div&gt;\n                    \n                    \n                        \n                            \n                                &lt;div class="alert alert-danger"&gt;\n                                    &lt;i class="bi bi-x-circle-fill"&gt;&lt;/i&gt;\n                                    \n                                    email inv\xc3\xa1lido.\n                                &lt;/div&gt;\n                            \n                        \n                    \n                    \n                    &lt;form method="post" action="/auth/login"&gt;\n                &lt;input type="hidden" name="csrf_token" value="ijbimjawyty5odnjmgm4owfjnmqxngezzmeyztq4mmflmtawn2uwngii.aedstq.qfu7epsngdu0iv91jdundbohp3u"&gt;\n                        &lt;div class="form-group"&gt;\n                            &lt;label for="email"&gt;email&lt;/label&gt;\n                            &lt;input type="email" class="form-control" id="email" name="email" placeholder="seu@email.com" required&gt;\n                        &lt;/div&gt;\n                        \n                        &lt;div class="form-group"&gt;\n                            &lt;label for="senha"&gt;senha&lt;/label&gt;\n                            &lt;div style="position: relative;"&gt;\n                                &lt;input type="password" class="form-control" id="senha" name="senha" placeholder="sua senha" required style="padding-right: 45px;"&gt;\n                                &lt;button type="button" onclick="togglepassword()" style="position: absolute; right: 10px; top: 50%; transform: translatey(-50%); background: none; border: none; color: var(--text-muted); cursor: pointer;"&gt;\n                                    &lt;i class="bi bi-eye" id="eyeicon"&gt;&lt;/i&gt;\n                                &lt;/button&gt;\n                            &lt;/div&gt;\n                        &lt;/div&gt;\n                        \n                        &lt;div class="form-group"&gt;\n                            &lt;div class="form-check"&gt;\n                                &lt;input type="checkbox" class="form-check-input" id="lembrar" name="lembrar" value="1"&gt;\n                                &lt;label class="form-check-label" for="lembrar" style="font-weight: normal; color: var(--text-secondary);"&gt;\n                                    lembrar-me por 30 dias\n                                &lt;/label&gt;\n                            &lt;/div&gt;\n                        &lt;/div&gt;\n                        \n                        &lt;button type="submit" class="btn-login"&gt;\n                            &lt;i class="bi bi-arrow-right-short me-2"&gt;&lt;/i&gt;\n                            entrar no sistema\n                        &lt;/button&gt;\n                    &lt;/form&gt;\n                    \n                    &lt;div style="display: flex; justify-content: space-between; margin-top: 20px;"&gt;\n                        &lt;a href="#" onclick="document.getelementbyid(\'esqueceusenhamodal\').style.display=\'flex\'; return false;" style="color: var(--text-muted); font-size: 13px; text-decoration: none;"&gt;\n                            &lt;i class="bi bi-question-circle me-1"&gt;&lt;/i&gt;esqueceu a senha?\n                        &lt;/a&gt;\n                        &lt;a href="/auth/empresa/nova" style="color: var(--accent-primary-hover); font-size: 13px; text-decoration: none;"&gt;\n                            &lt;i class="bi bi-person-plus me-1"&gt;&lt;/i&gt;criar nova conta\n                        &lt;/a&gt;\n                    &lt;/div&gt;\n                &lt;/div&gt;\n            &lt;/div&gt;\n        &lt;/div&gt;\n    &lt;/div&gt;\n    \n    &lt;!-- modal esqueceu a senha --&gt;\n    &lt;div id="esqueceusenhamodal" style="display: none; position: fixed; top: 0; left: 0; width: 100%; height: 100%; background: rgba(0,0,0,0.85); z-index: 1000; align-items: center; justify-content: center;"&gt;\n        &lt;div style="background: var(--bg-secondary); border: 1px solid var(--border-subtle); border-radius: 16px; padding: 30px; max-width: 380px; width: 90%; position: relative;"&gt;\n            &lt;button onclick="document.getelementbyid(\'esqueceusenhamodal\').style.display=\'none\'" style="position: absolute; top: 15px; right: 15px; background: none; border: none; color: var(--text-muted); font-size: 20px; cursor: pointer;"&gt;\n                &lt;i class="bi bi-x-lg"&gt;&lt;/i&gt;\n            &lt;/button&gt;\n            &lt;h3 style="margin-bottom: 15px; color: var(--text-primary); font-size: 18px;"&gt;\n                &lt;i class="bi bi-key me-2"&gt;&lt;/i&gt;recuperar senha\n            &lt;/h3&gt;\n            &lt;p style="color: var(--text-secondary); font-size: 13px; margin-bottom: 20px;"&gt;\n                digite seu email para gerar uma nova senha tempor\xc3\xa1ria.\n            &lt;/p&gt;\n            &lt;form method="post" action="/auth/recuperar-senha"&gt;\n                &lt;input type="hidden" name="csrf_token" value="ijbimjawyty5odnjmgm4owfjnmqxngezzmeyztq4mmflmtawn2uwngii.aedstq.qfu7epsngdu0iv91jdundbohp3u"&gt;\n                &lt;div class="form-group"&gt;\n                    &lt;label for="email_recuperar"&gt;email&lt;/label&gt;\n                    &lt;input type="email" class="form-control" id="email_recuperar" name="email" placeholder="seu@email.com" required&gt;\n                &lt;/div&gt;\n                &lt;div class="form-group"&gt;\n                    &lt;label for="empresa_recuperar"&gt;empresa (slug)&lt;/label&gt;\n                    &lt;input type="text" class="form-control" id="empresa_recuperar" name="empresa" placeholder="sua-empresa" required&gt;\n                &lt;/div&gt;\n                &lt;div style="display: flex; gap: 10px;"&gt;\n                    &lt;button type="button" onclick="document.getelementbyid(\'esqueceusenhamodal\').style.display=\'none\'" class="btn btn-outline" style="flex: 1; justify-content: center;"&gt;\n                        cancelar\n                    &lt;/button&gt;\n                    &lt;button type="submit" class="btn btn-primary" style="flex: 1; justify-content: center;"&gt;\n                        &lt;i class="bi bi-send me-2"&gt;&lt;/i&gt;enviar\n                    &lt;/button&gt;\n                &lt;/div&gt;\n            &lt;/form&gt;\n        &lt;/div&gt;\n    &lt;/div&gt;\n    \n    &lt;script&gt;\n        function togglepassword() {\n            const senhainput = document.getelementbyid(\'senha\');\n            const eyeicon = document.getelementbyid(\'eyeicon\');\n            if (senhainput.type === \'password\') {\n                senhainput.type = \'text\';\n                eyeicon.classname = \'bi bi-eye-slash\';\n            } else {\n                senhainput.type = \'password\';\n                eyeicon.classname = \'bi bi-eye\';\n            }\n        }\n    &lt;/script&gt;\n&lt;/body&gt;\n&lt;/html&gt;' = &lt;built-in method lower of bytes object at 0x00000212432B0E10&gt;()
E    +    where &lt;built-in method lower of bytes object at 0x00000212432B0E10&gt; = b'&lt;!DOCTYPE html&gt;\n&lt;html lang="pt-BR"&gt;\n&lt;head&gt;\n    &lt;meta charset="UTF-8"&gt;\n    &lt;meta name="viewport" content="width=device-width, initial-scale=1.0"&gt;\n    &lt;title&gt;OBRAS PRO - Gestao de Obras Professional&lt;/title&gt;\n    &lt;link href="https://cdn.jsdelivr.net/npm/bootstrap@5.3.0/dist/css/bootstrap.min.css" rel="stylesheet"&gt;\n    &lt;link rel="stylesheet" href="https://cdn.jsdelivr.net/npm/bootstrap-icons@1.11.0/font/bootstrap-icons.css"&gt;\n    &lt;link href="https://fonts.googleapis.com/css2?family=Inter:wght@300;400;500;600;700;800&amp;display=swap" rel="stylesheet"&gt;\n    &lt;style&gt;\n        :root {\n            --bg-primary: #09090b;\n            --bg-secondary: #18181b;\n            --bg-tertiary: #27272a;\n            --accent-primary: #6366f1;\n            --accent-primary-hover: #818cf8;\n            --accent-secondary: #a855f7;\n            --accent-green: #22c55e;\n            --text-primary: #fafafa;\n            --text-secondary: #a1a1aa;\n            --text-muted: #71717a;\n            --border-subtle: #27272a;\n            --border-default: #3f3f46;\n            --gradient-primary: linear-gradient(135deg, #6366f1 0%, #8b5cf6 100%);\n            --gradient-green: linear-gradient(135deg, #22c55e 0%, #16a34a 100%);\n        }\n        \n        * { margin: 0; padding: 0; box-sizing: border-box; }\n        \n        body {\n            font-family: \'Inter\', -apple-system, BlinkMacSystemFont, sans-serif;\n            background: var(--bg-primary);\n            min-height: 100vh;\n            color: var(--text-primary);\n            background-image: \n                radial-gradient(ellipse at top left, rgba(99, 102, 241, 0.2) 0%, transparent 50%),\n                radial-gradient(ellipse at bottom right, rgba(168, 85, 247, 0.15) 0%, transparent 50%),\n                radial-gradient(ellipse at bottom, rgba(34, 197, 94, 0.1) 0%, transparent 50%);\n        }\n        \n        .landing-container {\n            min-height: 100vh;\n            display: grid;\n            grid-template-columns: 1fr 1fr;\n        }\n        \n        @media (max-width: 992px) {\n            .landing-container { grid-template-columns: 1fr; }\n            .landing-right { display: none; }\n        }\n        \n        /* Left Side - Benefits */\n        .landing-left {\n            padding: 60px;\n            display: flex;\n            flex-direction: column;\n            justify-content: flex-start;\n            max-width: 700px;\n            margin: 0 auto;\n            overflow-y: auto;\n            max-height: 100vh;\n            /* Scrollbar sempre vis\xc3\xadvel */\n            scrollbar-width: thin;\n            scrollbar-color: #6366f1 #1e1e2f;\n        }\n        \n        /* Scrollbar Webkit (Chrome, Edge, Safari) */\n        .landing-left::-webkit-scrollbar {\n            width: 14px;\n            display: block;\n        }\n        .landing-left::-webkit-scrollbar-track {\n            background: #1e1e2f;\n            border-radius: 10px;\n            margin: 20px 0;\n            border: 2px solid #1e1e2f;\n        }\n        .landing-left::-webkit-scrollbar-thumb {\n            background: linear-gradient(180deg, #6366f1, #8b5cf6);\n            border-radius: 10px;\n            border: 3px solid #1e1e2f;\n            min-height: 60px;\n        }\n        .landing-left::-webkit-scrollbar-thumb:hover {\n            background: linear-gradient(180deg, #818cf8, #a78bfa);\n        }\n        \n        .brand {\n            display: flex;\n            align-items: center;\n            gap: 14px;\n            margin-bottom: 50px;\n        }\n        \n        .brand-logo {\n            width: 52px;\n            height: 52px;\n            background: var(--gradient-primary);\n            border-radius: 14px;\n            display: flex;\n            align-items: center;\n            justify-content: center;\n            font-size: 24px;\n            box-shadow: 0 8px 24px rgba(99, 102, 241, 0.35);\n        }\n        \n        .brand h1 {\n            font-size: 24px;\n            font-weight: 700;\n            letter-spacing: -0.5px;\n            background: linear-gradient(135deg, #fafafa 0%, #a1a1aa 100%);\n            -webkit-background-clip: text;\n            -webkit-text-fill-color: transparent;\n        }\n        \n        .hero-text h2 {\n            font-size: 42px;\n            font-weight: 800;\n            line-height: 1.15;\n            letter-spacing: -1px;\n            margin-bottom: 20px;\n        }\n        \n        .hero-text h2 span {\n            background: var(--gradient-primary);\n            -webkit-background-clip: text;\n            -webkit-text-fill-color: transparent;\n        }\n        \n        .hero-text p {\n            font-size: 18px;\n            color: var(--text-secondary);\n            line-height: 1.6;\n            margin-bottom: 40px;\n        }\n        \n        .benefits-grid {\n            display: grid;\n            grid-template-columns: 1fr 1fr;\n            gap: 20px;\n            margin-bottom: 50px;\n        }\n        \n        .benefit-card {\n            background: var(--bg-secondary);\n            border: 1px solid var(--border-subtle);\n            border-radius: 14px;\n            padding: 24px;\n            transition: all 0.3s ease;\n        }\n        \n        .benefit-card:hover {\n            border-color: var(--accent-primary);\n            transform: translateY(-4px);\n            box-shadow: 0 12px 40px rgba(99, 102, 241, 0.15);\n        }\n        \n        .benefit-icon {\n            width: 44px;\n            height: 44px;\n            border-radius: 12px;\n            display: flex;\n            align-items: center;\n            justify-content: center;\n            font-size: 20px;\n            margin-bottom: 16px;\n        }\n        \n        .benefit-icon.purple { background: rgba(99, 102, 241, 0.15); color: #818cf8; }\n        .benefit-icon.green { background: rgba(34, 197, 94, 0.15); color: #4ade80; }\n        .benefit-icon.yellow { background: rgba(245, 158, 11, 0.15); color: #fbbf24; }\n        .benefit-icon.pink { background: rgba(236, 72, 153, 0.15); color: #f472b6; }\n        \n        .benefit-card h3 {\n            font-size: 15px;\n            font-weight: 600;\n            margin-bottom: 8px;\n        }\n        \n        .benefit-card p {\n            font-size: 13px;\n            color: var(--text-muted);\n            line-height: 1.5;\n            margin: 0;\n        }\n        \n        .cta-badge {\n            display: inline-flex;\n            align-items: center;\n            gap: 8px;\n            background: rgba(34, 197, 94, 0.15);\n            border: 1px solid rgba(34, 197, 94, 0.3);\n            padding: 8px 16px;\n            border-radius: 20px;\n            font-size: 13px;\n            color: #4ade80;\n            margin-bottom: 24px;\n        }\n        \n        /* Right Side - Login */\n        .landing-right {\n            background: var(--bg-secondary);\n            display: flex;\n            align-items: center;\n            justify-content: center;\n            border-left: 1px solid var(--border-subtle);\n            position: relative;\n            overflow: hidden;\n        }\n        \n        .landing-right::before {\n            content: \'\';\n            position: absolute;\n            top: -50%;\n            right: -50%;\n            width: 100%;\n            height: 100%;\n            background: radial-gradient(circle, rgba(99, 102, 241, 0.1) 0%, transparent 60%);\n        }\n        \n        .login-container {\n            width: 100%;\n            max-width: 380px;\n            padding: 40px;\n            position: relative;\n            z-index: 1;\n        }\n        \n        .login-card {\n            background: var(--bg-tertiary);\n            border: 1px solid var(--border-subtle);\n            border-radius: 20px;\n            padding: 40px;\n            box-shadow: 0 25px 50px -12px rgba(0, 0, 0, 0.4);\n        }\n        \n        .login-header {\n            text-align: center;\n            margin-bottom: 32px;\n        }\n        \n        .login-header h2 {\n            font-size: 20px;\n            font-weight: 600;\n            margin-bottom: 8px;\n        }\n        \n        .login-header p {\n            color: var(--text-muted);\n            font-size: 14px;\n        }\n        \n        .form-group { margin-bottom: 20px; }\n        \n        .form-group label {\n            display: block;\n            margin-bottom: 8px;\n            font-weight: 500;\n            color: var(--text-secondary);\n            font-size: 13px;\n        }\n        \n        .form-control {\n            width: 100%;\n            padding: 14px 16px;\n            background: #1a1a2e !important;\n            border: 1px solid #3f3f46 !important;\n            border-radius: 12px;\n            font-size: 14px;\n            color: #ffffff !important;\n            transition: all 0.2s ease;\n        }\n\n        .form-control:focus {\n            outline: none;\n            border-color: var(--accent-primary) !important;\n            box-shadow: 0 0 0 4px rgba(99, 102, 241, 0.15);\n            background: #16162a !important;\n            color: #ffffff !important;\n        }\n\n        .form-control::placeholder { color: #6b7280 !important; }\n        \n        /* Fix para autocomplete - evita fundo branco/amarelo */\n        .form-control:-webkit-autofill,\n        .form-control:-webkit-autofill:hover,\n        .form-control:-webkit-autofill:focus {\n            -webkit-text-fill-color: #ffffff !important;\n            -webkit-box-shadow: 0 0 0px 1000px #1a1a2e inset !important;\n            transition: background-color 5000s ease-in-out 0s;\n        }\n        \n        .btn-login {\n            width: 100%;\n            padding: 16px;\n            background: var(--gradient-primary);\n            border: none;\n            border-radius: 12px;\n            color: white;\n            font-size: 15px;\n            font-weight: 600;\n            cursor: pointer;\n            transition: all 0.2s ease;\n            margin-top: 8px;\n            box-shadow: 0 4px 16px rgba(99, 102, 241, 0.35);\n        }\n        \n        .btn-login:hover {\n            transform: translateY(-2px);\n            box-shadow: 0 8px 24px rgba(99, 102, 241, 0.45);\n        }\n        \n        .demo-notice {\n            text-align: center;\n            margin-top: 20px;\n            padding: 12px;\n            background: rgba(245, 158, 11, 0.1);\n            border: 1px solid rgba(245, 158, 11, 0.2);\n            border-radius: 10px;\n            font-size: 12px;\n            color: #fbbf24;\n        }\n        \n        .alert {\n            padding: 14px 18px;\n            border-radius: 12px;\n            margin-bottom: 20px;\n            font-size: 13px;\n            display: flex;\n            align-items: center;\n            gap: 10px;\n            border: 1px solid transparent;\n        }\n        \n        .alert-success { background: rgba(34, 197, 94, 0.1); color: #4ade80; border-color: rgba(34, 197, 94, 0.2); }\n        .alert-danger { background: rgba(239, 68, 68, 0.1); color: #f87171; border-color: rgba(239, 68, 68, 0.2); }\n    &lt;/style&gt;\n&lt;/head&gt;\n&lt;body&gt;\n    &lt;div class="landing-container"&gt;\n        &lt;div class="landing-left"&gt;\n            &lt;div class="brand"&gt;\n                &lt;div class="brand-logo"&gt;\n                    &lt;i class="bi bi-building"&gt;&lt;/i&gt;\n                &lt;/div&gt;\n                &lt;h1&gt;OBRAS PRO&lt;/h1&gt;\n            &lt;/div&gt;\n            \n            &lt;div class="hero-text"&gt;\n                &lt;div class="cta-badge"&gt;\n                    &lt;i class="bi bi-patch-check-fill"&gt;&lt;/i&gt;\n                    Solucao lider em gestao de obras\n                &lt;/div&gt;\n                &lt;h2&gt;Controle financeiro &lt;span&gt;inteligente&lt;/span&gt; para sua construtora&lt;/h2&gt;\n                &lt;p&gt;Gerencie or\xc3\xa7amentos, acompanhe gastos em tempo real e tome decis\xc3\xb5es baseadas em dados. O sistema que growing construtoras confiam.&lt;/p&gt;\n            &lt;/div&gt;\n            \n            &lt;div class="benefits-grid"&gt;\n                &lt;div class="benefit-card"&gt;\n                    &lt;div class="benefit-icon purple"&gt;\n                        &lt;i class="bi bi-graph-up-arrow"&gt;&lt;/i&gt;\n                    &lt;/div&gt;\n                    &lt;h3&gt;Dashboard Inteligente&lt;/h3&gt;\n                    &lt;p&gt;Visualize receitas, despesas e alertas em tempo real com gr\xc3\xa1ficos interativos.&lt;/p&gt;\n                &lt;/div&gt;\n                \n                &lt;div class="benefit-card"&gt;\n                    &lt;div class="benefit-icon green"&gt;\n                        &lt;i class="bi bi-exclamation-triangle"&gt;&lt;/i&gt;\n                    &lt;/div&gt;\n                    &lt;h3&gt;Alertas Automaticos&lt;/h3&gt;\n                    &lt;p&gt;Receba avisos quando uma obra ultrapassar o or\xc3\xa7amento ou prazo.&lt;/p&gt;\n                &lt;/div&gt;\n                \n                &lt;div class="benefit-card"&gt;\n                    &lt;div class="benefit-icon yellow"&gt;\n                        &lt;i class="bi bi-robot"&gt;&lt;/i&gt;\n                    &lt;/div&gt;\n                    &lt;h3&gt;Assistente IA&lt;/h3&gt;\n                    &lt;p&gt;Pergunte ao sistema e receba an\xc3\xa1lises financeiras autom\xc3\xa1ticas.&lt;/p&gt;\n                &lt;/div&gt;\n                \n                &lt;div class="benefit-card"&gt;\n                    &lt;div class="benefit-icon pink"&gt;\n                        &lt;i class="bi bi-file-earmark-spreadsheet"&gt;&lt;/i&gt;\n                    &lt;/div&gt;\n                    &lt;h3&gt;Relat\xc3\xb3rios Export\xc3\xa1veis&lt;/h3&gt;\n                    &lt;p&gt;Exporte dados para Excel e apresente a investidores e clientes.&lt;/p&gt;\n                &lt;/div&gt;\n            &lt;/div&gt;\n        &lt;/div&gt;\n        \n        &lt;div class="landing-right"&gt;\n            &lt;div class="login-container"&gt;\n                &lt;div class="login-card"&gt;\n                    &lt;div class="login-header"&gt;\n                        &lt;h2&gt;Bem-vindo de volta&lt;/h2&gt;\n                        &lt;p&gt;Acesse sua conta para continuar&lt;/p&gt;\n                    &lt;/div&gt;\n                    \n                    \n                        \n                            \n                                &lt;div class="alert alert-danger"&gt;\n                                    &lt;i class="bi bi-x-circle-fill"&gt;&lt;/i&gt;\n                                    \n                                    Email inv\xc3\xa1lido.\n                                &lt;/div&gt;\n                            \n                        \n                    \n                    \n                    &lt;form method="POST" action="/auth/login"&gt;\n                &lt;input type="hidden" name="csrf_token" value="IjBiMjAwYTY5ODNjMGM4OWFjNmQxNGEzZmEyZTQ4MmFlMTAwN2UwNGIi.aeDsTQ.qFu7epSngDu0iv91JDUNDbOhp3U"&gt;\n                        &lt;div class="form-group"&gt;\n                            &lt;label for="email"&gt;Email&lt;/label&gt;\n                            &lt;input type="email" class="form-control" id="email" name="email" placeholder="seu@email.com" required&gt;\n                        &lt;/div&gt;\n                        \n                        &lt;div class="form-group"&gt;\n                            &lt;label for="senha"&gt;Senha&lt;/label&gt;\n                            &lt;div style="position: relative;"&gt;\n                                &lt;input type="password" class="form-control" id="senha" name="senha" placeholder="Sua senha" required style="padding-right: 45px;"&gt;\n                                &lt;button type="button" onclick="togglePassword()" style="position: absolute; right: 10px; top: 50%; transform: translateY(-50%); background: none; border: none; color: var(--text-muted); cursor: pointer;"&gt;\n                                    &lt;i class="bi bi-eye" id="eyeIcon"&gt;&lt;/i&gt;\n                                &lt;/button&gt;\n                            &lt;/div&gt;\n                        &lt;/div&gt;\n                        \n                        &lt;div class="form-group"&gt;\n                            &lt;div class="form-check"&gt;\n                                &lt;input type="checkbox" class="form-check-input" id="lembrar" name="lembrar" value="1"&gt;\n                                &lt;label class="form-check-label" for="lembrar" style="font-weight: normal; color: var(--text-secondary);"&gt;\n                                    Lembrar-me por 30 dias\n                                &lt;/label&gt;\n                            &lt;/div&gt;\n                        &lt;/div&gt;\n                        \n                        &lt;button type="submit" class="btn-login"&gt;\n                            &lt;i class="bi bi-arrow-right-short me-2"&gt;&lt;/i&gt;\n                            Entrar no Sistema\n                        &lt;/button&gt;\n                    &lt;/form&gt;\n                    \n                    &lt;div style="display: flex; justify-content: space-between; margin-top: 20px;"&gt;\n                        &lt;a href="#" onclick="document.getElementById(\'esqueceuSenhaModal\').style.display=\'flex\'; return false;" style="color: var(--text-muted); font-size: 13px; text-decoration: none;"&gt;\n                            &lt;i class="bi bi-question-circle me-1"&gt;&lt;/i&gt;Esqueceu a senha?\n                        &lt;/a&gt;\n                        &lt;a href="/auth/empresa/nova" style="color: var(--accent-primary-hover); font-size: 13px; text-decoration: none;"&gt;\n                            &lt;i class="bi bi-person-plus me-1"&gt;&lt;/i&gt;Criar nova conta\n                        &lt;/a&gt;\n                    &lt;/div&gt;\n                &lt;/div&gt;\n            &lt;/div&gt;\n        &lt;/div&gt;\n    &lt;/div&gt;\n    \n    &lt;!-- Modal Esqueceu a Senha --&gt;\n    &lt;div id="esqueceuSenhaModal" style="display: none; position: fixed; top: 0; left: 0; width: 100%; height: 100%; background: rgba(0,0,0,0.85); z-index: 1000; align-items: center; justify-content: center;"&gt;\n        &lt;div style="background: var(--bg-secondary); border: 1px solid var(--border-subtle); border-radius: 16px; padding: 30px; max-width: 380px; width: 90%; position: relative;"&gt;\n            &lt;button onclick="document.getElementById(\'esqueceuSenhaModal\').style.display=\'none\'" style="position: absolute; top: 15px; right: 15px; background: none; border: none; color: var(--text-muted); font-size: 20px; cursor: pointer;"&gt;\n                &lt;i class="bi bi-x-lg"&gt;&lt;/i&gt;\n            &lt;/button&gt;\n            &lt;h3 style="margin-bottom: 15px; color: var(--text-primary); font-size: 18px;"&gt;\n                &lt;i class="bi bi-key me-2"&gt;&lt;/i&gt;Recuperar Senha\n            &lt;/h3&gt;\n            &lt;p style="color: var(--text-secondary); font-size: 13px; margin-bottom: 20px;"&gt;\n                Digite seu email para gerar uma nova senha tempor\xc3\xa1ria.\n            &lt;/p&gt;\n            &lt;form method="POST" action="/auth/recuperar-senha"&gt;\n                &lt;input type="hidden" name="csrf_token" value="IjBiMjAwYTY5ODNjMGM4OWFjNmQxNGEzZmEyZTQ4MmFlMTAwN2UwNGIi.aeDsTQ.qFu7epSngDu0iv91JDUNDbOhp3U"&gt;\n                &lt;div class="form-group"&gt;\n                    &lt;label for="email_recuperar"&gt;Email&lt;/label&gt;\n                    &lt;input type="email" class="form-control" id="email_recuperar" name="email" placeholder="seu@email.com" required&gt;\n                &lt;/div&gt;\n                &lt;div class="form-group"&gt;\n                    &lt;label for="empresa_recuperar"&gt;Empresa (slug)&lt;/label&gt;\n                    &lt;input type="text" class="form-control" id="empresa_recuperar" name="empresa" placeholder="sua-empresa" required&gt;\n                &lt;/div&gt;\n                &lt;div style="display: flex; gap: 10px;"&gt;\n                    &lt;button type="button" onclick="document.getElementById(\'esqueceuSenhaModal\').style.display=\'none\'" class="btn btn-outline" style="flex: 1; justify-content: center;"&gt;\n                        Cancelar\n                    &lt;/button&gt;\n                    &lt;button type="submit" class="btn btn-primary" style="flex: 1; justify-content: center;"&gt;\n                        &lt;i class="bi bi-send me-2"&gt;&lt;/i&gt;Enviar\n                    &lt;/button&gt;\n                &lt;/div&gt;\n            &lt;/form&gt;\n        &lt;/div&gt;\n    &lt;/div&gt;\n    \n    &lt;script&gt;\n        function togglePassword() {\n            const senhaInput = document.getElementById(\'senha\');\n            const eyeIcon = document.getElementById(\'eyeIcon\');\n            if (senhaInput.type === \'password\') {\n                senhaInput.type = \'text\';\n                eyeIcon.className = \'bi bi-eye-slash\';\n            } else {\n                senhaInput.type = \'password\';\n                eyeIcon.className = \'bi bi-eye\';\n            }\n        }\n    &lt;/script&gt;\n&lt;/body&gt;\n&lt;/html&gt;'.lower
E    +      where b'&lt;!DOCTYPE html&gt;\n&lt;html lang="pt-BR"&gt;\n&lt;head&gt;\n    &lt;meta charset="UTF-8"&gt;\n    &lt;meta name="viewport" content="width=device-width, initial-scale=1.0"&gt;\n    &lt;title&gt;OBRAS PRO - Gestao de Obras Professional&lt;/title&gt;\n    &lt;link href="https://cdn.jsdelivr.net/npm/bootstrap@5.3.0/dist/css/bootstrap.min.css" rel="stylesheet"&gt;\n    &lt;link rel="stylesheet" href="https://cdn.jsdelivr.net/npm/bootstrap-icons@1.11.0/font/bootstrap-icons.css"&gt;\n    &lt;link href="https://fonts.googleapis.com/css2?family=Inter:wght@300;400;500;600;700;800&amp;display=swap" rel="stylesheet"&gt;\n    &lt;style&gt;\n        :root {\n            --bg-primary: #09090b;\n            --bg-secondary: #18181b;\n            --bg-tertiary: #27272a;\n            --accent-primary: #6366f1;\n            --accent-primary-hover: #818cf8;\n            --accent-secondary: #a855f7;\n            --accent-green: #22c55e;\n            --text-primary: #fafafa;\n            --text-secondary: #a1a1aa;\n            --text-muted: #71717a;\n            --border-subtle: #27272a;\n            --border-default: #3f3f46;\n            --gradient-primary: linear-gradient(135deg, #6366f1 0%, #8b5cf6 100%);\n            --gradient-green: linear-gradient(135deg, #22c55e 0%, #16a34a 100%);\n        }\n        \n        * { margin: 0; padding: 0; box-sizing: border-box; }\n        \n        body {\n            font-family: \'Inter\', -apple-system, BlinkMacSystemFont, sans-serif;\n            background: var(--bg-primary);\n            min-height: 100vh;\n            color: var(--text-primary);\n            background-image: \n                radial-gradient(ellipse at top left, rgba(99, 102, 241, 0.2) 0%, transparent 50%),\n                radial-gradient(ellipse at bottom right, rgba(168, 85, 247, 0.15) 0%, transparent 50%),\n                radial-gradient(ellipse at bottom, rgba(34, 197, 94, 0.1) 0%, transparent 50%);\n        }\n        \n        .landing-container {\n            min-height: 100vh;\n            display: grid;\n            grid-template-columns: 1fr 1fr;\n        }\n        \n        @media (max-width: 992px) {\n            .landing-container { grid-template-columns: 1fr; }\n            .landing-right { display: none; }\n        }\n        \n        /* Left Side - Benefits */\n        .landing-left {\n            padding: 60px;\n            display: flex;\n            flex-direction: column;\n            justify-content: flex-start;\n            max-width: 700px;\n            margin: 0 auto;\n            overflow-y: auto;\n            max-height: 100vh;\n            /* Scrollbar sempre vis\xc3\xadvel */\n            scrollbar-width: thin;\n            scrollbar-color: #6366f1 #1e1e2f;\n        }\n        \n        /* Scrollbar Webkit (Chrome, Edge, Safari) */\n        .landing-left::-webkit-scrollbar {\n            width: 14px;\n            display: block;\n        }\n        .landing-left::-webkit-scrollbar-track {\n            background: #1e1e2f;\n            border-radius: 10px;\n            margin: 20px 0;\n            border: 2px solid #1e1e2f;\n        }\n        .landing-left::-webkit-scrollbar-thumb {\n            background: linear-gradient(180deg, #6366f1, #8b5cf6);\n            border-radius: 10px;\n            border: 3px solid #1e1e2f;\n            min-height: 60px;\n        }\n        .landing-left::-webkit-scrollbar-thumb:hover {\n            background: linear-gradient(180deg, #818cf8, #a78bfa);\n        }\n        \n        .brand {\n            display: flex;\n            align-items: center;\n            gap: 14px;\n            margin-bottom: 50px;\n        }\n        \n        .brand-logo {\n            width: 52px;\n            height: 52px;\n            background: var(--gradient-primary);\n            border-radius: 14px;\n            display: flex;\n            align-items: center;\n            justify-content: center;\n            font-size: 24px;\n            box-shadow: 0 8px 24px rgba(99, 102, 241, 0.35);\n        }\n        \n        .brand h1 {\n            font-size: 24px;\n            font-weight: 700;\n            letter-spacing: -0.5px;\n            background: linear-gradient(135deg, #fafafa 0%, #a1a1aa 100%);\n            -webkit-background-clip: text;\n            -webkit-text-fill-color: transparent;\n        }\n        \n        .hero-text h2 {\n            font-size: 42px;\n            font-weight: 800;\n            line-height: 1.15;\n            letter-spacing: -1px;\n            margin-bottom: 20px;\n        }\n        \n        .hero-text h2 span {\n            background: var(--gradient-primary);\n            -webkit-background-clip: text;\n            -webkit-text-fill-color: transparent;\n        }\n        \n        .hero-text p {\n            font-size: 18px;\n            color: var(--text-secondary);\n            line-height: 1.6;\n            margin-bottom: 40px;\n        }\n        \n        .benefits-grid {\n            display: grid;\n            grid-template-columns: 1fr 1fr;\n            gap: 20px;\n            margin-bottom: 50px;\n        }\n        \n        .benefit-card {\n            background: var(--bg-secondary);\n            border: 1px solid var(--border-subtle);\n            border-radius: 14px;\n            padding: 24px;\n            transition: all 0.3s ease;\n        }\n        \n        .benefit-card:hover {\n            border-color: var(--accent-primary);\n            transform: translateY(-4px);\n            box-shadow: 0 12px 40px rgba(99, 102, 241, 0.15);\n        }\n        \n        .benefit-icon {\n            width: 44px;\n            height: 44px;\n            border-radius: 12px;\n            display: flex;\n            align-items: center;\n            justify-content: center;\n            font-size: 20px;\n            margin-bottom: 16px;\n        }\n        \n        .benefit-icon.purple { background: rgba(99, 102, 241, 0.15); color: #818cf8; }\n        .benefit-icon.green { background: rgba(34, 197, 94, 0.15); color: #4ade80; }\n        .benefit-icon.yellow { background: rgba(245, 158, 11, 0.15); color: #fbbf24; }\n        .benefit-icon.pink { background: rgba(236, 72, 153, 0.15); color: #f472b6; }\n        \n        .benefit-card h3 {\n            font-size: 15px;\n            font-weight: 600;\n            margin-bottom: 8px;\n        }\n        \n        .benefit-card p {\n            font-size: 13px;\n            color: var(--text-muted);\n            line-height: 1.5;\n            margin: 0;\n        }\n        \n        .cta-badge {\n            display: inline-flex;\n            align-items: center;\n            gap: 8px;\n            background: rgba(34, 197, 94, 0.15);\n            border: 1px solid rgba(34, 197, 94, 0.3);\n            padding: 8px 16px;\n            border-radius: 20px;\n            font-size: 13px;\n            color: #4ade80;\n            margin-bottom: 24px;\n        }\n        \n        /* Right Side - Login */\n        .landing-right {\n            background: var(--bg-secondary);\n            display: flex;\n            align-items: center;\n            justify-content: center;\n            border-left: 1px solid var(--border-subtle);\n            position: relative;\n            overflow: hidden;\n        }\n        \n        .landing-right::before {\n            content: \'\';\n            position: absolute;\n            top: -50%;\n            right: -50%;\n            width: 100%;\n            height: 100%;\n            background: radial-gradient(circle, rgba(99, 102, 241, 0.1) 0%, transparent 60%);\n        }\n        \n        .login-container {\n            width: 100%;\n            max-width: 380px;\n            padding: 40px;\n            position: relative;\n            z-index: 1;\n        }\n        \n        .login-card {\n            background: var(--bg-tertiary);\n            border: 1px solid var(--border-subtle);\n            border-radius: 20px;\n            padding: 40px;\n            box-shadow: 0 25px 50px -12px rgba(0, 0, 0, 0.4);\n        }\n        \n        .login-header {\n            text-align: center;\n            margin-bottom: 32px;\n        }\n        \n        .login-header h2 {\n            font-size: 20px;\n            font-weight: 600;\n            margin-bottom: 8px;\n        }\n        \n        .login-header p {\n            color: var(--text-muted);\n            font-size: 14px;\n        }\n        \n        .form-group { margin-bottom: 20px; }\n        \n        .form-group label {\n            display: block;\n            margin-bottom: 8px;\n            font-weight: 500;\n            color: var(--text-secondary);\n            font-size: 13px;\n        }\n        \n        .form-control {\n            width: 100%;\n            padding: 14px 16px;\n            background: #1a1a2e !important;\n            border: 1px solid #3f3f46 !important;\n            border-radius: 12px;\n            font-size: 14px;\n            color: #ffffff !important;\n            transition: all 0.2s ease;\n        }\n\n        .form-control:focus {\n            outline: none;\n            border-color: var(--accent-primary) !important;\n            box-shadow: 0 0 0 4px rgba(99, 102, 241, 0.15);\n            background: #16162a !important;\n            color: #ffffff !important;\n        }\n\n        .form-control::placeholder { color: #6b7280 !important; }\n        \n        /* Fix para autocomplete - evita fundo branco/amarelo */\n        .form-control:-webkit-autofill,\n        .form-control:-webkit-autofill:hover,\n        .form-control:-webkit-autofill:focus {\n            -webkit-text-fill-color: #ffffff !important;\n            -webkit-box-shadow: 0 0 0px 1000px #1a1a2e inset !important;\n            transition: background-color 5000s ease-in-out 0s;\n        }\n        \n        .btn-login {\n            width: 100%;\n            padding: 16px;\n            background: var(--gradient-primary);\n            border: none;\n            border-radius: 12px;\n            color: white;\n            font-size: 15px;\n            font-weight: 600;\n            cursor: pointer;\n            transition: all 0.2s ease;\n            margin-top: 8px;\n            box-shadow: 0 4px 16px rgba(99, 102, 241, 0.35);\n        }\n        \n        .btn-login:hover {\n            transform: translateY(-2px);\n            box-shadow: 0 8px 24px rgba(99, 102, 241, 0.45);\n        }\n        \n        .demo-notice {\n            text-align: center;\n            margin-top: 20px;\n            padding: 12px;\n            background: rgba(245, 158, 11, 0.1);\n            border: 1px solid rgba(245, 158, 11, 0.2);\n            border-radius: 10px;\n            font-size: 12px;\n            color: #fbbf24;\n        }\n        \n        .alert {\n            padding: 14px 18px;\n            border-radius: 12px;\n            margin-bottom: 20px;\n            font-size: 13px;\n            display: flex;\n            align-items: center;\n            gap: 10px;\n            border: 1px solid transparent;\n        }\n        \n        .alert-success { background: rgba(34, 197, 94, 0.1); color: #4ade80; border-color: rgba(34, 197, 94, 0.2); }\n        .alert-danger { background: rgba(239, 68, 68, 0.1); color: #f87171; border-color: rgba(239, 68, 68, 0.2); }\n    &lt;/style&gt;\n&lt;/head&gt;\n&lt;body&gt;\n    &lt;div class="landing-container"&gt;\n        &lt;div class="landing-left"&gt;\n            &lt;div class="brand"&gt;\n                &lt;div class="brand-logo"&gt;\n                    &lt;i class="bi bi-building"&gt;&lt;/i&gt;\n                &lt;/div&gt;\n                &lt;h1&gt;OBRAS PRO&lt;/h1&gt;\n            &lt;/div&gt;\n            \n            &lt;div class="hero-text"&gt;\n                &lt;div class="cta-badge"&gt;\n                    &lt;i class="bi bi-patch-check-fill"&gt;&lt;/i&gt;\n                    Solucao lider em gestao de obras\n                &lt;/div&gt;\n                &lt;h2&gt;Controle financeiro &lt;span&gt;inteligente&lt;/span&gt; para sua construtora&lt;/h2&gt;\n                &lt;p&gt;Gerencie or\xc3\xa7amentos, acompanhe gastos em tempo real e tome decis\xc3\xb5es baseadas em dados. O sistema que growing construtoras confiam.&lt;/p&gt;\n            &lt;/div&gt;\n            \n            &lt;div class="benefits-grid"&gt;\n                &lt;div class="benefit-card"&gt;\n                    &lt;div class="benefit-icon purple"&gt;\n                        &lt;i class="bi bi-graph-up-arrow"&gt;&lt;/i&gt;\n                    &lt;/div&gt;\n                    &lt;h3&gt;Dashboard Inteligente&lt;/h3&gt;\n                    &lt;p&gt;Visualize receitas, despesas e alertas em tempo real com gr\xc3\xa1ficos interativos.&lt;/p&gt;\n                &lt;/div&gt;\n                \n                &lt;div class="benefit-card"&gt;\n                    &lt;div class="benefit-icon green"&gt;\n                        &lt;i class="bi bi-exclamation-triangle"&gt;&lt;/i&gt;\n                    &lt;/div&gt;\n                    &lt;h3&gt;Alertas Automaticos&lt;/h3&gt;\n                    &lt;p&gt;Receba avisos quando uma obra ultrapassar o or\xc3\xa7amento ou prazo.&lt;/p&gt;\n                &lt;/div&gt;\n                \n                &lt;div class="benefit-card"&gt;\n                    &lt;div class="benefit-icon yellow"&gt;\n                        &lt;i class="bi bi-robot"&gt;&lt;/i&gt;\n                    &lt;/div&gt;\n                    &lt;h3&gt;Assistente IA&lt;/h3&gt;\n                    &lt;p&gt;Pergunte ao sistema e receba an\xc3\xa1lises financeiras autom\xc3\xa1ticas.&lt;/p&gt;\n                &lt;/div&gt;\n                \n                &lt;div class="benefit-card"&gt;\n                    &lt;div class="benefit-icon pink"&gt;\n                        &lt;i class="bi bi-file-earmark-spreadsheet"&gt;&lt;/i&gt;\n                    &lt;/div&gt;\n                    &lt;h3&gt;Relat\xc3\xb3rios Export\xc3\xa1veis&lt;/h3&gt;\n                    &lt;p&gt;Exporte dados para Excel e apresente a investidores e clientes.&lt;/p&gt;\n                &lt;/div&gt;\n            &lt;/div&gt;\n        &lt;/div&gt;\n        \n        &lt;div class="landing-right"&gt;\n            &lt;div class="login-container"&gt;\n                &lt;div class="login-card"&gt;\n                    &lt;div class="login-header"&gt;\n                        &lt;h2&gt;Bem-vindo de volta&lt;/h2&gt;\n                        &lt;p&gt;Acesse sua conta para continuar&lt;/p&gt;\n                    &lt;/div&gt;\n                    \n                    \n                        \n                            \n                                &lt;div class="alert alert-danger"&gt;\n                                    &lt;i class="bi bi-x-circle-fill"&gt;&lt;/i&gt;\n                                    \n                                    Email inv\xc3\xa1lido.\n                                &lt;/div&gt;\n                            \n                        \n                    \n                    \n                    &lt;form method="POST" action="/auth/login"&gt;\n                &lt;input type="hidden" name="csrf_token" value="IjBiMjAwYTY5ODNjMGM4OWFjNmQxNGEzZmEyZTQ4MmFlMTAwN2UwNGIi.aeDsTQ.qFu7epSngDu0iv91JDUNDbOhp3U"&gt;\n                        &lt;div class="form-group"&gt;\n                            &lt;label for="email"&gt;Email&lt;/label&gt;\n                            &lt;input type="email" class="form-control" id="email" name="email" placeholder="seu@email.com" required&gt;\n                        &lt;/div&gt;\n                        \n                        &lt;div class="form-group"&gt;\n                            &lt;label for="senha"&gt;Senha&lt;/label&gt;\n                            &lt;div style="position: relative;"&gt;\n                                &lt;input type="password" class="form-control" id="senha" name="senha" placeholder="Sua senha" required style="padding-right: 45px;"&gt;\n                                &lt;button type="button" onclick="togglePassword()" style="position: absolute; right: 10px; top: 50%; transform: translateY(-50%); background: none; border: none; color: var(--text-muted); cursor: pointer;"&gt;\n                                    &lt;i class="bi bi-eye" id="eyeIcon"&gt;&lt;/i&gt;\n                                &lt;/button&gt;\n                            &lt;/div&gt;\n                        &lt;/div&gt;\n                        \n                        &lt;div class="form-group"&gt;\n                            &lt;div class="form-check"&gt;\n                                &lt;input type="checkbox" class="form-check-input" id="lembrar" name="lembrar" value="1"&gt;\n                                &lt;label class="form-check-label" for="lembrar" style="font-weight: normal; color: var(--text-secondary);"&gt;\n                                    Lembrar-me por 30 dias\n                                &lt;/label&gt;\n                            &lt;/div&gt;\n                        &lt;/div&gt;\n                        \n                        &lt;button type="submit" class="btn-login"&gt;\n                            &lt;i class="bi bi-arrow-right-short me-2"&gt;&lt;/i&gt;\n                            Entrar no Sistema\n                        &lt;/button&gt;\n                    &lt;/form&gt;\n                    \n                    &lt;div style="display: flex; justify-content: space-between; margin-top: 20px;"&gt;\n                        &lt;a href="#" onclick="document.getElementById(\'esqueceuSenhaModal\').style.display=\'flex\'; return false;" style="color: var(--text-muted); font-size: 13px; text-decoration: none;"&gt;\n                            &lt;i class="bi bi-question-circle me-1"&gt;&lt;/i&gt;Esqueceu a senha?\n                        &lt;/a&gt;\n                        &lt;a href="/auth/empresa/nova" style="color: var(--accent-primary-hover); font-size: 13px; text-decoration: none;"&gt;\n                            &lt;i class="bi bi-person-plus me-1"&gt;&lt;/i&gt;Criar nova conta\n                        &lt;/a&gt;\n                    &lt;/div&gt;\n                &lt;/div&gt;\n            &lt;/div&gt;\n        &lt;/div&gt;\n    &lt;/div&gt;\n    \n    &lt;!-- Modal Esqueceu a Senha --&gt;\n    &lt;div id="esqueceuSenhaModal" style="display: none; position: fixed; top: 0; left: 0; width: 100%; height: 100%; background: rgba(0,0,0,0.85); z-index: 1000; align-items: center; justify-content: center;"&gt;\n        &lt;div style="background: var(--bg-secondary); border: 1px solid var(--border-subtle); border-radius: 16px; padding: 30px; max-width: 380px; width: 90%; position: relative;"&gt;\n            &lt;button onclick="document.getElementById(\'esqueceuSenhaModal\').style.display=\'none\'" style="position: absolute; top: 15px; right: 15px; background: none; border: none; color: var(--text-muted); font-size: 20px; cursor: pointer;"&gt;\n                &lt;i class="bi bi-x-lg"&gt;&lt;/i&gt;\n            &lt;/button&gt;\n            &lt;h3 style="margin-bottom: 15px; color: var(--text-primary); font-size: 18px;"&gt;\n                &lt;i class="bi bi-key me-2"&gt;&lt;/i&gt;Recuperar Senha\n            &lt;/h3&gt;\n            &lt;p style="color: var(--text-secondary); font-size: 13px; margin-bottom: 20px;"&gt;\n                Digite seu email para gerar uma nova senha tempor\xc3\xa1ria.\n            &lt;/p&gt;\n            &lt;form method="POST" action="/auth/recuperar-senha"&gt;\n                &lt;input type="hidden" name="csrf_token" value="IjBiMjAwYTY5ODNjMGM4OWFjNmQxNGEzZmEyZTQ4MmFlMTAwN2UwNGIi.aeDsTQ.qFu7epSngDu0iv91JDUNDbOhp3U"&gt;\n                &lt;div class="form-group"&gt;\n                    &lt;label for="email_recuperar"&gt;Email&lt;/label&gt;\n                    &lt;input type="email" class="form-control" id="email_recuperar" name="email" placeholder="seu@email.com" required&gt;\n                &lt;/div&gt;\n                &lt;div class="form-group"&gt;\n                    &lt;label for="empresa_recuperar"&gt;Empresa (slug)&lt;/label&gt;\n                    &lt;input type="text" class="form-control" id="empresa_recuperar" name="empresa" placeholder="sua-empresa" required&gt;\n                &lt;/div&gt;\n                &lt;div style="display: flex; gap: 10px;"&gt;\n                    &lt;button type="button" onclick="document.getElementById(\'esqueceuSenhaModal\').style.display=\'none\'" class="btn btn-outline" style="flex: 1; justify-content: center;"&gt;\n                        Cancelar\n                    &lt;/button&gt;\n                    &lt;button type="submit" class="btn btn-primary" style="flex: 1; justify-content: center;"&gt;\n                        &lt;i class="bi bi-send me-2"&gt;&lt;/i&gt;Enviar\n                    &lt;/button&gt;\n                &lt;/div&gt;\n            &lt;/form&gt;\n        &lt;/div&gt;\n    &lt;/div&gt;\n    \n    &lt;script&gt;\n        function togglePassword() {\n            const senhaInput = document.getElementById(\'senha\');\n            const eyeIcon = document.getElementById(\'eyeIcon\');\n            if (senhaInput.type === \'password\') {\n                senhaInput.type = \'text\';\n                eyeIcon.className = \'bi bi-eye-slash\';\n            } else {\n                senhaInput.type = \'password\';\n                eyeIcon.className = \'bi bi-eye\';\n            }\n        }\n    &lt;/script&gt;\n&lt;/body&gt;\n&lt;/html&gt;' = &lt;WrapperTestResponse 19785 bytes [200 OK]&gt;.data
E    +  and   b'&lt;!doctype html&gt;\n&lt;html lang="pt-br"&gt;\n&lt;head&gt;\n    &lt;meta charset="utf-8"&gt;\n    &lt;meta name="viewport" content="width=device-width, initial-scale=1.0"&gt;\n    &lt;title&gt;obras pro - gestao de obras professional&lt;/title&gt;\n    &lt;link href="https://cdn.jsdelivr.net/npm/bootstrap@5.3.0/dist/css/bootstrap.min.css" rel="stylesheet"&gt;\n    &lt;link rel="stylesheet" href="https://cdn.jsdelivr.net/npm/bootstrap-icons@1.11.0/font/bootstrap-icons.css"&gt;\n    &lt;link href="https://fonts.googleapis.com/css2?family=inter:wght@300;400;500;600;700;800&amp;display=swap" rel="stylesheet"&gt;\n    &lt;style&gt;\n        :root {\n            --bg-primary: #09090b;\n            --bg-secondary: #18181b;\n            --bg-tertiary: #27272a;\n            --accent-primary: #6366f1;\n            --accent-primary-hover: #818cf8;\n            --accent-secondary: #a855f7;\n            --accent-green: #22c55e;\n            --text-primary: #fafafa;\n            --text-secondary: #a1a1aa;\n            --text-muted: #71717a;\n            --border-subtle: #27272a;\n            --border-default: #3f3f46;\n            --gradient-primary: linear-gradient(135deg, #6366f1 0%, #8b5cf6 100%);\n            --gradient-green: linear-gradient(135deg, #22c55e 0%, #16a34a 100%);\n        }\n        \n        * { margin: 0; padding: 0; box-sizing: border-box; }\n        \n        body {\n            font-family: \'inter\', -apple-system, blinkmacsystemfont, sans-serif;\n            background: var(--bg-primary);\n            min-height: 100vh;\n            color: var(--text-primary);\n            background-image: \n                radial-gradient(ellipse at top left, rgba(99, 102, 241, 0.2) 0%, transparent 50%),\n                radial-gradient(ellipse at bottom right, rgba(168, 85, 247, 0.15) 0%, transparent 50%),\n                radial-gradient(ellipse at bottom, rgba(34, 197, 94, 0.1) 0%, transparent 50%);\n        }\n        \n        .landing-container {\n            min-height: 100vh;\n            display: grid;\n            grid-template-columns: 1fr 1fr;\n        }\n        \n        @media (max-width: 992px) {\n            .landing-container { grid-template-columns: 1fr; }\n            .landing-right { display: none; }\n        }\n        \n        /* left side - benefits */\n        .landing-left {\n            padding: 60px;\n            display: flex;\n            flex-direction: column;\n            justify-content: flex-start;\n            max-width: 700px;\n            margin: 0 auto;\n            overflow-y: auto;\n            max-height: 100vh;\n            /* scrollbar sempre vis\xc3\xadvel */\n            scrollbar-width: thin;\n            scrollbar-color: #6366f1 #1e1e2f;\n        }\n        \n        /* scrollbar webkit (chrome, edge, safari) */\n        .landing-left::-webkit-scrollbar {\n            width: 14px;\n            display: block;\n        }\n        .landing-left::-webkit-scrollbar-track {\n            background: #1e1e2f;\n            border-radius: 10px;\n            margin: 20px 0;\n            border: 2px solid #1e1e2f;\n        }\n        .landing-left::-webkit-scrollbar-thumb {\n            background: linear-gradient(180deg, #6366f1, #8b5cf6);\n            border-radius: 10px;\n            border: 3px solid #1e1e2f;\n            min-height: 60px;\n        }\n        .landing-left::-webkit-scrollbar-thumb:hover {\n            background: linear-gradient(180deg, #818cf8, #a78bfa);\n        }\n        \n        .brand {\n            display: flex;\n            align-items: center;\n            gap: 14px;\n            margin-bottom: 50px;\n        }\n        \n        .brand-logo {\n            width: 52px;\n            height: 52px;\n            background: var(--gradient-primary);\n            border-radius: 14px;\n            display: flex;\n            align-items: center;\n            justify-content: center;\n            font-size: 24px;\n            box-shadow: 0 8px 24px rgba(99, 102, 241, 0.35);\n        }\n        \n        .brand h1 {\n            font-size: 24px;\n            font-weight: 700;\n            letter-spacing: -0.5px;\n            background: linear-gradient(135deg, #fafafa 0%, #a1a1aa 100%);\n            -webkit-background-clip: text;\n            -webkit-text-fill-color: transparent;\n        }\n        \n        .hero-text h2 {\n            font-size: 42px;\n            font-weight: 800;\n            line-height: 1.15;\n            letter-spacing: -1px;\n            margin-bottom: 20px;\n        }\n        \n        .hero-text h2 span {\n            background: var(--gradient-primary);\n            -webkit-background-clip: text;\n            -webkit-text-fill-color: transparent;\n        }\n        \n        .hero-text p {\n            font-size: 18px;\n            color: var(--text-secondary);\n            line-height: 1.6;\n            margin-bottom: 40px;\n        }\n        \n        .benefits-grid {\n            display: grid;\n            grid-template-columns: 1fr 1fr;\n            gap: 20px;\n            margin-bottom: 50px;\n        }\n        \n        .benefit-card {\n            background: var(--bg-secondary);\n            border: 1px solid var(--border-subtle);\n            border-radius: 14px;\n            padding: 24px;\n            transition: all 0.3s ease;\n        }\n        \n        .benefit-card:hover {\n            border-color: var(--accent-primary);\n            transform: translatey(-4px);\n            box-shadow: 0 12px 40px rgba(99, 102, 241, 0.15);\n        }\n        \n        .benefit-icon {\n            width: 44px;\n            height: 44px;\n            border-radius: 12px;\n            display: flex;\n            align-items: center;\n            justify-content: center;\n            font-size: 20px;\n            margin-bottom: 16px;\n        }\n        \n        .benefit-icon.purple { background: rgba(99, 102, 241, 0.15); color: #818cf8; }\n        .benefit-icon.green { background: rgba(34, 197, 94, 0.15); color: #4ade80; }\n        .benefit-icon.yellow { background: rgba(245, 158, 11, 0.15); color: #fbbf24; }\n        .benefit-icon.pink { background: rgba(236, 72, 153, 0.15); color: #f472b6; }\n        \n        .benefit-card h3 {\n            font-size: 15px;\n            font-weight: 600;\n            margin-bottom: 8px;\n        }\n        \n        .benefit-card p {\n            font-size: 13px;\n            color: var(--text-muted);\n            line-height: 1.5;\n            margin: 0;\n        }\n        \n        .cta-badge {\n            display: inline-flex;\n            align-items: center;\n            gap: 8px;\n            background: rgba(34, 197, 94, 0.15);\n            border: 1px solid rgba(34, 197, 94, 0.3);\n            padding: 8px 16px;\n            border-radius: 20px;\n            font-size: 13px;\n            color: #4ade80;\n            margin-bottom: 24px;\n        }\n        \n        /* right side - login */\n        .landing-right {\n            background: var(--bg-secondary);\n            display: flex;\n            align-items: center;\n            justify-content: center;\n            border-left: 1px solid var(--border-subtle);\n            position: relative;\n            overflow: hidden;\n        }\n        \n        .landing-right::before {\n            content: \'\';\n            position: absolute;\n            top: -50%;\n            right: -50%;\n            width: 100%;\n            height: 100%;\n            background: radial-gradient(circle, rgba(99, 102, 241, 0.1) 0%, transparent 60%);\n        }\n        \n        .login-container {\n            width: 100%;\n            max-width: 380px;\n            padding: 40px;\n            position: relative;\n            z-index: 1;\n        }\n        \n        .login-card {\n            background: var(--bg-tertiary);\n            border: 1px solid var(--border-subtle);\n            border-radius: 20px;\n            padding: 40px;\n            box-shadow: 0 25px 50px -12px rgba(0, 0, 0, 0.4);\n        }\n        \n        .login-header {\n            text-align: center;\n            margin-bottom: 32px;\n        }\n        \n        .login-header h2 {\n            font-size: 20px;\n            font-weight: 600;\n            margin-bottom: 8px;\n        }\n        \n        .login-header p {\n            color: var(--text-muted);\n            font-size: 14px;\n        }\n        \n        .form-group { margin-bottom: 20px; }\n        \n        .form-group label {\n            display: block;\n            margin-bottom: 8px;\n            font-weight: 500;\n            color: var(--text-secondary);\n            font-size: 13px;\n        }\n        \n        .form-control {\n            width: 100%;\n            padding: 14px 16px;\n            background: #1a1a2e !important;\n            border: 1px solid #3f3f46 !important;\n            border-radius: 12px;\n            font-size: 14px;\n            color: #ffffff !important;\n            transition: all 0.2s ease;\n        }\n\n        .form-control:focus {\n            outline: none;\n            border-color: var(--accent-primary) !important;\n            box-shadow: 0 0 0 4px rgba(99, 102, 241, 0.15);\n            background: #16162a !important;\n            color: #ffffff !important;\n        }\n\n        .form-control::placeholder { color: #6b7280 !important; }\n        \n        /* fix para autocomplete - evita fundo branco/amarelo */\n        .form-control:-webkit-autofill,\n        .form-control:-webkit-autofill:hover,\n        .form-control:-webkit-autofill:focus {\n            -webkit-text-fill-color: #ffffff !important;\n            -webkit-box-shadow: 0 0 0px 1000px #1a1a2e inset !important;\n            transition: background-color 5000s ease-in-out 0s;\n        }\n        \n        .btn-login {\n            width: 100%;\n            padding: 16px;\n            background: var(--gradient-primary);\n            border: none;\n            border-radius: 12px;\n            color: white;\n            font-size: 15px;\n            font-weight: 600;\n            cursor: pointer;\n            transition: all 0.2s ease;\n            margin-top: 8px;\n            box-shadow: 0 4px 16px rgba(99, 102, 241, 0.35);\n        }\n        \n        .btn-login:hover {\n            transform: translatey(-2px);\n            box-shadow: 0 8px 24px rgba(99, 102, 241, 0.45);\n        }\n        \n        .demo-notice {\n            text-align: center;\n            margin-top: 20px;\n            padding: 12px;\n            background: rgba(245, 158, 11, 0.1);\n            border: 1px solid rgba(245, 158, 11, 0.2);\n            border-radius: 10px;\n            font-size: 12px;\n            color: #fbbf24;\n        }\n        \n        .alert {\n            padding: 14px 18px;\n            border-radius: 12px;\n            margin-bottom: 20px;\n            font-size: 13px;\n            display: flex;\n            align-items: center;\n            gap: 10px;\n            border: 1px solid transparent;\n        }\n        \n        .alert-success { background: rgba(34, 197, 94, 0.1); color: #4ade80; border-color: rgba(34, 197, 94, 0.2); }\n        .alert-danger { background: rgba(239, 68, 68, 0.1); color: #f87171; border-color: rgba(239, 68, 68, 0.2); }\n    &lt;/style&gt;\n&lt;/head&gt;\n&lt;body&gt;\n    &lt;div class="landing-container"&gt;\n        &lt;div class="landing-left"&gt;\n            &lt;div class="brand"&gt;\n                &lt;div class="brand-logo"&gt;\n                    &lt;i class="bi bi-building"&gt;&lt;/i&gt;\n                &lt;/div&gt;\n                &lt;h1&gt;obras pro&lt;/h1&gt;\n            &lt;/div&gt;\n            \n            &lt;div class="hero-text"&gt;\n                &lt;div class="cta-badge"&gt;\n                    &lt;i class="bi bi-patch-check-fill"&gt;&lt;/i&gt;\n                    solucao lider em gestao de obras\n                &lt;/div&gt;\n                &lt;h2&gt;controle financeiro &lt;span&gt;inteligente&lt;/span&gt; para sua construtora&lt;/h2&gt;\n                &lt;p&gt;gerencie or\xc3\xa7amentos, acompanhe gastos em tempo real e tome decis\xc3\xb5es baseadas em dados. o sistema que growing construtoras confiam.&lt;/p&gt;\n            &lt;/div&gt;\n            \n            &lt;div class="benefits-grid"&gt;\n                &lt;div class="benefit-card"&gt;\n                    &lt;div class="benefit-icon purple"&gt;\n                        &lt;i class="bi bi-graph-up-arrow"&gt;&lt;/i&gt;\n                    &lt;/div&gt;\n                    &lt;h3&gt;dashboard inteligente&lt;/h3&gt;\n                    &lt;p&gt;visualize receitas, despesas e alertas em tempo real com gr\xc3\xa1ficos interativos.&lt;/p&gt;\n                &lt;/div&gt;\n                \n                &lt;div class="benefit-card"&gt;\n                    &lt;div class="benefit-icon green"&gt;\n                        &lt;i class="bi bi-exclamation-triangle"&gt;&lt;/i&gt;\n                    &lt;/div&gt;\n                    &lt;h3&gt;alertas automaticos&lt;/h3&gt;\n                    &lt;p&gt;receba avisos quando uma obra ultrapassar o or\xc3\xa7amento ou prazo.&lt;/p&gt;\n                &lt;/div&gt;\n                \n                &lt;div class="benefit-card"&gt;\n                    &lt;div class="benefit-icon yellow"&gt;\n                        &lt;i class="bi bi-robot"&gt;&lt;/i&gt;\n                    &lt;/div&gt;\n                    &lt;h3&gt;assistente ia&lt;/h3&gt;\n                    &lt;p&gt;pergunte ao sistema e receba an\xc3\xa1lises financeiras autom\xc3\xa1ticas.&lt;/p&gt;\n                &lt;/div&gt;\n                \n                &lt;div class="benefit-card"&gt;\n                    &lt;div class="benefit-icon pink"&gt;\n                        &lt;i class="bi bi-file-earmark-spreadsheet"&gt;&lt;/i&gt;\n                    &lt;/div&gt;\n                    &lt;h3&gt;relat\xc3\xb3rios export\xc3\xa1veis&lt;/h3&gt;\n                    &lt;p&gt;exporte dados para excel e apresente a investidores e clientes.&lt;/p&gt;\n                &lt;/div&gt;\n            &lt;/div&gt;\n        &lt;/div&gt;\n        \n        &lt;div class="landing-right"&gt;\n            &lt;div class="login-container"&gt;\n                &lt;div class="login-card"&gt;\n                    &lt;div class="login-header"&gt;\n                        &lt;h2&gt;bem-vindo de volta&lt;/h2&gt;\n                        &lt;p&gt;acesse sua conta para continuar&lt;/p&gt;\n                    &lt;/div&gt;\n                    \n                    \n                        \n                            \n                                &lt;div class="alert alert-danger"&gt;\n                                    &lt;i class="bi bi-x-circle-fill"&gt;&lt;/i&gt;\n                                    \n                                    email inv\xc3\xa1lido.\n                                &lt;/div&gt;\n                            \n                        \n                    \n                    \n                    &lt;form method="post" action="/auth/login"&gt;\n                &lt;input type="hidden" name="csrf_token" value="ijbimjawyty5odnjmgm4owfjnmqxngezzmeyztq4mmflmtawn2uwngii.aedstq.qfu7epsngdu0iv91jdundbohp3u"&gt;\n                        &lt;div class="form-group"&gt;\n                            &lt;label for="email"&gt;email&lt;/label&gt;\n                            &lt;input type="email" class="form-control" id="email" name="email" placeholder="seu@email.com" required&gt;\n                        &lt;/div&gt;\n                        \n                        &lt;div class="form-group"&gt;\n                            &lt;label for="senha"&gt;senha&lt;/label&gt;\n                            &lt;div style="position: relative;"&gt;\n                                &lt;input type="password" class="form-control" id="senha" name="senha" placeholder="sua senha" required style="padding-right: 45px;"&gt;\n                                &lt;button type="button" onclick="togglepassword()" style="position: absolute; right: 10px; top: 50%; transform: translatey(-50%); background: none; border: none; color: var(--text-muted); cursor: pointer;"&gt;\n                                    &lt;i class="bi bi-eye" id="eyeicon"&gt;&lt;/i&gt;\n                                &lt;/button&gt;\n                            &lt;/div&gt;\n                        &lt;/div&gt;\n                        \n                        &lt;div class="form-group"&gt;\n                            &lt;div class="form-check"&gt;\n                                &lt;input type="checkbox" class="form-check-input" id="lembrar" name="lembrar" value="1"&gt;\n                                &lt;label class="form-check-label" for="lembrar" style="font-weight: normal; color: var(--text-secondary);"&gt;\n                                    lembrar-me por 30 dias\n                                &lt;/label&gt;\n                            &lt;/div&gt;\n                        &lt;/div&gt;\n                        \n                        &lt;button type="submit" class="btn-login"&gt;\n                            &lt;i class="bi bi-arrow-right-short me-2"&gt;&lt;/i&gt;\n                            entrar no sistema\n                        &lt;/button&gt;\n                    &lt;/form&gt;\n                    \n                    &lt;div style="display: flex; justify-content: space-between; margin-top: 20px;"&gt;\n                        &lt;a href="#" onclick="document.getelementbyid(\'esqueceusenhamodal\').style.display=\'flex\'; return false;" style="color: var(--text-muted); font-size: 13px; text-decoration: none;"&gt;\n                            &lt;i class="bi bi-question-circle me-1"&gt;&lt;/i&gt;esqueceu a senha?\n                        &lt;/a&gt;\n                        &lt;a href="/auth/empresa/nova" style="color: var(--accent-primary-hover); font-size: 13px; text-decoration: none;"&gt;\n                            &lt;i class="bi bi-person-plus me-1"&gt;&lt;/i&gt;criar nova conta\n                        &lt;/a&gt;\n                    &lt;/div&gt;\n                &lt;/div&gt;\n            &lt;/div&gt;\n        &lt;/div&gt;\n    &lt;/div&gt;\n    \n    &lt;!-- modal esqueceu a senha --&gt;\n    &lt;div id="esqueceusenhamodal" style="display: none; position: fixed; top: 0; left: 0; width: 100%; height: 100%; background: rgba(0,0,0,0.85); z-index: 1000; align-items: center; justify-content: center;"&gt;\n        &lt;div style="background: var(--bg-secondary); border: 1px solid var(--border-subtle); border-radius: 16px; padding: 30px; max-width: 380px; width: 90%; position: relative;"&gt;\n            &lt;button onclick="document.getelementbyid(\'esqueceusenhamodal\').style.display=\'none\'" style="position: absolute; top: 15px; right: 15px; background: none; border: none; color: var(--text-muted); font-size: 20px; cursor: pointer;"&gt;\n                &lt;i class="bi bi-x-lg"&gt;&lt;/i&gt;\n            &lt;/button&gt;\n            &lt;h3 style="margin-bottom: 15px; color: var(--text-primary); font-size: 18px;"&gt;\n                &lt;i class="bi bi-key me-2"&gt;&lt;/i&gt;recuperar senha\n            &lt;/h3&gt;\n            &lt;p style="color: var(--text-secondary); font-size: 13px; margin-bottom: 20px;"&gt;\n                digite seu email para gerar uma nova senha tempor\xc3\xa1ria.\n            &lt;/p&gt;\n            &lt;form method="post" action="/auth/recuperar-senha"&gt;\n                &lt;input type="hidden" name="csrf_token" value="ijbimjawyty5odnjmgm4owfjnmqxngezzmeyztq4mmflmtawn2uwngii.aedstq.qfu7epsngdu0iv91jdundbohp3u"&gt;\n                &lt;div class="form-group"&gt;\n                    &lt;label for="email_recuperar"&gt;email&lt;/label&gt;\n                    &lt;input type="email" class="form-control" id="email_recuperar" name="email" placeholder="seu@email.com" required&gt;\n                &lt;/div&gt;\n                &lt;div class="form-group"&gt;\n                    &lt;label for="empresa_recuperar"&gt;empresa (slug)&lt;/label&gt;\n                    &lt;input type="text" class="form-control" id="empresa_recuperar" name="empresa" placeholder="sua-empresa" required&gt;\n                &lt;/div&gt;\n                &lt;div style="display: flex; gap: 10px;"&gt;\n                    &lt;button type="button" onclick="document.getelementbyid(\'esqueceusenhamodal\').style.display=\'none\'" class="btn btn-outline" style="flex: 1; justify-content: center;"&gt;\n                        cancelar\n                    &lt;/button&gt;\n                    &lt;button type="submit" class="btn btn-primary" style="flex: 1; justify-content: center;"&gt;\n                        &lt;i class="bi bi-send me-2"&gt;&lt;/i&gt;enviar\n                    &lt;/button&gt;\n                &lt;/div&gt;\n            &lt;/form&gt;\n        &lt;/div&gt;\n    &lt;/div&gt;\n    \n    &lt;script&gt;\n        function togglepassword() {\n            const senhainput = document.getelementbyid(\'senha\');\n            const eyeicon = document.getelementbyid(\'eyeicon\');\n            if (senhainput.type === \'password\') {\n                senhainput.type = \'text\';\n                eyeicon.classname = \'bi bi-eye-slash\';\n            } else {\n                senhainput.type = \'password\';\n                eyeicon.classname = \'bi bi-eye\';\n            }\n        }\n    &lt;/script&gt;\n&lt;/body&gt;\n&lt;/html&gt;' = &lt;built-in method lower of bytes object at 0x00000212432B0E10&gt;()
E    +    where &lt;built-in method lower of bytes object at 0x00000212432B0E10&gt; = b'&lt;!DOCTYPE html&gt;\n&lt;html lang="pt-BR"&gt;\n&lt;head&gt;\n    &lt;meta charset="UTF-8"&gt;\n    &lt;meta name="viewport" content="width=device-width, initial-scale=1.0"&gt;\n    &lt;title&gt;OBRAS PRO - Gestao de Obras Professional&lt;/title&gt;\n    &lt;link href="https://cdn.jsdelivr.net/npm/bootstrap@5.3.0/dist/css/bootstrap.min.css" rel="stylesheet"&gt;\n    &lt;link rel="stylesheet" href="https://cdn.jsdelivr.net/npm/bootstrap-icons@1.11.0/font/bootstrap-icons.css"&gt;\n    &lt;link href="https://fonts.googleapis.com/css2?family=Inter:wght@300;400;500;600;700;800&amp;display=swap" rel="stylesheet"&gt;\n    &lt;style&gt;\n        :root {\n            --bg-primary: #09090b;\n            --bg-secondary: #18181b;\n            --bg-tertiary: #27272a;\n            --accent-primary: #6366f1;\n            --accent-primary-hover: #818cf8;\n            --accent-secondary: #a855f7;\n            --accent-green: #22c55e;\n            --text-primary: #fafafa;\n            --text-secondary: #a1a1aa;\n            --text-muted: #71717a;\n            --border-subtle: #27272a;\n            --border-default: #3f3f46;\n            --gradient-primary: linear-gradient(135deg, #6366f1 0%, #8b5cf6 100%);\n            --gradient-green: linear-gradient(135deg, #22c55e 0%, #16a34a 100%);\n        }\n        \n        * { margin: 0; padding: 0; box-sizing: border-box; }\n        \n        body {\n            font-family: \'Inter\', -apple-system, BlinkMacSystemFont, sans-serif;\n            background: var(--bg-primary);\n            min-height: 100vh;\n            color: var(--text-primary);\n            background-image: \n                radial-gradient(ellipse at top left, rgba(99, 102, 241, 0.2) 0%, transparent 50%),\n                radial-gradient(ellipse at bottom right, rgba(168, 85, 247, 0.15) 0%, transparent 50%),\n                radial-gradient(ellipse at bottom, rgba(34, 197, 94, 0.1) 0%, transparent 50%);\n        }\n        \n        .landing-container {\n            min-height: 100vh;\n            display: grid;\n            grid-template-columns: 1fr 1fr;\n        }\n        \n        @media (max-width: 992px) {\n            .landing-container { grid-template-columns: 1fr; }\n            .landing-right { display: none; }\n        }\n        \n        /* Left Side - Benefits */\n        .landing-left {\n            padding: 60px;\n            display: flex;\n            flex-direction: column;\n            justify-content: flex-start;\n            max-width: 700px;\n            margin: 0 auto;\n            overflow-y: auto;\n            max-height: 100vh;\n            /* Scrollbar sempre vis\xc3\xadvel */\n            scrollbar-width: thin;\n            scrollbar-color: #6366f1 #1e1e2f;\n        }\n        \n        /* Scrollbar Webkit (Chrome, Edge, Safari) */\n        .landing-left::-webkit-scrollbar {\n            width: 14px;\n            display: block;\n        }\n        .landing-left::-webkit-scrollbar-track {\n            background: #1e1e2f;\n            border-radius: 10px;\n            margin: 20px 0;\n            border: 2px solid #1e1e2f;\n        }\n        .landing-left::-webkit-scrollbar-thumb {\n            background: linear-gradient(180deg, #6366f1, #8b5cf6);\n            border-radius: 10px;\n            border: 3px solid #1e1e2f;\n            min-height: 60px;\n        }\n        .landing-left::-webkit-scrollbar-thumb:hover {\n            background: linear-gradient(180deg, #818cf8, #a78bfa);\n        }\n        \n        .brand {\n            display: flex;\n            align-items: center;\n            gap: 14px;\n            margin-bottom: 50px;\n        }\n        \n        .brand-logo {\n            width: 52px;\n            height: 52px;\n            background: var(--gradient-primary);\n            border-radius: 14px;\n            display: flex;\n            align-items: center;\n            justify-content: center;\n            font-size: 24px;\n            box-shadow: 0 8px 24px rgba(99, 102, 241, 0.35);\n        }\n        \n        .brand h1 {\n            font-size: 24px;\n            font-weight: 700;\n            letter-spacing: -0.5px;\n            background: linear-gradient(135deg, #fafafa 0%, #a1a1aa 100%);\n            -webkit-background-clip: text;\n            -webkit-text-fill-color: transparent;\n        }\n        \n        .hero-text h2 {\n            font-size: 42px;\n            font-weight: 800;\n            line-height: 1.15;\n            letter-spacing: -1px;\n            margin-bottom: 20px;\n        }\n        \n        .hero-text h2 span {\n            background: var(--gradient-primary);\n            -webkit-background-clip: text;\n            -webkit-text-fill-color: transparent;\n        }\n        \n        .hero-text p {\n            font-size: 18px;\n            color: var(--text-secondary);\n            line-height: 1.6;\n            margin-bottom: 40px;\n        }\n        \n        .benefits-grid {\n            display: grid;\n            grid-template-columns: 1fr 1fr;\n            gap: 20px;\n            margin-bottom: 50px;\n        }\n        \n        .benefit-card {\n            background: var(--bg-secondary);\n            border: 1px solid var(--border-subtle);\n            border-radius: 14px;\n            padding: 24px;\n            transition: all 0.3s ease;\n        }\n        \n        .benefit-card:hover {\n            border-color: var(--accent-primary);\n            transform: translateY(-4px);\n            box-shadow: 0 12px 40px rgba(99, 102, 241, 0.15);\n        }\n        \n        .benefit-icon {\n            width: 44px;\n            height: 44px;\n            border-radius: 12px;\n            display: flex;\n            align-items: center;\n            justify-content: center;\n            font-size: 20px;\n            margin-bottom: 16px;\n        }\n        \n        .benefit-icon.purple { background: rgba(99, 102, 241, 0.15); color: #818cf8; }\n        .benefit-icon.green { background: rgba(34, 197, 94, 0.15); color: #4ade80; }\n        .benefit-icon.yellow { background: rgba(245, 158, 11, 0.15); color: #fbbf24; }\n        .benefit-icon.pink { background: rgba(236, 72, 153, 0.15); color: #f472b6; }\n        \n        .benefit-card h3 {\n            font-size: 15px;\n            font-weight: 600;\n            margin-bottom: 8px;\n        }\n        \n        .benefit-card p {\n            font-size: 13px;\n            color: var(--text-muted);\n            line-height: 1.5;\n            margin: 0;\n        }\n        \n        .cta-badge {\n            display: inline-flex;\n            align-items: center;\n            gap: 8px;\n            background: rgba(34, 197, 94, 0.15);\n            border: 1px solid rgba(34, 197, 94, 0.3);\n            padding: 8px 16px;\n            border-radius: 20px;\n            font-size: 13px;\n            color: #4ade80;\n            margin-bottom: 24px;\n        }\n        \n        /* Right Side - Login */\n        .landing-right {\n            background: var(--bg-secondary);\n            display: flex;\n            align-items: center;\n            justify-content: center;\n            border-left: 1px solid var(--border-subtle);\n            position: relative;\n            overflow: hidden;\n        }\n        \n        .landing-right::before {\n            content: \'\';\n            position: absolute;\n            top: -50%;\n            right: -50%;\n            width: 100%;\n            height: 100%;\n            background: radial-gradient(circle, rgba(99, 102, 241, 0.1) 0%, transparent 60%);\n        }\n        \n        .login-container {\n            width: 100%;\n            max-width: 380px;\n            padding: 40px;\n            position: relative;\n            z-index: 1;\n        }\n        \n        .login-card {\n            background: var(--bg-tertiary);\n            border: 1px solid var(--border-subtle);\n            border-radius: 20px;\n            padding: 40px;\n            box-shadow: 0 25px 50px -12px rgba(0, 0, 0, 0.4);\n        }\n        \n        .login-header {\n            text-align: center;\n            margin-bottom: 32px;\n        }\n        \n        .login-header h2 {\n            font-size: 20px;\n            font-weight: 600;\n            margin-bottom: 8px;\n        }\n        \n        .login-header p {\n            color: var(--text-muted);\n            font-size: 14px;\n        }\n        \n        .form-group { margin-bottom: 20px; }\n        \n        .form-group label {\n            display: block;\n            margin-bottom: 8px;\n            font-weight: 500;\n            color: var(--text-secondary);\n            font-size: 13px;\n        }\n        \n        .form-control {\n            width: 100%;\n            padding: 14px 16px;\n            background: #1a1a2e !important;\n            border: 1px solid #3f3f46 !important;\n            border-radius: 12px;\n            font-size: 14px;\n            color: #ffffff !important;\n            transition: all 0.2s ease;\n        }\n\n        .form-control:focus {\n            outline: none;\n            border-color: var(--accent-primary) !important;\n            box-shadow: 0 0 0 4px rgba(99, 102, 241, 0.15);\n            background: #16162a !important;\n            color: #ffffff !important;\n        }\n\n        .form-control::placeholder { color: #6b7280 !important; }\n        \n        /* Fix para autocomplete - evita fundo branco/amarelo */\n        .form-control:-webkit-autofill,\n        .form-control:-webkit-autofill:hover,\n        .form-control:-webkit-autofill:focus {\n            -webkit-text-fill-color: #ffffff !important;\n            -webkit-box-shadow: 0 0 0px 1000px #1a1a2e inset !important;\n            transition: background-color 5000s ease-in-out 0s;\n        }\n        \n        .btn-login {\n            width: 100%;\n            padding: 16px;\n            background: var(--gradient-primary);\n            border: none;\n            border-radius: 12px;\n            color: white;\n            font-size: 15px;\n            font-weight: 600;\n            cursor: pointer;\n            transition: all 0.2s ease;\n            margin-top: 8px;\n            box-shadow: 0 4px 16px rgba(99, 102, 241, 0.35);\n        }\n        \n        .btn-login:hover {\n            transform: translateY(-2px);\n            box-shadow: 0 8px 24px rgba(99, 102, 241, 0.45);\n        }\n        \n        .demo-notice {\n            text-align: center;\n            margin-top: 20px;\n            padding: 12px;\n            background: rgba(245, 158, 11, 0.1);\n            border: 1px solid rgba(245, 158, 11, 0.2);\n            border-radius: 10px;\n            font-size: 12px;\n            color: #fbbf24;\n        }\n        \n        .alert {\n            padding: 14px 18px;\n            border-radius: 12px;\n            margin-bottom: 20px;\n            font-size: 13px;\n            display: flex;\n            align-items: center;\n            gap: 10px;\n            border: 1px solid transparent;\n        }\n        \n        .alert-success { background: rgba(34, 197, 94, 0.1); color: #4ade80; border-color: rgba(34, 197, 94, 0.2); }\n        .alert-danger { background: rgba(239, 68, 68, 0.1); color: #f87171; border-color: rgba(239, 68, 68, 0.2); }\n    &lt;/style&gt;\n&lt;/head&gt;\n&lt;body&gt;\n    &lt;div class="landing-container"&gt;\n        &lt;div class="landing-left"&gt;\n            &lt;div class="brand"&gt;\n                &lt;div class="brand-logo"&gt;\n                    &lt;i class="bi bi-building"&gt;&lt;/i&gt;\n                &lt;/div&gt;\n                &lt;h1&gt;OBRAS PRO&lt;/h1&gt;\n            &lt;/div&gt;\n            \n            &lt;div class="hero-text"&gt;\n                &lt;div class="cta-badge"&gt;\n                    &lt;i class="bi bi-patch-check-fill"&gt;&lt;/i&gt;\n                    Solucao lider em gestao de obras\n                &lt;/div&gt;\n                &lt;h2&gt;Controle financeiro &lt;span&gt;inteligente&lt;/span&gt; para sua construtora&lt;/h2&gt;\n                &lt;p&gt;Gerencie or\xc3\xa7amentos, acompanhe gastos em tempo real e tome decis\xc3\xb5es baseadas em dados. O sistema que growing construtoras confiam.&lt;/p&gt;\n            &lt;/div&gt;\n            \n            &lt;div class="benefits-grid"&gt;\n                &lt;div class="benefit-card"&gt;\n                    &lt;div class="benefit-icon purple"&gt;\n                        &lt;i class="bi bi-graph-up-arrow"&gt;&lt;/i&gt;\n                    &lt;/div&gt;\n                    &lt;h3&gt;Dashboard Inteligente&lt;/h3&gt;\n                    &lt;p&gt;Visualize receitas, despesas e alertas em tempo real com gr\xc3\xa1ficos interativos.&lt;/p&gt;\n                &lt;/div&gt;\n                \n                &lt;div class="benefit-card"&gt;\n                    &lt;div class="benefit-icon green"&gt;\n                        &lt;i class="bi bi-exclamation-triangle"&gt;&lt;/i&gt;\n                    &lt;/div&gt;\n                    &lt;h3&gt;Alertas Automaticos&lt;/h3&gt;\n                    &lt;p&gt;Receba avisos quando uma obra ultrapassar o or\xc3\xa7amento ou prazo.&lt;/p&gt;\n                &lt;/div&gt;\n                \n                &lt;div class="benefit-card"&gt;\n                    &lt;div class="benefit-icon yellow"&gt;\n                        &lt;i class="bi bi-robot"&gt;&lt;/i&gt;\n                    &lt;/div&gt;\n                    &lt;h3&gt;Assistente IA&lt;/h3&gt;\n                    &lt;p&gt;Pergunte ao sistema e receba an\xc3\xa1lises financeiras autom\xc3\xa1ticas.&lt;/p&gt;\n                &lt;/div&gt;\n                \n                &lt;div class="benefit-card"&gt;\n                    &lt;div class="benefit-icon pink"&gt;\n                        &lt;i class="bi bi-file-earmark-spreadsheet"&gt;&lt;/i&gt;\n                    &lt;/div&gt;\n                    &lt;h3&gt;Relat\xc3\xb3rios Export\xc3\xa1veis&lt;/h3&gt;\n                    &lt;p&gt;Exporte dados para Excel e apresente a investidores e clientes.&lt;/p&gt;\n                &lt;/div&gt;\n            &lt;/div&gt;\n        &lt;/div&gt;\n        \n        &lt;div class="landing-right"&gt;\n            &lt;div class="login-container"&gt;\n                &lt;div class="login-card"&gt;\n                    &lt;div class="login-header"&gt;\n                        &lt;h2&gt;Bem-vindo de volta&lt;/h2&gt;\n                        &lt;p&gt;Acesse sua conta para continuar&lt;/p&gt;\n                    &lt;/div&gt;\n                    \n                    \n                        \n                            \n                                &lt;div class="alert alert-danger"&gt;\n                                    &lt;i class="bi bi-x-circle-fill"&gt;&lt;/i&gt;\n                                    \n                                    Email inv\xc3\xa1lido.\n                                &lt;/div&gt;\n                            \n                        \n                    \n                    \n                    &lt;form method="POST" action="/auth/login"&gt;\n                &lt;input type="hidden" name="csrf_token" value="IjBiMjAwYTY5ODNjMGM4OWFjNmQxNGEzZmEyZTQ4MmFlMTAwN2UwNGIi.aeDsTQ.qFu7epSngDu0iv91JDUNDbOhp3U"&gt;\n                        &lt;div class="form-group"&gt;\n                            &lt;label for="email"&gt;Email&lt;/label&gt;\n                            &lt;input type="email" class="form-control" id="email" name="email" placeholder="seu@email.com" required&gt;\n                        &lt;/div&gt;\n                        \n                        &lt;div class="form-group"&gt;\n                            &lt;label for="senha"&gt;Senha&lt;/label&gt;\n                            &lt;div style="position: relative;"&gt;\n                                &lt;input type="password" class="form-control" id="senha" name="senha" placeholder="Sua senha" required style="padding-right: 45px;"&gt;\n                                &lt;button type="button" onclick="togglePassword()" style="position: absolute; right: 10px; top: 50%; transform: translateY(-50%); background: none; border: none; color: var(--text-muted); cursor: pointer;"&gt;\n                                    &lt;i class="bi bi-eye" id="eyeIcon"&gt;&lt;/i&gt;\n                                &lt;/button&gt;\n                            &lt;/div&gt;\n                        &lt;/div&gt;\n                        \n                        &lt;div class="form-group"&gt;\n                            &lt;div class="form-check"&gt;\n                                &lt;input type="checkbox" class="form-check-input" id="lembrar" name="lembrar" value="1"&gt;\n                                &lt;label class="form-check-label" for="lembrar" style="font-weight: normal; color: var(--text-secondary);"&gt;\n                                    Lembrar-me por 30 dias\n                                &lt;/label&gt;\n                            &lt;/div&gt;\n                        &lt;/div&gt;\n                        \n                        &lt;button type="submit" class="btn-login"&gt;\n                            &lt;i class="bi bi-arrow-right-short me-2"&gt;&lt;/i&gt;\n                            Entrar no Sistema\n                        &lt;/button&gt;\n                    &lt;/form&gt;\n                    \n                    &lt;div style="display: flex; justify-content: space-between; margin-top: 20px;"&gt;\n                        &lt;a href="#" onclick="document.getElementById(\'esqueceuSenhaModal\').style.display=\'flex\'; return false;" style="color: var(--text-muted); font-size: 13px; text-decoration: none;"&gt;\n                            &lt;i class="bi bi-question-circle me-1"&gt;&lt;/i&gt;Esqueceu a senha?\n                        &lt;/a&gt;\n                        &lt;a href="/auth/empresa/nova" style="color: var(--accent-primary-hover); font-size: 13px; text-decoration: none;"&gt;\n                            &lt;i class="bi bi-person-plus me-1"&gt;&lt;/i&gt;Criar nova conta\n                        &lt;/a&gt;\n                    &lt;/div&gt;\n                &lt;/div&gt;\n            &lt;/div&gt;\n        &lt;/div&gt;\n    &lt;/div&gt;\n    \n    &lt;!-- Modal Esqueceu a Senha --&gt;\n    &lt;div id="esqueceuSenhaModal" style="display: none; position: fixed; top: 0; left: 0; width: 100%; height: 100%; background: rgba(0,0,0,0.85); z-index: 1000; align-items: center; justify-content: center;"&gt;\n        &lt;div style="background: var(--bg-secondary); border: 1px solid var(--border-subtle); border-radius: 16px; padding: 30px; max-width: 380px; width: 90%; position: relative;"&gt;\n            &lt;button onclick="document.getElementById(\'esqueceuSenhaModal\').style.display=\'none\'" style="position: absolute; top: 15px; right: 15px; background: none; border: none; color: var(--text-muted); font-size: 20px; cursor: pointer;"&gt;\n                &lt;i class="bi bi-x-lg"&gt;&lt;/i&gt;\n            &lt;/button&gt;\n            &lt;h3 style="margin-bottom: 15px; color: var(--text-primary); font-size: 18px;"&gt;\n                &lt;i class="bi bi-key me-2"&gt;&lt;/i&gt;Recuperar Senha\n            &lt;/h3&gt;\n            &lt;p style="color: var(--text-secondary); font-size: 13px; margin-bottom: 20px;"&gt;\n                Digite seu email para gerar uma nova senha tempor\xc3\xa1ria.\n            &lt;/p&gt;\n            &lt;form method="POST" action="/auth/recuperar-senha"&gt;\n                &lt;input type="hidden" name="csrf_token" value="IjBiMjAwYTY5ODNjMGM4OWFjNmQxNGEzZmEyZTQ4MmFlMTAwN2UwNGIi.aeDsTQ.qFu7epSngDu0iv91JDUNDbOhp3U"&gt;\n                &lt;div class="form-group"&gt;\n                    &lt;label for="email_recuperar"&gt;Email&lt;/label&gt;\n                    &lt;input type="email" class="form-control" id="email_recuperar" name="email" placeholder="seu@email.com" required&gt;\n                &lt;/div&gt;\n                &lt;div class="form-group"&gt;\n                    &lt;label for="empresa_recuperar"&gt;Empresa (slug)&lt;/label&gt;\n                    &lt;input type="text" class="form-control" id="empresa_recuperar" name="empresa" placeholder="sua-empresa" required&gt;\n                &lt;/div&gt;\n                &lt;div style="display: flex; gap: 10px;"&gt;\n                    &lt;button type="button" onclick="document.getElementById(\'esqueceuSenhaModal\').style.display=\'none\'" class="btn btn-outline" style="flex: 1; justify-content: center;"&gt;\n                        Cancelar\n                    &lt;/button&gt;\n                    &lt;button type="submit" class="btn btn-primary" style="flex: 1; justify-content: center;"&gt;\n                        &lt;i class="bi bi-send me-2"&gt;&lt;/i&gt;Enviar\n                    &lt;/button&gt;\n                &lt;/div&gt;\n            &lt;/form&gt;\n        &lt;/div&gt;\n    &lt;/div&gt;\n    \n    &lt;script&gt;\n        function togglePassword() {\n            const senhaInput = document.getElementById(\'senha\');\n            const eyeIcon = document.getElementById(\'eyeIcon\');\n            if (senhaInput.type === \'password\') {\n                senhaInput.type = \'text\';\n                eyeIcon.className = \'bi bi-eye-slash\';\n            } else {\n                senhaInput.type = \'password\';\n                eyeIcon.className = \'bi bi-eye\';\n            }\n        }\n    &lt;/script&gt;\n&lt;/body&gt;\n&lt;/html&gt;'.lower
E    +      where b'&lt;!DOCTYPE html&gt;\n&lt;html lang="pt-BR"&gt;\n&lt;head&gt;\n    &lt;meta charset="UTF-8"&gt;\n    &lt;meta name="viewport" content="width=device-width, initial-scale=1.0"&gt;\n    &lt;title&gt;OBRAS PRO - Gestao de Obras Professional&lt;/title&gt;\n    &lt;link href="https://cdn.jsdelivr.net/npm/bootstrap@5.3.0/dist/css/bootstrap.min.css" rel="stylesheet"&gt;\n    &lt;link rel="stylesheet" href="https://cdn.jsdelivr.net/npm/bootstrap-icons@1.11.0/font/bootstrap-icons.css"&gt;\n    &lt;link href="https://fonts.googleapis.com/css2?family=Inter:wght@300;400;500;600;700;800&amp;display=swap" rel="stylesheet"&gt;\n    &lt;style&gt;\n        :root {\n            --bg-primary: #09090b;\n            --bg-secondary: #18181b;\n            --bg-tertiary: #27272a;\n            --accent-primary: #6366f1;\n            --accent-primary-hover: #818cf8;\n            --accent-secondary: #a855f7;\n            --accent-green: #22c55e;\n            --text-primary: #fafafa;\n            --text-secondary: #a1a1aa;\n            --text-muted: #71717a;\n            --border-subtle: #27272a;\n            --border-default: #3f3f46;\n            --gradient-primary: linear-gradient(135deg, #6366f1 0%, #8b5cf6 100%);\n            --gradient-green: linear-gradient(135deg, #22c55e 0%, #16a34a 100%);\n        }\n        \n        * { margin: 0; padding: 0; box-sizing: border-box; }\n        \n        body {\n            font-family: \'Inter\', -apple-system, BlinkMacSystemFont, sans-serif;\n            background: var(--bg-primary);\n            min-height: 100vh;\n            color: var(--text-primary);\n            background-image: \n                radial-gradient(ellipse at top left, rgba(99, 102, 241, 0.2) 0%, transparent 50%),\n                radial-gradient(ellipse at bottom right, rgba(168, 85, 247, 0.15) 0%, transparent 50%),\n                radial-gradient(ellipse at bottom, rgba(34, 197, 94, 0.1) 0%, transparent 50%);\n        }\n        \n        .landing-container {\n            min-height: 100vh;\n            display: grid;\n            grid-template-columns: 1fr 1fr;\n        }\n        \n        @media (max-width: 992px) {\n            .landing-container { grid-template-columns: 1fr; }\n            .landing-right { display: none; }\n        }\n        \n        /* Left Side - Benefits */\n        .landing-left {\n            padding: 60px;\n            display: flex;\n            flex-direction: column;\n            justify-content: flex-start;\n            max-width: 700px;\n            margin: 0 auto;\n            overflow-y: auto;\n            max-height: 100vh;\n            /* Scrollbar sempre vis\xc3\xadvel */\n            scrollbar-width: thin;\n            scrollbar-color: #6366f1 #1e1e2f;\n        }\n        \n        /* Scrollbar Webkit (Chrome, Edge, Safari) */\n        .landing-left::-webkit-scrollbar {\n            width: 14px;\n            display: block;\n        }\n        .landing-left::-webkit-scrollbar-track {\n            background: #1e1e2f;\n            border-radius: 10px;\n            margin: 20px 0;\n            border: 2px solid #1e1e2f;\n        }\n        .landing-left::-webkit-scrollbar-thumb {\n            background: linear-gradient(180deg, #6366f1, #8b5cf6);\n            border-radius: 10px;\n            border: 3px solid #1e1e2f;\n            min-height: 60px;\n        }\n        .landing-left::-webkit-scrollbar-thumb:hover {\n            background: linear-gradient(180deg, #818cf8, #a78bfa);\n        }\n        \n        .brand {\n            display: flex;\n            align-items: center;\n            gap: 14px;\n            margin-bottom: 50px;\n        }\n        \n        .brand-logo {\n            width: 52px;\n            height: 52px;\n            background: var(--gradient-primary);\n            border-radius: 14px;\n            display: flex;\n            align-items: center;\n            justify-content: center;\n            font-size: 24px;\n            box-shadow: 0 8px 24px rgba(99, 102, 241, 0.35);\n        }\n        \n        .brand h1 {\n            font-size: 24px;\n            font-weight: 700;\n            letter-spacing: -0.5px;\n            background: linear-gradient(135deg, #fafafa 0%, #a1a1aa 100%);\n            -webkit-background-clip: text;\n            -webkit-text-fill-color: transparent;\n        }\n        \n        .hero-text h2 {\n            font-size: 42px;\n            font-weight: 800;\n            line-height: 1.15;\n            letter-spacing: -1px;\n            margin-bottom: 20px;\n        }\n        \n        .hero-text h2 span {\n            background: var(--gradient-primary);\n            -webkit-background-clip: text;\n            -webkit-text-fill-color: transparent;\n        }\n        \n        .hero-text p {\n            font-size: 18px;\n            color: var(--text-secondary);\n            line-height: 1.6;\n            margin-bottom: 40px;\n        }\n        \n        .benefits-grid {\n            display: grid;\n            grid-template-columns: 1fr 1fr;\n            gap: 20px;\n            margin-bottom: 50px;\n        }\n        \n        .benefit-card {\n            background: var(--bg-secondary);\n            border: 1px solid var(--border-subtle);\n            border-radius: 14px;\n            padding: 24px;\n            transition: all 0.3s ease;\n        }\n        \n        .benefit-card:hover {\n            border-color: var(--accent-primary);\n            transform: translateY(-4px);\n            box-shadow: 0 12px 40px rgba(99, 102, 241, 0.15);\n        }\n        \n        .benefit-icon {\n            width: 44px;\n            height: 44px;\n            border-radius: 12px;\n            display: flex;\n            align-items: center;\n            justify-content: center;\n            font-size: 20px;\n            margin-bottom: 16px;\n        }\n        \n        .benefit-icon.purple { background: rgba(99, 102, 241, 0.15); color: #818cf8; }\n        .benefit-icon.green { background: rgba(34, 197, 94, 0.15); color: #4ade80; }\n        .benefit-icon.yellow { background: rgba(245, 158, 11, 0.15); color: #fbbf24; }\n        .benefit-icon.pink { background: rgba(236, 72, 153, 0.15); color: #f472b6; }\n        \n        .benefit-card h3 {\n            font-size: 15px;\n            font-weight: 600;\n            margin-bottom: 8px;\n        }\n        \n        .benefit-card p {\n            font-size: 13px;\n            color: var(--text-muted);\n            line-height: 1.5;\n            margin: 0;\n        }\n        \n        .cta-badge {\n            display: inline-flex;\n            align-items: center;\n            gap: 8px;\n            background: rgba(34, 197, 94, 0.15);\n            border: 1px solid rgba(34, 197, 94, 0.3);\n            padding: 8px 16px;\n            border-radius: 20px;\n            font-size: 13px;\n            color: #4ade80;\n            margin-bottom: 24px;\n        }\n        \n        /* Right Side - Login */\n        .landing-right {\n            background: var(--bg-secondary);\n            display: flex;\n            align-items: center;\n            justify-content: center;\n            border-left: 1px solid var(--border-subtle);\n            position: relative;\n            overflow: hidden;\n        }\n        \n        .landing-right::before {\n            content: \'\';\n            position: absolute;\n            top: -50%;\n            right: -50%;\n            width: 100%;\n            height: 100%;\n            background: radial-gradient(circle, rgba(99, 102, 241, 0.1) 0%, transparent 60%);\n        }\n        \n        .login-container {\n            width: 100%;\n            max-width: 380px;\n            padding: 40px;\n            position: relative;\n            z-index: 1;\n        }\n        \n        .login-card {\n            background: var(--bg-tertiary);\n            border: 1px solid var(--border-subtle);\n            border-radius: 20px;\n            padding: 40px;\n            box-shadow: 0 25px 50px -12px rgba(0, 0, 0, 0.4);\n        }\n        \n        .login-header {\n            text-align: center;\n            margin-bottom: 32px;\n        }\n        \n        .login-header h2 {\n            font-size: 20px;\n            font-weight: 600;\n            margin-bottom: 8px;\n        }\n        \n        .login-header p {\n            color: var(--text-muted);\n            font-size: 14px;\n        }\n        \n        .form-group { margin-bottom: 20px; }\n        \n        .form-group label {\n            display: block;\n            margin-bottom: 8px;\n            font-weight: 500;\n            color: var(--text-secondary);\n            font-size: 13px;\n        }\n        \n        .form-control {\n            width: 100%;\n            padding: 14px 16px;\n            background: #1a1a2e !important;\n            border: 1px solid #3f3f46 !important;\n            border-radius: 12px;\n            font-size: 14px;\n            color: #ffffff !important;\n            transition: all 0.2s ease;\n        }\n\n        .form-control:focus {\n            outline: none;\n            border-color: var(--accent-primary) !important;\n            box-shadow: 0 0 0 4px rgba(99, 102, 241, 0.15);\n            background: #16162a !important;\n            color: #ffffff !important;\n        }\n\n        .form-control::placeholder { color: #6b7280 !important; }\n        \n        /* Fix para autocomplete - evita fundo branco/amarelo */\n        .form-control:-webkit-autofill,\n        .form-control:-webkit-autofill:hover,\n        .form-control:-webkit-autofill:focus {\n            -webkit-text-fill-color: #ffffff !important;\n            -webkit-box-shadow: 0 0 0px 1000px #1a1a2e inset !important;\n            transition: background-color 5000s ease-in-out 0s;\n        }\n        \n        .btn-login {\n            width: 100%;\n            padding: 16px;\n            background: var(--gradient-primary);\n            border: none;\n            border-radius: 12px;\n            color: white;\n            font-size: 15px;\n            font-weight: 600;\n            cursor: pointer;\n            transition: all 0.2s ease;\n            margin-top: 8px;\n            box-shadow: 0 4px 16px rgba(99, 102, 241, 0.35);\n        }\n        \n        .btn-login:hover {\n            transform: translateY(-2px);\n            box-shadow: 0 8px 24px rgba(99, 102, 241, 0.45);\n        }\n        \n        .demo-notice {\n            text-align: center;\n            margin-top: 20px;\n            padding: 12px;\n            background: rgba(245, 158, 11, 0.1);\n            border: 1px solid rgba(245, 158, 11, 0.2);\n            border-radius: 10px;\n            font-size: 12px;\n            color: #fbbf24;\n        }\n        \n        .alert {\n            padding: 14px 18px;\n            border-radius: 12px;\n            margin-bottom: 20px;\n            font-size: 13px;\n            display: flex;\n            align-items: center;\n            gap: 10px;\n            border: 1px solid transparent;\n        }\n        \n        .alert-success { background: rgba(34, 197, 94, 0.1); color: #4ade80; border-color: rgba(34, 197, 94, 0.2); }\n        .alert-danger { background: rgba(239, 68, 68, 0.1); color: #f87171; border-color: rgba(239, 68, 68, 0.2); }\n    &lt;/style&gt;\n&lt;/head&gt;\n&lt;body&gt;\n    &lt;div class="landing-container"&gt;\n        &lt;div class="landing-left"&gt;\n            &lt;div class="brand"&gt;\n                &lt;div class="brand-logo"&gt;\n                    &lt;i class="bi bi-building"&gt;&lt;/i&gt;\n                &lt;/div&gt;\n                &lt;h1&gt;OBRAS PRO&lt;/h1&gt;\n            &lt;/div&gt;\n            \n            &lt;div class="hero-text"&gt;\n                &lt;div class="cta-badge"&gt;\n                    &lt;i class="bi bi-patch-check-fill"&gt;&lt;/i&gt;\n                    Solucao lider em gestao de obras\n                &lt;/div&gt;\n                &lt;h2&gt;Controle financeiro &lt;span&gt;inteligente&lt;/span&gt; para sua construtora&lt;/h2&gt;\n                &lt;p&gt;Gerencie or\xc3\xa7amentos, acompanhe gastos em tempo real e tome decis\xc3\xb5es baseadas em dados. O sistema que growing construtoras confiam.&lt;/p&gt;\n            &lt;/div&gt;\n            \n            &lt;div class="benefits-grid"&gt;\n                &lt;div class="benefit-card"&gt;\n                    &lt;div class="benefit-icon purple"&gt;\n                        &lt;i class="bi bi-graph-up-arrow"&gt;&lt;/i&gt;\n                    &lt;/div&gt;\n                    &lt;h3&gt;Dashboard Inteligente&lt;/h3&gt;\n                    &lt;p&gt;Visualize receitas, despesas e alertas em tempo real com gr\xc3\xa1ficos interativos.&lt;/p&gt;\n                &lt;/div&gt;\n                \n                &lt;div class="benefit-card"&gt;\n                    &lt;div class="benefit-icon green"&gt;\n                        &lt;i class="bi bi-exclamation-triangle"&gt;&lt;/i&gt;\n                    &lt;/div&gt;\n                    &lt;h3&gt;Alertas Automaticos&lt;/h3&gt;\n                    &lt;p&gt;Receba avisos quando uma obra ultrapassar o or\xc3\xa7amento ou prazo.&lt;/p&gt;\n                &lt;/div&gt;\n                \n                &lt;div class="benefit-card"&gt;\n                    &lt;div class="benefit-icon yellow"&gt;\n                        &lt;i class="bi bi-robot"&gt;&lt;/i&gt;\n                    &lt;/div&gt;\n                    &lt;h3&gt;Assistente IA&lt;/h3&gt;\n                    &lt;p&gt;Pergunte ao sistema e receba an\xc3\xa1lises financeiras autom\xc3\xa1ticas.&lt;/p&gt;\n                &lt;/div&gt;\n                \n                &lt;div class="benefit-card"&gt;\n                    &lt;div class="benefit-icon pink"&gt;\n                        &lt;i class="bi bi-file-earmark-spreadsheet"&gt;&lt;/i&gt;\n                    &lt;/div&gt;\n                    &lt;h3&gt;Relat\xc3\xb3rios Export\xc3\xa1veis&lt;/h3&gt;\n                    &lt;p&gt;Exporte dados para Excel e apresente a investidores e clientes.&lt;/p&gt;\n                &lt;/div&gt;\n            &lt;/div&gt;\n        &lt;/div&gt;\n        \n        &lt;div class="landing-right"&gt;\n            &lt;div class="login-container"&gt;\n                &lt;div class="login-card"&gt;\n                    &lt;div class="login-header"&gt;\n                        &lt;h2&gt;Bem-vindo de volta&lt;/h2&gt;\n                        &lt;p&gt;Acesse sua conta para continuar&lt;/p&gt;\n                    &lt;/div&gt;\n                    \n                    \n                        \n                            \n                                &lt;div class="alert alert-danger"&gt;\n                                    &lt;i class="bi bi-x-circle-fill"&gt;&lt;/i&gt;\n                                    \n                                    Email inv\xc3\xa1lido.\n                                &lt;/div&gt;\n                            \n                        \n                    \n                    \n                    &lt;form method="POST" action="/auth/login"&gt;\n                &lt;input type="hidden" name="csrf_token" value="IjBiMjAwYTY5ODNjMGM4OWFjNmQxNGEzZmEyZTQ4MmFlMTAwN2UwNGIi.aeDsTQ.qFu7epSngDu0iv91JDUNDbOhp3U"&gt;\n                        &lt;div class="form-group"&gt;\n                            &lt;label for="email"&gt;Email&lt;/label&gt;\n                            &lt;input type="email" class="form-control" id="email" name="email" placeholder="seu@email.com" required&gt;\n                        &lt;/div&gt;\n                        \n                        &lt;div class="form-group"&gt;\n                            &lt;label for="senha"&gt;Senha&lt;/label&gt;\n                            &lt;div style="position: relative;"&gt;\n                                &lt;input type="password" class="form-control" id="senha" name="senha" placeholder="Sua senha" required style="padding-right: 45px;"&gt;\n                                &lt;button type="button" onclick="togglePassword()" style="position: absolute; right: 10px; top: 50%; transform: translateY(-50%); background: none; border: none; color: var(--text-muted); cursor: pointer;"&gt;\n                                    &lt;i class="bi bi-eye" id="eyeIcon"&gt;&lt;/i&gt;\n                                &lt;/button&gt;\n                            &lt;/div&gt;\n                        &lt;/div&gt;\n                        \n                        &lt;div class="form-group"&gt;\n                            &lt;div class="form-check"&gt;\n                                &lt;input type="checkbox" class="form-check-input" id="lembrar" name="lembrar" value="1"&gt;\n                                &lt;label class="form-check-label" for="lembrar" style="font-weight: normal; color: var(--text-secondary);"&gt;\n                                    Lembrar-me por 30 dias\n                                &lt;/label&gt;\n                            &lt;/div&gt;\n                        &lt;/div&gt;\n                        \n                        &lt;button type="submit" class="btn-login"&gt;\n                            &lt;i class="bi bi-arrow-right-short me-2"&gt;&lt;/i&gt;\n                            Entrar no Sistema\n                        &lt;/button&gt;\n                    &lt;/form&gt;\n                    \n                    &lt;div style="display: flex; justify-content: space-between; margin-top: 20px;"&gt;\n                        &lt;a href="#" onclick="document.getElementById(\'esqueceuSenhaModal\').style.display=\'flex\'; return false;" style="color: var(--text-muted); font-size: 13px; text-decoration: none;"&gt;\n                            &lt;i class="bi bi-question-circle me-1"&gt;&lt;/i&gt;Esqueceu a senha?\n                        &lt;/a&gt;\n                        &lt;a href="/auth/empresa/nova" style="color: var(--accent-primary-hover); font-size: 13px; text-decoration: none;"&gt;\n                            &lt;i class="bi bi-person-plus me-1"&gt;&lt;/i&gt;Criar nova conta\n                        &lt;/a&gt;\n                    &lt;/div&gt;\n                &lt;/div&gt;\n            &lt;/div&gt;\n        &lt;/div&gt;\n    &lt;/div&gt;\n    \n    &lt;!-- Modal Esqueceu a Senha --&gt;\n    &lt;div id="esqueceuSenhaModal" style="display: none; position: fixed; top: 0; left: 0; width: 100%; height: 100%; background: rgba(0,0,0,0.85); z-index: 1000; align-items: center; justify-content: center;"&gt;\n        &lt;div style="background: var(--bg-secondary); border: 1px solid var(--border-subtle); border-radius: 16px; padding: 30px; max-width: 380px; width: 90%; position: relative;"&gt;\n            &lt;button onclick="document.getElementById(\'esqueceuSenhaModal\').style.display=\'none\'" style="position: absolute; top: 15px; right: 15px; background: none; border: none; color: var(--text-muted); font-size: 20px; cursor: pointer;"&gt;\n                &lt;i class="bi bi-x-lg"&gt;&lt;/i&gt;\n            &lt;/button&gt;\n            &lt;h3 style="margin-bottom: 15px; color: var(--text-primary); font-size: 18px;"&gt;\n                &lt;i class="bi bi-key me-2"&gt;&lt;/i&gt;Recuperar Senha\n            &lt;/h3&gt;\n            &lt;p style="color: var(--text-secondary); font-size: 13px; margin-bottom: 20px;"&gt;\n                Digite seu email para gerar uma nova senha tempor\xc3\xa1ria.\n            &lt;/p&gt;\n            &lt;form method="POST" action="/auth/recuperar-senha"&gt;\n                &lt;input type="hidden" name="csrf_token" value="IjBiMjAwYTY5ODNjMGM4OWFjNmQxNGEzZmEyZTQ4MmFlMTAwN2UwNGIi.aeDsTQ.qFu7epSngDu0iv91JDUNDbOhp3U"&gt;\n                &lt;div class="form-group"&gt;\n                    &lt;label for="email_recuperar"&gt;Email&lt;/label&gt;\n                    &lt;input type="email" class="form-control" id="email_recuperar" name="email" placeholder="seu@email.com" required&gt;\n                &lt;/div&gt;\n                &lt;div class="form-group"&gt;\n                    &lt;label for="empresa_recuperar"&gt;Empresa (slug)&lt;/label&gt;\n                    &lt;input type="text" class="form-control" id="empresa_recuperar" name="empresa" placeholder="sua-empresa" required&gt;\n                &lt;/div&gt;\n                &lt;div style="display: flex; gap: 10px;"&gt;\n                    &lt;button type="button" onclick="document.getElementById(\'esqueceuSenhaModal\').style.display=\'none\'" class="btn btn-outline" style="flex: 1; justify-content: center;"&gt;\n                        Cancelar\n                    &lt;/button&gt;\n                    &lt;button type="submit" class="btn btn-primary" style="flex: 1; justify-content: center;"&gt;\n                        &lt;i class="bi bi-send me-2"&gt;&lt;/i&gt;Enviar\n                    &lt;/button&gt;\n                &lt;/div&gt;\n            &lt;/form&gt;\n        &lt;/div&gt;\n    &lt;/div&gt;\n    \n    &lt;script&gt;\n        function togglePassword() {\n            const senhaInput = document.getElementById(\'senha\');\n            const eyeIcon = document.getElementById(\'eyeIcon\');\n            if (senhaInput.type === \'password\') {\n                senhaInput.type = \'text\';\n                eyeIcon.className = \'bi bi-eye-slash\';\n            } else {\n                senhaInput.type = \'password\';\n                eyeIcon.className = \'bi bi-eye\';\n            }\n        }\n    &lt;/script&gt;\n&lt;/body&gt;\n&lt;/html&gt;' = &lt;WrapperTestResponse 19785 bytes [200 OK]&gt;.data</failure></testcase><testcase classname="tests.test_auth_completo.TestAccountLockout" name="test_bloqueio_apos_5_tentativas" time="0.906" /><testcase classname="tests.test_auth_completo.TestAccountLockout" name="test_reset_tentativas_apos_sucesso" time="0.841" /><testcase classname="tests.test_auth_completo.TestAccountLockout" name="test_usuario_bloqueado_nao_consegue_login" time="0.472" /><testcase classname="tests.test_auth_completo.TestSessionManagement" name="test_session_criada_apos_login" time="0.607" /><testcase classname="tests.test_auth_completo.TestSessionManagement" name="test_session_destruida_apos_logout" time="0.438" /><testcase classname="tests.test_auth_completo.TestSessionManagement" name="test_acesso_sem_login_redireciona" time="0.454" /><testcase classname="tests.test_auth_completo.TestSessionManagement" name="test_acesso_com_login_funciona" time="0.614" /><testcase classname="tests.test_auth_completo.TestEmpresaCadastro" name="test_cadastro_empresa_completo" time="0.648" /><testcase classname="tests.test_auth_completo.TestEmpresaCadastro" name="test_cadastro_slug_duplicado" time="0.554" /><testcase classname="tests.test_auth_completo.TestEmpresaCadastro" name="test_cadastro_slug_invalido" time="0.387" /><testcase classname="tests.test_auth_completo.TestEmpresaCadastro" name="test_cadastro_senha_fraca" time="0.388" /><testcase classname="tests.test_auth_completo.TestEmpresaCadastro" name="test_cadastro_email_invalido" time="0.382" /><testcase classname="tests.test_auth_completo.TestUsuarioCadastro" name="test_criar_usuario_admin" time="0.813" /><testcase classname="tests.test_auth_completo.TestUsuarioCadastro" name="test_limite_usuarios" time="0.467" /><testcase classname="tests.test_auth_completo.TestPasswordReset" name="test_recuperar_senha_email_existente" time="0.496" /><testcase classname="tests.test_auth_completo.TestPasswordReset" name="test_recuperar_senha_empresa_inexistente" time="0.395" /><testcase classname="tests.test_auth_completo.TestPasswordReset" name="test_definir_nova_senha_com_token" time="0.658" /><testcase classname="tests.test_auth_completo.TestPasswordReset" name="test_definir_nova_senha_sem_confirmar" time="0.484"><failure message="jinja2.exceptions.TemplateNotFound: auth/definir_senha.html">tests\test_auth_completo.py:389: in test_definir_nova_senha_sem_confirmar
    response = client.post(
..\..\AppData\Local\Programs\Python\Python311\Lib\site-packages\werkzeug\test.py:1165: in post
    return self.open(*args, **kw)
           ^^^^^^^^^^^^^^^^^^^^^^
..\..\AppData\Local\Programs\Python\Python311\Lib\site-packages\flask\testing.py:232: in open
    response = super().open(
..\..\AppData\Local\Programs\Python\Python311\Lib\site-packages\werkzeug\test.py:1114: in open
    response = self.run_wsgi_app(request.environ, buffered=buffered)
               ^^^^^^^^^^^^^^^^^^^^^^^^^^^^^^^^^^^^^^^^^^^^^^^^^^^^^
..\..\AppData\Local\Programs\Python\Python311\Lib\site-packages\werkzeug\test.py:986: in run_wsgi_app
    rv = run_wsgi_app(self.application, environ, buffered=buffered)
         ^^^^^^^^^^^^^^^^^^^^^^^^^^^^^^^^^^^^^^^^^^^^^^^^^^^^^^^^^^
..\..\AppData\Local\Programs\Python\Python311\Lib\site-packages\werkzeug\test.py:1262: in run_wsgi_app
    app_rv = app(environ, start_response)
             ^^^^^^^^^^^^^^^^^^^^^^^^^^^^
..\..\AppData\Local\Programs\Python\Python311\Lib\site-packages\flask\app.py:1478: in __call__
    return self.wsgi_app(environ, start_response)
           ^^^^^^^^^^^^^^^^^^^^^^^^^^^^^^^^^^^^^^
..\..\AppData\Local\Programs\Python\Python311\Lib\site-packages\flask\app.py:1458: in wsgi_app
    response = self.handle_exception(e)
               ^^^^^^^^^^^^^^^^^^^^^^^^
..\..\AppData\Local\Programs\Python\Python311\Lib\site-packages\flask\app.py:1455: in wsgi_app
    response = self.full_dispatch_request()
               ^^^^^^^^^^^^^^^^^^^^^^^^^^^^
..\..\AppData\Local\Programs\Python\Python311\Lib\site-packages\flask\app.py:869: in full_dispatch_request
    rv = self.handle_user_exception(e)
         ^^^^^^^^^^^^^^^^^^^^^^^^^^^^^
..\..\AppData\Local\Programs\Python\Python311\Lib\site-packages\flask\app.py:867: in full_dispatch_request
    rv = self.dispatch_request()
         ^^^^^^^^^^^^^^^^^^^^^^^
..\..\AppData\Local\Programs\Python\Python311\Lib\site-packages\flask\app.py:852: in dispatch_request
    return self.ensure_sync(self.view_functions[rule.endpoint])(**view_args)
           ^^^^^^^^^^^^^^^^^^^^^^^^^^^^^^^^^^^^^^^^^^^^^^^^^^^^^^^^^^^^^^^^^
app\routes\auth.py:207: in definir_nova_senha
    return render_template('auth/definir_senha.html')
           ^^^^^^^^^^^^^^^^^^^^^^^^^^^^^^^^^^^^^^^^^^
..\..\AppData\Local\Programs\Python\Python311\Lib\site-packages\flask\templating.py:151: in render_template
    template = app.jinja_env.get_or_select_template(template_name_or_list)
               ^^^^^^^^^^^^^^^^^^^^^^^^^^^^^^^^^^^^^^^^^^^^^^^^^^^^^^^^^^^
..\..\AppData\Local\Programs\Python\Python311\Lib\site-packages\jinja2\environment.py:1087: in get_or_select_template
    return self.get_template(template_name_or_list, parent, globals)
           ^^^^^^^^^^^^^^^^^^^^^^^^^^^^^^^^^^^^^^^^^^^^^^^^^^^^^^^^^
..\..\AppData\Local\Programs\Python\Python311\Lib\site-packages\jinja2\environment.py:1016: in get_template
    return self._load_template(name, globals)
           ^^^^^^^^^^^^^^^^^^^^^^^^^^^^^^^^^^
..\..\AppData\Local\Programs\Python\Python311\Lib\site-packages\jinja2\environment.py:975: in _load_template
    template = self.loader.load(self, name, self.make_globals(globals))
               ^^^^^^^^^^^^^^^^^^^^^^^^^^^^^^^^^^^^^^^^^^^^^^^^^^^^^^^^
..\..\AppData\Local\Programs\Python\Python311\Lib\site-packages\jinja2\loaders.py:126: in load
    source, filename, uptodate = self.get_source(environment, name)
                                 ^^^^^^^^^^^^^^^^^^^^^^^^^^^^^^^^^^
..\..\AppData\Local\Programs\Python\Python311\Lib\site-packages\flask\templating.py:65: in get_source
    return self._get_source_fast(environment, template)
           ^^^^^^^^^^^^^^^^^^^^^^^^^^^^^^^^^^^^^^^^^^^^
..\..\AppData\Local\Programs\Python\Python311\Lib\site-packages\flask\templating.py:99: in _get_source_fast
    raise TemplateNotFound(template)
E   jinja2.exceptions.TemplateNotFound: auth/definir_senha.html</failure></testcase><testcase classname="tests.test_auth_completo.TestPasswordReset" name="test_token_expirado" time="0.644"><failure message="assert 302 == 200&#10; +  where 302 = &lt;WrapperTestResponse streamed [302 FOUND]&gt;.status_code">tests\test_auth_completo.py:416: in test_token_expirado
    assert response.status_code == 200
E   assert 302 == 200
E    +  where 302 = &lt;WrapperTestResponse streamed [302 FOUND]&gt;.status_code</failure></testcase><testcase classname="tests.test_contratos_rbac.TestContratoCRUD" name="test_listar_contratos_vazio" time="0.610" /><testcase classname="tests.test_contratos_rbac.TestContratoCRUD" name="test_criar_contrato" time="0.591" /><testcase classname="tests.test_contratos_rbac.TestContratoCRUD" name="test_ver_detalhes_contrato" time="0.528" /><testcase classname="tests.test_contratos_rbac.TestContratoCRUD" name="test_editar_contrato" time="0.685" /><testcase classname="tests.test_contratos_rbac.TestContratoCRUD" name="test_excluir_contrato" time="0.710" /><testcase classname="tests.test_contratos_rbac.TestRBAC" name="test_admin_tem_todas_permissoes" time="0.525" /><testcase classname="tests.test_contratos_rbac.TestRBAC" name="test_viewer_tem_permissoes_limitadas" time="0.500" /><testcase classname="tests.test_contratos_rbac.TestRBAC" name="test_role_com_permissoes_especificas" time="0.594" /><testcase classname="tests.test_contratos_rbac.TestRBAC" name="test_permissao_individual_allow" time="0.612" /><testcase classname="tests.test_contratos_rbac.TestRBAC" name="test_permissao_individual_deny_prevalece" time="0.488" /><testcase classname="tests.test_contratos_rbac.TestRBAC" name="test_listar_roles" time="0.603" /><testcase classname="tests.test_contratos_rbac.TestRBAC" name="test_listar_usuarios_permissoes" time="0.659" /><testcase classname="tests.test_contratos_rbac.TestRBAC" name="test_api_roles" time="0.488" /><testcase classname="tests.test_financeiro_completo.TestLancamentoCRUD" name="test_criar_lancamento_receita" time="0.669" /><testcase classname="tests.test_financeiro_completo.TestLancamentoCRUD" name="test_criar_lancamento_despesa" time="0.752" /><testcase classname="tests.test_financeiro_completo.TestLancamentoCRUD" name="test_criar_lancamento_sem_obra" time="0.656" /><testcase classname="tests.test_financeiro_completo.TestLancamentoCRUD" name="test_editar_lancamento" time="0.516"><failure message="sqlalchemy.exc.IntegrityError: (sqlite3.IntegrityError) NOT NULL constraint failed: lancamentos.obra_id&#10;[SQL: INSERT INTO lancamentos (empresa_id, obra_id, descricao, categoria, tipo, valor, data, forma_pagamento, status_pagamento, parcelas, observacoes, documento, created_at, deleted_at) VALUES (?, ?, ?, ?, ?, ?, ?, ?, ?, ?, ?, ?, ?, ?)]&#10;[parameters: (1, None, 'Lançamento Original', None, 'Despesa', 1000.0, '2026-04-01', None, 'Pago', 1, None, None, '2026-04-16 14:04:19.172421', None)]&#10;(Background on this error at: https://sqlalche.me/e/20/gkpj)">..\..\AppData\Local\Programs\Python\Python311\Lib\site-packages\sqlalchemy\engine\base.py:1967: in _exec_single_context
    self.dialect.do_execute(
..\..\AppData\Local\Programs\Python\Python311\Lib\site-packages\sqlalchemy\engine\default.py:952: in do_execute
    cursor.execute(statement, parameters)
E   sqlite3.IntegrityError: NOT NULL constraint failed: lancamentos.obra_id

The above exception was the direct cause of the following exception:
tests\test_financeiro_completo.py:109: in test_editar_lancamento
    db.session.commit()
..\..\AppData\Local\Programs\Python\Python311\Lib\site-packages\sqlalchemy\orm\scoping.py:597: in commit
    return self._proxied.commit()
           ^^^^^^^^^^^^^^^^^^^^^^
..\..\AppData\Local\Programs\Python\Python311\Lib\site-packages\sqlalchemy\orm\session.py:2030: in commit
    trans.commit(_to_root=True)
&lt;string&gt;:2: in commit
    ???
..\..\AppData\Local\Programs\Python\Python311\Lib\site-packages\sqlalchemy\orm\state_changes.py:137: in _go
    ret_value = fn(self, *arg, **kw)
                ^^^^^^^^^^^^^^^^^^^^
..\..\AppData\Local\Programs\Python\Python311\Lib\site-packages\sqlalchemy\orm\session.py:1311: in commit
    self._prepare_impl()
&lt;string&gt;:2: in _prepare_impl
    ???
..\..\AppData\Local\Programs\Python\Python311\Lib\site-packages\sqlalchemy\orm\state_changes.py:137: in _go
    ret_value = fn(self, *arg, **kw)
                ^^^^^^^^^^^^^^^^^^^^
..\..\AppData\Local\Programs\Python\Python311\Lib\site-packages\sqlalchemy\orm\session.py:1286: in _prepare_impl
    self.session.flush()
..\..\AppData\Local\Programs\Python\Python311\Lib\site-packages\sqlalchemy\orm\session.py:4331: in flush
    self._flush(objects)
..\..\AppData\Local\Programs\Python\Python311\Lib\site-packages\sqlalchemy\orm\session.py:4466: in _flush
    with util.safe_reraise():
..\..\AppData\Local\Programs\Python\Python311\Lib\site-packages\sqlalchemy\util\langhelpers.py:121: in __exit__
    raise exc_value.with_traceback(exc_tb)
..\..\AppData\Local\Programs\Python\Python311\Lib\site-packages\sqlalchemy\orm\session.py:4427: in _flush
    flush_context.execute()
..\..\AppData\Local\Programs\Python\Python311\Lib\site-packages\sqlalchemy\orm\unitofwork.py:466: in execute
    rec.execute(self)
..\..\AppData\Local\Programs\Python\Python311\Lib\site-packages\sqlalchemy\orm\unitofwork.py:642: in execute
    util.preloaded.orm_persistence.save_obj(
..\..\AppData\Local\Programs\Python\Python311\Lib\site-packages\sqlalchemy\orm\persistence.py:93: in save_obj
    _emit_insert_statements(
..\..\AppData\Local\Programs\Python\Python311\Lib\site-packages\sqlalchemy\orm\persistence.py:1233: in _emit_insert_statements
    result = connection.execute(
..\..\AppData\Local\Programs\Python\Python311\Lib\site-packages\sqlalchemy\engine\base.py:1419: in execute
    return meth(
..\..\AppData\Local\Programs\Python\Python311\Lib\site-packages\sqlalchemy\sql\elements.py:527: in _execute_on_connection
    return connection._execute_clauseelement(
..\..\AppData\Local\Programs\Python\Python311\Lib\site-packages\sqlalchemy\engine\base.py:1641: in _execute_clauseelement
    ret = self._execute_context(
..\..\AppData\Local\Programs\Python\Python311\Lib\site-packages\sqlalchemy\engine\base.py:1846: in _execute_context
    return self._exec_single_context(
..\..\AppData\Local\Programs\Python\Python311\Lib\site-packages\sqlalchemy\engine\base.py:1986: in _exec_single_context
    self._handle_dbapi_exception(
..\..\AppData\Local\Programs\Python\Python311\Lib\site-packages\sqlalchemy\engine\base.py:2363: in _handle_dbapi_exception
    raise sqlalchemy_exception.with_traceback(exc_info[2]) from e
..\..\AppData\Local\Programs\Python\Python311\Lib\site-packages\sqlalchemy\engine\base.py:1967: in _exec_single_context
    self.dialect.do_execute(
..\..\AppData\Local\Programs\Python\Python311\Lib\site-packages\sqlalchemy\engine\default.py:952: in do_execute
    cursor.execute(statement, parameters)
E   sqlalchemy.exc.IntegrityError: (sqlite3.IntegrityError) NOT NULL constraint failed: lancamentos.obra_id
E   [SQL: INSERT INTO lancamentos (empresa_id, obra_id, descricao, categoria, tipo, valor, data, forma_pagamento, status_pagamento, parcelas, observacoes, documento, created_at, deleted_at) VALUES (?, ?, ?, ?, ?, ?, ?, ?, ?, ?, ?, ?, ?, ?)]
E   [parameters: (1, None, 'Lançamento Original', None, 'Despesa', 1000.0, '2026-04-01', None, 'Pago', 1, None, None, '2026-04-16 14:04:19.172421', None)]
E   (Background on this error at: https://sqlalche.me/e/20/gkpj)</failure></testcase><testcase classname="tests.test_financeiro_completo.TestLancamentoCRUD" name="test_excluir_lancamento" time="0.516"><failure message="sqlalchemy.exc.IntegrityError: (sqlite3.IntegrityError) NOT NULL constraint failed: lancamentos.obra_id&#10;[SQL: INSERT INTO lancamentos (empresa_id, obra_id, descricao, categoria, tipo, valor, data, forma_pagamento, status_pagamento, parcelas, observacoes, documento, created_at, deleted_at) VALUES (?, ?, ?, ?, ?, ?, ?, ?, ?, ?, ?, ?, ?, ?)]&#10;[parameters: (1, None, 'Para Excluir', None, 'Despesa', 500.0, '2026-04-01', None, 'Pago', 1, None, None, '2026-04-16 14:04:21.034754', None)]&#10;(Background on this error at: https://sqlalche.me/e/20/gkpj)">..\..\AppData\Local\Programs\Python\Python311\Lib\site-packages\sqlalchemy\engine\base.py:1967: in _exec_single_context
    self.dialect.do_execute(
..\..\AppData\Local\Programs\Python\Python311\Lib\site-packages\sqlalchemy\engine\default.py:952: in do_execute
    cursor.execute(statement, parameters)
E   sqlite3.IntegrityError: NOT NULL constraint failed: lancamentos.obra_id

The above exception was the direct cause of the following exception:
tests\test_financeiro_completo.py:144: in test_excluir_lancamento
    db.session.commit()
..\..\AppData\Local\Programs\Python\Python311\Lib\site-packages\sqlalchemy\orm\scoping.py:597: in commit
    return self._proxied.commit()
           ^^^^^^^^^^^^^^^^^^^^^^
..\..\AppData\Local\Programs\Python\Python311\Lib\site-packages\sqlalchemy\orm\session.py:2030: in commit
    trans.commit(_to_root=True)
&lt;string&gt;:2: in commit
    ???
..\..\AppData\Local\Programs\Python\Python311\Lib\site-packages\sqlalchemy\orm\state_changes.py:137: in _go
    ret_value = fn(self, *arg, **kw)
                ^^^^^^^^^^^^^^^^^^^^
..\..\AppData\Local\Programs\Python\Python311\Lib\site-packages\sqlalchemy\orm\session.py:1311: in commit
    self._prepare_impl()
&lt;string&gt;:2: in _prepare_impl
    ???
..\..\AppData\Local\Programs\Python\Python311\Lib\site-packages\sqlalchemy\orm\state_changes.py:137: in _go
    ret_value = fn(self, *arg, **kw)
                ^^^^^^^^^^^^^^^^^^^^
..\..\AppData\Local\Programs\Python\Python311\Lib\site-packages\sqlalchemy\orm\session.py:1286: in _prepare_impl
    self.session.flush()
..\..\AppData\Local\Programs\Python\Python311\Lib\site-packages\sqlalchemy\orm\session.py:4331: in flush
    self._flush(objects)
..\..\AppData\Local\Programs\Python\Python311\Lib\site-packages\sqlalchemy\orm\session.py:4466: in _flush
    with util.safe_reraise():
..\..\AppData\Local\Programs\Python\Python311\Lib\site-packages\sqlalchemy\util\langhelpers.py:121: in __exit__
    raise exc_value.with_traceback(exc_tb)
..\..\AppData\Local\Programs\Python\Python311\Lib\site-packages\sqlalchemy\orm\session.py:4427: in _flush
    flush_context.execute()
..\..\AppData\Local\Programs\Python\Python311\Lib\site-packages\sqlalchemy\orm\unitofwork.py:466: in execute
    rec.execute(self)
..\..\AppData\Local\Programs\Python\Python311\Lib\site-packages\sqlalchemy\orm\unitofwork.py:642: in execute
    util.preloaded.orm_persistence.save_obj(
..\..\AppData\Local\Programs\Python\Python311\Lib\site-packages\sqlalchemy\orm\persistence.py:93: in save_obj
    _emit_insert_statements(
..\..\AppData\Local\Programs\Python\Python311\Lib\site-packages\sqlalchemy\orm\persistence.py:1233: in _emit_insert_statements
    result = connection.execute(
..\..\AppData\Local\Programs\Python\Python311\Lib\site-packages\sqlalchemy\engine\base.py:1419: in execute
    return meth(
..\..\AppData\Local\Programs\Python\Python311\Lib\site-packages\sqlalchemy\sql\elements.py:527: in _execute_on_connection
    return connection._execute_clauseelement(
..\..\AppData\Local\Programs\Python\Python311\Lib\site-packages\sqlalchemy\engine\base.py:1641: in _execute_clauseelement
    ret = self._execute_context(
..\..\AppData\Local\Programs\Python\Python311\Lib\site-packages\sqlalchemy\engine\base.py:1846: in _execute_context
    return self._exec_single_context(
..\..\AppData\Local\Programs\Python\Python311\Lib\site-packages\sqlalchemy\engine\base.py:1986: in _exec_single_context
    self._handle_dbapi_exception(
..\..\AppData\Local\Programs\Python\Python311\Lib\site-packages\sqlalchemy\engine\base.py:2363: in _handle_dbapi_exception
    raise sqlalchemy_exception.with_traceback(exc_info[2]) from e
..\..\AppData\Local\Programs\Python\Python311\Lib\site-packages\sqlalchemy\engine\base.py:1967: in _exec_single_context
    self.dialect.do_execute(
..\..\AppData\Local\Programs\Python\Python311\Lib\site-packages\sqlalchemy\engine\default.py:952: in do_execute
    cursor.execute(statement, parameters)
E   sqlalchemy.exc.IntegrityError: (sqlite3.IntegrityError) NOT NULL constraint failed: lancamentos.obra_id
E   [SQL: INSERT INTO lancamentos (empresa_id, obra_id, descricao, categoria, tipo, valor, data, forma_pagamento, status_pagamento, parcelas, observacoes, documento, created_at, deleted_at) VALUES (?, ?, ?, ?, ?, ?, ?, ?, ?, ?, ?, ?, ?, ?)]
E   [parameters: (1, None, 'Para Excluir', None, 'Despesa', 500.0, '2026-04-01', None, 'Pago', 1, None, None, '2026-04-16 14:04:21.034754', None)]
E   (Background on this error at: https://sqlalche.me/e/20/gkpj)</failure></testcase><testcase classname="tests.test_financeiro_completo.TestLancamentoFiltros" name="test_listar_lancamentos" time="0.595"><error message="failed on setup with &quot;sqlalchemy.exc.IntegrityError: (sqlite3.IntegrityError) NOT NULL constraint failed: lancamentos.obra_id&#10;[SQL: INSERT INTO lancamentos (empresa_id, obra_id, descricao, categoria, tipo, valor, data, forma_pagamento, status_pagamento, parcelas, observacoes, documento, created_at, deleted_at) VALUES (?, ?, ?, ?, ?, ?, ?, ?, ?, ?, ?, ?, ?, ?) RETURNING id]&#10;[parameters: (1, None, 'Receita Vendas', 'Vendas', 'Receita', 10000.0, '2026-01-15', None, 'Pago', 1, None, None, '2026-04-16 14:04:22.848556', None)]&#10;(Background on this error at: https://sqlalche.me/e/20/gkpj)&quot;">..\..\AppData\Local\Programs\Python\Python311\Lib\site-packages\sqlalchemy\engine\base.py:2125: in _exec_insertmany_context
    dialect.do_execute(
..\..\AppData\Local\Programs\Python\Python311\Lib\site-packages\sqlalchemy\engine\default.py:952: in do_execute
    cursor.execute(statement, parameters)
E   sqlite3.IntegrityError: NOT NULL constraint failed: lancamentos.obra_id

The above exception was the direct cause of the following exception:
tests\test_financeiro_completo.py:189: in lancamentos_sample
    db.session.commit()
..\..\AppData\Local\Programs\Python\Python311\Lib\site-packages\sqlalchemy\orm\scoping.py:597: in commit
    return self._proxied.commit()
           ^^^^^^^^^^^^^^^^^^^^^^
..\..\AppData\Local\Programs\Python\Python311\Lib\site-packages\sqlalchemy\orm\session.py:2030: in commit
    trans.commit(_to_root=True)
&lt;string&gt;:2: in commit
    ???
..\..\AppData\Local\Programs\Python\Python311\Lib\site-packages\sqlalchemy\orm\state_changes.py:137: in _go
    ret_value = fn(self, *arg, **kw)
                ^^^^^^^^^^^^^^^^^^^^
..\..\AppData\Local\Programs\Python\Python311\Lib\site-packages\sqlalchemy\orm\session.py:1311: in commit
    self._prepare_impl()
&lt;string&gt;:2: in _prepare_impl
    ???
..\..\AppData\Local\Programs\Python\Python311\Lib\site-packages\sqlalchemy\orm\state_changes.py:137: in _go
    ret_value = fn(self, *arg, **kw)
                ^^^^^^^^^^^^^^^^^^^^
..\..\AppData\Local\Programs\Python\Python311\Lib\site-packages\sqlalchemy\orm\session.py:1286: in _prepare_impl
    self.session.flush()
..\..\AppData\Local\Programs\Python\Python311\Lib\site-packages\sqlalchemy\orm\session.py:4331: in flush
    self._flush(objects)
..\..\AppData\Local\Programs\Python\Python311\Lib\site-packages\sqlalchemy\orm\session.py:4466: in _flush
    with util.safe_reraise():
..\..\AppData\Local\Programs\Python\Python311\Lib\site-packages\sqlalchemy\util\langhelpers.py:121: in __exit__
    raise exc_value.with_traceback(exc_tb)
..\..\AppData\Local\Programs\Python\Python311\Lib\site-packages\sqlalchemy\orm\session.py:4427: in _flush
    flush_context.execute()
..\..\AppData\Local\Programs\Python\Python311\Lib\site-packages\sqlalchemy\orm\unitofwork.py:466: in execute
    rec.execute(self)
..\..\AppData\Local\Programs\Python\Python311\Lib\site-packages\sqlalchemy\orm\unitofwork.py:642: in execute
    util.preloaded.orm_persistence.save_obj(
..\..\AppData\Local\Programs\Python\Python311\Lib\site-packages\sqlalchemy\orm\persistence.py:93: in save_obj
    _emit_insert_statements(
..\..\AppData\Local\Programs\Python\Python311\Lib\site-packages\sqlalchemy\orm\persistence.py:1143: in _emit_insert_statements
    result = connection.execute(
..\..\AppData\Local\Programs\Python\Python311\Lib\site-packages\sqlalchemy\engine\base.py:1419: in execute
    return meth(
..\..\AppData\Local\Programs\Python\Python311\Lib\site-packages\sqlalchemy\sql\elements.py:527: in _execute_on_connection
    return connection._execute_clauseelement(
..\..\AppData\Local\Programs\Python\Python311\Lib\site-packages\sqlalchemy\engine\base.py:1641: in _execute_clauseelement
    ret = self._execute_context(
..\..\AppData\Local\Programs\Python\Python311\Lib\site-packages\sqlalchemy\engine\base.py:1844: in _execute_context
    return self._exec_insertmany_context(dialect, context)
           ^^^^^^^^^^^^^^^^^^^^^^^^^^^^^^^^^^^^^^^^^^^^^^^
..\..\AppData\Local\Programs\Python\Python311\Lib\site-packages\sqlalchemy\engine\base.py:2133: in _exec_insertmany_context
    self._handle_dbapi_exception(
..\..\AppData\Local\Programs\Python\Python311\Lib\site-packages\sqlalchemy\engine\base.py:2363: in _handle_dbapi_exception
    raise sqlalchemy_exception.with_traceback(exc_info[2]) from e
..\..\AppData\Local\Programs\Python\Python311\Lib\site-packages\sqlalchemy\engine\base.py:2125: in _exec_insertmany_context
    dialect.do_execute(
..\..\AppData\Local\Programs\Python\Python311\Lib\site-packages\sqlalchemy\engine\default.py:952: in do_execute
    cursor.execute(statement, parameters)
E   sqlalchemy.exc.IntegrityError: (sqlite3.IntegrityError) NOT NULL constraint failed: lancamentos.obra_id
E   [SQL: INSERT INTO lancamentos (empresa_id, obra_id, descricao, categoria, tipo, valor, data, forma_pagamento, status_pagamento, parcelas, observacoes, documento, created_at, deleted_at) VALUES (?, ?, ?, ?, ?, ?, ?, ?, ?, ?, ?, ?, ?, ?) RETURNING id]
E   [parameters: (1, None, 'Receita Vendas', 'Vendas', 'Receita', 10000.0, '2026-01-15', None, 'Pago', 1, None, None, '2026-04-16 14:04:22.848556', None)]
E   (Background on this error at: https://sqlalche.me/e/20/gkpj)</error></testcase><testcase classname="tests.test_financeiro_completo.TestLancamentoFiltros" name="test_filtrar_por_tipo" time="0.651"><error message="failed on setup with &quot;sqlalchemy.exc.IntegrityError: (sqlite3.IntegrityError) NOT NULL constraint failed: lancamentos.obra_id&#10;[SQL: INSERT INTO lancamentos (empresa_id, obra_id, descricao, categoria, tipo, valor, data, forma_pagamento, status_pagamento, parcelas, observacoes, documento, created_at, deleted_at) VALUES (?, ?, ?, ?, ?, ?, ?, ?, ?, ?, ?, ?, ?, ?) RETURNING id]&#10;[parameters: (1, None, 'Receita Vendas', 'Vendas', 'Receita', 10000.0, '2026-01-15', None, 'Pago', 1, None, None, '2026-04-16 14:04:24.847526', None)]&#10;(Background on this error at: https://sqlalche.me/e/20/gkpj)&quot;">..\..\AppData\Local\Programs\Python\Python311\Lib\site-packages\sqlalchemy\engine\base.py:2125: in _exec_insertmany_context
    dialect.do_execute(
..\..\AppData\Local\Programs\Python\Python311\Lib\site-packages\sqlalchemy\engine\default.py:952: in do_execute
    cursor.execute(statement, parameters)
E   sqlite3.IntegrityError: NOT NULL constraint failed: lancamentos.obra_id

The above exception was the direct cause of the following exception:
tests\test_financeiro_completo.py:189: in lancamentos_sample
    db.session.commit()
..\..\AppData\Local\Programs\Python\Python311\Lib\site-packages\sqlalchemy\orm\scoping.py:597: in commit
    return self._proxied.commit()
           ^^^^^^^^^^^^^^^^^^^^^^
..\..\AppData\Local\Programs\Python\Python311\Lib\site-packages\sqlalchemy\orm\session.py:2030: in commit
    trans.commit(_to_root=True)
&lt;string&gt;:2: in commit
    ???
..\..\AppData\Local\Programs\Python\Python311\Lib\site-packages\sqlalchemy\orm\state_changes.py:137: in _go
    ret_value = fn(self, *arg, **kw)
                ^^^^^^^^^^^^^^^^^^^^
..\..\AppData\Local\Programs\Python\Python311\Lib\site-packages\sqlalchemy\orm\session.py:1311: in commit
    self._prepare_impl()
&lt;string&gt;:2: in _prepare_impl
    ???
..\..\AppData\Local\Programs\Python\Python311\Lib\site-packages\sqlalchemy\orm\state_changes.py:137: in _go
    ret_value = fn(self, *arg, **kw)
                ^^^^^^^^^^^^^^^^^^^^
..\..\AppData\Local\Programs\Python\Python311\Lib\site-packages\sqlalchemy\orm\session.py:1286: in _prepare_impl
    self.session.flush()
..\..\AppData\Local\Programs\Python\Python311\Lib\site-packages\sqlalchemy\orm\session.py:4331: in flush
    self._flush(objects)
..\..\AppData\Local\Programs\Python\Python311\Lib\site-packages\sqlalchemy\orm\session.py:4466: in _flush
    with util.safe_reraise():
..\..\AppData\Local\Programs\Python\Python311\Lib\site-packages\sqlalchemy\util\langhelpers.py:121: in __exit__
    raise exc_value.with_traceback(exc_tb)
..\..\AppData\Local\Programs\Python\Python311\Lib\site-packages\sqlalchemy\orm\session.py:4427: in _flush
    flush_context.execute()
..\..\AppData\Local\Programs\Python\Python311\Lib\site-packages\sqlalchemy\orm\unitofwork.py:466: in execute
    rec.execute(self)
..\..\AppData\Local\Programs\Python\Python311\Lib\site-packages\sqlalchemy\orm\unitofwork.py:642: in execute
    util.preloaded.orm_persistence.save_obj(
..\..\AppData\Local\Programs\Python\Python311\Lib\site-packages\sqlalchemy\orm\persistence.py:93: in save_obj
    _emit_insert_statements(
..\..\AppData\Local\Programs\Python\Python311\Lib\site-packages\sqlalchemy\orm\persistence.py:1143: in _emit_insert_statements
    result = connection.execute(
..\..\AppData\Local\Programs\Python\Python311\Lib\site-packages\sqlalchemy\engine\base.py:1419: in execute
    return meth(
..\..\AppData\Local\Programs\Python\Python311\Lib\site-packages\sqlalchemy\sql\elements.py:527: in _execute_on_connection
    return connection._execute_clauseelement(
..\..\AppData\Local\Programs\Python\Python311\Lib\site-packages\sqlalchemy\engine\base.py:1641: in _execute_clauseelement
    ret = self._execute_context(
..\..\AppData\Local\Programs\Python\Python311\Lib\site-packages\sqlalchemy\engine\base.py:1844: in _execute_context
    return self._exec_insertmany_context(dialect, context)
           ^^^^^^^^^^^^^^^^^^^^^^^^^^^^^^^^^^^^^^^^^^^^^^^
..\..\AppData\Local\Programs\Python\Python311\Lib\site-packages\sqlalchemy\engine\base.py:2133: in _exec_insertmany_context
    self._handle_dbapi_exception(
..\..\AppData\Local\Programs\Python\Python311\Lib\site-packages\sqlalchemy\engine\base.py:2363: in _handle_dbapi_exception
    raise sqlalchemy_exception.with_traceback(exc_info[2]) from e
..\..\AppData\Local\Programs\Python\Python311\Lib\site-packages\sqlalchemy\engine\base.py:2125: in _exec_insertmany_context
    dialect.do_execute(
..\..\AppData\Local\Programs\Python\Python311\Lib\site-packages\sqlalchemy\engine\default.py:952: in do_execute
    cursor.execute(statement, parameters)
E   sqlalchemy.exc.IntegrityError: (sqlite3.IntegrityError) NOT NULL constraint failed: lancamentos.obra_id
E   [SQL: INSERT INTO lancamentos (empresa_id, obra_id, descricao, categoria, tipo, valor, data, forma_pagamento, status_pagamento, parcelas, observacoes, documento, created_at, deleted_at) VALUES (?, ?, ?, ?, ?, ?, ?, ?, ?, ?, ?, ?, ?, ?) RETURNING id]
E   [parameters: (1, None, 'Receita Vendas', 'Vendas', 'Receita', 10000.0, '2026-01-15', None, 'Pago', 1, None, None, '2026-04-16 14:04:24.847526', None)]
E   (Background on this error at: https://sqlalche.me/e/20/gkpj)</error></testcase><testcase classname="tests.test_financeiro_completo.TestLancamentoFiltros" name="test_filtrar_por_categoria" time="0.624"><error message="failed on setup with &quot;sqlalchemy.exc.IntegrityError: (sqlite3.IntegrityError) NOT NULL constraint failed: lancamentos.obra_id&#10;[SQL: INSERT INTO lancamentos (empresa_id, obra_id, descricao, categoria, tipo, valor, data, forma_pagamento, status_pagamento, parcelas, observacoes, documento, created_at, deleted_at) VALUES (?, ?, ?, ?, ?, ?, ?, ?, ?, ?, ?, ?, ?, ?) RETURNING id]&#10;[parameters: (1, None, 'Receita Vendas', 'Vendas', 'Receita', 10000.0, '2026-01-15', None, 'Pago', 1, None, None, '2026-04-16 14:04:26.653929', None)]&#10;(Background on this error at: https://sqlalche.me/e/20/gkpj)&quot;">..\..\AppData\Local\Programs\Python\Python311\Lib\site-packages\sqlalchemy\engine\base.py:2125: in _exec_insertmany_context
    dialect.do_execute(
..\..\AppData\Local\Programs\Python\Python311\Lib\site-packages\sqlalchemy\engine\default.py:952: in do_execute
    cursor.execute(statement, parameters)
E   sqlite3.IntegrityError: NOT NULL constraint failed: lancamentos.obra_id

The above exception was the direct cause of the following exception:
tests\test_financeiro_completo.py:189: in lancamentos_sample
    db.session.commit()
..\..\AppData\Local\Programs\Python\Python311\Lib\site-packages\sqlalchemy\orm\scoping.py:597: in commit
    return self._proxied.commit()
           ^^^^^^^^^^^^^^^^^^^^^^
..\..\AppData\Local\Programs\Python\Python311\Lib\site-packages\sqlalchemy\orm\session.py:2030: in commit
    trans.commit(_to_root=True)
&lt;string&gt;:2: in commit
    ???
..\..\AppData\Local\Programs\Python\Python311\Lib\site-packages\sqlalchemy\orm\state_changes.py:137: in _go
    ret_value = fn(self, *arg, **kw)
                ^^^^^^^^^^^^^^^^^^^^
..\..\AppData\Local\Programs\Python\Python311\Lib\site-packages\sqlalchemy\orm\session.py:1311: in commit
    self._prepare_impl()
&lt;string&gt;:2: in _prepare_impl
    ???
..\..\AppData\Local\Programs\Python\Python311\Lib\site-packages\sqlalchemy\orm\state_changes.py:137: in _go
    ret_value = fn(self, *arg, **kw)
                ^^^^^^^^^^^^^^^^^^^^
..\..\AppData\Local\Programs\Python\Python311\Lib\site-packages\sqlalchemy\orm\session.py:1286: in _prepare_impl
    self.session.flush()
..\..\AppData\Local\Programs\Python\Python311\Lib\site-packages\sqlalchemy\orm\session.py:4331: in flush
    self._flush(objects)
..\..\AppData\Local\Programs\Python\Python311\Lib\site-packages\sqlalchemy\orm\session.py:4466: in _flush
    with util.safe_reraise():
..\..\AppData\Local\Programs\Python\Python311\Lib\site-packages\sqlalchemy\util\langhelpers.py:121: in __exit__
    raise exc_value.with_traceback(exc_tb)
..\..\AppData\Local\Programs\Python\Python311\Lib\site-packages\sqlalchemy\orm\session.py:4427: in _flush
    flush_context.execute()
..\..\AppData\Local\Programs\Python\Python311\Lib\site-packages\sqlalchemy\orm\unitofwork.py:466: in execute
    rec.execute(self)
..\..\AppData\Local\Programs\Python\Python311\Lib\site-packages\sqlalchemy\orm\unitofwork.py:642: in execute
    util.preloaded.orm_persistence.save_obj(
..\..\AppData\Local\Programs\Python\Python311\Lib\site-packages\sqlalchemy\orm\persistence.py:93: in save_obj
    _emit_insert_statements(
..\..\AppData\Local\Programs\Python\Python311\Lib\site-packages\sqlalchemy\orm\persistence.py:1143: in _emit_insert_statements
    result = connection.execute(
..\..\AppData\Local\Programs\Python\Python311\Lib\site-packages\sqlalchemy\engine\base.py:1419: in execute
    return meth(
..\..\AppData\Local\Programs\Python\Python311\Lib\site-packages\sqlalchemy\sql\elements.py:527: in _execute_on_connection
    return connection._execute_clauseelement(
..\..\AppData\Local\Programs\Python\Python311\Lib\site-packages\sqlalchemy\engine\base.py:1641: in _execute_clauseelement
    ret = self._execute_context(
..\..\AppData\Local\Programs\Python\Python311\Lib\site-packages\sqlalchemy\engine\base.py:1844: in _execute_context
    return self._exec_insertmany_context(dialect, context)
           ^^^^^^^^^^^^^^^^^^^^^^^^^^^^^^^^^^^^^^^^^^^^^^^
..\..\AppData\Local\Programs\Python\Python311\Lib\site-packages\sqlalchemy\engine\base.py:2133: in _exec_insertmany_context
    self._handle_dbapi_exception(
..\..\AppData\Local\Programs\Python\Python311\Lib\site-packages\sqlalchemy\engine\base.py:2363: in _handle_dbapi_exception
    raise sqlalchemy_exception.with_traceback(exc_info[2]) from e
..\..\AppData\Local\Programs\Python\Python311\Lib\site-packages\sqlalchemy\engine\base.py:2125: in _exec_insertmany_context
    dialect.do_execute(
..\..\AppData\Local\Programs\Python\Python311\Lib\site-packages\sqlalchemy\engine\default.py:952: in do_execute
    cursor.execute(statement, parameters)
E   sqlalchemy.exc.IntegrityError: (sqlite3.IntegrityError) NOT NULL constraint failed: lancamentos.obra_id
E   [SQL: INSERT INTO lancamentos (empresa_id, obra_id, descricao, categoria, tipo, valor, data, forma_pagamento, status_pagamento, parcelas, observacoes, documento, created_at, deleted_at) VALUES (?, ?, ?, ?, ?, ?, ?, ?, ?, ?, ?, ?, ?, ?) RETURNING id]
E   [parameters: (1, None, 'Receita Vendas', 'Vendas', 'Receita', 10000.0, '2026-01-15', None, 'Pago', 1, None, None, '2026-04-16 14:04:26.653929', None)]
E   (Background on this error at: https://sqlalche.me/e/20/gkpj)</error></testcase><testcase classname="tests.test_financeiro_completo.TestLancamentoFiltros" name="test_filtrar_por_periodo" time="0.494"><error message="failed on setup with &quot;sqlalchemy.exc.IntegrityError: (sqlite3.IntegrityError) NOT NULL constraint failed: lancamentos.obra_id&#10;[SQL: INSERT INTO lancamentos (empresa_id, obra_id, descricao, categoria, tipo, valor, data, forma_pagamento, status_pagamento, parcelas, observacoes, documento, created_at, deleted_at) VALUES (?, ?, ?, ?, ?, ?, ?, ?, ?, ?, ?, ?, ?, ?) RETURNING id]&#10;[parameters: (1, None, 'Receita Vendas', 'Vendas', 'Receita', 10000.0, '2026-01-15', None, 'Pago', 1, None, None, '2026-04-16 14:04:28.374193', None)]&#10;(Background on this error at: https://sqlalche.me/e/20/gkpj)&quot;">..\..\AppData\Local\Programs\Python\Python311\Lib\site-packages\sqlalchemy\engine\base.py:2125: in _exec_insertmany_context
    dialect.do_execute(
..\..\AppData\Local\Programs\Python\Python311\Lib\site-packages\sqlalchemy\engine\default.py:952: in do_execute
    cursor.execute(statement, parameters)
E   sqlite3.IntegrityError: NOT NULL constraint failed: lancamentos.obra_id

The above exception was the direct cause of the following exception:
tests\test_financeiro_completo.py:189: in lancamentos_sample
    db.session.commit()
..\..\AppData\Local\Programs\Python\Python311\Lib\site-packages\sqlalchemy\orm\scoping.py:597: in commit
    return self._proxied.commit()
           ^^^^^^^^^^^^^^^^^^^^^^
..\..\AppData\Local\Programs\Python\Python311\Lib\site-packages\sqlalchemy\orm\session.py:2030: in commit
    trans.commit(_to_root=True)
&lt;string&gt;:2: in commit
    ???
..\..\AppData\Local\Programs\Python\Python311\Lib\site-packages\sqlalchemy\orm\state_changes.py:137: in _go
    ret_value = fn(self, *arg, **kw)
                ^^^^^^^^^^^^^^^^^^^^
..\..\AppData\Local\Programs\Python\Python311\Lib\site-packages\sqlalchemy\orm\session.py:1311: in commit
    self._prepare_impl()
&lt;string&gt;:2: in _prepare_impl
    ???
..\..\AppData\Local\Programs\Python\Python311\Lib\site-packages\sqlalchemy\orm\state_changes.py:137: in _go
    ret_value = fn(self, *arg, **kw)
                ^^^^^^^^^^^^^^^^^^^^
..\..\AppData\Local\Programs\Python\Python311\Lib\site-packages\sqlalchemy\orm\session.py:1286: in _prepare_impl
    self.session.flush()
..\..\AppData\Local\Programs\Python\Python311\Lib\site-packages\sqlalchemy\orm\session.py:4331: in flush
    self._flush(objects)
..\..\AppData\Local\Programs\Python\Python311\Lib\site-packages\sqlalchemy\orm\session.py:4466: in _flush
    with util.safe_reraise():
..\..\AppData\Local\Programs\Python\Python311\Lib\site-packages\sqlalchemy\util\langhelpers.py:121: in __exit__
    raise exc_value.with_traceback(exc_tb)
..\..\AppData\Local\Programs\Python\Python311\Lib\site-packages\sqlalchemy\orm\session.py:4427: in _flush
    flush_context.execute()
..\..\AppData\Local\Programs\Python\Python311\Lib\site-packages\sqlalchemy\orm\unitofwork.py:466: in execute
    rec.execute(self)
..\..\AppData\Local\Programs\Python\Python311\Lib\site-packages\sqlalchemy\orm\unitofwork.py:642: in execute
    util.preloaded.orm_persistence.save_obj(
..\..\AppData\Local\Programs\Python\Python311\Lib\site-packages\sqlalchemy\orm\persistence.py:93: in save_obj
    _emit_insert_statements(
..\..\AppData\Local\Programs\Python\Python311\Lib\site-packages\sqlalchemy\orm\persistence.py:1143: in _emit_insert_statements
    result = connection.execute(
..\..\AppData\Local\Programs\Python\Python311\Lib\site-packages\sqlalchemy\engine\base.py:1419: in execute
    return meth(
..\..\AppData\Local\Programs\Python\Python311\Lib\site-packages\sqlalchemy\sql\elements.py:527: in _execute_on_connection
    return connection._execute_clauseelement(
..\..\AppData\Local\Programs\Python\Python311\Lib\site-packages\sqlalchemy\engine\base.py:1641: in _execute_clauseelement
    ret = self._execute_context(
..\..\AppData\Local\Programs\Python\Python311\Lib\site-packages\sqlalchemy\engine\base.py:1844: in _execute_context
    return self._exec_insertmany_context(dialect, context)
           ^^^^^^^^^^^^^^^^^^^^^^^^^^^^^^^^^^^^^^^^^^^^^^^
..\..\AppData\Local\Programs\Python\Python311\Lib\site-packages\sqlalchemy\engine\base.py:2133: in _exec_insertmany_context
    self._handle_dbapi_exception(
..\..\AppData\Local\Programs\Python\Python311\Lib\site-packages\sqlalchemy\engine\base.py:2363: in _handle_dbapi_exception
    raise sqlalchemy_exception.with_traceback(exc_info[2]) from e
..\..\AppData\Local\Programs\Python\Python311\Lib\site-packages\sqlalchemy\engine\base.py:2125: in _exec_insertmany_context
    dialect.do_execute(
..\..\AppData\Local\Programs\Python\Python311\Lib\site-packages\sqlalchemy\engine\default.py:952: in do_execute
    cursor.execute(statement, parameters)
E   sqlalchemy.exc.IntegrityError: (sqlite3.IntegrityError) NOT NULL constraint failed: lancamentos.obra_id
E   [SQL: INSERT INTO lancamentos (empresa_id, obra_id, descricao, categoria, tipo, valor, data, forma_pagamento, status_pagamento, parcelas, observacoes, documento, created_at, deleted_at) VALUES (?, ?, ?, ?, ?, ?, ?, ?, ?, ?, ?, ?, ?, ?) RETURNING id]
E   [parameters: (1, None, 'Receita Vendas', 'Vendas', 'Receita', 10000.0, '2026-01-15', None, 'Pago', 1, None, None, '2026-04-16 14:04:28.374193', None)]
E   (Background on this error at: https://sqlalche.me/e/20/gkpj)</error></testcase><testcase classname="tests.test_financeiro_completo.TestLancamentoFiltros" name="test_filtrar_por_busca" time="0.538"><error message="failed on setup with &quot;sqlalchemy.exc.IntegrityError: (sqlite3.IntegrityError) NOT NULL constraint failed: lancamentos.obra_id&#10;[SQL: INSERT INTO lancamentos (empresa_id, obra_id, descricao, categoria, tipo, valor, data, forma_pagamento, status_pagamento, parcelas, observacoes, documento, created_at, deleted_at) VALUES (?, ?, ?, ?, ?, ?, ?, ?, ?, ?, ?, ?, ?, ?) RETURNING id]&#10;[parameters: (1, None, 'Receita Vendas', 'Vendas', 'Receita', 10000.0, '2026-01-15', None, 'Pago', 1, None, None, '2026-04-16 14:04:30.196713', None)]&#10;(Background on this error at: https://sqlalche.me/e/20/gkpj)&quot;">..\..\AppData\Local\Programs\Python\Python311\Lib\site-packages\sqlalchemy\engine\base.py:2125: in _exec_insertmany_context
    dialect.do_execute(
..\..\AppData\Local\Programs\Python\Python311\Lib\site-packages\sqlalchemy\engine\default.py:952: in do_execute
    cursor.execute(statement, parameters)
E   sqlite3.IntegrityError: NOT NULL constraint failed: lancamentos.obra_id

The above exception was the direct cause of the following exception:
tests\test_financeiro_completo.py:189: in lancamentos_sample
    db.session.commit()
..\..\AppData\Local\Programs\Python\Python311\Lib\site-packages\sqlalchemy\orm\scoping.py:597: in commit
    return self._proxied.commit()
           ^^^^^^^^^^^^^^^^^^^^^^
..\..\AppData\Local\Programs\Python\Python311\Lib\site-packages\sqlalchemy\orm\session.py:2030: in commit
    trans.commit(_to_root=True)
&lt;string&gt;:2: in commit
    ???
..\..\AppData\Local\Programs\Python\Python311\Lib\site-packages\sqlalchemy\orm\state_changes.py:137: in _go
    ret_value = fn(self, *arg, **kw)
                ^^^^^^^^^^^^^^^^^^^^
..\..\AppData\Local\Programs\Python\Python311\Lib\site-packages\sqlalchemy\orm\session.py:1311: in commit
    self._prepare_impl()
&lt;string&gt;:2: in _prepare_impl
    ???
..\..\AppData\Local\Programs\Python\Python311\Lib\site-packages\sqlalchemy\orm\state_changes.py:137: in _go
    ret_value = fn(self, *arg, **kw)
                ^^^^^^^^^^^^^^^^^^^^
..\..\AppData\Local\Programs\Python\Python311\Lib\site-packages\sqlalchemy\orm\session.py:1286: in _prepare_impl
    self.session.flush()
..\..\AppData\Local\Programs\Python\Python311\Lib\site-packages\sqlalchemy\orm\session.py:4331: in flush
    self._flush(objects)
..\..\AppData\Local\Programs\Python\Python311\Lib\site-packages\sqlalchemy\orm\session.py:4466: in _flush
    with util.safe_reraise():
..\..\AppData\Local\Programs\Python\Python311\Lib\site-packages\sqlalchemy\util\langhelpers.py:121: in __exit__
    raise exc_value.with_traceback(exc_tb)
..\..\AppData\Local\Programs\Python\Python311\Lib\site-packages\sqlalchemy\orm\session.py:4427: in _flush
    flush_context.execute()
..\..\AppData\Local\Programs\Python\Python311\Lib\site-packages\sqlalchemy\orm\unitofwork.py:466: in execute
    rec.execute(self)
..\..\AppData\Local\Programs\Python\Python311\Lib\site-packages\sqlalchemy\orm\unitofwork.py:642: in execute
    util.preloaded.orm_persistence.save_obj(
..\..\AppData\Local\Programs\Python\Python311\Lib\site-packages\sqlalchemy\orm\persistence.py:93: in save_obj
    _emit_insert_statements(
..\..\AppData\Local\Programs\Python\Python311\Lib\site-packages\sqlalchemy\orm\persistence.py:1143: in _emit_insert_statements
    result = connection.execute(
..\..\AppData\Local\Programs\Python\Python311\Lib\site-packages\sqlalchemy\engine\base.py:1419: in execute
    return meth(
..\..\AppData\Local\Programs\Python\Python311\Lib\site-packages\sqlalchemy\sql\elements.py:527: in _execute_on_connection
    return connection._execute_clauseelement(
..\..\AppData\Local\Programs\Python\Python311\Lib\site-packages\sqlalchemy\engine\base.py:1641: in _execute_clauseelement
    ret = self._execute_context(
..\..\AppData\Local\Programs\Python\Python311\Lib\site-packages\sqlalchemy\engine\base.py:1844: in _execute_context
    return self._exec_insertmany_context(dialect, context)
           ^^^^^^^^^^^^^^^^^^^^^^^^^^^^^^^^^^^^^^^^^^^^^^^
..\..\AppData\Local\Programs\Python\Python311\Lib\site-packages\sqlalchemy\engine\base.py:2133: in _exec_insertmany_context
    self._handle_dbapi_exception(
..\..\AppData\Local\Programs\Python\Python311\Lib\site-packages\sqlalchemy\engine\base.py:2363: in _handle_dbapi_exception
    raise sqlalchemy_exception.with_traceback(exc_info[2]) from e
..\..\AppData\Local\Programs\Python\Python311\Lib\site-packages\sqlalchemy\engine\base.py:2125: in _exec_insertmany_context
    dialect.do_execute(
..\..\AppData\Local\Programs\Python\Python311\Lib\site-packages\sqlalchemy\engine\default.py:952: in do_execute
    cursor.execute(statement, parameters)
E   sqlalchemy.exc.IntegrityError: (sqlite3.IntegrityError) NOT NULL constraint failed: lancamentos.obra_id
E   [SQL: INSERT INTO lancamentos (empresa_id, obra_id, descricao, categoria, tipo, valor, data, forma_pagamento, status_pagamento, parcelas, observacoes, documento, created_at, deleted_at) VALUES (?, ?, ?, ?, ?, ?, ?, ?, ?, ?, ?, ?, ?, ?) RETURNING id]
E   [parameters: (1, None, 'Receita Vendas', 'Vendas', 'Receita', 10000.0, '2026-01-15', None, 'Pago', 1, None, None, '2026-04-16 14:04:30.196713', None)]
E   (Background on this error at: https://sqlalche.me/e/20/gkpj)</error></testcase><testcase classname="tests.test_financeiro_completo.TestDashboard" name="test_dashboard_carrega" time="0.587" /><testcase classname="tests.test_financeiro_completo.TestDashboard" name="test_dashboard_com_lancamentos" time="0.550"><failure message="sqlalchemy.exc.IntegrityError: (sqlite3.IntegrityError) NOT NULL constraint failed: lancamentos.obra_id&#10;[SQL: INSERT INTO lancamentos (empresa_id, obra_id, descricao, categoria, tipo, valor, data, forma_pagamento, status_pagamento, parcelas, observacoes, documento, created_at, deleted_at) VALUES (?, ?, ?, ?, ?, ?, ?, ?, ?, ?, ?, ?, ?, ?) RETURNING id]&#10;[parameters: (1, None, 'Receita 1', None, 'Receita', 50000.0, '2026-04-16', None, 'Pago', 1, None, None, '2026-04-16 14:04:32.563427', None)]&#10;(Background on this error at: https://sqlalche.me/e/20/gkpj)">..\..\AppData\Local\Programs\Python\Python311\Lib\site-packages\sqlalchemy\engine\base.py:2125: in _exec_insertmany_context
    dialect.do_execute(
..\..\AppData\Local\Programs\Python\Python311\Lib\site-packages\sqlalchemy\engine\default.py:952: in do_execute
    cursor.execute(statement, parameters)
E   sqlite3.IntegrityError: NOT NULL constraint failed: lancamentos.obra_id

The above exception was the direct cause of the following exception:
tests\test_financeiro_completo.py:251: in test_dashboard_com_lancamentos
    db.session.commit()
..\..\AppData\Local\Programs\Python\Python311\Lib\site-packages\sqlalchemy\orm\scoping.py:597: in commit
    return self._proxied.commit()
           ^^^^^^^^^^^^^^^^^^^^^^
..\..\AppData\Local\Programs\Python\Python311\Lib\site-packages\sqlalchemy\orm\session.py:2030: in commit
    trans.commit(_to_root=True)
&lt;string&gt;:2: in commit
    ???
..\..\AppData\Local\Programs\Python\Python311\Lib\site-packages\sqlalchemy\orm\state_changes.py:137: in _go
    ret_value = fn(self, *arg, **kw)
                ^^^^^^^^^^^^^^^^^^^^
..\..\AppData\Local\Programs\Python\Python311\Lib\site-packages\sqlalchemy\orm\session.py:1311: in commit
    self._prepare_impl()
&lt;string&gt;:2: in _prepare_impl
    ???
..\..\AppData\Local\Programs\Python\Python311\Lib\site-packages\sqlalchemy\orm\state_changes.py:137: in _go
    ret_value = fn(self, *arg, **kw)
                ^^^^^^^^^^^^^^^^^^^^
..\..\AppData\Local\Programs\Python\Python311\Lib\site-packages\sqlalchemy\orm\session.py:1286: in _prepare_impl
    self.session.flush()
..\..\AppData\Local\Programs\Python\Python311\Lib\site-packages\sqlalchemy\orm\session.py:4331: in flush
    self._flush(objects)
..\..\AppData\Local\Programs\Python\Python311\Lib\site-packages\sqlalchemy\orm\session.py:4466: in _flush
    with util.safe_reraise():
..\..\AppData\Local\Programs\Python\Python311\Lib\site-packages\sqlalchemy\util\langhelpers.py:121: in __exit__
    raise exc_value.with_traceback(exc_tb)
..\..\AppData\Local\Programs\Python\Python311\Lib\site-packages\sqlalchemy\orm\session.py:4427: in _flush
    flush_context.execute()
..\..\AppData\Local\Programs\Python\Python311\Lib\site-packages\sqlalchemy\orm\unitofwork.py:466: in execute
    rec.execute(self)
..\..\AppData\Local\Programs\Python\Python311\Lib\site-packages\sqlalchemy\orm\unitofwork.py:642: in execute
    util.preloaded.orm_persistence.save_obj(
..\..\AppData\Local\Programs\Python\Python311\Lib\site-packages\sqlalchemy\orm\persistence.py:93: in save_obj
    _emit_insert_statements(
..\..\AppData\Local\Programs\Python\Python311\Lib\site-packages\sqlalchemy\orm\persistence.py:1143: in _emit_insert_statements
    result = connection.execute(
..\..\AppData\Local\Programs\Python\Python311\Lib\site-packages\sqlalchemy\engine\base.py:1419: in execute
    return meth(
..\..\AppData\Local\Programs\Python\Python311\Lib\site-packages\sqlalchemy\sql\elements.py:527: in _execute_on_connection
    return connection._execute_clauseelement(
..\..\AppData\Local\Programs\Python\Python311\Lib\site-packages\sqlalchemy\engine\base.py:1641: in _execute_clauseelement
    ret = self._execute_context(
..\..\AppData\Local\Programs\Python\Python311\Lib\site-packages\sqlalchemy\engine\base.py:1844: in _execute_context
    return self._exec_insertmany_context(dialect, context)
           ^^^^^^^^^^^^^^^^^^^^^^^^^^^^^^^^^^^^^^^^^^^^^^^
..\..\AppData\Local\Programs\Python\Python311\Lib\site-packages\sqlalchemy\engine\base.py:2133: in _exec_insertmany_context
    self._handle_dbapi_exception(
..\..\AppData\Local\Programs\Python\Python311\Lib\site-packages\sqlalchemy\engine\base.py:2363: in _handle_dbapi_exception
    raise sqlalchemy_exception.with_traceback(exc_info[2]) from e
..\..\AppData\Local\Programs\Python\Python311\Lib\site-packages\sqlalchemy\engine\base.py:2125: in _exec_insertmany_context
    dialect.do_execute(
..\..\AppData\Local\Programs\Python\Python311\Lib\site-packages\sqlalchemy\engine\default.py:952: in do_execute
    cursor.execute(statement, parameters)
E   sqlalchemy.exc.IntegrityError: (sqlite3.IntegrityError) NOT NULL constraint failed: lancamentos.obra_id
E   [SQL: INSERT INTO lancamentos (empresa_id, obra_id, descricao, categoria, tipo, valor, data, forma_pagamento, status_pagamento, parcelas, observacoes, documento, created_at, deleted_at) VALUES (?, ?, ?, ?, ?, ?, ?, ?, ?, ?, ?, ?, ?, ?) RETURNING id]
E   [parameters: (1, None, 'Receita 1', None, 'Receita', 50000.0, '2026-04-16', None, 'Pago', 1, None, None, '2026-04-16 14:04:32.563427', None)]
E   (Background on this error at: https://sqlalche.me/e/20/gkpj)</failure></testcase><testcase classname="tests.test_financeiro_completo.TestDashboard" name="test_dashboard_api" time="0.506"><failure message="sqlalchemy.exc.IntegrityError: (sqlite3.IntegrityError) NOT NULL constraint failed: lancamentos.obra_id&#10;[SQL: INSERT INTO lancamentos (empresa_id, obra_id, descricao, categoria, tipo, valor, data, forma_pagamento, status_pagamento, parcelas, observacoes, documento, created_at, deleted_at) VALUES (?, ?, ?, ?, ?, ?, ?, ?, ?, ?, ?, ?, ?, ?) RETURNING id]&#10;[parameters: (1, None, None, None, 'Receita', 10000.0, '2026-04-16', None, 'Pago', 1, None, None, '2026-04-16 14:04:34.379908', None)]&#10;(Background on this error at: https://sqlalche.me/e/20/gkpj)">..\..\AppData\Local\Programs\Python\Python311\Lib\site-packages\sqlalchemy\engine\base.py:2125: in _exec_insertmany_context
    dialect.do_execute(
..\..\AppData\Local\Programs\Python\Python311\Lib\site-packages\sqlalchemy\engine\default.py:952: in do_execute
    cursor.execute(statement, parameters)
E   sqlite3.IntegrityError: NOT NULL constraint failed: lancamentos.obra_id

The above exception was the direct cause of the following exception:
tests\test_financeiro_completo.py:276: in test_dashboard_api
    db.session.commit()
..\..\AppData\Local\Programs\Python\Python311\Lib\site-packages\sqlalchemy\orm\scoping.py:597: in commit
    return self._proxied.commit()
           ^^^^^^^^^^^^^^^^^^^^^^
..\..\AppData\Local\Programs\Python\Python311\Lib\site-packages\sqlalchemy\orm\session.py:2030: in commit
    trans.commit(_to_root=True)
&lt;string&gt;:2: in commit
    ???
..\..\AppData\Local\Programs\Python\Python311\Lib\site-packages\sqlalchemy\orm\state_changes.py:137: in _go
    ret_value = fn(self, *arg, **kw)
                ^^^^^^^^^^^^^^^^^^^^
..\..\AppData\Local\Programs\Python\Python311\Lib\site-packages\sqlalchemy\orm\session.py:1311: in commit
    self._prepare_impl()
&lt;string&gt;:2: in _prepare_impl
    ???
..\..\AppData\Local\Programs\Python\Python311\Lib\site-packages\sqlalchemy\orm\state_changes.py:137: in _go
    ret_value = fn(self, *arg, **kw)
                ^^^^^^^^^^^^^^^^^^^^
..\..\AppData\Local\Programs\Python\Python311\Lib\site-packages\sqlalchemy\orm\session.py:1286: in _prepare_impl
    self.session.flush()
..\..\AppData\Local\Programs\Python\Python311\Lib\site-packages\sqlalchemy\orm\session.py:4331: in flush
    self._flush(objects)
..\..\AppData\Local\Programs\Python\Python311\Lib\site-packages\sqlalchemy\orm\session.py:4466: in _flush
    with util.safe_reraise():
..\..\AppData\Local\Programs\Python\Python311\Lib\site-packages\sqlalchemy\util\langhelpers.py:121: in __exit__
    raise exc_value.with_traceback(exc_tb)
..\..\AppData\Local\Programs\Python\Python311\Lib\site-packages\sqlalchemy\orm\session.py:4427: in _flush
    flush_context.execute()
..\..\AppData\Local\Programs\Python\Python311\Lib\site-packages\sqlalchemy\orm\unitofwork.py:466: in execute
    rec.execute(self)
..\..\AppData\Local\Programs\Python\Python311\Lib\site-packages\sqlalchemy\orm\unitofwork.py:642: in execute
    util.preloaded.orm_persistence.save_obj(
..\..\AppData\Local\Programs\Python\Python311\Lib\site-packages\sqlalchemy\orm\persistence.py:93: in save_obj
    _emit_insert_statements(
..\..\AppData\Local\Programs\Python\Python311\Lib\site-packages\sqlalchemy\orm\persistence.py:1143: in _emit_insert_statements
    result = connection.execute(
..\..\AppData\Local\Programs\Python\Python311\Lib\site-packages\sqlalchemy\engine\base.py:1419: in execute
    return meth(
..\..\AppData\Local\Programs\Python\Python311\Lib\site-packages\sqlalchemy\sql\elements.py:527: in _execute_on_connection
    return connection._execute_clauseelement(
..\..\AppData\Local\Programs\Python\Python311\Lib\site-packages\sqlalchemy\engine\base.py:1641: in _execute_clauseelement
    ret = self._execute_context(
..\..\AppData\Local\Programs\Python\Python311\Lib\site-packages\sqlalchemy\engine\base.py:1844: in _execute_context
    return self._exec_insertmany_context(dialect, context)
           ^^^^^^^^^^^^^^^^^^^^^^^^^^^^^^^^^^^^^^^^^^^^^^^
..\..\AppData\Local\Programs\Python\Python311\Lib\site-packages\sqlalchemy\engine\base.py:2133: in _exec_insertmany_context
    self._handle_dbapi_exception(
..\..\AppData\Local\Programs\Python\Python311\Lib\site-packages\sqlalchemy\engine\base.py:2363: in _handle_dbapi_exception
    raise sqlalchemy_exception.with_traceback(exc_info[2]) from e
..\..\AppData\Local\Programs\Python\Python311\Lib\site-packages\sqlalchemy\engine\base.py:2125: in _exec_insertmany_context
    dialect.do_execute(
..\..\AppData\Local\Programs\Python\Python311\Lib\site-packages\sqlalchemy\engine\default.py:952: in do_execute
    cursor.execute(statement, parameters)
E   sqlalchemy.exc.IntegrityError: (sqlite3.IntegrityError) NOT NULL constraint failed: lancamentos.obra_id
E   [SQL: INSERT INTO lancamentos (empresa_id, obra_id, descricao, categoria, tipo, valor, data, forma_pagamento, status_pagamento, parcelas, observacoes, documento, created_at, deleted_at) VALUES (?, ?, ?, ?, ?, ?, ?, ?, ?, ?, ?, ?, ?, ?) RETURNING id]
E   [parameters: (1, None, None, None, 'Receita', 10000.0, '2026-04-16', None, 'Pago', 1, None, None, '2026-04-16 14:04:34.379908', None)]
E   (Background on this error at: https://sqlalche.me/e/20/gkpj)</failure></testcase><testcase classname="tests.test_financeiro_completo.TestRelatorios" name="test_relatorio_geral_carrega" time="0.670" /><testcase classname="tests.test_financeiro_completo.TestRelatorios" name="test_relatorio_com_filtro_data" time="0.672" /><testcase classname="tests.test_financeiro_completo.TestRelatorios" name="test_relatorio_lucro_por_obra" time="0.557"><failure message="sqlalchemy.exc.IntegrityError: (sqlite3.IntegrityError) NOT NULL constraint failed: lancamentos.categoria&#10;[SQL: INSERT INTO lancamentos (empresa_id, obra_id, descricao, categoria, tipo, valor, data, forma_pagamento, status_pagamento, parcelas, observacoes, documento, created_at, deleted_at) VALUES (?, ?, ?, ?, ?, ?, ?, ?, ?, ?, ?, ?, ?, ?) RETURNING id]&#10;[parameters: (1, 1, 'Receita Obra', None, 'Receita', 100000.0, '2026-04-01', None, 'Pago', 1, None, None, '2026-04-16 14:04:37.482370', None)]&#10;(Background on this error at: https://sqlalche.me/e/20/gkpj)">..\..\AppData\Local\Programs\Python\Python311\Lib\site-packages\sqlalchemy\engine\base.py:2125: in _exec_insertmany_context
    dialect.do_execute(
..\..\AppData\Local\Programs\Python\Python311\Lib\site-packages\sqlalchemy\engine\default.py:952: in do_execute
    cursor.execute(statement, parameters)
E   sqlite3.IntegrityError: NOT NULL constraint failed: lancamentos.categoria

The above exception was the direct cause of the following exception:
tests\test_financeiro_completo.py:332: in test_relatorio_lucro_por_obra
    db.session.commit()
..\..\AppData\Local\Programs\Python\Python311\Lib\site-packages\sqlalchemy\orm\scoping.py:597: in commit
    return self._proxied.commit()
           ^^^^^^^^^^^^^^^^^^^^^^
..\..\AppData\Local\Programs\Python\Python311\Lib\site-packages\sqlalchemy\orm\session.py:2030: in commit
    trans.commit(_to_root=True)
&lt;string&gt;:2: in commit
    ???
..\..\AppData\Local\Programs\Python\Python311\Lib\site-packages\sqlalchemy\orm\state_changes.py:137: in _go
    ret_value = fn(self, *arg, **kw)
                ^^^^^^^^^^^^^^^^^^^^
..\..\AppData\Local\Programs\Python\Python311\Lib\site-packages\sqlalchemy\orm\session.py:1311: in commit
    self._prepare_impl()
&lt;string&gt;:2: in _prepare_impl
    ???
..\..\AppData\Local\Programs\Python\Python311\Lib\site-packages\sqlalchemy\orm\state_changes.py:137: in _go
    ret_value = fn(self, *arg, **kw)
                ^^^^^^^^^^^^^^^^^^^^
..\..\AppData\Local\Programs\Python\Python311\Lib\site-packages\sqlalchemy\orm\session.py:1286: in _prepare_impl
    self.session.flush()
..\..\AppData\Local\Programs\Python\Python311\Lib\site-packages\sqlalchemy\orm\session.py:4331: in flush
    self._flush(objects)
..\..\AppData\Local\Programs\Python\Python311\Lib\site-packages\sqlalchemy\orm\session.py:4466: in _flush
    with util.safe_reraise():
..\..\AppData\Local\Programs\Python\Python311\Lib\site-packages\sqlalchemy\util\langhelpers.py:121: in __exit__
    raise exc_value.with_traceback(exc_tb)
..\..\AppData\Local\Programs\Python\Python311\Lib\site-packages\sqlalchemy\orm\session.py:4427: in _flush
    flush_context.execute()
..\..\AppData\Local\Programs\Python\Python311\Lib\site-packages\sqlalchemy\orm\unitofwork.py:466: in execute
    rec.execute(self)
..\..\AppData\Local\Programs\Python\Python311\Lib\site-packages\sqlalchemy\orm\unitofwork.py:642: in execute
    util.preloaded.orm_persistence.save_obj(
..\..\AppData\Local\Programs\Python\Python311\Lib\site-packages\sqlalchemy\orm\persistence.py:93: in save_obj
    _emit_insert_statements(
..\..\AppData\Local\Programs\Python\Python311\Lib\site-packages\sqlalchemy\orm\persistence.py:1143: in _emit_insert_statements
    result = connection.execute(
..\..\AppData\Local\Programs\Python\Python311\Lib\site-packages\sqlalchemy\engine\base.py:1419: in execute
    return meth(
..\..\AppData\Local\Programs\Python\Python311\Lib\site-packages\sqlalchemy\sql\elements.py:527: in _execute_on_connection
    return connection._execute_clauseelement(
..\..\AppData\Local\Programs\Python\Python311\Lib\site-packages\sqlalchemy\engine\base.py:1641: in _execute_clauseelement
    ret = self._execute_context(
..\..\AppData\Local\Programs\Python\Python311\Lib\site-packages\sqlalchemy\engine\base.py:1844: in _execute_context
    return self._exec_insertmany_context(dialect, context)
           ^^^^^^^^^^^^^^^^^^^^^^^^^^^^^^^^^^^^^^^^^^^^^^^
..\..\AppData\Local\Programs\Python\Python311\Lib\site-packages\sqlalchemy\engine\base.py:2133: in _exec_insertmany_context
    self._handle_dbapi_exception(
..\..\AppData\Local\Programs\Python\Python311\Lib\site-packages\sqlalchemy\engine\base.py:2363: in _handle_dbapi_exception
    raise sqlalchemy_exception.with_traceback(exc_info[2]) from e
..\..\AppData\Local\Programs\Python\Python311\Lib\site-packages\sqlalchemy\engine\base.py:2125: in _exec_insertmany_context
    dialect.do_execute(
..\..\AppData\Local\Programs\Python\Python311\Lib\site-packages\sqlalchemy\engine\default.py:952: in do_execute
    cursor.execute(statement, parameters)
E   sqlalchemy.exc.IntegrityError: (sqlite3.IntegrityError) NOT NULL constraint failed: lancamentos.categoria
E   [SQL: INSERT INTO lancamentos (empresa_id, obra_id, descricao, categoria, tipo, valor, data, forma_pagamento, status_pagamento, parcelas, observacoes, documento, created_at, deleted_at) VALUES (?, ?, ?, ?, ?, ?, ?, ?, ?, ?, ?, ?, ?, ?) RETURNING id]
E   [parameters: (1, 1, 'Receita Obra', None, 'Receita', 100000.0, '2026-04-01', None, 'Pago', 1, None, None, '2026-04-16 14:04:37.482370', None)]
E   (Background on this error at: https://sqlalche.me/e/20/gkpj)</failure></testcase><testcase classname="tests.test_financeiro_completo.TestRelatorios" name="test_relatorio_exportar_pdf" time="0.848" /><testcase classname="tests.test_financeiro_completo.TestObrasFinanceiro" name="test_criar_obra_com_dados" time="0.658" /><testcase classname="tests.test_financeiro_completo.TestObrasFinanceiro" name="test_limite_obras" time="0.656" /><testcase classname="tests.test_financeiro_completo.TestObrasFinanceiro" name="test_editar_obra" time="0.746" /><testcase classname="tests.test_financeiro_completo.TestObrasFinanceiro" name="test_excluir_obra" time="0.812" /><testcase classname="tests.test_financeiro_completo.TestCalculosFinanceiros" name="test_saldo_atual" time="0.652"><failure message="sqlalchemy.exc.IntegrityError: (sqlite3.IntegrityError) NOT NULL constraint failed: lancamentos.obra_id&#10;[SQL: INSERT INTO lancamentos (empresa_id, obra_id, descricao, categoria, tipo, valor, data, forma_pagamento, status_pagamento, parcelas, observacoes, documento, created_at, deleted_at) VALUES (?, ?, ?, ?, ?, ?, ?, ?, ?, ?, ?, ?, ?, ?) RETURNING id]&#10;[parameters: (1, None, None, None, 'Receita', 80000.0, '2026-04-01', None, 'Pago', 1, None, None, '2026-04-16 14:04:43.218643', None)]&#10;(Background on this error at: https://sqlalche.me/e/20/gkpj)">..\..\AppData\Local\Programs\Python\Python311\Lib\site-packages\sqlalchemy\engine\base.py:2125: in _exec_insertmany_context
    dialect.do_execute(
..\..\AppData\Local\Programs\Python\Python311\Lib\site-packages\sqlalchemy\engine\default.py:952: in do_execute
    cursor.execute(statement, parameters)
E   sqlite3.IntegrityError: NOT NULL constraint failed: lancamentos.obra_id

The above exception was the direct cause of the following exception:
tests\test_financeiro_completo.py:462: in test_saldo_atual
    db.session.commit()
..\..\AppData\Local\Programs\Python\Python311\Lib\site-packages\sqlalchemy\orm\scoping.py:597: in commit
    return self._proxied.commit()
           ^^^^^^^^^^^^^^^^^^^^^^
..\..\AppData\Local\Programs\Python\Python311\Lib\site-packages\sqlalchemy\orm\session.py:2030: in commit
    trans.commit(_to_root=True)
&lt;string&gt;:2: in commit
    ???
..\..\AppData\Local\Programs\Python\Python311\Lib\site-packages\sqlalchemy\orm\state_changes.py:137: in _go
    ret_value = fn(self, *arg, **kw)
                ^^^^^^^^^^^^^^^^^^^^
..\..\AppData\Local\Programs\Python\Python311\Lib\site-packages\sqlalchemy\orm\session.py:1311: in commit
    self._prepare_impl()
&lt;string&gt;:2: in _prepare_impl
    ???
..\..\AppData\Local\Programs\Python\Python311\Lib\site-packages\sqlalchemy\orm\state_changes.py:137: in _go
    ret_value = fn(self, *arg, **kw)
                ^^^^^^^^^^^^^^^^^^^^
..\..\AppData\Local\Programs\Python\Python311\Lib\site-packages\sqlalchemy\orm\session.py:1286: in _prepare_impl
    self.session.flush()
..\..\AppData\Local\Programs\Python\Python311\Lib\site-packages\sqlalchemy\orm\session.py:4331: in flush
    self._flush(objects)
..\..\AppData\Local\Programs\Python\Python311\Lib\site-packages\sqlalchemy\orm\session.py:4466: in _flush
    with util.safe_reraise():
..\..\AppData\Local\Programs\Python\Python311\Lib\site-packages\sqlalchemy\util\langhelpers.py:121: in __exit__
    raise exc_value.with_traceback(exc_tb)
..\..\AppData\Local\Programs\Python\Python311\Lib\site-packages\sqlalchemy\orm\session.py:4427: in _flush
    flush_context.execute()
..\..\AppData\Local\Programs\Python\Python311\Lib\site-packages\sqlalchemy\orm\unitofwork.py:466: in execute
    rec.execute(self)
..\..\AppData\Local\Programs\Python\Python311\Lib\site-packages\sqlalchemy\orm\unitofwork.py:642: in execute
    util.preloaded.orm_persistence.save_obj(
..\..\AppData\Local\Programs\Python\Python311\Lib\site-packages\sqlalchemy\orm\persistence.py:93: in save_obj
    _emit_insert_statements(
..\..\AppData\Local\Programs\Python\Python311\Lib\site-packages\sqlalchemy\orm\persistence.py:1143: in _emit_insert_statements
    result = connection.execute(
..\..\AppData\Local\Programs\Python\Python311\Lib\site-packages\sqlalchemy\engine\base.py:1419: in execute
    return meth(
..\..\AppData\Local\Programs\Python\Python311\Lib\site-packages\sqlalchemy\sql\elements.py:527: in _execute_on_connection
    return connection._execute_clauseelement(
..\..\AppData\Local\Programs\Python\Python311\Lib\site-packages\sqlalchemy\engine\base.py:1641: in _execute_clauseelement
    ret = self._execute_context(
..\..\AppData\Local\Programs\Python\Python311\Lib\site-packages\sqlalchemy\engine\base.py:1844: in _execute_context
    return self._exec_insertmany_context(dialect, context)
           ^^^^^^^^^^^^^^^^^^^^^^^^^^^^^^^^^^^^^^^^^^^^^^^
..\..\AppData\Local\Programs\Python\Python311\Lib\site-packages\sqlalchemy\engine\base.py:2133: in _exec_insertmany_context
    self._handle_dbapi_exception(
..\..\AppData\Local\Programs\Python\Python311\Lib\site-packages\sqlalchemy\engine\base.py:2363: in _handle_dbapi_exception
    raise sqlalchemy_exception.with_traceback(exc_info[2]) from e
..\..\AppData\Local\Programs\Python\Python311\Lib\site-packages\sqlalchemy\engine\base.py:2125: in _exec_insertmany_context
    dialect.do_execute(
..\..\AppData\Local\Programs\Python\Python311\Lib\site-packages\sqlalchemy\engine\default.py:952: in do_execute
    cursor.execute(statement, parameters)
E   sqlalchemy.exc.IntegrityError: (sqlite3.IntegrityError) NOT NULL constraint failed: lancamentos.obra_id
E   [SQL: INSERT INTO lancamentos (empresa_id, obra_id, descricao, categoria, tipo, valor, data, forma_pagamento, status_pagamento, parcelas, observacoes, documento, created_at, deleted_at) VALUES (?, ?, ?, ?, ?, ?, ?, ?, ?, ?, ?, ?, ?, ?) RETURNING id]
E   [parameters: (1, None, None, None, 'Receita', 80000.0, '2026-04-01', None, 'Pago', 1, None, None, '2026-04-16 14:04:43.218643', None)]
E   (Background on this error at: https://sqlalche.me/e/20/gkpj)</failure></testcase><testcase classname="tests.test_financeiro_completo.TestCalculosFinanceiros" name="test_despesas_por_categoria" time="1.072"><failure message="sqlalchemy.exc.IntegrityError: (sqlite3.IntegrityError) NOT NULL constraint failed: lancamentos.obra_id&#10;[SQL: INSERT INTO lancamentos (empresa_id, obra_id, descricao, categoria, tipo, valor, data, forma_pagamento, status_pagamento, parcelas, observacoes, documento, created_at, deleted_at) VALUES (?, ?, ?, ?, ?, ?, ?, ?, ?, ?, ?, ?, ?, ?) RETURNING id]&#10;[parameters: (1, None, None, 'Materiais', 'Despesa', 10000.0, '2026-04-01', None, 'Pago', 1, None, None, '2026-04-16 14:04:46.314480', None)]&#10;(Background on this error at: https://sqlalche.me/e/20/gkpj)">..\..\AppData\Local\Programs\Python\Python311\Lib\site-packages\sqlalchemy\engine\base.py:2125: in _exec_insertmany_context
    dialect.do_execute(
..\..\AppData\Local\Programs\Python\Python311\Lib\site-packages\sqlalchemy\engine\default.py:952: in do_execute
    cursor.execute(statement, parameters)
E   sqlite3.IntegrityError: NOT NULL constraint failed: lancamentos.obra_id

The above exception was the direct cause of the following exception:
tests\test_financeiro_completo.py:498: in test_despesas_por_categoria
    db.session.commit()
..\..\AppData\Local\Programs\Python\Python311\Lib\site-packages\sqlalchemy\orm\scoping.py:597: in commit
    return self._proxied.commit()
           ^^^^^^^^^^^^^^^^^^^^^^
..\..\AppData\Local\Programs\Python\Python311\Lib\site-packages\sqlalchemy\orm\session.py:2030: in commit
    trans.commit(_to_root=True)
&lt;string&gt;:2: in commit
    ???
..\..\AppData\Local\Programs\Python\Python311\Lib\site-packages\sqlalchemy\orm\state_changes.py:137: in _go
    ret_value = fn(self, *arg, **kw)
                ^^^^^^^^^^^^^^^^^^^^
..\..\AppData\Local\Programs\Python\Python311\Lib\site-packages\sqlalchemy\orm\session.py:1311: in commit
    self._prepare_impl()
&lt;string&gt;:2: in _prepare_impl
    ???
..\..\AppData\Local\Programs\Python\Python311\Lib\site-packages\sqlalchemy\orm\state_changes.py:137: in _go
    ret_value = fn(self, *arg, **kw)
                ^^^^^^^^^^^^^^^^^^^^
..\..\AppData\Local\Programs\Python\Python311\Lib\site-packages\sqlalchemy\orm\session.py:1286: in _prepare_impl
    self.session.flush()
..\..\AppData\Local\Programs\Python\Python311\Lib\site-packages\sqlalchemy\orm\session.py:4331: in flush
    self._flush(objects)
..\..\AppData\Local\Programs\Python\Python311\Lib\site-packages\sqlalchemy\orm\session.py:4466: in _flush
    with util.safe_reraise():
..\..\AppData\Local\Programs\Python\Python311\Lib\site-packages\sqlalchemy\util\langhelpers.py:121: in __exit__
    raise exc_value.with_traceback(exc_tb)
..\..\AppData\Local\Programs\Python\Python311\Lib\site-packages\sqlalchemy\orm\session.py:4427: in _flush
    flush_context.execute()
..\..\AppData\Local\Programs\Python\Python311\Lib\site-packages\sqlalchemy\orm\unitofwork.py:466: in execute
    rec.execute(self)
..\..\AppData\Local\Programs\Python\Python311\Lib\site-packages\sqlalchemy\orm\unitofwork.py:642: in execute
    util.preloaded.orm_persistence.save_obj(
..\..\AppData\Local\Programs\Python\Python311\Lib\site-packages\sqlalchemy\orm\persistence.py:93: in save_obj
    _emit_insert_statements(
..\..\AppData\Local\Programs\Python\Python311\Lib\site-packages\sqlalchemy\orm\persistence.py:1143: in _emit_insert_statements
    result = connection.execute(
..\..\AppData\Local\Programs\Python\Python311\Lib\site-packages\sqlalchemy\engine\base.py:1419: in execute
    return meth(
..\..\AppData\Local\Programs\Python\Python311\Lib\site-packages\sqlalchemy\sql\elements.py:527: in _execute_on_connection
    return connection._execute_clauseelement(
..\..\AppData\Local\Programs\Python\Python311\Lib\site-packages\sqlalchemy\engine\base.py:1641: in _execute_clauseelement
    ret = self._execute_context(
..\..\AppData\Local\Programs\Python\Python311\Lib\site-packages\sqlalchemy\engine\base.py:1844: in _execute_context
    return self._exec_insertmany_context(dialect, context)
           ^^^^^^^^^^^^^^^^^^^^^^^^^^^^^^^^^^^^^^^^^^^^^^^
..\..\AppData\Local\Programs\Python\Python311\Lib\site-packages\sqlalchemy\engine\base.py:2133: in _exec_insertmany_context
    self._handle_dbapi_exception(
..\..\AppData\Local\Programs\Python\Python311\Lib\site-packages\sqlalchemy\engine\base.py:2363: in _handle_dbapi_exception
    raise sqlalchemy_exception.with_traceback(exc_info[2]) from e
..\..\AppData\Local\Programs\Python\Python311\Lib\site-packages\sqlalchemy\engine\base.py:2125: in _exec_insertmany_context
    dialect.do_execute(
..\..\AppData\Local\Programs\Python\Python311\Lib\site-packages\sqlalchemy\engine\default.py:952: in do_execute
    cursor.execute(statement, parameters)
E   sqlalchemy.exc.IntegrityError: (sqlite3.IntegrityError) NOT NULL constraint failed: lancamentos.obra_id
E   [SQL: INSERT INTO lancamentos (empresa_id, obra_id, descricao, categoria, tipo, valor, data, forma_pagamento, status_pagamento, parcelas, observacoes, documento, created_at, deleted_at) VALUES (?, ?, ?, ?, ?, ?, ?, ?, ?, ?, ?, ?, ?, ?) RETURNING id]
E   [parameters: (1, None, None, 'Materiais', 'Despesa', 10000.0, '2026-04-01', None, 'Pago', 1, None, None, '2026-04-16 14:04:46.314480', None)]
E   (Background on this error at: https://sqlalche.me/e/20/gkpj)</failure></testcase><testcase classname="tests.test_financeiro_completo.TestCalculosFinanceiros" name="test_evolution_mensal" time="1.319"><failure message="sqlalchemy.exc.IntegrityError: (sqlite3.IntegrityError) NOT NULL constraint failed: lancamentos.obra_id&#10;[SQL: INSERT INTO lancamentos (empresa_id, obra_id, descricao, categoria, tipo, valor, data, forma_pagamento, status_pagamento, parcelas, observacoes, documento, created_at, deleted_at) VALUES (?, ?, ?, ?, ?, ?, ?, ?, ?, ?, ?, ?, ?, ?) RETURNING id]&#10;[parameters: (1, None, None, None, 'Receita', 10000.0, '2026-01-15', None, 'Pago', 1, None, None, '2026-04-16 14:04:49.242279', None)]&#10;(Background on this error at: https://sqlalche.me/e/20/gkpj)">..\..\AppData\Local\Programs\Python\Python311\Lib\site-packages\sqlalchemy\engine\base.py:2125: in _exec_insertmany_context
    dialect.do_execute(
..\..\AppData\Local\Programs\Python\Python311\Lib\site-packages\sqlalchemy\engine\default.py:952: in do_execute
    cursor.execute(statement, parameters)
E   sqlite3.IntegrityError: NOT NULL constraint failed: lancamentos.obra_id

The above exception was the direct cause of the following exception:
tests\test_financeiro_completo.py:525: in test_evolution_mensal
    db.session.commit()
..\..\AppData\Local\Programs\Python\Python311\Lib\site-packages\sqlalchemy\orm\scoping.py:597: in commit
    return self._proxied.commit()
           ^^^^^^^^^^^^^^^^^^^^^^
..\..\AppData\Local\Programs\Python\Python311\Lib\site-packages\sqlalchemy\orm\session.py:2030: in commit
    trans.commit(_to_root=True)
&lt;string&gt;:2: in commit
    ???
..\..\AppData\Local\Programs\Python\Python311\Lib\site-packages\sqlalchemy\orm\state_changes.py:137: in _go
    ret_value = fn(self, *arg, **kw)
                ^^^^^^^^^^^^^^^^^^^^
..\..\AppData\Local\Programs\Python\Python311\Lib\site-packages\sqlalchemy\orm\session.py:1311: in commit
    self._prepare_impl()
&lt;string&gt;:2: in _prepare_impl
    ???
..\..\AppData\Local\Programs\Python\Python311\Lib\site-packages\sqlalchemy\orm\state_changes.py:137: in _go
    ret_value = fn(self, *arg, **kw)
                ^^^^^^^^^^^^^^^^^^^^
..\..\AppData\Local\Programs\Python\Python311\Lib\site-packages\sqlalchemy\orm\session.py:1286: in _prepare_impl
    self.session.flush()
..\..\AppData\Local\Programs\Python\Python311\Lib\site-packages\sqlalchemy\orm\session.py:4331: in flush
    self._flush(objects)
..\..\AppData\Local\Programs\Python\Python311\Lib\site-packages\sqlalchemy\orm\session.py:4466: in _flush
    with util.safe_reraise():
..\..\AppData\Local\Programs\Python\Python311\Lib\site-packages\sqlalchemy\util\langhelpers.py:121: in __exit__
    raise exc_value.with_traceback(exc_tb)
..\..\AppData\Local\Programs\Python\Python311\Lib\site-packages\sqlalchemy\orm\session.py:4427: in _flush
    flush_context.execute()
..\..\AppData\Local\Programs\Python\Python311\Lib\site-packages\sqlalchemy\orm\unitofwork.py:466: in execute
    rec.execute(self)
..\..\AppData\Local\Programs\Python\Python311\Lib\site-packages\sqlalchemy\orm\unitofwork.py:642: in execute
    util.preloaded.orm_persistence.save_obj(
..\..\AppData\Local\Programs\Python\Python311\Lib\site-packages\sqlalchemy\orm\persistence.py:93: in save_obj
    _emit_insert_statements(
..\..\AppData\Local\Programs\Python\Python311\Lib\site-packages\sqlalchemy\orm\persistence.py:1143: in _emit_insert_statements
    result = connection.execute(
..\..\AppData\Local\Programs\Python\Python311\Lib\site-packages\sqlalchemy\engine\base.py:1419: in execute
    return meth(
..\..\AppData\Local\Programs\Python\Python311\Lib\site-packages\sqlalchemy\sql\elements.py:527: in _execute_on_connection
    return connection._execute_clauseelement(
..\..\AppData\Local\Programs\Python\Python311\Lib\site-packages\sqlalchemy\engine\base.py:1641: in _execute_clauseelement
    ret = self._execute_context(
..\..\AppData\Local\Programs\Python\Python311\Lib\site-packages\sqlalchemy\engine\base.py:1844: in _execute_context
    return self._exec_insertmany_context(dialect, context)
           ^^^^^^^^^^^^^^^^^^^^^^^^^^^^^^^^^^^^^^^^^^^^^^^
..\..\AppData\Local\Programs\Python\Python311\Lib\site-packages\sqlalchemy\engine\base.py:2133: in _exec_insertmany_context
    self._handle_dbapi_exception(
..\..\AppData\Local\Programs\Python\Python311\Lib\site-packages\sqlalchemy\engine\base.py:2363: in _handle_dbapi_exception
    raise sqlalchemy_exception.with_traceback(exc_info[2]) from e
..\..\AppData\Local\Programs\Python\Python311\Lib\site-packages\sqlalchemy\engine\base.py:2125: in _exec_insertmany_context
    dialect.do_execute(
..\..\AppData\Local\Programs\Python\Python311\Lib\site-packages\sqlalchemy\engine\default.py:952: in do_execute
    cursor.execute(statement, parameters)
E   sqlalchemy.exc.IntegrityError: (sqlite3.IntegrityError) NOT NULL constraint failed: lancamentos.obra_id
E   [SQL: INSERT INTO lancamentos (empresa_id, obra_id, descricao, categoria, tipo, valor, data, forma_pagamento, status_pagamento, parcelas, observacoes, documento, created_at, deleted_at) VALUES (?, ?, ?, ?, ?, ?, ?, ?, ?, ?, ?, ?, ?, ?) RETURNING id]
E   [parameters: (1, None, None, None, 'Receita', 10000.0, '2026-01-15', None, 'Pago', 1, None, None, '2026-04-16 14:04:49.242279', None)]
E   (Background on this error at: https://sqlalche.me/e/20/gkpj)</failure></testcase><testcase classname="tests.test_financeiro_completo.TestExportacao" name="test_exportar_obra_excel" time="0.765"><failure message="sqlalchemy.exc.IntegrityError: (sqlite3.IntegrityError) NOT NULL constraint failed: lancamentos.descricao&#10;[SQL: INSERT INTO lancamentos (empresa_id, obra_id, descricao, categoria, tipo, valor, data, forma_pagamento, status_pagamento, parcelas, observacoes, documento, created_at, deleted_at) VALUES (?, ?, ?, ?, ?, ?, ?, ?, ?, ?, ?, ?, ?, ?)]&#10;[parameters: (1, 1, None, None, 'Despesa', 5000.0, '2026-04-01', None, 'Pago', 1, None, None, '2026-04-16 14:04:51.806699', None)]&#10;(Background on this error at: https://sqlalche.me/e/20/gkpj)">..\..\AppData\Local\Programs\Python\Python311\Lib\site-packages\sqlalchemy\engine\base.py:1967: in _exec_single_context
    self.dialect.do_execute(
..\..\AppData\Local\Programs\Python\Python311\Lib\site-packages\sqlalchemy\engine\default.py:952: in do_execute
    cursor.execute(statement, parameters)
E   sqlite3.IntegrityError: NOT NULL constraint failed: lancamentos.descricao

The above exception was the direct cause of the following exception:
tests\test_financeiro_completo.py:551: in test_exportar_obra_excel
    db.session.commit()
..\..\AppData\Local\Programs\Python\Python311\Lib\site-packages\sqlalchemy\orm\scoping.py:597: in commit
    return self._proxied.commit()
           ^^^^^^^^^^^^^^^^^^^^^^
..\..\AppData\Local\Programs\Python\Python311\Lib\site-packages\sqlalchemy\orm\session.py:2030: in commit
    trans.commit(_to_root=True)
&lt;string&gt;:2: in commit
    ???
..\..\AppData\Local\Programs\Python\Python311\Lib\site-packages\sqlalchemy\orm\state_changes.py:137: in _go
    ret_value = fn(self, *arg, **kw)
                ^^^^^^^^^^^^^^^^^^^^
..\..\AppData\Local\Programs\Python\Python311\Lib\site-packages\sqlalchemy\orm\session.py:1311: in commit
    self._prepare_impl()
&lt;string&gt;:2: in _prepare_impl
    ???
..\..\AppData\Local\Programs\Python\Python311\Lib\site-packages\sqlalchemy\orm\state_changes.py:137: in _go
    ret_value = fn(self, *arg, **kw)
                ^^^^^^^^^^^^^^^^^^^^
..\..\AppData\Local\Programs\Python\Python311\Lib\site-packages\sqlalchemy\orm\session.py:1286: in _prepare_impl
    self.session.flush()
..\..\AppData\Local\Programs\Python\Python311\Lib\site-packages\sqlalchemy\orm\session.py:4331: in flush
    self._flush(objects)
..\..\AppData\Local\Programs\Python\Python311\Lib\site-packages\sqlalchemy\orm\session.py:4466: in _flush
    with util.safe_reraise():
..\..\AppData\Local\Programs\Python\Python311\Lib\site-packages\sqlalchemy\util\langhelpers.py:121: in __exit__
    raise exc_value.with_traceback(exc_tb)
..\..\AppData\Local\Programs\Python\Python311\Lib\site-packages\sqlalchemy\orm\session.py:4427: in _flush
    flush_context.execute()
..\..\AppData\Local\Programs\Python\Python311\Lib\site-packages\sqlalchemy\orm\unitofwork.py:466: in execute
    rec.execute(self)
..\..\AppData\Local\Programs\Python\Python311\Lib\site-packages\sqlalchemy\orm\unitofwork.py:642: in execute
    util.preloaded.orm_persistence.save_obj(
..\..\AppData\Local\Programs\Python\Python311\Lib\site-packages\sqlalchemy\orm\persistence.py:93: in save_obj
    _emit_insert_statements(
..\..\AppData\Local\Programs\Python\Python311\Lib\site-packages\sqlalchemy\orm\persistence.py:1233: in _emit_insert_statements
    result = connection.execute(
..\..\AppData\Local\Programs\Python\Python311\Lib\site-packages\sqlalchemy\engine\base.py:1419: in execute
    return meth(
..\..\AppData\Local\Programs\Python\Python311\Lib\site-packages\sqlalchemy\sql\elements.py:527: in _execute_on_connection
    return connection._execute_clauseelement(
..\..\AppData\Local\Programs\Python\Python311\Lib\site-packages\sqlalchemy\engine\base.py:1641: in _execute_clauseelement
    ret = self._execute_context(
..\..\AppData\Local\Programs\Python\Python311\Lib\site-packages\sqlalchemy\engine\base.py:1846: in _execute_context
    return self._exec_single_context(
..\..\AppData\Local\Programs\Python\Python311\Lib\site-packages\sqlalchemy\engine\base.py:1986: in _exec_single_context
    self._handle_dbapi_exception(
..\..\AppData\Local\Programs\Python\Python311\Lib\site-packages\sqlalchemy\engine\base.py:2363: in _handle_dbapi_exception
    raise sqlalchemy_exception.with_traceback(exc_info[2]) from e
..\..\AppData\Local\Programs\Python\Python311\Lib\site-packages\sqlalchemy\engine\base.py:1967: in _exec_single_context
    self.dialect.do_execute(
..\..\AppData\Local\Programs\Python\Python311\Lib\site-packages\sqlalchemy\engine\default.py:952: in do_execute
    cursor.execute(statement, parameters)
E   sqlalchemy.exc.IntegrityError: (sqlite3.IntegrityError) NOT NULL constraint failed: lancamentos.descricao
E   [SQL: INSERT INTO lancamentos (empresa_id, obra_id, descricao, categoria, tipo, valor, data, forma_pagamento, status_pagamento, parcelas, observacoes, documento, created_at, deleted_at) VALUES (?, ?, ?, ?, ?, ?, ?, ?, ?, ?, ?, ?, ?, ?)]
E   [parameters: (1, 1, None, None, 'Despesa', 5000.0, '2026-04-01', None, 'Pago', 1, None, None, '2026-04-16 14:04:51.806699', None)]
E   (Background on this error at: https://sqlalche.me/e/20/gkpj)</failure></testcase><testcase classname="tests.test_financeiro_completo.TestExportacao" name="test_exportar_obra_pdf" time="0.710" /><testcase classname="tests.test_lancamentos.TestLancamentoCRUD" name="test_listar_lancamentos_vazio" time="0.871" /><testcase classname="tests.test_lancamentos.TestLancamentoCRUD" name="test_criar_receita" time="0.997" /><testcase classname="tests.test_lancamentos.TestLancamentoCRUD" name="test_criar_despesa" time="0.929" /><testcase classname="tests.test_lancamentos.TestLancamentoCRUD" name="test_criar_lancamento_parcelado" time="0.999" /><testcase classname="tests.test_lancamentos.TestLancamentoCRUD" name="test_editar_lancamento" time="0.965" /><testcase classname="tests.test_lancamentos.TestLancamentoCRUD" name="test_excluir_lancamento" time="0.946" /><testcase classname="tests.test_lancamentos.TestLancamentoCRUD" name="test_filtrar_lancamentos_por_tipo" time="1.037" /><testcase classname="tests.test_lancamentos.TestLancamentoCRUD" name="test_filtrar_lancamentos_por_obra" time="1.354" /><testcase classname="tests.test_lancamentos.TestLancamentoCRUD" name="test_resumo_financeiro" time="0.977" /><testcase classname="tests.test_obras.TestObraCRUD" name="test_listar_obras_vazio" time="0.907" /><testcase classname="tests.test_obras.TestObraCRUD" name="test_criar_obra_sucesso" time="1.013" /><testcase classname="tests.test_obras.TestObraCRUD" name="test_criar_obra_campos_obrigatorios" time="1.000" /><testcase classname="tests.test_obras.TestObraCRUD" name="test_ver_detalhes_obra" time="0.972" /><testcase classname="tests.test_obras.TestObraCRUD" name="test_editar_obra" time="1.134" /><testcase classname="tests.test_obras.TestObraCRUD" name="test_excluir_obra" time="1.178" /><testcase classname="tests.test_obras.TestObraCRUD" name="test_isolamento_empresas" time="1.013" /><testcase classname="tests.test_obras.TestObraCRUD" name="test_dashboard_com_obras" time="1.012" /><testcase classname="tests.test_obras.TestObraValidacoes" name="test_criar_obra_sem_nome" time="0.848" /><testcase classname="tests.test_obras.TestObraValidacoes" name="test_acessar_obra_outra_empresa" time="0.838" /><testcase classname="tests.test_services.TestAuthService" name="test_authenticate_sucesso" time="0.912" /><testcase classname="tests.test_services.TestAuthService" name="test_authenticate_senha_invalida" time="0.935" /><testcase classname="tests.test_services.TestAuthService" name="test_authenticate_email_inexistente" time="0.603" /><testcase classname="tests.test_services.TestAuthService" name="test_authenticate_conta_bloqueada" time="1.056" /><testcase classname="tests.test_services.TestAuthService" name="test_authenticate_usuario_inativo" time="0.847" /><testcase classname="tests.test_services.TestEmpresaService" name="test_validar_slug_valido" time="0.002" /><testcase classname="tests.test_services.TestEmpresaService" name="test_validar_slug_invalido_espaco" time="0.004" /><testcase classname="tests.test_services.TestEmpresaService" name="test_validar_slug_vazio" time="0.002" /><testcase classname="tests.test_services.TestEmpresaService" name="test_verificar_slug_disponivel" time="0.773" /><testcase classname="tests.test_services.TestEmpresaService" name="test_verificar_slug_duplicado" time="0.873" /><testcase classname="tests.test_services.TestEmpresaService" name="test_criar_empresa_completo" time="0.756" /><testcase classname="tests.test_services.TestObraService" name="test_criar_obra_sucesso" time="0.918" /><testcase classname="tests.test_services.TestObraService" name="test_criar_obra_data_invalida" time="0.850"><failure message="assert &lt;Obra 1&gt; is None">tests\test_services.py:173: in test_criar_obra_data_invalida
    assert obra is None
E   assert &lt;Obra 1&gt; is None</failure></testcase><testcase classname="tests.test_services.TestObraService" name="test_editar_obra" time="1.329" /><testcase classname="tests.test_services.TestObraService" name="test_excluir_obra" time="1.162" /><testcase classname="tests.test_services.TestObraAlertaService" name="test_alerta_orcamento_critico" time="0.894"><failure message="sqlalchemy.exc.IntegrityError: (sqlite3.IntegrityError) NOT NULL constraint failed: lancamentos.descricao&#10;[SQL: INSERT INTO lancamentos (empresa_id, obra_id, descricao, categoria, tipo, valor, data, forma_pagamento, status_pagamento, parcelas, observacoes, documento, created_at, deleted_at) VALUES (?, ?, ?, ?, ?, ?, ?, ?, ?, ?, ?, ?, ?, ?)]&#10;[parameters: (1, 1, None, None, 'Despesa', 95000.0, '2026-04-16', None, 'Pago', 1, None, None, '2026-04-16 14:05:25.866753', None)]&#10;(Background on this error at: https://sqlalche.me/e/20/gkpj)">..\..\AppData\Local\Programs\Python\Python311\Lib\site-packages\sqlalchemy\engine\base.py:1967: in _exec_single_context
    self.dialect.do_execute(
..\..\AppData\Local\Programs\Python\Python311\Lib\site-packages\sqlalchemy\engine\default.py:952: in do_execute
    cursor.execute(statement, parameters)
E   sqlite3.IntegrityError: NOT NULL constraint failed: lancamentos.descricao

The above exception was the direct cause of the following exception:
tests\test_services.py:239: in test_alerta_orcamento_critico
    db.session.commit()
..\..\AppData\Local\Programs\Python\Python311\Lib\site-packages\sqlalchemy\orm\scoping.py:597: in commit
    return self._proxied.commit()
           ^^^^^^^^^^^^^^^^^^^^^^
..\..\AppData\Local\Programs\Python\Python311\Lib\site-packages\sqlalchemy\orm\session.py:2030: in commit
    trans.commit(_to_root=True)
&lt;string&gt;:2: in commit
    ???
..\..\AppData\Local\Programs\Python\Python311\Lib\site-packages\sqlalchemy\orm\state_changes.py:137: in _go
    ret_value = fn(self, *arg, **kw)
                ^^^^^^^^^^^^^^^^^^^^
..\..\AppData\Local\Programs\Python\Python311\Lib\site-packages\sqlalchemy\orm\session.py:1311: in commit
    self._prepare_impl()
&lt;string&gt;:2: in _prepare_impl
    ???
..\..\AppData\Local\Programs\Python\Python311\Lib\site-packages\sqlalchemy\orm\state_changes.py:137: in _go
    ret_value = fn(self, *arg, **kw)
                ^^^^^^^^^^^^^^^^^^^^
..\..\AppData\Local\Programs\Python\Python311\Lib\site-packages\sqlalchemy\orm\session.py:1286: in _prepare_impl
    self.session.flush()
..\..\AppData\Local\Programs\Python\Python311\Lib\site-packages\sqlalchemy\orm\session.py:4331: in flush
    self._flush(objects)
..\..\AppData\Local\Programs\Python\Python311\Lib\site-packages\sqlalchemy\orm\session.py:4466: in _flush
    with util.safe_reraise():
..\..\AppData\Local\Programs\Python\Python311\Lib\site-packages\sqlalchemy\util\langhelpers.py:121: in __exit__
    raise exc_value.with_traceback(exc_tb)
..\..\AppData\Local\Programs\Python\Python311\Lib\site-packages\sqlalchemy\orm\session.py:4427: in _flush
    flush_context.execute()
..\..\AppData\Local\Programs\Python\Python311\Lib\site-packages\sqlalchemy\orm\unitofwork.py:466: in execute
    rec.execute(self)
..\..\AppData\Local\Programs\Python\Python311\Lib\site-packages\sqlalchemy\orm\unitofwork.py:642: in execute
    util.preloaded.orm_persistence.save_obj(
..\..\AppData\Local\Programs\Python\Python311\Lib\site-packages\sqlalchemy\orm\persistence.py:93: in save_obj
    _emit_insert_statements(
..\..\AppData\Local\Programs\Python\Python311\Lib\site-packages\sqlalchemy\orm\persistence.py:1233: in _emit_insert_statements
    result = connection.execute(
..\..\AppData\Local\Programs\Python\Python311\Lib\site-packages\sqlalchemy\engine\base.py:1419: in execute
    return meth(
..\..\AppData\Local\Programs\Python\Python311\Lib\site-packages\sqlalchemy\sql\elements.py:527: in _execute_on_connection
    return connection._execute_clauseelement(
..\..\AppData\Local\Programs\Python\Python311\Lib\site-packages\sqlalchemy\engine\base.py:1641: in _execute_clauseelement
    ret = self._execute_context(
..\..\AppData\Local\Programs\Python\Python311\Lib\site-packages\sqlalchemy\engine\base.py:1846: in _execute_context
    return self._exec_single_context(
..\..\AppData\Local\Programs\Python\Python311\Lib\site-packages\sqlalchemy\engine\base.py:1986: in _exec_single_context
    self._handle_dbapi_exception(
..\..\AppData\Local\Programs\Python\Python311\Lib\site-packages\sqlalchemy\engine\base.py:2363: in _handle_dbapi_exception
    raise sqlalchemy_exception.with_traceback(exc_info[2]) from e
..\..\AppData\Local\Programs\Python\Python311\Lib\site-packages\sqlalchemy\engine\base.py:1967: in _exec_single_context
    self.dialect.do_execute(
..\..\AppData\Local\Programs\Python\Python311\Lib\site-packages\sqlalchemy\engine\default.py:952: in do_execute
    cursor.execute(statement, parameters)
E   sqlalchemy.exc.IntegrityError: (sqlite3.IntegrityError) NOT NULL constraint failed: lancamentos.descricao
E   [SQL: INSERT INTO lancamentos (empresa_id, obra_id, descricao, categoria, tipo, valor, data, forma_pagamento, status_pagamento, parcelas, observacoes, documento, created_at, deleted_at) VALUES (?, ?, ?, ?, ?, ?, ?, ?, ?, ?, ?, ?, ?, ?)]
E   [parameters: (1, 1, None, None, 'Despesa', 95000.0, '2026-04-16', None, 'Pago', 1, None, None, '2026-04-16 14:05:25.866753', None)]
E   (Background on this error at: https://sqlalche.me/e/20/gkpj)</failure></testcase><testcase classname="tests.test_services.TestObraAlertaService" name="test_alerta_orcamento_alerta" time="0.894"><failure message="sqlalchemy.exc.IntegrityError: (sqlite3.IntegrityError) NOT NULL constraint failed: lancamentos.descricao&#10;[SQL: INSERT INTO lancamentos (empresa_id, obra_id, descricao, categoria, tipo, valor, data, forma_pagamento, status_pagamento, parcelas, observacoes, documento, created_at, deleted_at) VALUES (?, ?, ?, ?, ?, ?, ?, ?, ?, ?, ?, ?, ?, ?)]&#10;[parameters: (1, 1, None, None, 'Despesa', 75000.0, '2026-04-16', None, 'Pago', 1, None, None, '2026-04-16 14:05:28.442851', None)]&#10;(Background on this error at: https://sqlalche.me/e/20/gkpj)">..\..\AppData\Local\Programs\Python\Python311\Lib\site-packages\sqlalchemy\engine\base.py:1967: in _exec_single_context
    self.dialect.do_execute(
..\..\AppData\Local\Programs\Python\Python311\Lib\site-packages\sqlalchemy\engine\default.py:952: in do_execute
    cursor.execute(statement, parameters)
E   sqlite3.IntegrityError: NOT NULL constraint failed: lancamentos.descricao

The above exception was the direct cause of the following exception:
tests\test_services.py:271: in test_alerta_orcamento_alerta
    db.session.commit()
..\..\AppData\Local\Programs\Python\Python311\Lib\site-packages\sqlalchemy\orm\scoping.py:597: in commit
    return self._proxied.commit()
           ^^^^^^^^^^^^^^^^^^^^^^
..\..\AppData\Local\Programs\Python\Python311\Lib\site-packages\sqlalchemy\orm\session.py:2030: in commit
    trans.commit(_to_root=True)
&lt;string&gt;:2: in commit
    ???
..\..\AppData\Local\Programs\Python\Python311\Lib\site-packages\sqlalchemy\orm\state_changes.py:137: in _go
    ret_value = fn(self, *arg, **kw)
                ^^^^^^^^^^^^^^^^^^^^
..\..\AppData\Local\Programs\Python\Python311\Lib\site-packages\sqlalchemy\orm\session.py:1311: in commit
    self._prepare_impl()
&lt;string&gt;:2: in _prepare_impl
    ???
..\..\AppData\Local\Programs\Python\Python311\Lib\site-packages\sqlalchemy\orm\state_changes.py:137: in _go
    ret_value = fn(self, *arg, **kw)
                ^^^^^^^^^^^^^^^^^^^^
..\..\AppData\Local\Programs\Python\Python311\Lib\site-packages\sqlalchemy\orm\session.py:1286: in _prepare_impl
    self.session.flush()
..\..\AppData\Local\Programs\Python\Python311\Lib\site-packages\sqlalchemy\orm\session.py:4331: in flush
    self._flush(objects)
..\..\AppData\Local\Programs\Python\Python311\Lib\site-packages\sqlalchemy\orm\session.py:4466: in _flush
    with util.safe_reraise():
..\..\AppData\Local\Programs\Python\Python311\Lib\site-packages\sqlalchemy\util\langhelpers.py:121: in __exit__
    raise exc_value.with_traceback(exc_tb)
..\..\AppData\Local\Programs\Python\Python311\Lib\site-packages\sqlalchemy\orm\session.py:4427: in _flush
    flush_context.execute()
..\..\AppData\Local\Programs\Python\Python311\Lib\site-packages\sqlalchemy\orm\unitofwork.py:466: in execute
    rec.execute(self)
..\..\AppData\Local\Programs\Python\Python311\Lib\site-packages\sqlalchemy\orm\unitofwork.py:642: in execute
    util.preloaded.orm_persistence.save_obj(
..\..\AppData\Local\Programs\Python\Python311\Lib\site-packages\sqlalchemy\orm\persistence.py:93: in save_obj
    _emit_insert_statements(
..\..\AppData\Local\Programs\Python\Python311\Lib\site-packages\sqlalchemy\orm\persistence.py:1233: in _emit_insert_statements
    result = connection.execute(
..\..\AppData\Local\Programs\Python\Python311\Lib\site-packages\sqlalchemy\engine\base.py:1419: in execute
    return meth(
..\..\AppData\Local\Programs\Python\Python311\Lib\site-packages\sqlalchemy\sql\elements.py:527: in _execute_on_connection
    return connection._execute_clauseelement(
..\..\AppData\Local\Programs\Python\Python311\Lib\site-packages\sqlalchemy\engine\base.py:1641: in _execute_clauseelement
    ret = self._execute_context(
..\..\AppData\Local\Programs\Python\Python311\Lib\site-packages\sqlalchemy\engine\base.py:1846: in _execute_context
    return self._exec_single_context(
..\..\AppData\Local\Programs\Python\Python311\Lib\site-packages\sqlalchemy\engine\base.py:1986: in _exec_single_context
    self._handle_dbapi_exception(
..\..\AppData\Local\Programs\Python\Python311\Lib\site-packages\sqlalchemy\engine\base.py:2363: in _handle_dbapi_exception
    raise sqlalchemy_exception.with_traceback(exc_info[2]) from e
..\..\AppData\Local\Programs\Python\Python311\Lib\site-packages\sqlalchemy\engine\base.py:1967: in _exec_single_context
    self.dialect.do_execute(
..\..\AppData\Local\Programs\Python\Python311\Lib\site-packages\sqlalchemy\engine\default.py:952: in do_execute
    cursor.execute(statement, parameters)
E   sqlalchemy.exc.IntegrityError: (sqlite3.IntegrityError) NOT NULL constraint failed: lancamentos.descricao
E   [SQL: INSERT INTO lancamentos (empresa_id, obra_id, descricao, categoria, tipo, valor, data, forma_pagamento, status_pagamento, parcelas, observacoes, documento, created_at, deleted_at) VALUES (?, ?, ?, ?, ?, ?, ?, ?, ?, ?, ?, ?, ?, ?)]
E   [parameters: (1, 1, None, None, 'Despesa', 75000.0, '2026-04-16', None, 'Pago', 1, None, None, '2026-04-16 14:05:28.442851', None)]
E   (Background on this error at: https://sqlalche.me/e/20/gkpj)</failure></testcase><testcase classname="tests.test_services.TestObraAlertaService" name="test_alerta_obra_atrasada" time="0.921" /><testcase classname="tests.test_services.TestObraAlertaService" name="test_alerta_obra_paralisada" time="0.867" /><testcase classname="tests.test_services.TestObraAlertaService" name="test_sem_alertas" time="1.320"><failure message="sqlalchemy.exc.IntegrityError: (sqlite3.IntegrityError) NOT NULL constraint failed: lancamentos.descricao&#10;[SQL: INSERT INTO lancamentos (empresa_id, obra_id, descricao, categoria, tipo, valor, data, forma_pagamento, status_pagamento, parcelas, observacoes, documento, created_at, deleted_at) VALUES (?, ?, ?, ?, ?, ?, ?, ?, ?, ?, ?, ?, ?, ?)]&#10;[parameters: (1, 1, None, None, 'Despesa', 50000.0, '2026-04-16', None, 'Pago', 1, None, None, '2026-04-16 14:05:33.175279', None)]&#10;(Background on this error at: https://sqlalche.me/e/20/gkpj)">..\..\AppData\Local\Programs\Python\Python311\Lib\site-packages\sqlalchemy\engine\base.py:1967: in _exec_single_context
    self.dialect.do_execute(
..\..\AppData\Local\Programs\Python\Python311\Lib\site-packages\sqlalchemy\engine\default.py:952: in do_execute
    cursor.execute(statement, parameters)
E   sqlite3.IntegrityError: NOT NULL constraint failed: lancamentos.descricao

The above exception was the direct cause of the following exception:
tests\test_services.py:341: in test_sem_alertas
    db.session.commit()
..\..\AppData\Local\Programs\Python\Python311\Lib\site-packages\sqlalchemy\orm\scoping.py:597: in commit
    return self._proxied.commit()
           ^^^^^^^^^^^^^^^^^^^^^^
..\..\AppData\Local\Programs\Python\Python311\Lib\site-packages\sqlalchemy\orm\session.py:2030: in commit
    trans.commit(_to_root=True)
&lt;string&gt;:2: in commit
    ???
..\..\AppData\Local\Programs\Python\Python311\Lib\site-packages\sqlalchemy\orm\state_changes.py:137: in _go
    ret_value = fn(self, *arg, **kw)
                ^^^^^^^^^^^^^^^^^^^^
..\..\AppData\Local\Programs\Python\Python311\Lib\site-packages\sqlalchemy\orm\session.py:1311: in commit
    self._prepare_impl()
&lt;string&gt;:2: in _prepare_impl
    ???
..\..\AppData\Local\Programs\Python\Python311\Lib\site-packages\sqlalchemy\orm\state_changes.py:137: in _go
    ret_value = fn(self, *arg, **kw)
                ^^^^^^^^^^^^^^^^^^^^
..\..\AppData\Local\Programs\Python\Python311\Lib\site-packages\sqlalchemy\orm\session.py:1286: in _prepare_impl
    self.session.flush()
..\..\AppData\Local\Programs\Python\Python311\Lib\site-packages\sqlalchemy\orm\session.py:4331: in flush
    self._flush(objects)
..\..\AppData\Local\Programs\Python\Python311\Lib\site-packages\sqlalchemy\orm\session.py:4466: in _flush
    with util.safe_reraise():
..\..\AppData\Local\Programs\Python\Python311\Lib\site-packages\sqlalchemy\util\langhelpers.py:121: in __exit__
    raise exc_value.with_traceback(exc_tb)
..\..\AppData\Local\Programs\Python\Python311\Lib\site-packages\sqlalchemy\orm\session.py:4427: in _flush
    flush_context.execute()
..\..\AppData\Local\Programs\Python\Python311\Lib\site-packages\sqlalchemy\orm\unitofwork.py:466: in execute
    rec.execute(self)
..\..\AppData\Local\Programs\Python\Python311\Lib\site-packages\sqlalchemy\orm\unitofwork.py:642: in execute
    util.preloaded.orm_persistence.save_obj(
..\..\AppData\Local\Programs\Python\Python311\Lib\site-packages\sqlalchemy\orm\persistence.py:93: in save_obj
    _emit_insert_statements(
..\..\AppData\Local\Programs\Python\Python311\Lib\site-packages\sqlalchemy\orm\persistence.py:1233: in _emit_insert_statements
    result = connection.execute(
..\..\AppData\Local\Programs\Python\Python311\Lib\site-packages\sqlalchemy\engine\base.py:1419: in execute
    return meth(
..\..\AppData\Local\Programs\Python\Python311\Lib\site-packages\sqlalchemy\sql\elements.py:527: in _execute_on_connection
    return connection._execute_clauseelement(
..\..\AppData\Local\Programs\Python\Python311\Lib\site-packages\sqlalchemy\engine\base.py:1641: in _execute_clauseelement
    ret = self._execute_context(
..\..\AppData\Local\Programs\Python\Python311\Lib\site-packages\sqlalchemy\engine\base.py:1846: in _execute_context
    return self._exec_single_context(
..\..\AppData\Local\Programs\Python\Python311\Lib\site-packages\sqlalchemy\engine\base.py:1986: in _exec_single_context
    self._handle_dbapi_exception(
..\..\AppData\Local\Programs\Python\Python311\Lib\site-packages\sqlalchemy\engine\base.py:2363: in _handle_dbapi_exception
    raise sqlalchemy_exception.with_traceback(exc_info[2]) from e
..\..\AppData\Local\Programs\Python\Python311\Lib\site-packages\sqlalchemy\engine\base.py:1967: in _exec_single_context
    self.dialect.do_execute(
..\..\AppData\Local\Programs\Python\Python311\Lib\site-packages\sqlalchemy\engine\default.py:952: in do_execute
    cursor.execute(statement, parameters)
E   sqlalchemy.exc.IntegrityError: (sqlite3.IntegrityError) NOT NULL constraint failed: lancamentos.descricao
E   [SQL: INSERT INTO lancamentos (empresa_id, obra_id, descricao, categoria, tipo, valor, data, forma_pagamento, status_pagamento, parcelas, observacoes, documento, created_at, deleted_at) VALUES (?, ?, ?, ?, ?, ?, ?, ?, ?, ?, ?, ?, ?, ?)]
E   [parameters: (1, 1, None, None, 'Despesa', 50000.0, '2026-04-16', None, 'Pago', 1, None, None, '2026-04-16 14:05:33.175279', None)]
E   (Background on this error at: https://sqlalche.me/e/20/gkpj)</failure></testcase><testcase classname="tests.test_services.TestLancamentoService" name="test_criar_lancamento" time="0.936"><failure message="assert &quot;Erro ao criar lan\xe7amento: (sqlite3.IntegrityError) NOT NULL constraint failed: lancamentos.obra_id\n[SQL: INSERT INTO lancamentos (empresa_id, obra_id, descricao, categoria, tipo, valor, data, forma_pagamento, status_pagamento, parcelas, observacoes, documento, created_at, deleted_at) VALUES (?, ?, ?, ?, ?, ?, ?, ?, ?, ?, ?, ?, ?, ?)]\n[parameters: (1, None, 'Lan\xe7amento Teste', 'Vendas', 'Receita', 5000.0, '2026-04-15', None, 'Pago', 1, None, None, '2026-04-16 14:05:35.695200', None)]\n(Background on this error at: https://sqlalche.me/e/20/gkpj)&quot; is None">tests\test_services.py:365: in test_criar_lancamento
    assert error is None
E   assert "Erro ao criar lan\xe7amento: (sqlite3.IntegrityError) NOT NULL constraint failed: lancamentos.obra_id\n[SQL: INSERT INTO lancamentos (empresa_id, obra_id, descricao, categoria, tipo, valor, data, forma_pagamento, status_pagamento, parcelas, observacoes, documento, created_at, deleted_at) VALUES (?, ?, ?, ?, ?, ?, ?, ?, ?, ?, ?, ?, ?, ?)]\n[parameters: (1, None, 'Lan\xe7amento Teste', 'Vendas', 'Receita', 5000.0, '2026-04-15', None, 'Pago', 1, None, None, '2026-04-16 14:05:35.695200', None)]\n(Background on this error at: https://sqlalche.me/e/20/gkpj)" is None</failure></testcase><testcase classname="tests.test_services.TestLancamentoService" name="test_criar_lancamento_data_invalida" time="0.932" /><testcase classname="tests.test_services.TestLancamentoService" name="test_editar_lancamento" time="0.799"><failure message="AttributeError: 'NoneType' object has no attribute 'id'">tests\test_services.py:409: in test_editar_lancamento
    lanc.id, empresa_id, dados_edicao
    ^^^^^^^
E   AttributeError: 'NoneType' object has no attribute 'id'</failure></testcase><testcase classname="tests.test_services.TestLancamentoService" name="test_build_filtered_query" time="1.468"><failure message="sqlalchemy.exc.IntegrityError: (sqlite3.IntegrityError) NOT NULL constraint failed: lancamentos.obra_id&#10;[SQL: INSERT INTO lancamentos (empresa_id, obra_id, descricao, categoria, tipo, valor, data, forma_pagamento, status_pagamento, parcelas, observacoes, documento, created_at, deleted_at) VALUES (?, ?, ?, ?, ?, ?, ?, ?, ?, ?, ?, ?, ?, ?) RETURNING id]&#10;[parameters: (1, None, None, None, 'Receita', 1000.0, '2026-04-01', None, 'Pago', 1, None, None, '2026-04-16 14:05:38.946780', None)]&#10;(Background on this error at: https://sqlalche.me/e/20/gkpj)">..\..\AppData\Local\Programs\Python\Python311\Lib\site-packages\sqlalchemy\engine\base.py:2125: in _exec_insertmany_context
    dialect.do_execute(
..\..\AppData\Local\Programs\Python\Python311\Lib\site-packages\sqlalchemy\engine\default.py:952: in do_execute
    cursor.execute(statement, parameters)
E   sqlite3.IntegrityError: NOT NULL constraint failed: lancamentos.obra_id

The above exception was the direct cause of the following exception:
tests\test_services.py:432: in test_build_filtered_query
    db.session.commit()
..\..\AppData\Local\Programs\Python\Python311\Lib\site-packages\sqlalchemy\orm\scoping.py:597: in commit
    return self._proxied.commit()
           ^^^^^^^^^^^^^^^^^^^^^^
..\..\AppData\Local\Programs\Python\Python311\Lib\site-packages\sqlalchemy\orm\session.py:2030: in commit
    trans.commit(_to_root=True)
&lt;string&gt;:2: in commit
    ???
..\..\AppData\Local\Programs\Python\Python311\Lib\site-packages\sqlalchemy\orm\state_changes.py:137: in _go
    ret_value = fn(self, *arg, **kw)
                ^^^^^^^^^^^^^^^^^^^^
..\..\AppData\Local\Programs\Python\Python311\Lib\site-packages\sqlalchemy\orm\session.py:1311: in commit
    self._prepare_impl()
&lt;string&gt;:2: in _prepare_impl
    ???
..\..\AppData\Local\Programs\Python\Python311\Lib\site-packages\sqlalchemy\orm\state_changes.py:137: in _go
    ret_value = fn(self, *arg, **kw)
                ^^^^^^^^^^^^^^^^^^^^
..\..\AppData\Local\Programs\Python\Python311\Lib\site-packages\sqlalchemy\orm\session.py:1286: in _prepare_impl
    self.session.flush()
..\..\AppData\Local\Programs\Python\Python311\Lib\site-packages\sqlalchemy\orm\session.py:4331: in flush
    self._flush(objects)
..\..\AppData\Local\Programs\Python\Python311\Lib\site-packages\sqlalchemy\orm\session.py:4466: in _flush
    with util.safe_reraise():
..\..\AppData\Local\Programs\Python\Python311\Lib\site-packages\sqlalchemy\util\langhelpers.py:121: in __exit__
    raise exc_value.with_traceback(exc_tb)
..\..\AppData\Local\Programs\Python\Python311\Lib\site-packages\sqlalchemy\orm\session.py:4427: in _flush
    flush_context.execute()
..\..\AppData\Local\Programs\Python\Python311\Lib\site-packages\sqlalchemy\orm\unitofwork.py:466: in execute
    rec.execute(self)
..\..\AppData\Local\Programs\Python\Python311\Lib\site-packages\sqlalchemy\orm\unitofwork.py:642: in execute
    util.preloaded.orm_persistence.save_obj(
..\..\AppData\Local\Programs\Python\Python311\Lib\site-packages\sqlalchemy\orm\persistence.py:93: in save_obj
    _emit_insert_statements(
..\..\AppData\Local\Programs\Python\Python311\Lib\site-packages\sqlalchemy\orm\persistence.py:1143: in _emit_insert_statements
    result = connection.execute(
..\..\AppData\Local\Programs\Python\Python311\Lib\site-packages\sqlalchemy\engine\base.py:1419: in execute
    return meth(
..\..\AppData\Local\Programs\Python\Python311\Lib\site-packages\sqlalchemy\sql\elements.py:527: in _execute_on_connection
    return connection._execute_clauseelement(
..\..\AppData\Local\Programs\Python\Python311\Lib\site-packages\sqlalchemy\engine\base.py:1641: in _execute_clauseelement
    ret = self._execute_context(
..\..\AppData\Local\Programs\Python\Python311\Lib\site-packages\sqlalchemy\engine\base.py:1844: in _execute_context
    return self._exec_insertmany_context(dialect, context)
           ^^^^^^^^^^^^^^^^^^^^^^^^^^^^^^^^^^^^^^^^^^^^^^^
..\..\AppData\Local\Programs\Python\Python311\Lib\site-packages\sqlalchemy\engine\base.py:2133: in _exec_insertmany_context
    self._handle_dbapi_exception(
..\..\AppData\Local\Programs\Python\Python311\Lib\site-packages\sqlalchemy\engine\base.py:2363: in _handle_dbapi_exception
    raise sqlalchemy_exception.with_traceback(exc_info[2]) from e
..\..\AppData\Local\Programs\Python\Python311\Lib\site-packages\sqlalchemy\engine\base.py:2125: in _exec_insertmany_context
    dialect.do_execute(
..\..\AppData\Local\Programs\Python\Python311\Lib\site-packages\sqlalchemy\engine\default.py:952: in do_execute
    cursor.execute(statement, parameters)
E   sqlalchemy.exc.IntegrityError: (sqlite3.IntegrityError) NOT NULL constraint failed: lancamentos.obra_id
E   [SQL: INSERT INTO lancamentos (empresa_id, obra_id, descricao, categoria, tipo, valor, data, forma_pagamento, status_pagamento, parcelas, observacoes, documento, created_at, deleted_at) VALUES (?, ?, ?, ?, ?, ?, ?, ?, ?, ?, ?, ?, ?, ?) RETURNING id]
E   [parameters: (1, None, None, None, 'Receita', 1000.0, '2026-04-01', None, 'Pago', 1, None, None, '2026-04-16 14:05:38.946780', None)]
E   (Background on this error at: https://sqlalche.me/e/20/gkpj)</failure></testcase><testcase classname="tests.test_services.TestRelatorioService" name="test_get_relatorio_geral" time="0.895"><failure message="sqlalchemy.exc.IntegrityError: (sqlite3.IntegrityError) NOT NULL constraint failed: lancamentos.obra_id&#10;[SQL: INSERT INTO lancamentos (empresa_id, obra_id, descricao, categoria, tipo, valor, data, forma_pagamento, status_pagamento, parcelas, observacoes, documento, created_at, deleted_at) VALUES (?, ?, ?, ?, ?, ?, ?, ?, ?, ?, ?, ?, ?, ?) RETURNING id]&#10;[parameters: (1, None, None, None, 'Receita', 50000.0, '2026-04-01', None, 'Pago', 1, None, None, '2026-04-16 14:05:41.771139', None)]&#10;(Background on this error at: https://sqlalche.me/e/20/gkpj)">..\..\AppData\Local\Programs\Python\Python311\Lib\site-packages\sqlalchemy\engine\base.py:2125: in _exec_insertmany_context
    dialect.do_execute(
..\..\AppData\Local\Programs\Python\Python311\Lib\site-packages\sqlalchemy\engine\default.py:952: in do_execute
    cursor.execute(statement, parameters)
E   sqlite3.IntegrityError: NOT NULL constraint failed: lancamentos.obra_id

The above exception was the direct cause of the following exception:
tests\test_services.py:457: in test_get_relatorio_geral
    db.session.commit()
..\..\AppData\Local\Programs\Python\Python311\Lib\site-packages\sqlalchemy\orm\scoping.py:597: in commit
    return self._proxied.commit()
           ^^^^^^^^^^^^^^^^^^^^^^
..\..\AppData\Local\Programs\Python\Python311\Lib\site-packages\sqlalchemy\orm\session.py:2030: in commit
    trans.commit(_to_root=True)
&lt;string&gt;:2: in commit
    ???
..\..\AppData\Local\Programs\Python\Python311\Lib\site-packages\sqlalchemy\orm\state_changes.py:137: in _go
    ret_value = fn(self, *arg, **kw)
                ^^^^^^^^^^^^^^^^^^^^
..\..\AppData\Local\Programs\Python\Python311\Lib\site-packages\sqlalchemy\orm\session.py:1311: in commit
    self._prepare_impl()
&lt;string&gt;:2: in _prepare_impl
    ???
..\..\AppData\Local\Programs\Python\Python311\Lib\site-packages\sqlalchemy\orm\state_changes.py:137: in _go
    ret_value = fn(self, *arg, **kw)
                ^^^^^^^^^^^^^^^^^^^^
..\..\AppData\Local\Programs\Python\Python311\Lib\site-packages\sqlalchemy\orm\session.py:1286: in _prepare_impl
    self.session.flush()
..\..\AppData\Local\Programs\Python\Python311\Lib\site-packages\sqlalchemy\orm\session.py:4331: in flush
    self._flush(objects)
..\..\AppData\Local\Programs\Python\Python311\Lib\site-packages\sqlalchemy\orm\session.py:4466: in _flush
    with util.safe_reraise():
..\..\AppData\Local\Programs\Python\Python311\Lib\site-packages\sqlalchemy\util\langhelpers.py:121: in __exit__
    raise exc_value.with_traceback(exc_tb)
..\..\AppData\Local\Programs\Python\Python311\Lib\site-packages\sqlalchemy\orm\session.py:4427: in _flush
    flush_context.execute()
..\..\AppData\Local\Programs\Python\Python311\Lib\site-packages\sqlalchemy\orm\unitofwork.py:466: in execute
    rec.execute(self)
..\..\AppData\Local\Programs\Python\Python311\Lib\site-packages\sqlalchemy\orm\unitofwork.py:642: in execute
    util.preloaded.orm_persistence.save_obj(
..\..\AppData\Local\Programs\Python\Python311\Lib\site-packages\sqlalchemy\orm\persistence.py:93: in save_obj
    _emit_insert_statements(
..\..\AppData\Local\Programs\Python\Python311\Lib\site-packages\sqlalchemy\orm\persistence.py:1143: in _emit_insert_statements
    result = connection.execute(
..\..\AppData\Local\Programs\Python\Python311\Lib\site-packages\sqlalchemy\engine\base.py:1419: in execute
    return meth(
..\..\AppData\Local\Programs\Python\Python311\Lib\site-packages\sqlalchemy\sql\elements.py:527: in _execute_on_connection
    return connection._execute_clauseelement(
..\..\AppData\Local\Programs\Python\Python311\Lib\site-packages\sqlalchemy\engine\base.py:1641: in _execute_clauseelement
    ret = self._execute_context(
..\..\AppData\Local\Programs\Python\Python311\Lib\site-packages\sqlalchemy\engine\base.py:1844: in _execute_context
    return self._exec_insertmany_context(dialect, context)
           ^^^^^^^^^^^^^^^^^^^^^^^^^^^^^^^^^^^^^^^^^^^^^^^
..\..\AppData\Local\Programs\Python\Python311\Lib\site-packages\sqlalchemy\engine\base.py:2133: in _exec_insertmany_context
    self._handle_dbapi_exception(
..\..\AppData\Local\Programs\Python\Python311\Lib\site-packages\sqlalchemy\engine\base.py:2363: in _handle_dbapi_exception
    raise sqlalchemy_exception.with_traceback(exc_info[2]) from e
..\..\AppData\Local\Programs\Python\Python311\Lib\site-packages\sqlalchemy\engine\base.py:2125: in _exec_insertmany_context
    dialect.do_execute(
..\..\AppData\Local\Programs\Python\Python311\Lib\site-packages\sqlalchemy\engine\default.py:952: in do_execute
    cursor.execute(statement, parameters)
E   sqlalchemy.exc.IntegrityError: (sqlite3.IntegrityError) NOT NULL constraint failed: lancamentos.obra_id
E   [SQL: INSERT INTO lancamentos (empresa_id, obra_id, descricao, categoria, tipo, valor, data, forma_pagamento, status_pagamento, parcelas, observacoes, documento, created_at, deleted_at) VALUES (?, ?, ?, ?, ?, ?, ?, ?, ?, ?, ?, ?, ?, ?) RETURNING id]
E   [parameters: (1, None, None, None, 'Receita', 50000.0, '2026-04-01', None, 'Pago', 1, None, None, '2026-04-16 14:05:41.771139', None)]
E   (Background on this error at: https://sqlalche.me/e/20/gkpj)</failure></testcase><testcase classname="tests.test_services.TestRelatorioService" name="test_calcular_lucro_por_obra" time="0.840"><failure message="sqlalchemy.exc.IntegrityError: (sqlite3.IntegrityError) NOT NULL constraint failed: lancamentos.descricao&#10;[SQL: INSERT INTO lancamentos (empresa_id, obra_id, descricao, categoria, tipo, valor, data, forma_pagamento, status_pagamento, parcelas, observacoes, documento, created_at, deleted_at) VALUES (?, ?, ?, ?, ?, ?, ?, ?, ?, ?, ?, ?, ?, ?) RETURNING id]&#10;[parameters: (1, 1, None, None, 'Receita', 100000.0, '2026-04-01', None, 'Pago', 1, None, None, '2026-04-16 14:05:44.484346', None)]&#10;(Background on this error at: https://sqlalche.me/e/20/gkpj)">..\..\AppData\Local\Programs\Python\Python311\Lib\site-packages\sqlalchemy\engine\base.py:2125: in _exec_insertmany_context
    dialect.do_execute(
..\..\AppData\Local\Programs\Python\Python311\Lib\site-packages\sqlalchemy\engine\default.py:952: in do_execute
    cursor.execute(statement, parameters)
E   sqlite3.IntegrityError: NOT NULL constraint failed: lancamentos.descricao

The above exception was the direct cause of the following exception:
tests\test_services.py:493: in test_calcular_lucro_por_obra
    db.session.commit()
..\..\AppData\Local\Programs\Python\Python311\Lib\site-packages\sqlalchemy\orm\scoping.py:597: in commit
    return self._proxied.commit()
           ^^^^^^^^^^^^^^^^^^^^^^
..\..\AppData\Local\Programs\Python\Python311\Lib\site-packages\sqlalchemy\orm\session.py:2030: in commit
    trans.commit(_to_root=True)
&lt;string&gt;:2: in commit
    ???
..\..\AppData\Local\Programs\Python\Python311\Lib\site-packages\sqlalchemy\orm\state_changes.py:137: in _go
    ret_value = fn(self, *arg, **kw)
                ^^^^^^^^^^^^^^^^^^^^
..\..\AppData\Local\Programs\Python\Python311\Lib\site-packages\sqlalchemy\orm\session.py:1311: in commit
    self._prepare_impl()
&lt;string&gt;:2: in _prepare_impl
    ???
..\..\AppData\Local\Programs\Python\Python311\Lib\site-packages\sqlalchemy\orm\state_changes.py:137: in _go
    ret_value = fn(self, *arg, **kw)
                ^^^^^^^^^^^^^^^^^^^^
..\..\AppData\Local\Programs\Python\Python311\Lib\site-packages\sqlalchemy\orm\session.py:1286: in _prepare_impl
    self.session.flush()
..\..\AppData\Local\Programs\Python\Python311\Lib\site-packages\sqlalchemy\orm\session.py:4331: in flush
    self._flush(objects)
..\..\AppData\Local\Programs\Python\Python311\Lib\site-packages\sqlalchemy\orm\session.py:4466: in _flush
    with util.safe_reraise():
..\..\AppData\Local\Programs\Python\Python311\Lib\site-packages\sqlalchemy\util\langhelpers.py:121: in __exit__
    raise exc_value.with_traceback(exc_tb)
..\..\AppData\Local\Programs\Python\Python311\Lib\site-packages\sqlalchemy\orm\session.py:4427: in _flush
    flush_context.execute()
..\..\AppData\Local\Programs\Python\Python311\Lib\site-packages\sqlalchemy\orm\unitofwork.py:466: in execute
    rec.execute(self)
..\..\AppData\Local\Programs\Python\Python311\Lib\site-packages\sqlalchemy\orm\unitofwork.py:642: in execute
    util.preloaded.orm_persistence.save_obj(
..\..\AppData\Local\Programs\Python\Python311\Lib\site-packages\sqlalchemy\orm\persistence.py:93: in save_obj
    _emit_insert_statements(
..\..\AppData\Local\Programs\Python\Python311\Lib\site-packages\sqlalchemy\orm\persistence.py:1143: in _emit_insert_statements
    result = connection.execute(
..\..\AppData\Local\Programs\Python\Python311\Lib\site-packages\sqlalchemy\engine\base.py:1419: in execute
    return meth(
..\..\AppData\Local\Programs\Python\Python311\Lib\site-packages\sqlalchemy\sql\elements.py:527: in _execute_on_connection
    return connection._execute_clauseelement(
..\..\AppData\Local\Programs\Python\Python311\Lib\site-packages\sqlalchemy\engine\base.py:1641: in _execute_clauseelement
    ret = self._execute_context(
..\..\AppData\Local\Programs\Python\Python311\Lib\site-packages\sqlalchemy\engine\base.py:1844: in _execute_context
    return self._exec_insertmany_context(dialect, context)
           ^^^^^^^^^^^^^^^^^^^^^^^^^^^^^^^^^^^^^^^^^^^^^^^
..\..\AppData\Local\Programs\Python\Python311\Lib\site-packages\sqlalchemy\engine\base.py:2133: in _exec_insertmany_context
    self._handle_dbapi_exception(
..\..\AppData\Local\Programs\Python\Python311\Lib\site-packages\sqlalchemy\engine\base.py:2363: in _handle_dbapi_exception
    raise sqlalchemy_exception.with_traceback(exc_info[2]) from e
..\..\AppData\Local\Programs\Python\Python311\Lib\site-packages\sqlalchemy\engine\base.py:2125: in _exec_insertmany_context
    dialect.do_execute(
..\..\AppData\Local\Programs\Python\Python311\Lib\site-packages\sqlalchemy\engine\default.py:952: in do_execute
    cursor.execute(statement, parameters)
E   sqlalchemy.exc.IntegrityError: (sqlite3.IntegrityError) NOT NULL constraint failed: lancamentos.descricao
E   [SQL: INSERT INTO lancamentos (empresa_id, obra_id, descricao, categoria, tipo, valor, data, forma_pagamento, status_pagamento, parcelas, observacoes, documento, created_at, deleted_at) VALUES (?, ?, ?, ?, ?, ?, ?, ?, ?, ?, ?, ?, ?, ?) RETURNING id]
E   [parameters: (1, 1, None, None, 'Receita', 100000.0, '2026-04-01', None, 'Pago', 1, None, None, '2026-04-16 14:05:44.484346', None)]
E   (Background on this error at: https://sqlalche.me/e/20/gkpj)</failure></testcase><testcase classname="tests.test_services.TestRelatorioService" name="test_calcular_evolucao_mensal" time="0.888"><failure message="sqlalchemy.exc.IntegrityError: (sqlite3.IntegrityError) NOT NULL constraint failed: lancamentos.obra_id&#10;[SQL: INSERT INTO lancamentos (empresa_id, obra_id, descricao, categoria, tipo, valor, data, forma_pagamento, status_pagamento, parcelas, observacoes, documento, created_at, deleted_at) VALUES (?, ?, ?, ?, ?, ?, ?, ?, ?, ?, ?, ?, ?, ?) RETURNING id]&#10;[parameters: (1, None, None, None, 'Receita', 10000.0, '2026-01-15', None, 'Pago', 1, None, None, '2026-04-16 14:05:46.943028', None)]&#10;(Background on this error at: https://sqlalche.me/e/20/gkpj)">..\..\AppData\Local\Programs\Python\Python311\Lib\site-packages\sqlalchemy\engine\base.py:2125: in _exec_insertmany_context
    dialect.do_execute(
..\..\AppData\Local\Programs\Python\Python311\Lib\site-packages\sqlalchemy\engine\default.py:952: in do_execute
    cursor.execute(statement, parameters)
E   sqlite3.IntegrityError: NOT NULL constraint failed: lancamentos.obra_id

The above exception was the direct cause of the following exception:
tests\test_services.py:518: in test_calcular_evolucao_mensal
    db.session.commit()
..\..\AppData\Local\Programs\Python\Python311\Lib\site-packages\sqlalchemy\orm\scoping.py:597: in commit
    return self._proxied.commit()
           ^^^^^^^^^^^^^^^^^^^^^^
..\..\AppData\Local\Programs\Python\Python311\Lib\site-packages\sqlalchemy\orm\session.py:2030: in commit
    trans.commit(_to_root=True)
&lt;string&gt;:2: in commit
    ???
..\..\AppData\Local\Programs\Python\Python311\Lib\site-packages\sqlalchemy\orm\state_changes.py:137: in _go
    ret_value = fn(self, *arg, **kw)
                ^^^^^^^^^^^^^^^^^^^^
..\..\AppData\Local\Programs\Python\Python311\Lib\site-packages\sqlalchemy\orm\session.py:1311: in commit
    self._prepare_impl()
&lt;string&gt;:2: in _prepare_impl
    ???
..\..\AppData\Local\Programs\Python\Python311\Lib\site-packages\sqlalchemy\orm\state_changes.py:137: in _go
    ret_value = fn(self, *arg, **kw)
                ^^^^^^^^^^^^^^^^^^^^
..\..\AppData\Local\Programs\Python\Python311\Lib\site-packages\sqlalchemy\orm\session.py:1286: in _prepare_impl
    self.session.flush()
..\..\AppData\Local\Programs\Python\Python311\Lib\site-packages\sqlalchemy\orm\session.py:4331: in flush
    self._flush(objects)
..\..\AppData\Local\Programs\Python\Python311\Lib\site-packages\sqlalchemy\orm\session.py:4466: in _flush
    with util.safe_reraise():
..\..\AppData\Local\Programs\Python\Python311\Lib\site-packages\sqlalchemy\util\langhelpers.py:121: in __exit__
    raise exc_value.with_traceback(exc_tb)
..\..\AppData\Local\Programs\Python\Python311\Lib\site-packages\sqlalchemy\orm\session.py:4427: in _flush
    flush_context.execute()
..\..\AppData\Local\Programs\Python\Python311\Lib\site-packages\sqlalchemy\orm\unitofwork.py:466: in execute
    rec.execute(self)
..\..\AppData\Local\Programs\Python\Python311\Lib\site-packages\sqlalchemy\orm\unitofwork.py:642: in execute
    util.preloaded.orm_persistence.save_obj(
..\..\AppData\Local\Programs\Python\Python311\Lib\site-packages\sqlalchemy\orm\persistence.py:93: in save_obj
    _emit_insert_statements(
..\..\AppData\Local\Programs\Python\Python311\Lib\site-packages\sqlalchemy\orm\persistence.py:1143: in _emit_insert_statements
    result = connection.execute(
..\..\AppData\Local\Programs\Python\Python311\Lib\site-packages\sqlalchemy\engine\base.py:1419: in execute
    return meth(
..\..\AppData\Local\Programs\Python\Python311\Lib\site-packages\sqlalchemy\sql\elements.py:527: in _execute_on_connection
    return connection._execute_clauseelement(
..\..\AppData\Local\Programs\Python\Python311\Lib\site-packages\sqlalchemy\engine\base.py:1641: in _execute_clauseelement
    ret = self._execute_context(
..\..\AppData\Local\Programs\Python\Python311\Lib\site-packages\sqlalchemy\engine\base.py:1844: in _execute_context
    return self._exec_insertmany_context(dialect, context)
           ^^^^^^^^^^^^^^^^^^^^^^^^^^^^^^^^^^^^^^^^^^^^^^^
..\..\AppData\Local\Programs\Python\Python311\Lib\site-packages\sqlalchemy\engine\base.py:2133: in _exec_insertmany_context
    self._handle_dbapi_exception(
..\..\AppData\Local\Programs\Python\Python311\Lib\site-packages\sqlalchemy\engine\base.py:2363: in _handle_dbapi_exception
    raise sqlalchemy_exception.with_traceback(exc_info[2]) from e
..\..\AppData\Local\Programs\Python\Python311\Lib\site-packages\sqlalchemy\engine\base.py:2125: in _exec_insertmany_context
    dialect.do_execute(
..\..\AppData\Local\Programs\Python\Python311\Lib\site-packages\sqlalchemy\engine\default.py:952: in do_execute
    cursor.execute(statement, parameters)
E   sqlalchemy.exc.IntegrityError: (sqlite3.IntegrityError) NOT NULL constraint failed: lancamentos.obra_id
E   [SQL: INSERT INTO lancamentos (empresa_id, obra_id, descricao, categoria, tipo, valor, data, forma_pagamento, status_pagamento, parcelas, observacoes, documento, created_at, deleted_at) VALUES (?, ?, ?, ?, ?, ?, ?, ?, ?, ?, ?, ?, ?, ?) RETURNING id]
E   [parameters: (1, None, None, None, 'Receita', 10000.0, '2026-01-15', None, 'Pago', 1, None, None, '2026-04-16 14:05:46.943028', None)]
E   (Background on this error at: https://sqlalche.me/e/20/gkpj)</failure></testcase><testcase classname="tests.test_services.TestRelatorioService" name="test_calcular_despesas_por_categoria" time="1.073"><failure message="sqlalchemy.exc.IntegrityError: (sqlite3.IntegrityError) NOT NULL constraint failed: lancamentos.obra_id&#10;[SQL: INSERT INTO lancamentos (empresa_id, obra_id, descricao, categoria, tipo, valor, data, forma_pagamento, status_pagamento, parcelas, observacoes, documento, created_at, deleted_at) VALUES (?, ?, ?, ?, ?, ?, ?, ?, ?, ?, ?, ?, ?, ?) RETURNING id]&#10;[parameters: (1, None, None, 'Materiais', 'Despesa', 10000.0, '2026-04-01', None, 'Pago', 1, None, None, '2026-04-16 14:05:49.652527', None)]&#10;(Background on this error at: https://sqlalche.me/e/20/gkpj)">..\..\AppData\Local\Programs\Python\Python311\Lib\site-packages\sqlalchemy\engine\base.py:2125: in _exec_insertmany_context
    dialect.do_execute(
..\..\AppData\Local\Programs\Python\Python311\Lib\site-packages\sqlalchemy\engine\default.py:952: in do_execute
    cursor.execute(statement, parameters)
E   sqlite3.IntegrityError: NOT NULL constraint failed: lancamentos.obra_id

The above exception was the direct cause of the following exception:
tests\test_services.py:550: in test_calcular_despesas_por_categoria
    db.session.commit()
..\..\AppData\Local\Programs\Python\Python311\Lib\site-packages\sqlalchemy\orm\scoping.py:597: in commit
    return self._proxied.commit()
           ^^^^^^^^^^^^^^^^^^^^^^
..\..\AppData\Local\Programs\Python\Python311\Lib\site-packages\sqlalchemy\orm\session.py:2030: in commit
    trans.commit(_to_root=True)
&lt;string&gt;:2: in commit
    ???
..\..\AppData\Local\Programs\Python\Python311\Lib\site-packages\sqlalchemy\orm\state_changes.py:137: in _go
    ret_value = fn(self, *arg, **kw)
                ^^^^^^^^^^^^^^^^^^^^
..\..\AppData\Local\Programs\Python\Python311\Lib\site-packages\sqlalchemy\orm\session.py:1311: in commit
    self._prepare_impl()
&lt;string&gt;:2: in _prepare_impl
    ???
..\..\AppData\Local\Programs\Python\Python311\Lib\site-packages\sqlalchemy\orm\state_changes.py:137: in _go
    ret_value = fn(self, *arg, **kw)
                ^^^^^^^^^^^^^^^^^^^^
..\..\AppData\Local\Programs\Python\Python311\Lib\site-packages\sqlalchemy\orm\session.py:1286: in _prepare_impl
    self.session.flush()
..\..\AppData\Local\Programs\Python\Python311\Lib\site-packages\sqlalchemy\orm\session.py:4331: in flush
    self._flush(objects)
..\..\AppData\Local\Programs\Python\Python311\Lib\site-packages\sqlalchemy\orm\session.py:4466: in _flush
    with util.safe_reraise():
..\..\AppData\Local\Programs\Python\Python311\Lib\site-packages\sqlalchemy\util\langhelpers.py:121: in __exit__
    raise exc_value.with_traceback(exc_tb)
..\..\AppData\Local\Programs\Python\Python311\Lib\site-packages\sqlalchemy\orm\session.py:4427: in _flush
    flush_context.execute()
..\..\AppData\Local\Programs\Python\Python311\Lib\site-packages\sqlalchemy\orm\unitofwork.py:466: in execute
    rec.execute(self)
..\..\AppData\Local\Programs\Python\Python311\Lib\site-packages\sqlalchemy\orm\unitofwork.py:642: in execute
    util.preloaded.orm_persistence.save_obj(
..\..\AppData\Local\Programs\Python\Python311\Lib\site-packages\sqlalchemy\orm\persistence.py:93: in save_obj
    _emit_insert_statements(
..\..\AppData\Local\Programs\Python\Python311\Lib\site-packages\sqlalchemy\orm\persistence.py:1143: in _emit_insert_statements
    result = connection.execute(
..\..\AppData\Local\Programs\Python\Python311\Lib\site-packages\sqlalchemy\engine\base.py:1419: in execute
    return meth(
..\..\AppData\Local\Programs\Python\Python311\Lib\site-packages\sqlalchemy\sql\elements.py:527: in _execute_on_connection
    return connection._execute_clauseelement(
..\..\AppData\Local\Programs\Python\Python311\Lib\site-packages\sqlalchemy\engine\base.py:1641: in _execute_clauseelement
    ret = self._execute_context(
..\..\AppData\Local\Programs\Python\Python311\Lib\site-packages\sqlalchemy\engine\base.py:1844: in _execute_context
    return self._exec_insertmany_context(dialect, context)
           ^^^^^^^^^^^^^^^^^^^^^^^^^^^^^^^^^^^^^^^^^^^^^^^
..\..\AppData\Local\Programs\Python\Python311\Lib\site-packages\sqlalchemy\engine\base.py:2133: in _exec_insertmany_context
    self._handle_dbapi_exception(
..\..\AppData\Local\Programs\Python\Python311\Lib\site-packages\sqlalchemy\engine\base.py:2363: in _handle_dbapi_exception
    raise sqlalchemy_exception.with_traceback(exc_info[2]) from e
..\..\AppData\Local\Programs\Python\Python311\Lib\site-packages\sqlalchemy\engine\base.py:2125: in _exec_insertmany_context
    dialect.do_execute(
..\..\AppData\Local\Programs\Python\Python311\Lib\site-packages\sqlalchemy\engine\default.py:952: in do_execute
    cursor.execute(statement, parameters)
E   sqlalchemy.exc.IntegrityError: (sqlite3.IntegrityError) NOT NULL constraint failed: lancamentos.obra_id
E   [SQL: INSERT INTO lancamentos (empresa_id, obra_id, descricao, categoria, tipo, valor, data, forma_pagamento, status_pagamento, parcelas, observacoes, documento, created_at, deleted_at) VALUES (?, ?, ?, ?, ?, ?, ?, ?, ?, ?, ?, ?, ?, ?) RETURNING id]
E   [parameters: (1, None, None, 'Materiais', 'Despesa', 10000.0, '2026-04-01', None, 'Pago', 1, None, None, '2026-04-16 14:05:49.652527', None)]
E   (Background on this error at: https://sqlalche.me/e/20/gkpj)</failure></testcase><testcase classname="tests.test_services.TestOrcamentoService" name="test_criar_orcamento" time="0.891"><failure message="assert &quot;Erro ao criar or\xe7amento: 'obra_id' is an invalid keyword argument for Orcamento&quot; is None">tests\test_services.py:588: in test_criar_orcamento
    assert error is None
E   assert "Erro ao criar or\xe7amento: 'obra_id' is an invalid keyword argument for Orcamento" is None</failure></testcase><testcase classname="tests.test_services.TestOrcamentoService" name="test_duplicar_orcamento" time="1.052"><failure message="TypeError: 'obra_id' is an invalid keyword argument for Orcamento">tests\test_services.py:601: in test_duplicar_orcamento
    orcamento = Orcamento(
&lt;string&gt;:4: in __init__
    ???
..\..\AppData\Local\Programs\Python\Python311\Lib\site-packages\sqlalchemy\orm\state.py:596: in _initialize_instance
    with util.safe_reraise():
..\..\AppData\Local\Programs\Python\Python311\Lib\site-packages\sqlalchemy\util\langhelpers.py:121: in __exit__
    raise exc_value.with_traceback(exc_tb)
..\..\AppData\Local\Programs\Python\Python311\Lib\site-packages\sqlalchemy\orm\state.py:594: in _initialize_instance
    manager.original_init(*mixed[1:], **kwargs)
..\..\AppData\Local\Programs\Python\Python311\Lib\site-packages\sqlalchemy\orm\decl_base.py:2179: in _declarative_constructor
    raise TypeError(
E   TypeError: 'obra_id' is an invalid keyword argument for Orcamento</failure></testcase><testcase classname="tests.test_services.TestAuditService" name="test_log_atividade" time="0.866"><failure message="sqlalchemy.exc.PendingRollbackError: This Session's transaction has been rolled back due to a previous exception during flush. To begin a new transaction with this Session, first issue Session.rollback(). Original exception was: (sqlite3.IntegrityError) NOT NULL constraint failed: logs_atividade.empresa_id&#10;[SQL: INSERT INTO logs_atividade (empresa_id, usuario_id, acao, entidade, entidade_id, detalhes, ip, created_at) VALUES (?, ?, ?, ?, ?, ?, ?, ?)]&#10;[parameters: (None, None, 'Teste de log', 'Teste', 1, 'Detalhes do teste', None, '2026-04-16 14:05:54.434975')]&#10;(Background on this error at: https://sqlalche.me/e/20/gkpj) (Background on this error at: https://sqlalche.me/e/20/7s2a)">tests\test_services.py:635: in test_log_atividade
    log = LogAtividade.query.filter_by(acao='Teste de log').first()
          ^^^^^^^^^^^^^^^^^^^^^^^^^^^^^^^^^^^^^^^^^^^^^^^^^^^^^^^^^
..\..\AppData\Local\Programs\Python\Python311\Lib\site-packages\sqlalchemy\orm\query.py:2766: in first
    return self.limit(1)._iter().first()  # type: ignore
           ^^^^^^^^^^^^^^^^^^^^^
..\..\AppData\Local\Programs\Python\Python311\Lib\site-packages\sqlalchemy\orm\query.py:2864: in _iter
    result: Union[ScalarResult[_T], Result[_T]] = self.session.execute(
..\..\AppData\Local\Programs\Python\Python311\Lib\site-packages\sqlalchemy\orm\session.py:2351: in execute
    return self._execute_internal(
..\..\AppData\Local\Programs\Python\Python311\Lib\site-packages\sqlalchemy\orm\session.py:2239: in _execute_internal
    conn = self._connection_for_bind(bind)
           ^^^^^^^^^^^^^^^^^^^^^^^^^^^^^^^
..\..\AppData\Local\Programs\Python\Python311\Lib\site-packages\sqlalchemy\orm\session.py:2108: in _connection_for_bind
    return trans._connection_for_bind(engine, execution_options)
           ^^^^^^^^^^^^^^^^^^^^^^^^^^^^^^^^^^^^^^^^^^^^^^^^^^^^^
&lt;string&gt;:2: in _connection_for_bind
    ???
..\..\AppData\Local\Programs\Python\Python311\Lib\site-packages\sqlalchemy\orm\state_changes.py:101: in _go
    self._raise_for_prerequisite_state(fn.__name__, current_state)
..\..\AppData\Local\Programs\Python\Python311\Lib\site-packages\sqlalchemy\orm\session.py:971: in _raise_for_prerequisite_state
    raise sa_exc.PendingRollbackError(
E   sqlalchemy.exc.PendingRollbackError: This Session's transaction has been rolled back due to a previous exception during flush. To begin a new transaction with this Session, first issue Session.rollback(). Original exception was: (sqlite3.IntegrityError) NOT NULL constraint failed: logs_atividade.empresa_id
E   [SQL: INSERT INTO logs_atividade (empresa_id, usuario_id, acao, entidade, entidade_id, detalhes, ip, created_at) VALUES (?, ?, ?, ?, ?, ?, ?, ?)]
E   [parameters: (None, None, 'Teste de log', 'Teste', 1, 'Detalhes do teste', None, '2026-04-16 14:05:54.434975')]
E   (Background on this error at: https://sqlalche.me/e/20/gkpj) (Background on this error at: https://sqlalche.me/e/20/7s2a)</failure></testcase></testsuite></testsuites>